2026-09-23T22:45:12Z INFO Logging to /tmp/logs/update_2026-09-23T22-45-12Z.log.
2026-09-23T22:45:12Z INFO Update valid-nwb-file-to-cophenetic-index (base directory /tmp).
2026-09-23T22:45:13Z INFO Processing 500 items (53489 already recorded).
2026-09-23T22:45:15Z WARNING 024ef50f-ac6f-49ea-806b-93ef4b5e8644: failed while reading the NWB file (KeyError: 'Unable to synchronously open object (component not found)')
2026-09-23T22:45:15Z WARNING [1/500] 024ef50f-ac6f-49ea-806b-93ef4b5e8644: leaving unrecorded for a later run to retry.
2026-09-23T22:45:16Z WARNING 09073220-fbea-45d2-9a39-2cc61fcdc2a1: failed while reading the NWB file (KeyError: 'Unable to synchronously open object (component not found)')
2026-09-23T22:45:16Z WARNING [2/500] 09073220-fbea-45d2-9a39-2cc61fcdc2a1: leaving unrecorded for a later run to retry.
2026-09-23T22:45:18Z WARNING 0dec427d-4db4-44c3-988a-c37959ceaff3: failed while reading the NWB file (KeyError: 'Unable to synchronously open object (component not found)')
2026-09-23T22:45:18Z WARNING [3/500] 0dec427d-4db4-44c3-988a-c37959ceaff3: leaving unrecorded for a later run to retry.
2026-09-23T22:45:20Z INFO [4/500] 0f713c39-6415-4e4a-b9da-d180d39efdd5: cophenetic index 624; 1.2 s; peak memory 82 MiB.
2026-09-23T22:45:20Z INFO [5/500] 0f714377-baba-4305-b4d4-a2a36382cb15: cophenetic index 739; 0.8 s; peak memory 82 MiB.
2026-09-23T22:45:23Z INFO [6/500] 0f721566-036a-4e0a-aa9a-0cc09759273b: cophenetic index 895; 2.4 s; peak memory 84 MiB.
2026-09-23T22:45:24Z INFO [7/500] 0f72e982-b283-41c8-a9bf-4db98d97629c: cophenetic index 729; 0.9 s; peak memory 84 MiB.
2026-09-23T22:45:25Z WARNING 0f7396ad-67ec-468a-b6a6-5599cb507f54: failed while reading the NWB file (KeyError: 'Unable to synchronously open object (component not found)')
2026-09-23T22:45:25Z WARNING [8/500] 0f7396ad-67ec-468a-b6a6-5599cb507f54: leaving unrecorded for a later run to retry.
2026-09-23T22:45:37Z INFO [9/500] 0f73e7bf-b30d-45f5-b063-acd9022cfec4: cophenetic index 33602; 11.4 s; peak memory 98 MiB.
2026-09-23T22:45:43Z INFO [10/500] 0f740506-f817-47d3-b1b8-ca98f3958505: cophenetic index 6800; 6.5 s; peak memory 99 MiB.
2026-09-23T22:45:45Z INFO [11/500] 0f741f12-ea35-4f78-a38c-439e6adb6f31: cophenetic index 2625; 1.7 s; peak memory 99 MiB.
2026-09-23T22:45:57Z INFO [12/500] 0f74a929-f1b9-4db5-a83c-1c78c9ed35c7: cophenetic index 34862; 11.7 s; peak memory 101 MiB.
2026-09-23T22:46:05Z INFO [13/500] 0f75dbf5-29be-4a12-8d00-61c3d2d5063d: cophenetic index 2186316; 8.1 s; peak memory 102 MiB.
2026-09-23T22:46:08Z INFO [14/500] 0f768a63-749d-4b2f-9c9c-b96a055a2f6f: cophenetic index 2402; 3.1 s; peak memory 102 MiB.
2026-09-23T22:46:09Z INFO [15/500] 0f7701a5-695f-4bc8-81bd-bffed40f1f4f: cophenetic index 624; 1.1 s; peak memory 102 MiB.
2026-09-23T22:46:11Z INFO [16/500] 0f7799c0-9bdc-4709-9fc1-fc36b1d64c53: cophenetic index 1614; 1.8 s; peak memory 102 MiB.
2026-09-23T22:46:15Z INFO [17/500] 0f78cc1a-a180-46bd-873e-7d5c85604b95: cophenetic index 4015; 3.6 s; peak memory 102 MiB.
2026-09-23T22:46:42Z INFO [18/500] 0f78ccde-251c-49a6-908a-292348c47419: cophenetic index 37125146; 27.9 s; peak memory 198 MiB.
2026-09-23T22:46:44Z INFO [19/500] 0f7975e8-7d37-4ec5-98e0-2930d478fc8c: cophenetic index 627; 1.1 s; peak memory 198 MiB.
2026-09-23T22:46:45Z INFO [20/500] 0f7a1967-79c8-41f7-9668-86b4e5318ce1: cophenetic index 490; 1.0 s; peak memory 198 MiB.
2026-09-23T22:46:57Z INFO [21/500] 0f7adedf-c505-4425-819f-5096624eedbd: cophenetic index 184958; 12.4 s; peak memory 198 MiB.
2026-09-23T22:46:58Z INFO [22/500] 0f7b19cc-d569-4fb1-b264-278bd96ae248: cophenetic index 3087; 1.4 s; peak memory 198 MiB.
2026-09-23T22:47:03Z INFO [23/500] 0f7bb4c6-1864-47c0-9e74-23eb4995db95: cophenetic index 6412; 4.4 s; peak memory 198 MiB.
2026-09-23T22:47:05Z INFO [24/500] 0f7c07aa-bd69-4aae-9534-b9f783ca772e: cophenetic index 26986; 1.9 s; peak memory 198 MiB.
2026-09-23T22:47:06Z INFO [25/500] 0f7c674e-6d28-4631-87ca-2dcbbb878f73: cophenetic index 431; 1.3 s; peak memory 198 MiB.
2026-09-23T22:47:07Z INFO [26/500] 0f7cdc9e-3aa0-420d-8e13-8fcdf70bc943: cophenetic index 3087; 1.5 s; peak memory 198 MiB.
2026-09-23T22:47:09Z INFO [27/500] 0f7d6565-d1b0-495a-ba27-e5ef822f90e3: cophenetic index 413; 1.2 s; peak memory 198 MiB.
2026-09-23T22:47:10Z INFO [28/500] 0f7dc747-8233-4afb-9910-bb53f969b72d: cophenetic index 2625; 1.9 s; peak memory 198 MiB.
2026-09-23T22:47:22Z INFO [29/500] 0f7e00d9-da5e-47e6-b388-8b3492d6c607: cophenetic index 211419; 11.5 s; peak memory 198 MiB.
2026-09-23T22:47:24Z INFO [30/500] 0f7e0f40-e72c-430c-9dd4-d9b8b5f02d44: cophenetic index 2682; 2.5 s; peak memory 198 MiB.
2026-09-23T22:47:26Z INFO [31/500] 0f7e80bc-8623-4710-a0b6-5ffcc59bef72: cophenetic index 2625; 1.8 s; peak memory 198 MiB.
2026-09-23T22:47:28Z INFO [32/500] 0f7ed463-21b1-401a-80b9-73527785578e: cophenetic index 3004; 1.3 s; peak memory 198 MiB.
2026-09-23T22:47:29Z INFO [33/500] 0f7f54af-7308-45ba-bf41-237486797492: cophenetic index 432; 1.1 s; peak memory 198 MiB.
2026-09-23T22:47:35Z INFO [34/500] 0f7f913e-2fed-4367-80f2-0a7e563b0aa2: cophenetic index 109932; 6.2 s; peak memory 198 MiB.
2026-09-23T22:47:36Z INFO [35/500] 0f7fb939-9261-4404-8154-296a54bd7cb2: cophenetic index 490; 0.8 s; peak memory 198 MiB.
2026-09-23T22:47:39Z INFO [36/500] 0f806da2-bd81-4b51-a432-18f09abe88c4: cophenetic index 5473; 3.9 s; peak memory 198 MiB.
2026-09-23T22:47:41Z INFO [37/500] 0f80f453-7ed8-4713-9f9c-9eb94392bac4: cophenetic index 3004; 1.4 s; peak memory 198 MiB.
2026-09-23T22:48:00Z INFO [38/500] 0f817fd0-1503-469c-b916-0792d112a951: cophenetic index 42755; 19.1 s; peak memory 198 MiB.
2026-09-23T22:48:02Z INFO [39/500] 0f81fb86-47ef-40bf-b8aa-1efea04fdf9d: cophenetic index 1114; 2.3 s; peak memory 198 MiB.
2026-09-23T22:48:11Z INFO [40/500] 0f826c16-e137-4b09-870b-ba3e15409b70: cophenetic index 14788; 9.2 s; peak memory 198 MiB.
2026-09-23T22:48:12Z INFO [41/500] 0f8280b8-c999-4786-9c2a-98c5363da856: cophenetic index 433; 0.8 s; peak memory 198 MiB.
2026-09-23T22:48:14Z INFO [42/500] 0f831ec8-2f49-424d-84cf-6fd8d294c3da: cophenetic index 613; 2.2 s; peak memory 198 MiB.
2026-09-23T22:48:16Z INFO [43/500] 0f8322b3-e248-4da5-b91a-304043a257e1: cophenetic index 3004; 1.4 s; peak memory 198 MiB.
2026-09-23T22:48:17Z INFO [44/500] 0f83fc06-b890-4732-9136-cd4edcd2a32e: cophenetic index 624; 1.1 s; peak memory 198 MiB.
2026-09-23T22:48:18Z INFO [45/500] 0f840fdf-75f3-41c3-b3b7-a15bfdbc6de9: cophenetic index 3004; 1.5 s; peak memory 198 MiB.
2026-09-23T22:48:20Z INFO [46/500] 0f8416fe-c041-47ec-b8e3-0319d1a65b9f: cophenetic index 3087; 1.5 s; peak memory 200 MiB.
2026-09-23T22:48:21Z INFO [47/500] 0f845bbd-78e3-4032-926d-95241d7e26c6: cophenetic index 3004; 1.4 s; peak memory 200 MiB.
2026-09-23T22:48:23Z INFO [48/500] 0f84801e-40fa-47b5-8942-39c5a8c2de1b: cophenetic index 389; 1.6 s; peak memory 200 MiB.
2026-09-23T22:48:24Z INFO [49/500] 0f857efb-12a1-4e8c-853e-7e3cbf981c75: cophenetic index 624; 1.1 s; peak memory 200 MiB.
2026-09-23T22:48:35Z INFO [50/500] 0f85a813-e5c7-45e4-9473-27c494043f49: cophenetic index 46939; 10.9 s; peak memory 201 MiB.
2026-09-23T22:48:35Z INFO [50/500] 0f85a813-e5c7-45e4-9473-27c494043f49: checkpointed 53535 records.
2026-09-23T22:48:37Z INFO [51/500] 0f85db60-69a7-4ca4-b91a-4b6e7ea31434: cophenetic index 23864; 1.9 s; peak memory 201 MiB.
2026-09-23T22:48:38Z INFO [52/500] 0f8690ba-191f-4cc0-b0f3-789562c5fce0: cophenetic index 3087; 1.3 s; peak memory 201 MiB.
2026-09-23T22:48:39Z INFO [53/500] 0f874644-9fd5-4fdc-9e3f-e2a0d25ef4db: cophenetic index 3004; 1.4 s; peak memory 201 MiB.
2026-09-23T22:48:41Z INFO [54/500] 0f87c788-39d7-4eb8-8ca3-b705462dc1e9: cophenetic index 1751; 1.7 s; peak memory 201 MiB.
2026-09-23T22:48:43Z INFO [55/500] 0f881b26-889e-4c41-a94f-80d9c9b41cba: cophenetic index 33962; 1.6 s; peak memory 201 MiB.
2026-09-23T22:48:46Z INFO [56/500] 0f88898e-19fc-4478-be8c-9f7a624bf212: cophenetic index 11009; 3.6 s; peak memory 201 MiB.
2026-09-23T22:48:48Z INFO [57/500] 0f889cc8-8514-461d-8f22-cdc8015da876: cophenetic index 1087; 1.5 s; peak memory 201 MiB.
2026-09-23T22:48:49Z INFO [58/500] 0f88f324-719e-4325-bda1-8f11a62ecfa2: cophenetic index 624; 1.2 s; peak memory 201 MiB.
2026-09-23T22:49:06Z INFO [59/500] 0f890585-8e8f-4076-a1ae-4c4af7cbd25d: cophenetic index 467475; 16.9 s; peak memory 201 MiB.
2026-09-23T22:49:07Z INFO [60/500] 0f89e65b-4a24-4900-bfa4-212ec38623ae: cophenetic index 624; 1.1 s; peak memory 201 MiB.
2026-09-23T22:49:16Z INFO [61/500] 0f8a1370-5d27-4ca1-aae8-63e467b2f048: cophenetic index 78314; 8.4 s; peak memory 201 MiB.
2026-09-23T22:49:17Z INFO [62/500] 0f8a3b6a-c7ad-448e-a134-cb75d5bc554f: cophenetic index 624; 1.1 s; peak memory 201 MiB.
2026-09-23T22:49:18Z INFO [63/500] 0f8a6a41-8c63-42b1-9a27-de9d63f8aa70: cophenetic index 624; 1.2 s; peak memory 201 MiB.
2026-09-23T22:49:20Z INFO [64/500] 0f8adec4-2cf7-4ee0-af98-f31aee169d9e: cophenetic index 2625; 2.0 s; peak memory 201 MiB.
2026-09-23T22:49:22Z INFO [65/500] 0f8ae877-0e36-4b06-933c-33fac9b862be: cophenetic index 2625; 1.8 s; peak memory 201 MiB.
2026-09-23T22:49:23Z INFO [66/500] 0f8b01e9-e614-4005-9773-76e8f2db8cad: cophenetic index 3087; 1.4 s; peak memory 201 MiB.
2026-09-23T22:49:25Z INFO [67/500] 0f8b4e93-297b-41cd-a771-8805523c140c: cophenetic index 2114; 1.7 s; peak memory 201 MiB.
2026-09-23T22:49:27Z INFO [68/500] 0f8bc91c-0303-4530-928c-f92837119f22: cophenetic index 2625; 1.8 s; peak memory 201 MiB.
2026-09-23T22:49:28Z INFO [69/500] 0f8c245c-a445-4dae-8623-86894e93f86f: cophenetic index 624; 1.2 s; peak memory 201 MiB.
2026-09-23T22:49:30Z INFO [70/500] 0f8d4f2c-a64c-47e1-8264-802ff826b38c: cophenetic index 1087; 1.8 s; peak memory 201 MiB.
2026-09-23T22:49:32Z INFO [71/500] 0f8e3231-a720-4c21-9696-763373dce857: cophenetic index 26986; 2.1 s; peak memory 201 MiB.
2026-09-23T22:49:34Z INFO [72/500] 0f8e3a69-aaf8-4ed4-8339-fd6b583e1769: cophenetic index 33998; 2.5 s; peak memory 201 MiB.
2026-09-23T22:49:36Z INFO [73/500] 0f8f2479-0e28-488f-aa75-83cd4dfbab02: cophenetic index 466; 1.4 s; peak memory 201 MiB.
2026-09-23T22:49:38Z INFO [74/500] 0f8f4df7-4c3d-4b4f-a791-f588348d570e: cophenetic index 33998; 2.3 s; peak memory 201 MiB.
2026-09-23T22:49:39Z INFO [75/500] 0f91ab05-7400-4361-9b09-a45881675872: cophenetic index 624; 1.3 s; peak memory 201 MiB.
2026-09-23T22:49:40Z INFO [76/500] 0f920343-7289-4654-b3cf-4d25d8233a44: cophenetic index 624; 1.2 s; peak memory 201 MiB.
2026-09-23T22:49:41Z INFO [77/500] 0f92291f-88c4-4cda-86ca-aaa09bcb4d20: cophenetic index 490; 0.8 s; peak memory 201 MiB.
2026-09-23T22:49:43Z INFO [78/500] 0f92fbac-bc40-4e34-bcc7-edaa78a2203b: cophenetic index 1906; 2.2 s; peak memory 201 MiB.
2026-09-23T22:49:45Z INFO [79/500] 0f933869-b67c-4114-b547-238a6355b889: cophenetic index 2570; 1.3 s; peak memory 201 MiB.
2026-09-23T22:49:46Z INFO [80/500] 0f93c498-4ce9-4314-9138-cf9c939048bd: cophenetic index 2625; 1.5 s; peak memory 201 MiB.
2026-09-23T22:49:47Z INFO [81/500] 0f94bdb7-5f7f-4450-8d52-95d693688ea6: cophenetic index 3215; 1.1 s; peak memory 201 MiB.
2026-09-23T22:49:49Z INFO [82/500] 0f94dba9-252f-48cf-b5d0-ce07fd07dc1e: cophenetic index 613; 2.0 s; peak memory 201 MiB.
2026-09-23T22:49:55Z INFO [83/500] 0f9533d6-300e-4b51-b269-fa38e76f87e6: cophenetic index 28509; 5.5 s; peak memory 201 MiB.
2026-09-23T22:49:57Z INFO [84/500] 0f958a02-8ab8-4b47-bbc6-3c47dc2a145f: cophenetic index 33962; 1.8 s; peak memory 201 MiB.
2026-09-23T22:49:58Z INFO [85/500] 0f96e32c-53ff-4c2e-9aa5-d537f31592bc: cophenetic index 560; 1.0 s; peak memory 201 MiB.
2026-09-23T22:49:59Z INFO [86/500] 0f97172c-1eb3-4786-bd79-cd116fc50b9c: cophenetic index 431; 1.0 s; peak memory 201 MiB.
2026-09-23T22:50:00Z INFO [87/500] 0f971eed-df4a-403c-9485-8276a8a8c9e2: cophenetic index 624; 1.1 s; peak memory 201 MiB.
2026-09-23T22:50:01Z INFO [88/500] 0f98b70f-19a6-4065-b6e7-9d2b8ac24a7a: cophenetic index 624; 1.2 s; peak memory 201 MiB.
2026-09-23T22:50:02Z INFO [89/500] 0f9a7f32-a826-4b1a-8b8b-bbc24f5d7510: cophenetic index 2570; 1.5 s; peak memory 201 MiB.
2026-09-23T22:50:06Z INFO [90/500] 0f9ad7d5-fd93-4860-9527-8a360beb782b: cophenetic index 2236; 3.6 s; peak memory 201 MiB.
2026-09-23T22:50:08Z INFO [91/500] 0f9bc6b8-e1e7-47bd-8ad4-eb0989a73bb9: cophenetic index 766; 1.6 s; peak memory 201 MiB.
2026-09-23T22:50:09Z INFO [92/500] 0f9c6a6c-667f-4cf5-ae2b-4e482177ccdf: cophenetic index 3004; 1.4 s; peak memory 201 MiB.
2026-09-23T22:50:11Z INFO [93/500] 0f9cce5f-8abd-456d-8faf-6f6e88d9857b: cophenetic index 791; 1.5 s; peak memory 201 MiB.
2026-09-23T22:50:12Z INFO [94/500] 0f9d62fa-e367-416b-932e-375cf2cf9f89: cophenetic index 2625; 1.9 s; peak memory 201 MiB.
2026-09-23T22:50:14Z INFO [95/500] 0f9dab8b-4332-4583-8c68-e2fd995defb9: cophenetic index 718; 1.6 s; peak memory 201 MiB.
2026-09-23T22:50:21Z INFO [96/500] 0f9e709c-ed25-4c8e-8484-6dee38023d6c: cophenetic index 6715; 7.5 s; peak memory 201 MiB.
2026-09-23T22:50:25Z INFO [97/500] 0f9ec06f-b250-4296-b6ef-79658ff7b80b: cophenetic index 45679; 3.4 s; peak memory 201 MiB.
2026-09-23T22:50:27Z INFO [98/500] 0fa03e15-484a-48a7-9ad5-c93549c09dea: cophenetic index 536; 1.6 s; peak memory 201 MiB.
2026-09-23T22:50:28Z INFO [99/500] 0fa07eba-d43e-4780-84db-157b88390911: cophenetic index 1739; 1.9 s; peak memory 201 MiB.
2026-09-23T22:50:30Z INFO [100/500] 0fa0b589-791c-4961-b8e6-cb9d9f2438ee: cophenetic index 431; 1.3 s; peak memory 201 MiB.
2026-09-23T22:50:30Z INFO [100/500] 0fa0b589-791c-4961-b8e6-cb9d9f2438ee: checkpointed 53585 records.
2026-09-23T22:50:31Z INFO [101/500] 0fa1950a-38a8-4ba2-896a-6ab865839219: cophenetic index 2625; 1.5 s; peak memory 201 MiB.
2026-09-23T22:50:34Z INFO [102/500] 0fa19be9-74f5-4b56-8dd5-d2391d1ebea7: cophenetic index 2625; 2.3 s; peak memory 201 MiB.
2026-09-23T22:50:40Z INFO [103/500] 0fa1a4ce-aa0c-44ea-884c-f0f0daafc419: cophenetic index 47821; 6.2 s; peak memory 201 MiB.
2026-09-23T22:50:41Z INFO [104/500] 0fa2065a-6660-4812-8f06-ca8815165bfa: cophenetic index 3087; 1.5 s; peak memory 201 MiB.
2026-09-23T22:50:44Z INFO [105/500] 0fa24deb-e9e1-4463-817c-12ee3960d43f: cophenetic index 2402; 3.1 s; peak memory 201 MiB.
2026-09-23T22:50:46Z INFO [106/500] 0fa257d2-e9fb-4109-85c8-d62f8cf799e1: cophenetic index 2625; 1.5 s; peak memory 201 MiB.
2026-09-23T22:50:50Z INFO [107/500] 0fa45f13-de5b-485d-a6ae-5207dfbb3f03: cophenetic index 5473; 3.8 s; peak memory 201 MiB.
2026-09-23T22:50:58Z INFO [108/500] 0fa46087-81eb-4e3c-b600-ff4472cf7efd: cophenetic index 132713; 8.4 s; peak memory 201 MiB.
2026-09-23T22:50:59Z INFO [109/500] 0fa47a88-c2b0-43ea-b2f5-d156584bbb02: cophenetic index 3192; 1.3 s; peak memory 201 MiB.
2026-09-23T22:51:00Z INFO [110/500] 0fa54dd0-6d0c-4ae1-aaa5-b0d673e29597: cophenetic index 490; 0.9 s; peak memory 201 MiB.
2026-09-23T22:51:02Z INFO [111/500] 0fa66600-c2d7-4f9c-88cf-9ceed2caf38d: cophenetic index 23370; 1.3 s; peak memory 201 MiB.
2026-09-23T22:51:03Z INFO [112/500] 0fa67862-db06-40ab-badd-4b7a5cbc0d6b: cophenetic index 624; 1.2 s; peak memory 201 MiB.
2026-09-23T22:51:04Z INFO [113/500] 0fa726ae-96a6-4f2d-a63d-52df5b879775: cophenetic index 2974; 1.4 s; peak memory 201 MiB.
2026-09-23T22:51:10Z INFO [114/500] 0fa78975-86d2-43bc-aca6-bf606948e589: cophenetic index 9548; 5.9 s; peak memory 201 MiB.
2026-09-23T22:51:11Z INFO [115/500] 0fa7ff40-f900-44df-98f7-60f8ba3810d6: cophenetic index 624; 1.2 s; peak memory 201 MiB.
2026-09-23T22:51:13Z INFO [116/500] 0fa8a5bc-1325-462f-963a-e0c5692cb136: cophenetic index 1087; 1.6 s; peak memory 201 MiB.
2026-09-23T22:51:15Z INFO [117/500] 0fa90612-a94f-4b7c-b577-92896cae81f9: cophenetic index 554; 1.6 s; peak memory 201 MiB.
2026-09-23T22:51:16Z INFO [118/500] 0fa921b3-0078-45ba-9ee9-71e4f22bfbd6: cophenetic index 497; 1.4 s; peak memory 201 MiB.
2026-09-23T22:51:17Z INFO [119/500] 0fa9d965-92c6-4eaf-a2fc-5f6e644c41ed: cophenetic index 3004; 1.4 s; peak memory 201 MiB.
2026-09-23T22:51:19Z INFO [120/500] 0faaa046-e898-40b9-84de-309e5aa1afd0: cophenetic index 2570; 1.4 s; peak memory 201 MiB.
2026-09-23T22:51:20Z INFO [121/500] 0fab1b81-444d-4b59-a6d0-9c788d14d823: cophenetic index 605; 1.4 s; peak memory 201 MiB.
2026-09-23T22:51:22Z INFO [122/500] 0fab220c-8966-415c-b634-780d66b79a5e: cophenetic index 3004; 1.5 s; peak memory 201 MiB.
2026-09-23T22:51:23Z INFO [123/500] 0fab6e98-a064-4f9c-8326-4a1cf3e8bd91: cophenetic index 3004; 1.4 s; peak memory 201 MiB.
2026-09-23T22:51:24Z INFO [124/500] 0fac198a-ce75-4d4d-91a9-3251097658ff: cophenetic index 624; 1.1 s; peak memory 201 MiB.
2026-09-23T22:51:26Z INFO [125/500] 0fac2b5e-7cf7-4ca2-a3a5-0520a880ace5: cophenetic index 2625; 1.6 s; peak memory 201 MiB.
2026-09-23T22:51:28Z INFO [126/500] 0fac5c1a-9028-4788-86be-c68fe6561a7c: cophenetic index 30304; 1.7 s; peak memory 201 MiB.
2026-09-23T22:51:29Z INFO [127/500] 0fad5454-513d-4e8c-8c24-00a01d5fe400: cophenetic index 23960; 1.3 s; peak memory 201 MiB.
2026-09-23T22:51:31Z INFO [128/500] 0fadab91-ebda-434e-bb0d-4047b0f3eb6b: cophenetic index 33962; 1.8 s; peak memory 201 MiB.
2026-09-23T22:51:32Z INFO [129/500] 0fadc820-7644-4ab6-9a76-c65f04f4fd7e: cophenetic index 829; 1.7 s; peak memory 201 MiB.
2026-09-23T22:51:47Z INFO [130/500] 0fadeb4d-9d13-4b9d-83de-b7b706787749: cophenetic index 247454; 14.9 s; peak memory 201 MiB.
2026-09-23T22:51:48Z INFO [131/500] 0fadfde6-1c91-4943-b5b2-d633fecd81e4: cophenetic index 624; 1.2 s; peak memory 201 MiB.
2026-09-23T22:51:54Z INFO [132/500] 0fae52fd-14c2-4c99-83bb-c94087ba46a4: cophenetic index 21233; 5.1 s; peak memory 201 MiB.
2026-09-23T22:51:55Z INFO [133/500] 0fafa9b6-484e-4fb4-8b05-c6517203b0b0: cophenetic index 3004; 1.5 s; peak memory 201 MiB.
2026-09-23T22:52:01Z INFO [134/500] 0faffb9f-5ccf-4f73-9ec4-7641632852ae: cophenetic index 42035; 5.5 s; peak memory 201 MiB.
2026-09-23T22:52:02Z INFO [135/500] 0fb10060-3277-4a55-a906-6696d49045ca: cophenetic index 2625; 1.9 s; peak memory 201 MiB.
2026-09-23T22:52:04Z INFO [136/500] 0fb12601-f6c5-4b9a-afa1-d151788bb310: cophenetic index 3087; 1.6 s; peak memory 201 MiB.
2026-09-23T22:52:06Z INFO [137/500] 0fb1533a-7559-4521-80b5-a2e381e2541b: cophenetic index 2625; 1.9 s; peak memory 201 MiB.
2026-09-23T22:52:07Z INFO [138/500] 0fb2013f-a638-4ce8-851b-f14738089d2b: cophenetic index 637; 0.9 s; peak memory 201 MiB.
2026-09-23T22:52:08Z INFO [139/500] 0fb2660e-d1bf-4944-bbdc-66c4c939a5a4: cophenetic index 490; 0.7 s; peak memory 201 MiB.
2026-09-23T22:52:09Z INFO [140/500] 0fb377c7-4a5b-4951-84dc-0c1f36c1a008: cophenetic index 624; 1.2 s; peak memory 201 MiB.
2026-09-23T22:52:10Z INFO [141/500] 0fb42d69-b36d-4943-aeb7-4463c65af895: cophenetic index 624; 1.2 s; peak memory 201 MiB.
2026-09-23T22:52:11Z INFO [142/500] 0fb4a29c-079c-4c1c-9eae-f24be369a99e: cophenetic index 433; 0.8 s; peak memory 201 MiB.
2026-09-23T22:52:14Z INFO [143/500] 0fb5908b-a0b0-4223-ae15-992db4b5e2bc: cophenetic index 4677; 3.4 s; peak memory 201 MiB.
2026-09-23T22:52:15Z INFO [144/500] 0fb5d015-dad2-4bb0-87c0-878dc08ab1a7: cophenetic index 401; 0.8 s; peak memory 201 MiB.
2026-09-23T22:52:16Z INFO [145/500] 0fb5dac8-6a91-4752-9879-14ea4e01cc4a: cophenetic index 605; 1.3 s; peak memory 201 MiB.
2026-09-23T22:52:17Z INFO [146/500] 0fb6afea-c6f9-47f3-aa1f-56e3bb065997: cophenetic index 490; 1.0 s; peak memory 201 MiB.
2026-09-23T22:52:18Z INFO [147/500] 0fb78b87-06c2-48a2-ae1f-576b6a8e223d: cophenetic index 2974; 1.2 s; peak memory 201 MiB.
2026-09-23T22:52:19Z INFO [148/500] 0fb81519-b47f-4c74-bec7-16b789e1e886: cophenetic index 627; 1.1 s; peak memory 201 MiB.
2026-09-23T22:52:21Z INFO [149/500] 0fb8923b-2294-4dec-ba63-baa9cb44ccf0: cophenetic index 2920; 1.2 s; peak memory 201 MiB.
2026-09-23T22:52:22Z INFO [150/500] 0fb8959f-76f3-4f53-a77a-d9f4cd688755: cophenetic index 958; 1.2 s; peak memory 201 MiB.
2026-09-23T22:52:22Z INFO [150/500] 0fb8959f-76f3-4f53-a77a-d9f4cd688755: checkpointed 53635 records.
2026-09-23T22:54:26Z INFO [151/500] 0fba2aba-e9cb-4023-9014-7da3b0cf788e: cophenetic index 1418526; 124.4 s; peak memory 233 MiB.
2026-09-23T22:54:27Z INFO [152/500] 0fba49b8-d6c2-4f6e-a7af-bf4d8fbe2ea2: cophenetic index 624; 1.2 s; peak memory 233 MiB.
2026-09-23T22:54:29Z INFO [153/500] 0fba82b4-0651-44a9-8caa-ab5c90823119: cophenetic index 3004; 1.4 s; peak memory 233 MiB.
2026-09-23T22:54:30Z INFO [154/500] 0fbc6fc1-f953-4d8c-baf1-0a8244033ada: cophenetic index 719; 0.9 s; peak memory 233 MiB.
2026-09-23T22:54:31Z INFO [155/500] 0fbc864c-d713-4de6-86e6-985a1addc2fe: cophenetic index 624; 1.2 s; peak memory 233 MiB.
2026-09-23T22:54:33Z INFO [156/500] 0fbca6e7-db4f-4192-8838-11d582be1fd2: cophenetic index 3004; 1.6 s; peak memory 233 MiB.
2026-09-23T22:54:40Z INFO [157/500] 0fbe74a2-24f9-4e60-b10e-382c2379a6b4: cophenetic index 127373; 7.7 s; peak memory 233 MiB.
2026-09-23T22:54:42Z INFO [158/500] 0fc00291-8236-4879-9b3f-cd0544454676: cophenetic index 452; 1.2 s; peak memory 233 MiB.
2026-09-23T22:54:42Z INFO [159/500] 0fc10812-556e-4bab-a1b3-d94a4ab6326f: cophenetic index 490; 0.8 s; peak memory 233 MiB.
2026-09-23T22:54:44Z INFO [160/500] 0fc1e298-abcb-4177-b27e-6bde900ba47b: cophenetic index 2496; 1.7 s; peak memory 233 MiB.
2026-09-23T22:54:46Z INFO [161/500] 0fc45ad4-3b96-4fc9-b133-1ab7dd88ee46: cophenetic index 2974; 1.5 s; peak memory 233 MiB.
2026-09-23T22:54:47Z INFO [162/500] 0fc49ce1-2caa-4d99-9404-9a9f6c58690b: cophenetic index 649; 1.4 s; peak memory 233 MiB.
2026-09-23T22:54:58Z INFO [163/500] 0fc5699d-9bbb-4bf9-9e09-4a83677edb83: cophenetic index 195172714; 10.6 s; peak memory 233 MiB.
2026-09-23T22:54:58Z INFO [164/500] 0fc5f4e5-1548-4e4f-92d4-d591a661679d: cophenetic index 579; 0.8 s; peak memory 233 MiB.
2026-09-23T22:55:00Z INFO [165/500] 0fc634bc-63fa-4ea7-8d9c-c2a629cff2aa: cophenetic index 3004; 1.6 s; peak memory 233 MiB.
2026-09-23T22:55:02Z INFO [166/500] 0fc67712-36a6-41d1-b1bf-cc128ee0da7b: cophenetic index 3004; 1.6 s; peak memory 233 MiB.
2026-09-23T22:55:03Z INFO [167/500] 0fc6dbc5-ab15-4340-ad5c-cadf375589ba: cophenetic index 431; 1.7 s; peak memory 233 MiB.
2026-09-23T22:55:04Z INFO [168/500] 0fc7221a-f2fe-4da4-a127-a8e226cf06ff: cophenetic index 433; 1.1 s; peak memory 233 MiB.
2026-09-23T22:55:06Z INFO [169/500] 0fc784a3-5231-4039-9501-7e0fe88b1052: cophenetic index 725; 1.3 s; peak memory 233 MiB.
2026-09-23T22:55:07Z INFO [170/500] 0fc7c143-e8bf-4dc8-9852-ea673c491f5b: cophenetic index 649; 1.4 s; peak memory 233 MiB.
2026-09-23T22:55:16Z INFO [171/500] 0fc7e22d-1ebe-44e3-a6c4-d2ff4d08bfb1: cophenetic index 87573; 8.5 s; peak memory 233 MiB.
2026-09-23T22:55:17Z INFO [172/500] 0fc93de6-83c5-4ed1-842b-89d2cbef9d5b: cophenetic index 624; 1.2 s; peak memory 233 MiB.
2026-09-23T22:55:18Z INFO [173/500] 0fc96dd2-70ce-46af-81c7-0e5e9fcb9121: cophenetic index 624; 1.2 s; peak memory 233 MiB.
2026-09-23T22:55:20Z INFO [174/500] 0fc9eb51-3b3c-4631-8528-a686391364cb: cophenetic index 33986; 1.7 s; peak memory 233 MiB.
2026-09-23T22:55:23Z INFO [175/500] 0fca3647-eb8b-4d26-a86f-0975994df1da: cophenetic index 99810; 3.2 s; peak memory 233 MiB.
2026-09-23T22:55:26Z INFO [176/500] 0fca6ab6-0c1b-4b59-b36c-5356fcbb9022: cophenetic index 5486; 3.5 s; peak memory 233 MiB.
2026-09-23T22:55:27Z INFO [177/500] 0fcaa099-a248-47e1-ae71-d9eaf6253efc: cophenetic index 490; 1.0 s; peak memory 233 MiB.
2026-09-23T22:55:28Z INFO [178/500] 0fcaa4d2-fa40-44c0-8dd3-8ebfdbf9365a: cophenetic index 651; 0.9 s; peak memory 233 MiB.
2026-09-23T22:55:47Z INFO [179/500] 0fcaa68c-23ab-421e-be43-7308803d7689: cophenetic index 535350; 18.5 s; peak memory 233 MiB.
2026-09-23T22:55:49Z INFO [180/500] 0fcaf8e4-b190-42ac-880b-2c38d7ac3048: cophenetic index 33998; 2.3 s; peak memory 233 MiB.
2026-09-23T22:55:50Z INFO [181/500] 0fcb449c-7eff-4335-91eb-7c88126496c1: cophenetic index 490; 1.3 s; peak memory 233 MiB.
2026-09-23T22:56:05Z INFO [182/500] 0fcb6d1e-3f39-4c24-845c-eff71ffe8877: cophenetic index 695868; 14.2 s; peak memory 233 MiB.
2026-09-23T22:56:06Z INFO [183/500] 0fcc1c70-5591-4766-948c-9fee99737caa: cophenetic index 624; 1.1 s; peak memory 233 MiB.
2026-09-23T22:56:07Z INFO [184/500] 0fcc28c9-f1a7-4ef3-a854-fe1068eb0961: cophenetic index 2974; 1.4 s; peak memory 233 MiB.
2026-09-23T22:56:08Z INFO [185/500] 0fcd0585-c099-4bac-919f-b55c24b5647b: cophenetic index 624; 1.2 s; peak memory 233 MiB.
2026-09-23T22:56:09Z INFO [186/500] 0fce3941-cefb-442a-a733-0e0b3e29808b: cophenetic index 624; 1.1 s; peak memory 233 MiB.
2026-09-23T22:56:13Z INFO [187/500] 0fcf493c-0140-485f-9497-2927da425001: cophenetic index 2402; 3.4 s; peak memory 233 MiB.
2026-09-23T22:56:20Z INFO [188/500] 0fd1a1b6-ceb3-4430-a758-99b674776177: cophenetic index 95479; 7.5 s; peak memory 233 MiB.
2026-09-23T22:56:22Z INFO [189/500] 0fd1b2f1-e4e0-41b9-bc62-d6dfe28b13ca: cophenetic index 2625; 1.5 s; peak memory 233 MiB.
2026-09-23T22:56:29Z INFO [190/500] 0fd29ed1-d604-4cce-a49f-09fc7a3b115a: cophenetic index 5466; 6.8 s; peak memory 233 MiB.
2026-09-23T22:56:35Z INFO [191/500] 0fd2ac1d-11b2-4ea8-9fa6-cb98b91bfd33: cophenetic index 9298; 6.3 s; peak memory 233 MiB.
2026-09-23T22:56:36Z INFO [192/500] 0fd33ed5-d97a-4bd2-a2ec-1e0d2c0eb18a: cophenetic index 3215; 1.2 s; peak memory 233 MiB.
2026-09-23T22:56:45Z INFO [193/500] 0fd45bae-c6c1-43d2-b55b-9c65b796a903: cophenetic index 94412; 9.1 s; peak memory 233 MiB.
2026-09-23T22:56:47Z INFO [194/500] 0fd45ebf-44b1-407a-8d25-d893e662cd56: cophenetic index 2625; 1.6 s; peak memory 233 MiB.
2026-09-23T22:56:49Z INFO [195/500] 0fd4ebc0-748f-406b-b5d4-33bbb9ffcd9a: cophenetic index 2625; 1.7 s; peak memory 233 MiB.
2026-09-23T22:56:50Z INFO [196/500] 0fd58ef9-8353-44a2-9a40-98587b525fcb: cophenetic index 627; 1.2 s; peak memory 233 MiB.
2026-09-23T22:56:51Z INFO [197/500] 0fd6550b-2086-4fec-948f-61f253522b5b: cophenetic index 581; 1.3 s; peak memory 233 MiB.
2026-09-23T22:56:53Z INFO [198/500] 0fd67a66-5170-484b-b32f-1314ca36db2b: cophenetic index 26986; 1.9 s; peak memory 233 MiB.
2026-09-23T22:56:55Z INFO [199/500] 0fd89a2e-a37e-4fb8-a25d-bf301b2e8430: cophenetic index 26986; 1.8 s; peak memory 233 MiB.
2026-09-23T22:56:56Z INFO [200/500] 0fda4f2d-e9a3-45bb-ba1e-174cd89c3a8e: cophenetic index 907; 1.1 s; peak memory 233 MiB.
2026-09-23T22:56:56Z INFO [200/500] 0fda4f2d-e9a3-45bb-ba1e-174cd89c3a8e: checkpointed 53685 records.
2026-09-23T22:56:57Z INFO [201/500] 0fda52b4-917e-4a71-8602-25995f5d3c92: cophenetic index 490; 0.8 s; peak memory 233 MiB.
2026-09-23T22:56:58Z INFO [202/500] 0fda8ad8-0e33-4012-a78d-30cf107f8876: cophenetic index 2923; 1.2 s; peak memory 233 MiB.
2026-09-23T22:56:59Z INFO [203/500] 0fdabba0-c0ba-40f5-b61c-f15654baa1ba: cophenetic index 624; 1.3 s; peak memory 233 MiB.
2026-09-23T22:57:01Z INFO [204/500] 0fdace26-68e7-4065-bda6-c5a8eebcc971: cophenetic index 3004; 1.6 s; peak memory 233 MiB.
2026-09-23T22:57:03Z INFO [205/500] 0fdc7727-555b-4938-b7d1-fc65da880352: cophenetic index 809; 2.4 s; peak memory 233 MiB.
2026-09-23T22:57:07Z INFO [206/500] 0fdd41b0-ea0a-40af-bc1e-7ed8b3d9f2e5: cophenetic index 2469; 3.3 s; peak memory 233 MiB.
2026-09-23T22:57:10Z INFO [207/500] 0fdd80b8-26b9-4cef-bf1e-086eba8bce6e: cophenetic index 2402; 3.3 s; peak memory 233 MiB.
2026-09-23T22:57:13Z INFO [208/500] 0fde19e9-5ed1-41b7-95d6-1cae9897ec52: cophenetic index 332274; 3.4 s; peak memory 233 MiB.
2026-09-23T22:57:15Z INFO [209/500] 0fdeeff2-aed4-431b-9148-420c224a8a5f: cophenetic index 624; 1.3 s; peak memory 233 MiB.
2026-09-23T22:57:16Z INFO [210/500] 0fdf2f31-5d15-4c0c-9484-b1430d717d54: cophenetic index 3004; 1.4 s; peak memory 233 MiB.
2026-09-23T22:57:18Z INFO [211/500] 0fdf7e4e-8b66-4d90-aebe-e7caccdb61eb: cophenetic index 2625; 2.1 s; peak memory 233 MiB.
2026-09-23T22:57:21Z INFO [212/500] 0fe05f64-6d2d-43f8-b463-6809b474c57e: cophenetic index 2402; 3.0 s; peak memory 233 MiB.
2026-09-23T22:57:23Z INFO [213/500] 0fe078fb-a1df-48ab-bb3b-5a174d067afa: cophenetic index 33998; 2.1 s; peak memory 233 MiB.
2026-09-23T22:57:24Z INFO [214/500] 0fe0a278-8a08-4a1a-8ae7-b5f3748fcfb2: cophenetic index 624; 1.1 s; peak memory 233 MiB.
2026-09-23T22:57:26Z INFO [215/500] 0fe0ca38-4a8e-48b3-b4cc-c7833ba4b33e: cophenetic index 649; 1.4 s; peak memory 233 MiB.
2026-09-23T22:57:35Z INFO [216/500] 0fe0ed2e-951f-4443-be9f-e5d7847fb715: cophenetic index 71422; 9.5 s; peak memory 233 MiB.
2026-09-23T22:57:36Z INFO [217/500] 0fe0f5a1-7ed2-487a-ba60-3b099fc9fdcb: cophenetic index 624; 1.3 s; peak memory 233 MiB.
2026-09-23T22:57:37Z INFO [218/500] 0fe27368-4ee4-4366-95c8-0411f0d3e22a: cophenetic index 490; 1.1 s; peak memory 233 MiB.
2026-09-23T22:57:39Z INFO [219/500] 0fe41382-26ca-4459-9cc3-06d1d4f27823: cophenetic index 3004; 1.4 s; peak memory 233 MiB.
2026-09-23T22:57:41Z INFO [220/500] 0fe47f28-0dfa-4532-8efe-461325a16928: cophenetic index 2105; 2.3 s; peak memory 233 MiB.
2026-09-23T22:57:53Z INFO [221/500] 0fe4a59b-78c7-4368-b64c-12818006437b: cophenetic index 146594; 12.2 s; peak memory 233 MiB.
2026-09-23T22:57:55Z INFO [222/500] 0fe5b52c-2d25-4ea2-9d55-cc0d46287a7b: cophenetic index 2625; 2.1 s; peak memory 233 MiB.
2026-09-23T22:57:57Z INFO [223/500] 0fe5c9db-a799-4a04-b7a1-a789f1f21e07: cophenetic index 687; 1.4 s; peak memory 233 MiB.
2026-09-23T22:58:04Z INFO [224/500] 0fe663ea-9a96-42d7-a866-32cec9b72634: cophenetic index 9298; 6.8 s; peak memory 233 MiB.
2026-09-23T22:58:06Z INFO [225/500] 0fe699a9-eb1e-43e2-b33b-adaf9c81b798: cophenetic index 2625; 2.0 s; peak memory 233 MiB.
2026-09-23T22:58:07Z INFO [226/500] 0fe7a227-7668-485c-9319-b1fb2d6141e1: cophenetic index 619; 1.8 s; peak memory 233 MiB.
2026-09-23T22:58:14Z INFO [227/500] 0fe7e348-5ace-41bb-8775-01d9d512298e: cophenetic index 9548; 6.7 s; peak memory 233 MiB.
2026-09-23T22:58:15Z INFO [228/500] 0fe8cdb8-27f7-4a19-85e8-eeb94de04cd9: cophenetic index 624; 1.3 s; peak memory 233 MiB.
2026-09-23T22:58:17Z INFO [229/500] 0fe98182-cc2a-46e7-8cac-01f27903c00f: cophenetic index 3004; 1.5 s; peak memory 233 MiB.
2026-09-23T22:58:18Z INFO [230/500] 0fe9b84a-61e5-46e9-86b1-5e7c275ee7de: cophenetic index 2974; 1.6 s; peak memory 233 MiB.
2026-09-23T22:58:20Z INFO [231/500] 0fea62aa-597d-472a-ab3a-0209ec61799e: cophenetic index 23960; 1.4 s; peak memory 233 MiB.
2026-09-23T22:58:21Z INFO [232/500] 0fea7a6e-e9f3-4fe6-a025-cbc9ceea64d2: cophenetic index 494; 1.1 s; peak memory 233 MiB.
2026-09-23T22:58:23Z INFO [233/500] 0fea942b-fd33-46c7-b38a-edd2cd286b47: cophenetic index 3087; 1.6 s; peak memory 233 MiB.
2026-09-23T22:58:24Z INFO [234/500] 0fea9f3d-548f-4d10-978b-17ddfc9e29a3: cophenetic index 3087; 1.5 s; peak memory 233 MiB.
2026-09-23T22:58:25Z INFO [235/500] 0feac59f-3f0e-406f-bc46-0f1d0af74cac: cophenetic index 624; 1.2 s; peak memory 233 MiB.
2026-09-23T22:58:26Z INFO [236/500] 0feaf2af-5aee-46d8-bfac-39064cca52d8: cophenetic index 624; 1.2 s; peak memory 233 MiB.
2026-09-23T22:58:27Z INFO [237/500] 0feb3e49-ffde-4af0-bdd8-0b2633356da9: cophenetic index 446; 0.9 s; peak memory 233 MiB.
2026-09-23T22:58:29Z INFO [238/500] 0fec493c-dca3-4336-bac4-993cad9bbb3a: cophenetic index 3004; 1.3 s; peak memory 233 MiB.
2026-09-23T22:58:30Z INFO [239/500] 0fec55dc-c6b4-4d0e-ae45-4e3e0e20e017: cophenetic index 624; 1.3 s; peak memory 233 MiB.
2026-09-23T22:58:31Z INFO [240/500] 0fed3997-c0f1-4f19-a73c-05916e2ba46e: cophenetic index 624; 1.3 s; peak memory 233 MiB.
2026-09-23T22:58:33Z INFO [241/500] 0fed8951-a920-4c2e-9707-78f4dbf90198: cophenetic index 2625; 2.0 s; peak memory 233 MiB.
2026-09-23T22:58:35Z INFO [242/500] 0fee93ef-7056-4bdc-a450-8a1d17c849e8: cophenetic index 605; 2.2 s; peak memory 233 MiB.
2026-09-23T22:58:36Z INFO [243/500] 0feef1bf-6924-4a6a-9afc-06347fd171e7: cophenetic index 729; 0.9 s; peak memory 233 MiB.
2026-09-23T22:58:38Z INFO [244/500] 0fef4875-d376-477a-a2f5-d0d2595427d3: cophenetic index 99114; 2.0 s; peak memory 233 MiB.
2026-09-23T22:58:40Z INFO [245/500] 0ff03f6f-152d-49c9-8079-e8782a6f8c32: cophenetic index 431; 1.2 s; peak memory 233 MiB.
2026-09-23T22:58:41Z INFO [246/500] 0ff088e4-120a-4860-bf5b-9535fdbda4af: cophenetic index 431; 1.2 s; peak memory 233 MiB.
2026-09-23T22:58:42Z INFO [247/500] 0ff145dd-67b4-4687-97cb-a58e5bfefcab: cophenetic index 490; 0.9 s; peak memory 233 MiB.
2026-09-23T22:58:43Z INFO [248/500] 0ff1f771-814f-4e4c-b784-e49c65b1fd6e: cophenetic index 605; 1.3 s; peak memory 233 MiB.
2026-09-23T22:58:44Z INFO [249/500] 0ff29028-93fb-437c-b4bd-c00027c0df5a: cophenetic index 624; 1.2 s; peak memory 233 MiB.
2026-09-23T22:58:46Z INFO [250/500] 0ff2b522-21c4-4ed5-80ef-bbc626037347: cophenetic index 3004; 1.6 s; peak memory 233 MiB.
2026-09-23T22:58:46Z INFO [250/500] 0ff2b522-21c4-4ed5-80ef-bbc626037347: checkpointed 53735 records.
2026-09-23T22:58:47Z INFO [251/500] 0ff323b1-2728-4833-b91f-4a1c5a2a6ddb: cophenetic index 624; 1.2 s; peak memory 233 MiB.
2026-09-23T22:58:48Z INFO [252/500] 0ff45cca-726d-4da3-abcc-051ea54b88c9: cophenetic index 729; 1.0 s; peak memory 233 MiB.
2026-09-23T22:58:51Z INFO [253/500] 0ff58f97-d185-465c-a60f-26732dc437f0: cophenetic index 1970; 3.3 s; peak memory 233 MiB.
2026-09-23T22:58:59Z INFO [254/500] 0ff5a9ef-b218-4083-9d31-8cfdd394e146: cophenetic index 5466; 7.4 s; peak memory 233 MiB.
2026-09-23T22:58:59Z INFO [255/500] 0ff5b40b-d4a3-4306-bfb6-2714f87dd7c9: cophenetic index 433; 0.7 s; peak memory 233 MiB.
2026-09-23T22:59:01Z INFO [256/500] 0ff68d9f-63ef-4f6b-8788-eede19991532: cophenetic index 624; 1.3 s; peak memory 233 MiB.
2026-09-23T22:59:03Z INFO [257/500] 0ff6a9f3-ef7e-4fef-8769-2c0828caebf6: cophenetic index 23853; 2.4 s; peak memory 233 MiB.
2026-09-23T22:59:05Z INFO [258/500] 0ff6cf9c-1099-481d-8bd6-7b8fada9e80b: cophenetic index 1558; 1.5 s; peak memory 233 MiB.
2026-09-23T22:59:08Z INFO [259/500] 0ff6dfb0-665c-495c-ae47-ff065bee7c28: cophenetic index 7765; 3.5 s; peak memory 233 MiB.
2026-09-23T22:59:10Z INFO [260/500] 0ff70f1a-e990-4fcb-8e18-2cde1b702acd: cophenetic index 605; 1.5 s; peak memory 233 MiB.
2026-09-23T22:59:12Z INFO [261/500] 0ff72c6f-df8c-46fd-8688-0fa3c890bab8: cophenetic index 809; 2.0 s; peak memory 233 MiB.
2026-09-23T22:59:12Z INFO [262/500] 0ff754b6-1263-4868-8fe2-af3f81e4c934: cophenetic index 490; 0.8 s; peak memory 233 MiB.
2026-09-23T22:59:14Z INFO [263/500] 0ff7caf5-ba0e-4c8f-b81a-5bb2f75f3aa8: cophenetic index 624; 1.3 s; peak memory 233 MiB.
2026-09-23T22:59:15Z INFO [264/500] 0ff7f48a-c711-4beb-ab28-04769219df27: cophenetic index 1087; 1.6 s; peak memory 233 MiB.
2026-09-23T22:59:17Z INFO [265/500] 0ff9806b-d1ca-46ff-9799-1e6fafad0924: cophenetic index 2056; 2.0 s; peak memory 233 MiB.
2026-09-23T22:59:20Z INFO [266/500] 0ffa4df6-5840-4424-affb-951b092c0a7c: cophenetic index 2241; 3.0 s; peak memory 233 MiB.
2026-09-23T22:59:22Z INFO [267/500] 0ffa6732-cd36-4871-b5a8-11143ab9ffe1: cophenetic index 33968; 1.7 s; peak memory 233 MiB.
2026-09-23T22:59:23Z INFO [268/500] 0ffb4f30-2a91-4a1e-9741-66f667061bc3: cophenetic index 624; 1.2 s; peak memory 233 MiB.
2026-09-23T22:59:25Z INFO [269/500] 0ffb9c8f-c917-4fbe-a883-1312b18f88fa: cophenetic index 649; 1.3 s; peak memory 233 MiB.
2026-09-23T22:59:26Z INFO [270/500] 0ffbdf7f-46eb-4ea6-bb19-39de09d9f3b2: cophenetic index 624; 1.3 s; peak memory 233 MiB.
2026-09-23T22:59:28Z INFO [271/500] 0ffbecba-81b6-4b0a-befd-e0b27e4e71a8: cophenetic index 2529; 2.5 s; peak memory 233 MiB.
2026-09-23T22:59:31Z INFO [272/500] 0ffc02d1-12c9-4103-8254-e22251ae85f2: cophenetic index 3437; 3.0 s; peak memory 233 MiB.
2026-09-23T22:59:34Z INFO [273/500] 0ffcf91c-c12e-4689-a0f9-63249e5dbe16: cophenetic index 2682; 2.7 s; peak memory 233 MiB.
2026-09-23T22:59:36Z INFO [274/500] 0ffd75f3-6719-4ba9-b642-344855694b2b: cophenetic index 949; 2.3 s; peak memory 233 MiB.
2026-09-23T22:59:37Z INFO [275/500] 0ffdb1b2-dd90-4331-90e4-7d9240a7230c: cophenetic index 164; 0.9 s; peak memory 233 MiB.
2026-09-23T22:59:39Z INFO [276/500] 0ffe3ae9-bcc8-4d84-9901-f9d33fdd3bfc: cophenetic index 624; 1.3 s; peak memory 233 MiB.
2026-09-23T22:59:40Z INFO [277/500] 0ffe5182-ee88-42fe-8329-3425c53dc476: cophenetic index 3004; 1.3 s; peak memory 233 MiB.
2026-09-23T22:59:41Z INFO [278/500] 0ffe7e0c-2f17-498f-84cd-e650247b380f: cophenetic index 649; 1.3 s; peak memory 233 MiB.
2026-09-23T22:59:43Z INFO [279/500] 0ffeb17d-da3f-48fe-b3eb-b09901b626ea: cophenetic index 33998; 2.2 s; peak memory 233 MiB.
2026-09-23T22:59:45Z INFO [280/500] 0fff22cc-cf44-422a-83dd-b0fcb62805f2: cophenetic index 2625; 2.1 s; peak memory 233 MiB.
2026-09-23T22:59:59Z INFO [281/500] 10000639-b9f8-4abd-8903-3c596112c5c8: cophenetic index 282937; 13.3 s; peak memory 233 MiB.
2026-09-23T23:00:00Z INFO [282/500] 100013aa-9eca-4651-97fa-f62d56d676ab: cophenetic index 3004; 1.5 s; peak memory 233 MiB.
2026-09-23T23:00:03Z INFO [283/500] 10001c3e-8402-4cac-ac27-5374132ad308: cophenetic index 34658; 3.0 s; peak memory 233 MiB.
2026-09-23T23:00:05Z INFO [284/500] 1001008b-f6ac-4727-8acc-85e1309953ca: cophenetic index 3004; 1.5 s; peak memory 233 MiB.
2026-09-23T23:00:06Z INFO [285/500] 1002c4fe-a907-49ba-a04f-c054f3897f9f: cophenetic index 3004; 1.4 s; peak memory 233 MiB.
2026-09-23T23:00:23Z INFO [286/500] 1002dfb9-5021-4d67-b6b6-2ea0357b001d: cophenetic index 520395; 16.9 s; peak memory 233 MiB.
2026-09-23T23:00:25Z INFO [287/500] 1003174c-6b68-4b77-9679-f341e7d9f24d: cophenetic index 626; 1.6 s; peak memory 233 MiB.
2026-09-23T23:00:26Z INFO [288/500] 1003bf7e-f1d0-479b-9b47-39898d59b900: cophenetic index 490; 1.1 s; peak memory 233 MiB.
2026-09-23T23:00:27Z INFO [289/500] 1003cf8d-a5df-4c5f-ba9f-42b34438a589: cophenetic index 624; 1.3 s; peak memory 233 MiB.
2026-09-23T23:00:28Z INFO [290/500] 10051452-5385-4c56-8e17-623889d2a08b: cophenetic index 579; 0.9 s; peak memory 233 MiB.
2026-09-23T23:00:31Z INFO [291/500] 10052183-925e-48ca-9341-fbbd80cd4733: cophenetic index 6609; 3.0 s; peak memory 233 MiB.
2026-09-23T23:00:32Z INFO [292/500] 1005802d-3249-4ba4-a481-5c833fabd940: cophenetic index 2625; 1.5 s; peak memory 233 MiB.
2026-09-23T23:00:34Z INFO [293/500] 1005e573-468c-488f-ad37-f0d71dfbdeca: cophenetic index 2625; 2.0 s; peak memory 233 MiB.
2026-09-23T23:00:36Z INFO [294/500] 10067230-54e3-4781-a196-eb2c3be66c96: cophenetic index 3004; 1.6 s; peak memory 233 MiB.
2026-09-23T23:00:37Z INFO [295/500] 1007c8ed-0e26-43a3-952d-71b876d3bc1a: cophenetic index 624; 1.3 s; peak memory 233 MiB.
2026-09-23T23:00:39Z INFO [296/500] 1008d887-e1a7-4955-bb77-54a5a97712d1: cophenetic index 624; 1.1 s; peak memory 233 MiB.
2026-09-23T23:00:40Z INFO [297/500] 10096545-c634-42af-84ab-752edf56dd54: cophenetic index 1558; 1.6 s; peak memory 233 MiB.
2026-09-23T23:00:51Z INFO [298/500] 100a3ae4-8d87-46c9-947b-7c6bc2eed74f: cophenetic index 230119; 10.9 s; peak memory 233 MiB.
2026-09-23T23:01:10Z INFO [299/500] 100a6a1a-d8c8-4afd-93f0-09f03621fe7d: cophenetic index 404020; 19.4 s; peak memory 233 MiB.
2026-09-23T23:01:14Z INFO [300/500] 100ae1dc-3cdf-4bc8-bbaa-87e7e88a24c4: cophenetic index 2402; 3.4 s; peak memory 233 MiB.
2026-09-23T23:01:14Z INFO [300/500] 100ae1dc-3cdf-4bc8-bbaa-87e7e88a24c4: checkpointed 53785 records.
2026-09-23T23:01:16Z INFO [301/500] 100b5e1c-c54b-4b4b-b5c1-b404f807cbb1: cophenetic index 33998; 2.2 s; peak memory 233 MiB.
2026-09-23T23:01:18Z INFO [302/500] 100bd152-6f70-407f-a497-654d0c3508bd: cophenetic index 3004; 1.4 s; peak memory 233 MiB.
2026-09-23T23:01:19Z INFO [303/500] 100c41ee-2f06-4e0c-92bf-55ebaef14dac: cophenetic index 490; 1.9 s; peak memory 233 MiB.
2026-09-23T23:01:21Z INFO [304/500] 100cf3bc-068a-4c4b-8c02-cb1253f5e03d: cophenetic index 3192; 1.5 s; peak memory 233 MiB.
2026-09-23T23:01:27Z INFO [305/500] 100d865b-d112-4a79-b99b-45c6b0c0aca1: cophenetic index 6218; 6.3 s; peak memory 233 MiB.
2026-09-23T23:01:29Z INFO [306/500] 100ddadf-ca2f-4dba-b985-47d5c9b4c5bd: cophenetic index 569; 1.3 s; peak memory 233 MiB.
2026-09-23T23:01:31Z INFO [307/500] 100e1528-5223-4167-8b1d-2b911d462085: cophenetic index 1058; 2.1 s; peak memory 233 MiB.
2026-09-23T23:01:39Z INFO [308/500] 100e959a-f93b-4008-b452-3b96983bf393: cophenetic index 87573; 8.7 s; peak memory 233 MiB.
2026-09-23T23:01:41Z INFO [309/500] 100ec45c-9e15-436a-b752-673d391c0dc8: cophenetic index 3004; 1.6 s; peak memory 233 MiB.
2026-09-23T23:01:43Z INFO [310/500] 100f26bf-e045-4dac-b4f5-ce4634e36bac: cophenetic index 2625; 1.6 s; peak memory 233 MiB.
2026-09-23T23:01:44Z INFO [311/500] 100f73ed-4129-4501-ab77-d8f16b7f4e32: cophenetic index 3004; 1.7 s; peak memory 233 MiB.
2026-09-23T23:01:48Z INFO [312/500] 100fee91-f344-4120-a05e-8315d16a75b6: cophenetic index 1970; 3.4 s; peak memory 233 MiB.
2026-09-23T23:01:49Z INFO [313/500] 101048c0-7fca-4ea2-a379-907ec7645af6: cophenetic index 649; 1.4 s; peak memory 233 MiB.
2026-09-23T23:01:51Z INFO [314/500] 101057dc-f1b5-4f08-977f-72ced15b8e79: cophenetic index 542; 1.6 s; peak memory 233 MiB.
2026-09-23T23:01:52Z INFO [315/500] 1010d114-439f-4dc4-a27b-f623dbcd0157: cophenetic index 3215; 1.6 s; peak memory 233 MiB.
2026-09-23T23:02:02Z INFO [316/500] 1012054d-20f4-4fef-b901-759efbedab4d: cophenetic index 16035; 9.3 s; peak memory 233 MiB.
2026-09-23T23:02:04Z INFO [317/500] 101243d2-2336-4a7d-915d-d01e238189e9: cophenetic index 2570; 2.0 s; peak memory 233 MiB.
2026-09-23T23:02:05Z INFO [318/500] 10137208-e2c0-421d-aff2-f5bedd5515a7: cophenetic index 3192; 1.4 s; peak memory 233 MiB.
2026-09-23T23:02:07Z INFO [319/500] 10143baf-f2f9-44d8-80ea-81f27d6a68d4: cophenetic index 1087; 1.7 s; peak memory 233 MiB.
2026-09-23T23:02:09Z INFO [320/500] 10154a4b-cdef-4d05-9d36-e6eb6dea0535: cophenetic index 2625; 1.8 s; peak memory 233 MiB.
2026-09-23T23:02:10Z INFO [321/500] 101723d6-7818-42b2-845c-14b61db744b3: cophenetic index 3087; 1.5 s; peak memory 233 MiB.
2026-09-23T23:02:12Z INFO [322/500] 10174179-c4f2-4486-bc1e-94ec9f4fc908: cophenetic index 2570; 1.6 s; peak memory 233 MiB.
2026-09-23T23:02:14Z INFO [323/500] 1017530b-a5e9-4612-9690-14b51ef08c42: cophenetic index 949; 2.1 s; peak memory 233 MiB.
2026-09-23T23:02:16Z INFO [324/500] 101807a6-a5a1-4482-b95c-7b2436351870: cophenetic index 2570; 1.8 s; peak memory 233 MiB.
2026-09-23T23:02:23Z INFO [325/500] 10180d3d-ad83-4128-bbd7-14f149a62d0d: cophenetic index 9548; 7.2 s; peak memory 233 MiB.
2026-09-23T23:02:24Z INFO [326/500] 1018be90-2c20-4da3-b3b6-eec0805101cb: cophenetic index 624; 1.3 s; peak memory 233 MiB.
2026-09-23T23:02:25Z INFO [327/500] 1019c346-35d1-4a2b-94cf-d7739f6b6238: cophenetic index 3004; 1.4 s; peak memory 233 MiB.
2026-09-23T23:02:28Z INFO [328/500] 101a09c9-3de5-4137-b7f1-d7fcaf8e7c74: cophenetic index 33998; 2.4 s; peak memory 233 MiB.
2026-09-23T23:02:29Z INFO [329/500] 101a5287-d73a-4f8d-a4c2-1bb96855c2f4: cophenetic index 4662; 1.3 s; peak memory 233 MiB.
2026-09-23T23:02:31Z INFO [330/500] 101a6c80-7684-4142-9a97-f6c4c6c14a66: cophenetic index 4586; 1.5 s; peak memory 233 MiB.
2026-09-23T23:02:33Z INFO [331/500] 101a6fc0-b7ea-4959-835f-e0c770071d63: cophenetic index 1380; 2.1 s; peak memory 233 MiB.
2026-09-23T23:02:34Z INFO [332/500] 101a70b6-bef3-4554-bf07-226f8161a358: cophenetic index 3004; 1.5 s; peak memory 233 MiB.
2026-09-23T23:02:36Z INFO [333/500] 101c0b1b-45a3-4253-bd18-758617a38cf2: cophenetic index 3004; 1.4 s; peak memory 233 MiB.
2026-09-23T23:02:37Z INFO [334/500] 101c993b-0cea-474c-9bef-9bd6f22a7b27: cophenetic index 3087; 1.4 s; peak memory 233 MiB.
2026-09-23T23:02:38Z INFO [335/500] 101cb20c-8da6-4faf-b72d-175e5de15ea4: cophenetic index 490; 0.9 s; peak memory 233 MiB.
2026-09-23T23:02:40Z INFO [336/500] 101d0685-addb-4972-abb3-1dff68289352: cophenetic index 2625; 2.1 s; peak memory 233 MiB.
2026-09-23T23:02:41Z INFO [337/500] 101f71d6-dbb9-4868-8bf9-45cd76049445: cophenetic index 3087; 1.4 s; peak memory 233 MiB.
2026-09-23T23:02:43Z INFO [338/500] 101fa60d-0816-400e-9984-c90851131f5f: cophenetic index 99120; 2.0 s; peak memory 233 MiB.
2026-09-23T23:02:56Z INFO [339/500] 1020a62a-3316-4bbb-9bad-1899c1960c24: cophenetic index 495019; 12.5 s; peak memory 233 MiB.
2026-09-23T23:03:00Z INFO [340/500] 1020f17f-d43d-4b1c-bb46-589f07e767d0: cophenetic index 4015; 3.7 s; peak memory 233 MiB.
2026-09-23T23:03:01Z INFO [341/500] 1020faaa-4559-4dd5-a80c-2a03c7e76a31: cophenetic index 624; 1.2 s; peak memory 233 MiB.
2026-09-23T23:03:02Z INFO [342/500] 10212914-736b-41d6-aba5-49eb68b05c86: cophenetic index 766; 1.5 s; peak memory 233 MiB.
2026-09-23T23:03:04Z INFO [343/500] 1021c365-296b-4c10-99e6-10397003b240: cophenetic index 2625; 1.7 s; peak memory 233 MiB.
2026-09-23T23:03:06Z INFO [344/500] 102267b7-ee9c-46d1-a82f-4ec25cc0ef4b: cophenetic index 624; 1.4 s; peak memory 233 MiB.
2026-09-23T23:03:08Z INFO [345/500] 10227a67-f838-4bd3-8c07-ddf595fbd57b: cophenetic index 2573; 2.8 s; peak memory 233 MiB.
2026-09-23T23:04:16Z INFO [346/500] 1022e745-3d9d-4f17-b0bf-26c062b0a866: cophenetic index 2422472; 67.4 s; peak memory 285 MiB.
2026-09-23T23:04:19Z INFO [347/500] 102362f8-23c5-480d-b7d5-d3998bc22b54: cophenetic index 3844; 3.7 s; peak memory 285 MiB.
2026-09-23T23:04:21Z INFO [348/500] 10238980-ffc0-4a1d-93c8-2bf2d842068a: cophenetic index 624; 1.3 s; peak memory 285 MiB.
2026-09-23T23:04:24Z INFO [349/500] 102409bf-7de0-431d-9194-95698de71a12: cophenetic index 1514; 3.1 s; peak memory 285 MiB.
2026-09-23T23:04:26Z INFO [350/500] 1024c501-30f5-4293-a119-2afb510e77d2: cophenetic index 2625; 2.0 s; peak memory 285 MiB.
2026-09-23T23:04:26Z INFO [350/500] 1024c501-30f5-4293-a119-2afb510e77d2: checkpointed 53835 records.
2026-09-23T23:04:28Z INFO [351/500] 1024c7a1-67c0-4a53-b992-b2f6c676e75b: cophenetic index 2625; 1.6 s; peak memory 285 MiB.
2026-09-23T23:04:29Z INFO [352/500] 1024ca79-40d0-423b-9c4e-d48c0a331297: cophenetic index 2625; 1.6 s; peak memory 285 MiB.
2026-09-23T23:04:31Z INFO [353/500] 1024dc9b-c8f9-412e-80aa-5cad2406115b: cophenetic index 431; 1.6 s; peak memory 285 MiB.
2026-09-23T23:04:32Z INFO [354/500] 10253549-fb3c-47ac-94f7-d4d97f504c1f: cophenetic index 624; 1.2 s; peak memory 285 MiB.
2026-09-23T23:04:35Z INFO [355/500] 10275946-4797-411d-8e23-6bef95ab3578: cophenetic index 4015; 3.4 s; peak memory 285 MiB.
2026-09-23T23:04:36Z INFO [356/500] 10276c62-2217-4d47-947d-44238f7fb5c8: cophenetic index 762; 0.9 s; peak memory 285 MiB.
2026-09-23T23:04:38Z INFO [357/500] 102792dd-d6d0-4846-b28e-f97023eb16e8: cophenetic index 624; 1.3 s; peak memory 285 MiB.
2026-09-23T23:04:39Z INFO [358/500] 1027f6b8-f23e-4184-8ec5-2fb982316c50: cophenetic index 3004; 1.4 s; peak memory 285 MiB.
2026-09-23T23:04:54Z INFO [359/500] 102911cc-7c5d-499d-8a40-c863a3d7b306: cophenetic index 37822997; 14.8 s; peak memory 285 MiB.
2026-09-23T23:04:55Z INFO [360/500] 102936f4-027c-4924-b3b8-5aec32d566de: cophenetic index 3087; 1.5 s; peak memory 285 MiB.
2026-09-23T23:05:04Z INFO [361/500] 10296f99-a0ca-48f7-b27d-99cd31371ec6: cophenetic index 32835; 9.1 s; peak memory 285 MiB.
2026-09-23T23:05:06Z INFO [362/500] 102abfe9-f079-46f3-b816-4ba747dd2497: cophenetic index 41788; 1.8 s; peak memory 285 MiB.
2026-09-23T23:05:10Z INFO [363/500] 102ac7b5-b65d-4af3-8f26-051df4f11080: cophenetic index 5473; 3.8 s; peak memory 285 MiB.
2026-09-23T23:05:11Z INFO [364/500] 102ad044-6d0a-4a26-bf74-a29b35129461: cophenetic index 431; 1.0 s; peak memory 285 MiB.
2026-09-23T23:05:12Z INFO [365/500] 102b910f-2d8e-4ae3-80d8-5cf8821685d0: cophenetic index 624; 1.2 s; peak memory 285 MiB.
2026-09-23T23:05:13Z INFO [366/500] 102ca77c-4961-46d2-a429-43fe4bc61c1f: cophenetic index 762; 1.0 s; peak memory 285 MiB.
2026-09-23T23:05:15Z INFO [367/500] 102d44b1-863b-420c-814f-1d85191aa75e: cophenetic index 2570; 1.9 s; peak memory 285 MiB.
2026-09-23T23:05:18Z INFO [368/500] 102d68a9-fa51-420c-a6a2-870a211729e8: cophenetic index 2320; 2.8 s; peak memory 285 MiB.
2026-09-23T23:05:19Z INFO [369/500] 102da69f-ffab-4174-b87d-3d428231ffb3: cophenetic index 490; 0.9 s; peak memory 285 MiB.
2026-09-23T23:05:35Z INFO [370/500] 102e4397-5c85-4f61-a095-3635703ab2e9: cophenetic index 534200; 16.3 s; peak memory 285 MiB.
2026-09-23T23:05:36Z INFO [371/500] 102f77f6-b326-4f2b-a4a5-cfa3a1d2f5a5: cophenetic index 433; 0.8 s; peak memory 285 MiB.
2026-09-23T23:05:37Z INFO [372/500] 102fa7e2-c23c-4aac-9a74-8cc307bb572f: cophenetic index 490; 0.9 s; peak memory 285 MiB.
2026-09-23T23:05:38Z INFO [373/500] 10301637-fb74-4b20-b5b2-f4b09fa0a8da: cophenetic index 431; 1.3 s; peak memory 285 MiB.
2026-09-23T23:05:39Z INFO [374/500] 10302743-5918-4972-a289-43d266df037c: cophenetic index 624; 1.3 s; peak memory 285 MiB.
2026-09-23T23:05:41Z INFO [375/500] 103118cb-e44f-4447-b94b-3ef093fce83d: cophenetic index 3004; 1.5 s; peak memory 285 MiB.
2026-09-23T23:05:52Z INFO [376/500] 1031f502-a82b-4875-9de2-f81e840f5e17: cophenetic index 47115; 10.9 s; peak memory 285 MiB.
2026-09-23T23:05:53Z INFO [377/500] 10321cfe-ac51-46d9-8be8-5c527c78b8fe: cophenetic index 3087; 1.4 s; peak memory 285 MiB.
2026-09-23T23:05:54Z INFO [378/500] 1032f0ab-7233-4e38-aa0e-80b58393af73: cophenetic index 624; 1.3 s; peak memory 285 MiB.
2026-09-23T23:05:55Z INFO [379/500] 1033e39e-9e0b-41ce-826b-b62ea9094693: cophenetic index 579; 0.9 s; peak memory 285 MiB.
2026-09-23T23:05:56Z INFO [380/500] 103434fb-2728-46ab-b71b-eec5da41f361: cophenetic index 490; 1.1 s; peak memory 285 MiB.
2026-09-23T23:05:58Z INFO [381/500] 1034945e-d01e-41db-86ca-b87dab4117bc: cophenetic index 3087; 1.5 s; peak memory 285 MiB.
2026-09-23T23:05:59Z INFO [382/500] 1034a262-f1a2-4cb4-a510-0ffb679cba50: cophenetic index 23794; 1.4 s; peak memory 285 MiB.
2026-09-23T23:06:03Z INFO [383/500] 1034db27-fe53-4fc8-8d5f-5f3377cd55e8: cophenetic index 2402; 3.1 s; peak memory 285 MiB.
2026-09-23T23:06:04Z INFO [384/500] 10355d65-eb32-448e-9a86-5ad315cdf7b4: cophenetic index 23194; 1.3 s; peak memory 285 MiB.
2026-09-23T23:06:05Z INFO [385/500] 103579f8-3779-41cd-b2fc-f9d79def5cea: cophenetic index 624; 1.3 s; peak memory 285 MiB.
2026-09-23T23:06:07Z INFO [386/500] 1035b5a4-2401-4f1d-89b5-924d466c2ecb: cophenetic index 649; 1.5 s; peak memory 285 MiB.
2026-09-23T23:06:15Z INFO [387/500] 103842a6-b33a-4137-b321-fddb582ca466: cophenetic index 14389; 8.6 s; peak memory 285 MiB.
2026-09-23T23:06:29Z INFO [388/500] 10384447-fbf3-450d-92d4-b4deba584329: cophenetic index 488618; 13.7 s; peak memory 285 MiB.
2026-09-23T23:06:30Z INFO [389/500] 103899a7-757d-418f-9ff3-4a524148cb79: cophenetic index 624; 1.3 s; peak memory 285 MiB.
2026-09-23T23:06:32Z INFO [390/500] 103afada-782c-4208-a58d-9882b7fb5bfa: cophenetic index 3004; 1.6 s; peak memory 285 MiB.
2026-09-23T23:06:33Z INFO [391/500] 103bcc48-ef96-4fd3-8b3e-68d360ee14af: cophenetic index 624; 1.3 s; peak memory 285 MiB.
2026-09-23T23:06:34Z INFO [392/500] 103c962b-4725-4f4c-bff7-943bac8ae678: cophenetic index 3087; 1.5 s; peak memory 285 MiB.
2026-09-23T23:06:36Z INFO [393/500] 103d1962-e5c9-46db-b557-7d09974546e3: cophenetic index 646; 1.2 s; peak memory 285 MiB.
2026-09-23T23:06:52Z INFO [394/500] 103db565-d0f7-46cb-b0a1-c83cf53e170b: cophenetic index 514451; 16.5 s; peak memory 285 MiB.
2026-09-23T23:06:53Z INFO [395/500] 103de969-d7dd-4f02-b365-2193dbd43361: cophenetic index 490; 0.9 s; peak memory 285 MiB.
2026-09-23T23:06:56Z INFO [396/500] 103e77a3-41c6-4a4b-b787-ce5b81f05fcc: cophenetic index 2469; 3.0 s; peak memory 285 MiB.
2026-09-23T23:06:59Z INFO [397/500] 103eeaa4-e50f-4240-a254-cc4e2829ca52: cophenetic index 2402; 2.9 s; peak memory 285 MiB.
2026-09-23T23:07:01Z INFO [398/500] 103f3a75-e335-4cb3-8564-0f50857a33b5: cophenetic index 3057; 1.6 s; peak memory 285 MiB.
2026-09-23T23:07:12Z INFO [399/500] 103f60a8-b29b-4ef6-a450-5da465c7dc43: cophenetic index 114853; 11.5 s; peak memory 285 MiB.
2026-09-23T23:07:14Z INFO [400/500] 10401ed9-2f73-4bb0-9f88-daae5047a741: cophenetic index 1087; 1.7 s; peak memory 285 MiB.
2026-09-23T23:07:14Z INFO [400/500] 10401ed9-2f73-4bb0-9f88-daae5047a741: checkpointed 53885 records.
2026-09-23T23:07:15Z INFO [401/500] 1040ab4c-da6c-474c-b5e8-52cb7ae33dc5: cophenetic index 643; 0.9 s; peak memory 285 MiB.
2026-09-23T23:07:16Z INFO [402/500] 1040df47-f26d-4280-a84c-b3440cff043c: cophenetic index 643; 1.0 s; peak memory 285 MiB.
2026-09-23T23:07:28Z INFO [403/500] 10412615-7a98-4f53-8ccf-14821f647977: cophenetic index 21815; 12.3 s; peak memory 285 MiB.
2026-09-23T23:07:29Z INFO [404/500] 10412f2b-e17a-404f-91cc-5c3605407651: cophenetic index 649; 1.4 s; peak memory 285 MiB.
2026-09-23T23:07:31Z INFO [405/500] 10414878-c364-4379-b7e7-2f0de4055296: cophenetic index 624; 1.2 s; peak memory 285 MiB.
2026-09-23T23:07:37Z INFO [406/500] 10419ed2-a547-4180-a895-eb6867ad5930: cophenetic index 48492; 6.1 s; peak memory 285 MiB.
2026-09-23T23:07:38Z INFO [407/500] 1042c3e5-fd7d-45b4-8106-8ff5a8fbd5c2: cophenetic index 3057; 1.8 s; peak memory 285 MiB.
2026-09-23T23:07:40Z INFO [408/500] 1042df47-7eae-480c-a37f-3a2d311c5107: cophenetic index 624; 1.3 s; peak memory 285 MiB.
2026-09-23T23:07:41Z INFO [409/500] 10431016-a31f-4546-9338-13535cbb5d18: cophenetic index 751; 0.9 s; peak memory 285 MiB.
2026-09-23T23:07:42Z INFO [410/500] 1043ce36-c15d-4698-9843-675a39e56bf8: cophenetic index 3077; 1.1 s; peak memory 285 MiB.
2026-09-23T23:07:43Z INFO [411/500] 1044784c-3b17-4280-b127-63a3dc1f428d: cophenetic index 3004; 1.6 s; peak memory 285 MiB.
2026-09-23T23:07:45Z INFO [412/500] 10453efc-e13b-4896-adaa-7b5b69e39da1: cophenetic index 624; 1.3 s; peak memory 285 MiB.
2026-09-23T23:07:46Z INFO [413/500] 10461333-c978-4c57-aba1-791120d58045: cophenetic index 3192; 1.5 s; peak memory 285 MiB.
2026-09-23T23:07:55Z INFO [414/500] 104818be-1fec-4e9a-b8a8-496b9973870a: cophenetic index 127278; 8.9 s; peak memory 285 MiB.
2026-09-23T23:07:56Z INFO [415/500] 10498447-7403-4692-af13-c24d51b2ece4: cophenetic index 490; 0.9 s; peak memory 285 MiB.
2026-09-23T23:08:03Z INFO [416/500] 104a15c9-e3cc-4e43-abf9-53660f93e116: cophenetic index 9548; 7.1 s; peak memory 285 MiB.
2026-09-23T23:08:04Z INFO [417/500] 104ab473-3511-4baa-8878-97c5fd8833cb: cophenetic index 1265; 1.2 s; peak memory 285 MiB.
2026-09-23T23:08:06Z INFO [418/500] 104acc5c-1ed4-4f09-ad1a-2e6295445f17: cophenetic index 2625; 2.0 s; peak memory 285 MiB.
2026-09-23T23:08:07Z INFO [419/500] 104b1436-9411-4032-9f4d-331c3a68ad30: cophenetic index 2920; 1.2 s; peak memory 285 MiB.
2026-09-23T23:08:09Z INFO [420/500] 104b2140-518c-4d03-b580-9cbaf9088528: cophenetic index 2570; 1.8 s; peak memory 285 MiB.
2026-09-23T23:08:21Z INFO [421/500] 104c3708-6e19-4e36-ba6f-3cf233d8f2cc: cophenetic index 183125; 11.8 s; peak memory 285 MiB.
2026-09-23T23:08:23Z INFO [422/500] 104caad9-3c68-47a6-bdb1-c250ba6b2f58: cophenetic index 699; 1.8 s; peak memory 285 MiB.
2026-09-23T23:08:24Z INFO [423/500] 104cd17c-cc5a-45ff-a3b8-d248bb203639: cophenetic index 624; 1.2 s; peak memory 285 MiB.
2026-09-23T23:08:49Z INFO [424/500] 104d16b0-5db1-4100-8d1d-1095cf6f49ba: cophenetic index 87573; 24.5 s; peak memory 285 MiB.
2026-09-23T23:08:50Z INFO [425/500] 104d7dec-d6f4-4513-9318-90d8b50f221b: cophenetic index 431; 1.4 s; peak memory 285 MiB.
2026-09-23T23:08:57Z INFO [426/500] 104d8968-9ccd-4945-826c-14dd976de4b0: cophenetic index 87573; 6.9 s; peak memory 285 MiB.
2026-09-23T23:08:59Z INFO [427/500] 104f2a2c-01c6-409d-b849-f00497ed9a91: cophenetic index 2105; 2.1 s; peak memory 285 MiB.
2026-09-23T23:09:00Z INFO [428/500] 104f910a-93e7-40f1-a4bb-a477b8087c59: cophenetic index 729; 1.0 s; peak memory 285 MiB.
2026-09-23T23:09:01Z INFO [429/500] 10514435-1d8c-4a33-9e70-8f0035d66db7: cophenetic index 994; 1.2 s; peak memory 285 MiB.
2026-09-23T23:09:02Z INFO [430/500] 1051616f-b70c-46d2-ae09-8149c86ff01c: cophenetic index 624; 1.2 s; peak memory 285 MiB.
2026-09-23T23:09:04Z INFO [431/500] 10517c2c-5f76-4630-8322-e065723cf0c6: cophenetic index 605; 1.4 s; peak memory 285 MiB.
2026-09-23T23:09:10Z INFO [432/500] 10520941-e258-47df-9eda-2843ce42827c: cophenetic index 9548; 6.2 s; peak memory 285 MiB.
2026-09-23T23:09:11Z INFO [433/500] 1052bbde-1600-458f-9bbb-58109af06d29: cophenetic index 624; 1.3 s; peak memory 285 MiB.
2026-09-23T23:09:13Z INFO [434/500] 1053f8fe-0c46-4ddd-b12a-7d95a268ee4a: cophenetic index 33998; 2.1 s; peak memory 285 MiB.
2026-09-23T23:09:29Z INFO [435/500] 1054202e-a0ff-4f4c-83f9-e7f8c055f8ff: cophenetic index 28729; 16.2 s; peak memory 285 MiB.
2026-09-23T23:09:31Z INFO [436/500] 10544cbb-a069-475b-87ef-b05a868ee77d: cophenetic index 624; 1.2 s; peak memory 285 MiB.
2026-09-23T23:09:34Z INFO [437/500] 1054910a-4742-4df7-983f-a89524175447: cophenetic index 2682; 3.4 s; peak memory 285 MiB.
2026-09-23T23:09:35Z INFO [438/500] 1055a997-26f7-407e-952a-0b011d35a6d8: cophenetic index 3215; 1.2 s; peak memory 285 MiB.
2026-09-23T23:09:42Z INFO [439/500] 1055fe42-75f4-48ec-a4b5-8f503b449579: cophenetic index 48005; 6.7 s; peak memory 285 MiB.
2026-09-23T23:09:44Z INFO [440/500] 105634b0-c85c-42bd-ba33-91ff52c9629f: cophenetic index 3004; 1.6 s; peak memory 285 MiB.
2026-09-23T23:09:45Z INFO [441/500] 105647c5-00ea-4820-b71a-c5ba534d8d46: cophenetic index 624; 1.1 s; peak memory 285 MiB.
2026-09-23T23:09:46Z INFO [442/500] 105672e7-79de-4064-bd1b-63adba569648: cophenetic index 2570; 1.8 s; peak memory 285 MiB.
2026-09-23T23:09:48Z INFO [443/500] 1059adad-cf0e-4a7d-a1f8-ff03d7132bcf: cophenetic index 3004; 1.5 s; peak memory 285 MiB.
2026-09-23T23:09:50Z INFO [444/500] 1059ebf7-b95b-43f1-825d-1760b2ead849: cophenetic index 3004; 1.5 s; peak memory 285 MiB.
2026-09-23T23:09:54Z INFO [445/500] 105a66b4-7bd1-4189-8121-c007ebe2ff76: cophenetic index 3004; 4.2 s; peak memory 285 MiB.
2026-09-23T23:10:09Z INFO [446/500] 105af599-9c9d-43eb-b162-264c3a6d6961: cophenetic index 346508; 15.7 s; peak memory 285 MiB.
2026-09-23T23:10:21Z INFO [447/500] 105b2068-b65c-4bdf-b574-d9a59d8bd4af: cophenetic index 47144; 11.1 s; peak memory 285 MiB.
2026-09-23T23:10:22Z INFO [448/500] 105b3775-d783-41cb-ac0a-5632952bbb73: cophenetic index 23272; 1.5 s; peak memory 285 MiB.
2026-09-23T23:10:39Z INFO [449/500] 105c3b70-9f49-4d68-bbdd-11b779a332f2: cophenetic index 20304533; 17.4 s; peak memory 285 MiB.
2026-09-23T23:10:40Z INFO [450/500] 105cd381-3186-42a6-86b2-a2c8924ced3e: cophenetic index 490; 0.8 s; peak memory 285 MiB.
2026-09-23T23:10:40Z INFO [450/500] 105cd381-3186-42a6-86b2-a2c8924ced3e: checkpointed 53935 records.
2026-09-23T23:10:42Z INFO [451/500] 105da8e5-2934-4023-b1d5-209c4365404f: cophenetic index 624; 1.2 s; peak memory 285 MiB.
2026-09-23T23:10:43Z INFO [452/500] 105daf87-eb36-41bc-8db1-3ad6534c44ae: cophenetic index 3004; 1.5 s; peak memory 285 MiB.
2026-09-23T23:10:45Z INFO [453/500] 105e0d20-818e-452c-9adb-351e9a358cd7: cophenetic index 766; 1.5 s; peak memory 285 MiB.
2026-09-23T23:10:46Z INFO [454/500] 105e4d27-f114-4e03-b197-4d1d89147ad2: cophenetic index 624; 1.1 s; peak memory 285 MiB.
2026-09-23T23:10:47Z INFO [455/500] 105ebf58-b230-4dd4-bca4-6f3b6934d483: cophenetic index 563; 1.7 s; peak memory 285 MiB.
2026-09-23T23:10:49Z INFO [456/500] 105ff03b-192d-40ed-950b-79bfb3618c05: cophenetic index 3087; 1.7 s; peak memory 285 MiB.
2026-09-23T23:10:50Z INFO [457/500] 1060b8a2-6554-4044-9835-f39a906bcec6: cophenetic index 490; 0.9 s; peak memory 285 MiB.
2026-09-23T23:10:52Z INFO [458/500] 10615f14-cf04-419c-99a3-c23ad49e2709: cophenetic index 2625; 1.8 s; peak memory 285 MiB.
2026-09-23T23:10:53Z INFO [459/500] 106413b8-0743-4747-b497-ce1e53437226: cophenetic index 1006; 1.7 s; peak memory 285 MiB.
2026-09-23T23:10:55Z INFO [460/500] 10641665-96a4-4e43-b758-019cbb249821: cophenetic index 3004; 1.3 s; peak memory 285 MiB.
2026-09-23T23:10:57Z INFO [461/500] 10665c14-3646-4d23-9b33-8236a3cd8d9c: cophenetic index 809; 2.8 s; peak memory 285 MiB.
2026-09-23T23:10:59Z WARNING 1066b3ba-83d9-4cb3-bfe3-ecf8539e2334: failed while reading the NWB file (KeyError: 'Unable to synchronously open object (component not found)')
2026-09-23T23:10:59Z WARNING [462/500] 1066b3ba-83d9-4cb3-bfe3-ecf8539e2334: leaving unrecorded for a later run to retry.
2026-09-23T23:11:01Z INFO [463/500] 10676b36-fe66-43bb-b2ed-15191aaf1d2f: cophenetic index 949; 2.0 s; peak memory 285 MiB.
2026-09-23T23:11:03Z INFO [464/500] 1067d403-fa0d-44e7-8245-b4499d38f1b2: cophenetic index 624; 1.3 s; peak memory 285 MiB.
2026-09-23T23:11:04Z INFO [465/500] 10684010-4f6d-4dd0-af3a-9dec2e9766de: cophenetic index 624; 1.2 s; peak memory 285 MiB.
2026-09-23T23:11:05Z INFO [466/500] 106878ef-4776-44d3-a845-cf3e4e2b68ae: cophenetic index 624; 1.2 s; peak memory 285 MiB.
2026-09-23T23:11:06Z INFO [467/500] 1068ed94-86d9-48fe-826c-30a7174cc3a1: cophenetic index 649; 1.4 s; peak memory 285 MiB.
2026-09-23T23:11:08Z INFO [468/500] 106901b9-c8d7-4926-a833-6b6d4531968f: cophenetic index 2724; 1.6 s; peak memory 285 MiB.
2026-09-23T23:11:12Z INFO [469/500] 106a53b4-747e-4647-95b0-12bcb89d5500: cophenetic index 5473; 4.1 s; peak memory 285 MiB.
2026-09-23T23:11:13Z INFO [470/500] 106a904c-4f50-4960-8e23-4054288c2b11: cophenetic index 624; 1.2 s; peak memory 285 MiB.
2026-09-23T23:11:14Z INFO [471/500] 106a9895-5ecc-4981-b962-4adea6666239: cophenetic index 624; 1.2 s; peak memory 285 MiB.
2026-09-23T23:11:16Z INFO [472/500] 106b8fb0-9a14-4dd6-ba92-339f0824a537: cophenetic index 3004; 1.8 s; peak memory 285 MiB.
2026-09-23T23:11:17Z INFO [473/500] 106d6d42-8aec-465d-9ae9-4e4a053103a8: cophenetic index 624; 1.2 s; peak memory 285 MiB.
2026-09-23T23:11:19Z INFO [474/500] 106dab9a-6e58-4a20-955d-cf23aab4fb92: cophenetic index 2974; 1.6 s; peak memory 285 MiB.
2026-09-23T23:11:21Z INFO [475/500] 106de333-c25f-4eef-8333-d3cb5fe85076: cophenetic index 23510; 1.6 s; peak memory 285 MiB.
2026-09-23T23:11:22Z INFO [476/500] 106e1edd-906a-45a8-a957-1193a97a87e4: cophenetic index 624; 1.2 s; peak memory 285 MiB.
2026-09-23T23:11:23Z INFO [477/500] 106e3359-8b0f-45eb-9760-c4646549a5b3: cophenetic index 3004; 1.4 s; peak memory 285 MiB.
2026-09-23T23:11:24Z INFO [478/500] 106f8a50-2c01-4b6f-b7d5-f91dc6124dbe: cophenetic index 624; 1.3 s; peak memory 285 MiB.
2026-09-23T23:11:26Z INFO [479/500] 1070a531-ded1-40ce-815f-38702746fc90: cophenetic index 624; 1.3 s; peak memory 285 MiB.
2026-09-23T23:11:27Z INFO [480/500] 107269d0-da7d-4631-b9f0-7321865359aa: cophenetic index 3004; 1.6 s; peak memory 285 MiB.
2026-09-23T23:11:28Z INFO [481/500] 10727190-9bd5-4e28-aab4-efc2b695b17e: cophenetic index 624; 1.1 s; peak memory 285 MiB.
2026-09-23T23:11:30Z INFO [482/500] 1072ed9f-8ed4-40e5-aef1-3189bc19f03d: cophenetic index 1456; 1.5 s; peak memory 285 MiB.
2026-09-23T23:11:36Z INFO [483/500] 107337b7-09bd-4f5d-846c-739a03ea757e: cophenetic index 9298; 6.1 s; peak memory 285 MiB.
2026-09-23T23:11:38Z INFO [484/500] 1073bb52-49f1-46df-a02d-1a62dd1b4586: cophenetic index 6435; 1.8 s; peak memory 285 MiB.
2026-09-23T23:11:39Z INFO [485/500] 1073c934-adce-4b34-ab64-f785889b2731: cophenetic index 431; 1.3 s; peak memory 285 MiB.
2026-09-23T23:11:41Z INFO [486/500] 1073d24f-a804-4aea-bc8f-b71138894f71: cophenetic index 2625; 1.9 s; peak memory 285 MiB.
2026-09-23T23:11:48Z INFO [487/500] 1073e39c-0610-49e3-90ee-709d3e068b27: cophenetic index 54281; 7.4 s; peak memory 285 MiB.
2026-09-23T23:11:50Z INFO [488/500] 1073f105-73c1-4af6-8c4d-6adbbb57f26b: cophenetic index 431; 1.3 s; peak memory 285 MiB.
2026-09-23T23:12:01Z INFO [489/500] 1073fd9c-331b-4ee4-a153-b6d105de0120: cophenetic index 16795; 11.2 s; peak memory 285 MiB.
2026-09-23T23:12:02Z INFO [490/500] 107470ae-9186-4713-a484-38511445db88: cophenetic index 624; 1.4 s; peak memory 285 MiB.
2026-09-23T23:12:25Z INFO [491/500] 10750e1a-25f9-4017-aec3-d1fc5ff57293: cophenetic index 58288; 22.5 s; peak memory 285 MiB.
2026-09-23T23:12:27Z INFO [492/500] 1076e86b-3679-4453-a2ef-ae2faa77f4f6: cophenetic index 793; 1.7 s; peak memory 285 MiB.
2026-09-23T23:12:33Z INFO [493/500] 1076eb8b-06a4-4aae-9baf-302ebe1ba7bb: cophenetic index 9548; 6.3 s; peak memory 285 MiB.
2026-09-23T23:12:34Z INFO [494/500] 1077abc3-5fb7-4690-89db-bea0c71ef911: cophenetic index 624; 1.2 s; peak memory 285 MiB.
2026-09-23T23:12:36Z INFO [495/500] 1077edc7-b4fa-4ba6-907a-b84509104ab1: cophenetic index 3004; 1.6 s; peak memory 285 MiB.
2026-09-23T23:12:38Z INFO [496/500] 1079a248-232f-4270-b3b8-0f4c9fbfe7e0: cophenetic index 33998; 1.9 s; peak memory 285 MiB.
2026-09-23T23:12:48Z INFO [497/500] 1079ed9b-678c-4929-a7d9-72b6425e4606: cophenetic index 183872; 10.1 s; peak memory 285 MiB.
2026-09-23T23:12:50Z INFO [498/500] 1079ef50-661b-4f43-9520-59b2cf084948: cophenetic index 1570; 2.2 s; peak memory 285 MiB.
2026-09-23T23:12:51Z INFO [499/500] 107a174a-0af5-47cc-bac2-f0c52c00d1b0: cophenetic index 646; 1.1 s; peak memory 285 MiB.
2026-09-23T23:12:52Z INFO [500/500] 107aaf27-51ca-4f52-84d7-e8ac95c3ad7a: cophenetic index 3004; 1.6 s; peak memory 285 MiB.
2026-09-23T23:12:53Z INFO [500/500] 107aaf27-51ca-4f52-84d7-e8ac95c3ad7a: checkpointed 53984 records.
2026-09-23T23:12:53Z INFO Wrote 53984 records to /tmp/derivatives/valid_nwb_file_to_cophenetic_index.jsonl (495 new, 5 failed) in 27.7 min (peak memory 285 MiB).
