2026-09-16T22:41:19Z INFO Logging to /tmp/logs/update_2026-09-16T22-41-19Z.log.
2026-09-16T22:41:19Z INFO Update valid-nwb-file-to-cophenetic-index (base directory /tmp).
2026-09-16T22:41:19Z INFO Processing 500 items (46511 already recorded).
2026-09-16T22:41:22Z INFO [1/500] 00bc4719-5d4b-444f-a07c-c981f471f076: cophenetic index 33998; 2.7 s; peak memory 79 MiB.
2026-09-16T22:41:23Z INFO [2/500] 00bc9c2a-2fd8-4f17-9a0b-7c17654aba5a: cophenetic index 490; 0.8 s; peak memory 79 MiB.
2026-09-16T22:41:40Z INFO [3/500] 00bcd4b0-40e3-412a-9ede-146475e749fc: cophenetic index 425055; 16.7 s; peak memory 113 MiB.
2026-09-16T22:41:41Z INFO [4/500] 00bcf886-b201-497e-8abc-edab488c724e: cophenetic index 3004; 1.3 s; peak memory 113 MiB.
2026-09-16T22:41:42Z INFO [5/500] 00bd9647-a8a6-4456-8fba-e1a9c5e38d74: cophenetic index 490; 0.8 s; peak memory 113 MiB.
2026-09-16T22:41:51Z INFO [6/500] 00bebf01-1758-4148-8285-3f2cb8134607: cophenetic index 56077; 9.1 s; peak memory 113 MiB.
2026-09-16T22:41:52Z INFO [7/500] 00bf9832-4bc5-43b9-b937-dcbdf7509fac: cophenetic index 3004; 1.4 s; peak memory 113 MiB.
2026-09-16T22:42:00Z INFO [8/500] 00bfb795-73cb-45d6-aea9-76f7562740d0: cophenetic index 14699; 8.1 s; peak memory 113 MiB.
2026-09-16T22:42:02Z INFO [9/500] 00c03cfb-4e25-453a-8e90-83aa02b5eb9c: cophenetic index 23510; 1.6 s; peak memory 113 MiB.
2026-09-16T22:42:03Z INFO [10/500] 00c1e7af-21c4-4fdb-8bb3-04a6949216af: cophenetic index 624; 1.1 s; peak memory 113 MiB.
2026-09-16T22:42:05Z INFO [11/500] 00c2f2c8-0e4b-4f91-af88-59ee422fa2b0: cophenetic index 3087; 1.6 s; peak memory 113 MiB.
2026-09-16T22:42:06Z INFO [12/500] 00c3c8ce-6113-4c42-b2ea-c87d3f59c749: cophenetic index 624; 1.1 s; peak memory 113 MiB.
2026-09-16T22:42:07Z INFO [13/500] 00c3ed0c-a05e-4bff-8ce5-351802b9d2f9: cophenetic index 624; 1.1 s; peak memory 113 MiB.
2026-09-16T22:42:08Z INFO [14/500] 00c4a28b-678d-42e4-923d-82ed42becfac: cophenetic index 624; 1.1 s; peak memory 113 MiB.
2026-09-16T22:42:09Z INFO [15/500] 00c4b58d-8e54-4653-bb22-9dd84aa64373: cophenetic index 446; 0.7 s; peak memory 113 MiB.
2026-09-16T22:42:09Z INFO [16/500] 00c512bc-2776-49a7-9cd8-e3bedd13b648: cophenetic index 651; 0.9 s; peak memory 113 MiB.
2026-09-16T22:42:11Z INFO [17/500] 00c52bd7-3e7d-4b25-8d46-318c8b914118: cophenetic index 560; 1.1 s; peak memory 113 MiB.
2026-09-16T22:42:12Z INFO [18/500] 00c54ad6-3858-47f4-b134-b350a8d75b91: cophenetic index 624; 1.1 s; peak memory 113 MiB.
2026-09-16T22:42:13Z INFO [19/500] 00c6f4c3-417e-41fc-a6f5-21143f9775cd: cophenetic index 1993; 1.4 s; peak memory 113 MiB.
2026-09-16T22:42:14Z INFO [20/500] 00c71a29-a9dd-4cf7-8d75-cf74e7e7bd0f: cophenetic index 3004; 1.3 s; peak memory 113 MiB.
2026-09-16T22:42:15Z INFO [21/500] 00c90215-4958-4363-b71e-42a7c1d34753: cophenetic index 624; 1.1 s; peak memory 113 MiB.
2026-09-16T22:42:30Z INFO [22/500] 00c9acde-66bf-4428-a9da-bbf2c3cf0ef2: cophenetic index 51243; 15.2 s; peak memory 113 MiB.
2026-09-16T22:42:32Z INFO [23/500] 00cafcaf-1dbe-4f14-bf89-98c0e11b25ea: cophenetic index 24106; 1.6 s; peak memory 113 MiB.
2026-09-16T22:42:33Z INFO [24/500] 00cb290d-7127-403f-9b31-78fa8b520956: cophenetic index 490; 0.9 s; peak memory 113 MiB.
2026-09-16T22:42:34Z INFO [25/500] 00cbdb39-a4c8-4344-a7f9-4e80ba64cabe: cophenetic index 2570; 1.5 s; peak memory 113 MiB.
2026-09-16T22:42:36Z INFO [26/500] 00cc3f3e-7d92-4446-87e5-d2b8dfe2c44d: cophenetic index 2923; 1.6 s; peak memory 113 MiB.
2026-09-16T22:42:37Z INFO [27/500] 00cd99bb-df96-4eb3-aa93-755f8bcfbc45: cophenetic index 3004; 1.4 s; peak memory 113 MiB.
2026-09-16T22:42:54Z INFO [28/500] 00cdcca0-d101-442e-8b3c-1f9b2d799217: cophenetic index 299619; 16.1 s; peak memory 113 MiB.
2026-09-16T22:42:55Z INFO [29/500] 00cdde13-1af0-4818-8508-437f491e2e63: cophenetic index 624; 1.1 s; peak memory 113 MiB.
2026-09-16T22:42:55Z INFO [30/500] 00ce0ee8-27e4-4fdb-a843-6491c8ab4f8b: cophenetic index 729; 0.9 s; peak memory 113 MiB.
2026-09-16T22:42:57Z INFO [31/500] 00ce6b6b-007e-4eff-9361-e68cd5f5846c: cophenetic index 7002; 1.8 s; peak memory 113 MiB.
2026-09-16T22:42:59Z INFO [32/500] 00cebd0c-662c-46d6-af46-bc78fa1b73aa: cophenetic index 2625; 1.9 s; peak memory 113 MiB.
2026-09-16T22:43:01Z INFO [33/500] 00ceee85-3e23-47ba-9fd7-c9201009fce1: cophenetic index 3004; 1.5 s; peak memory 113 MiB.
2026-09-16T22:43:02Z INFO [34/500] 00d0334f-bb86-4744-b8cc-5bd68e913487: cophenetic index 2625; 1.7 s; peak memory 113 MiB.
2026-09-16T22:43:03Z INFO [35/500] 00d09513-062f-4e72-af6a-559680acabc8: cophenetic index 722; 1.1 s; peak memory 113 MiB.
2026-09-16T22:43:05Z INFO [36/500] 00d0d310-139e-4d57-a557-d5eb9a979281: cophenetic index 512; 1.1 s; peak memory 113 MiB.
2026-09-16T22:43:06Z INFO [37/500] 00d13b50-6433-4707-a6a9-d9c16015a409: cophenetic index 3004; 1.5 s; peak memory 113 MiB.
2026-09-16T22:43:07Z INFO [38/500] 00d1d19f-1467-4db3-a0c2-a12cf6fd221b: cophenetic index 535; 1.2 s; peak memory 113 MiB.
2026-09-16T22:43:09Z INFO [39/500] 00d1f80a-49a2-403e-ab61-8eb88836e19f: cophenetic index 33968; 1.7 s; peak memory 113 MiB.
2026-09-16T22:43:11Z INFO [40/500] 00d2ba7b-4542-4ab5-97b9-70a397616ecc: cophenetic index 2625; 1.7 s; peak memory 113 MiB.
2026-09-16T22:43:12Z INFO [41/500] 00d32975-7a6b-47b5-9359-b5c0fd17d5bc: cophenetic index 33998; 1.9 s; peak memory 113 MiB.
2026-09-16T22:43:19Z INFO [42/500] 00d39580-28bb-486c-8d6d-57c41e16047f: cophenetic index 9548; 6.2 s; peak memory 113 MiB.
2026-09-16T22:43:20Z INFO [43/500] 00d3bccd-df44-4f48-aace-1d2a4efc6279: cophenetic index 1148; 1.5 s; peak memory 113 MiB.
2026-09-16T22:43:21Z INFO [44/500] 00d3ce21-45be-4436-b4f2-2e68e1a70d3b: cophenetic index 624; 1.0 s; peak memory 113 MiB.
2026-09-16T22:43:22Z INFO [45/500] 00d483b0-ccb7-4e78-885b-cd4db5c1cd89: cophenetic index 581; 1.2 s; peak memory 113 MiB.
2026-09-16T22:43:24Z INFO [46/500] 00d4bdb5-ecd1-427d-8d0f-56c5090b0125: cophenetic index 624; 1.0 s; peak memory 116 MiB.
2026-09-16T22:43:26Z INFO [47/500] 00d64c47-6cbd-4470-aa07-58d57fe6c605: cophenetic index 2524; 2.5 s; peak memory 116 MiB.
2026-09-16T22:43:27Z INFO [48/500] 00d6a8a6-53df-4446-9ab1-0c5eb75b525d: cophenetic index 2625; 1.5 s; peak memory 116 MiB.
2026-09-16T22:43:30Z INFO [49/500] 00d6caf5-4961-49bf-ba70-e7d25d359636: cophenetic index 2402; 2.9 s; peak memory 116 MiB.
2026-09-16T22:43:33Z INFO [50/500] 00d6ef30-3234-4ed2-a4fc-1fb2fb693f0f: cophenetic index 4013; 2.4 s; peak memory 116 MiB.
2026-09-16T22:43:33Z INFO [50/500] 00d6ef30-3234-4ed2-a4fc-1fb2fb693f0f: checkpointed 46561 records.
2026-09-16T22:43:34Z INFO [51/500] 00d6fbc5-3583-4538-b35d-f161fa71da1e: cophenetic index 651; 1.2 s; peak memory 116 MiB.
2026-09-16T22:43:35Z INFO [52/500] 00d70377-af7c-4da9-912b-632b73073365: cophenetic index 3972; 1.4 s; peak memory 116 MiB.
2026-09-16T22:43:37Z INFO [53/500] 00d7734b-1157-4d15-adba-a46be3cb3b34: cophenetic index 33998; 1.8 s; peak memory 116 MiB.
2026-09-16T22:43:38Z INFO [54/500] 00d7fb66-bf4d-49f2-97b5-5e27224a5ab2: cophenetic index 624; 1.2 s; peak memory 116 MiB.
2026-09-16T22:43:47Z INFO [55/500] 00d82b72-3333-4b76-8236-cb441bf21910: cophenetic index 80070; 8.2 s; peak memory 116 MiB.
2026-09-16T22:43:48Z INFO [56/500] 00d84089-106e-487e-9873-4b36197ac8b4: cophenetic index 431; 1.2 s; peak memory 116 MiB.
2026-09-16T22:43:49Z INFO [57/500] 00d93501-b476-4f7c-af2c-d978a9aaea7c: cophenetic index 3004; 1.3 s; peak memory 116 MiB.
2026-09-16T22:43:55Z INFO [58/500] 00d94c66-5b91-4dfd-b457-8828179479b4: cophenetic index 87573; 6.2 s; peak memory 116 MiB.
2026-09-16T22:43:56Z INFO [59/500] 00d9b34c-4da2-4caa-9183-1ca86a925434: cophenetic index 490; 0.8 s; peak memory 116 MiB.
2026-09-16T22:43:59Z INFO [60/500] 00dad842-7fc6-4e37-b079-f0dcb53cad34: cophenetic index 970; 2.7 s; peak memory 116 MiB.
2026-09-16T22:44:00Z INFO [61/500] 00db0483-7800-4c09-a0a0-ccf780eb0f47: cophenetic index 761; 0.8 s; peak memory 116 MiB.
2026-09-16T22:44:01Z INFO [62/500] 00dbee6c-a59b-4baf-8699-e2cefa280f50: cophenetic index 477; 1.6 s; peak memory 116 MiB.
2026-09-16T22:44:03Z INFO [63/500] 00dcce94-0a99-4dff-8b6e-4738ce577f3b: cophenetic index 3004; 1.4 s; peak memory 116 MiB.
2026-09-16T22:44:05Z INFO [64/500] 00dccfe6-f90c-4a0e-8848-661921ea866a: cophenetic index 2005; 1.9 s; peak memory 116 MiB.
2026-09-16T22:44:07Z INFO [65/500] 00dd7f14-2a6a-42ec-a359-10d59dad7776: cophenetic index 2625; 2.2 s; peak memory 116 MiB.
2026-09-16T22:44:10Z INFO [66/500] 00dd829b-f53d-4f9f-ae6a-60ce49ced24a: cophenetic index 48489; 2.9 s; peak memory 116 MiB.
2026-09-16T22:44:18Z INFO [67/500] 00de7183-ba9c-4dea-8b61-55d33242aa97: cophenetic index 20749; 8.7 s; peak memory 116 MiB.
2026-09-16T22:44:19Z INFO [68/500] 00decbf8-5388-452f-a032-f7424f751292: cophenetic index 1228; 1.0 s; peak memory 116 MiB.
2026-09-16T22:44:35Z INFO [69/500] 00defa40-523e-45e4-b53b-d1ea6be90e8f: cophenetic index 414231; 15.2 s; peak memory 116 MiB.
2026-09-16T22:44:36Z INFO [70/500] 00df00fe-8e1c-4f4c-a251-1d0b6c949e0b: cophenetic index 766; 1.5 s; peak memory 116 MiB.
2026-09-16T22:44:45Z INFO [71/500] 00df80f5-348c-48b2-aa08-88271781e309: cophenetic index 108946; 9.0 s; peak memory 116 MiB.
2026-09-16T22:44:46Z INFO [72/500] 00df8d64-7676-4813-a175-3435ad29ba79: cophenetic index 486; 0.9 s; peak memory 116 MiB.
2026-09-16T22:44:47Z INFO [73/500] 00e044fb-a907-4a30-9d78-ab6b24d0aad2: cophenetic index 762; 0.8 s; peak memory 116 MiB.
2026-09-16T22:44:48Z INFO [74/500] 00e119df-f151-406e-9fa7-7be68140841b: cophenetic index 2625; 1.4 s; peak memory 116 MiB.
2026-09-16T22:44:49Z INFO [75/500] 00e18dc1-f0d5-466e-96f7-69f085d7acf5: cophenetic index 624; 1.1 s; peak memory 116 MiB.
2026-09-16T22:44:54Z INFO [76/500] 00e25bac-8e8b-4a46-93a9-65465693ba28: cophenetic index 19019; 4.4 s; peak memory 116 MiB.
2026-09-16T22:44:55Z INFO [77/500] 00e30226-ede7-46d3-b235-f84f33f735b9: cophenetic index 1949; 1.3 s; peak memory 116 MiB.
2026-09-16T22:44:57Z INFO [78/500] 00e32547-2b19-4c2e-a437-713b64cf3c19: cophenetic index 937; 1.4 s; peak memory 116 MiB.
2026-09-16T22:44:58Z INFO [79/500] 00e32beb-7882-43ef-a1d7-3d6906746a4a: cophenetic index 2625; 1.5 s; peak memory 116 MiB.
2026-09-16T22:45:00Z INFO [80/500] 00e35ffe-1da0-47f2-86d7-a92642383292: cophenetic index 23510; 1.5 s; peak memory 116 MiB.
2026-09-16T22:45:01Z INFO [81/500] 00e4a807-4bdf-4c95-bc2c-189d5b2ab832: cophenetic index 2625; 1.5 s; peak memory 116 MiB.
2026-09-16T22:45:02Z INFO [82/500] 00e4bbb3-d844-4629-9a29-ad768f9d1958: cophenetic index 624; 1.1 s; peak memory 116 MiB.
2026-09-16T22:45:08Z INFO [83/500] 00e4d7ac-d1cd-453f-8043-07b202ba33e3: cophenetic index 9548; 6.3 s; peak memory 116 MiB.
2026-09-16T22:45:10Z INFO [84/500] 00e57006-b9d0-4ea3-aa6f-d65ac7efdef7: cophenetic index 791; 1.4 s; peak memory 116 MiB.
2026-09-16T22:45:11Z INFO [85/500] 00e597c5-5d0e-4313-9933-4d664578c3f3: cophenetic index 624; 1.4 s; peak memory 116 MiB.
2026-09-16T22:45:12Z INFO [86/500] 00e665af-d2f9-43cc-b766-5563d58bddc0: cophenetic index 624; 1.1 s; peak memory 116 MiB.
2026-09-16T22:45:14Z INFO [87/500] 00e6f8a9-94c1-46d6-9130-cd0a61661d45: cophenetic index 2974; 1.3 s; peak memory 116 MiB.
2026-09-16T22:45:17Z INFO [88/500] 00e77da4-6db6-40ee-8f42-e3011ac39b18: cophenetic index 10031; 3.1 s; peak memory 116 MiB.
2026-09-16T22:45:18Z INFO [89/500] 00e78b14-09ea-4787-a855-99b5de62fdd9: cophenetic index 2625; 1.7 s; peak memory 116 MiB.
2026-09-16T22:45:20Z INFO [90/500] 00e78d86-f3ac-4fbf-ab55-cb49b02d7e95: cophenetic index 605; 1.2 s; peak memory 116 MiB.
2026-09-16T22:45:21Z INFO [91/500] 00e877a1-010f-498d-8805-6a685bdb62fd: cophenetic index 1087; 1.4 s; peak memory 116 MiB.
2026-09-16T22:45:22Z INFO [92/500] 00e8817d-f2c6-4b5c-9716-d42895c4491c: cophenetic index 1558; 1.4 s; peak memory 116 MiB.
2026-09-16T22:45:31Z INFO [93/500] 00e88f98-37ce-42df-8972-36180e157bff: cophenetic index 84295; 8.9 s; peak memory 116 MiB.
2026-09-16T22:45:33Z INFO [94/500] 00e9e1fd-4a13-4b40-b74f-0c4a199a2733: cophenetic index 2102; 2.0 s; peak memory 116 MiB.
2026-09-16T22:45:38Z INFO [95/500] 00ea0b78-d4b6-4919-ae56-3017d42d930a: cophenetic index 11912; 4.6 s; peak memory 116 MiB.
2026-09-16T22:45:39Z INFO [96/500] 00ea1d30-0248-46f0-951c-c4d98bfb38a2: cophenetic index 569; 1.2 s; peak memory 116 MiB.
2026-09-16T22:45:40Z INFO [97/500] 00ea608d-745f-441b-9f11-b9d896c8fa20: cophenetic index 646; 1.1 s; peak memory 116 MiB.
2026-09-16T22:45:41Z INFO [98/500] 00ea884a-60ee-4909-b21e-efa74d93f85b: cophenetic index 624; 1.0 s; peak memory 116 MiB.
2026-09-16T22:45:43Z INFO [99/500] 00eb216e-45f9-48b0-8314-f13c6add1f2b: cophenetic index 850; 2.0 s; peak memory 116 MiB.
2026-09-16T22:45:44Z INFO [100/500] 00ec0b66-b497-4496-bacb-f6d86f4488c2: cophenetic index 624; 1.0 s; peak memory 116 MiB.
2026-09-16T22:45:44Z INFO [100/500] 00ec0b66-b497-4496-bacb-f6d86f4488c2: checkpointed 46611 records.
2026-09-16T22:45:45Z INFO [101/500] 00ec6a12-2be2-4088-a232-ef655e68afbe: cophenetic index 431; 1.1 s; peak memory 116 MiB.
2026-09-16T22:45:47Z INFO [102/500] 00ecdf3a-ddf8-4068-94b0-ffdd0ce83bc0: cophenetic index 1087; 1.4 s; peak memory 116 MiB.
2026-09-16T22:45:48Z INFO [103/500] 00ed368f-6331-43ce-870b-65f0860d3ebc: cophenetic index 988; 1.3 s; peak memory 116 MiB.
2026-09-16T22:45:50Z INFO [104/500] 00ee1248-ed02-4e30-a619-972f236f2460: cophenetic index 2682; 2.3 s; peak memory 116 MiB.
2026-09-16T22:45:51Z INFO [105/500] 00ef4748-35a7-481d-bbf5-a2a2141926a1: cophenetic index 1228; 1.0 s; peak memory 116 MiB.
2026-09-16T22:45:53Z INFO [106/500] 00efd4e9-31c2-48cc-ae74-485c7ab792e3: cophenetic index 1739; 1.3 s; peak memory 116 MiB.
2026-09-16T22:45:54Z INFO [107/500] 00f05350-9849-4ded-828a-ae23fe6d94ea: cophenetic index 431; 1.0 s; peak memory 116 MiB.
2026-09-16T22:45:55Z INFO [108/500] 00f108a0-fe32-46fd-a81d-f7b8841529d3: cophenetic index 3004; 1.5 s; peak memory 116 MiB.
2026-09-16T22:46:01Z INFO [109/500] 00f1832b-1a44-4ecd-8744-6b067667b91f: cophenetic index 9548; 5.9 s; peak memory 116 MiB.
2026-09-16T22:46:07Z INFO [110/500] 00f1f5ec-1793-4f24-84af-2e6aa757ed50: cophenetic index 43613; 6.4 s; peak memory 116 MiB.
2026-09-16T22:46:09Z INFO [111/500] 00f23e61-8723-475e-9a89-e8b112df8f58: cophenetic index 23788; 1.2 s; peak memory 116 MiB.
2026-09-16T22:46:10Z INFO [112/500] 00f28ea4-86bd-4aa3-8c6d-d9de489f168e: cophenetic index 624; 1.0 s; peak memory 116 MiB.
2026-09-16T22:46:16Z INFO [113/500] 00f30533-8e54-4ed8-9d56-f1cc0f851edb: cophenetic index 32988; 6.3 s; peak memory 116 MiB.
2026-09-16T22:46:17Z INFO [114/500] 00f50f6a-2327-40ef-9478-0a9f6ed95c75: cophenetic index 1736; 1.4 s; peak memory 116 MiB.
2026-09-16T22:46:19Z INFO [115/500] 00f61082-b984-4dae-891f-6ee46202c443: cophenetic index 624; 1.2 s; peak memory 116 MiB.
2026-09-16T22:46:20Z INFO [116/500] 00f698ba-c812-45f3-b7d5-5341a93dbffd: cophenetic index 2625; 1.8 s; peak memory 116 MiB.
2026-09-16T22:46:22Z INFO [117/500] 00f7507d-57fc-40e7-b2c8-5d98a09f4295: cophenetic index 646; 1.3 s; peak memory 116 MiB.
2026-09-16T22:46:23Z INFO [118/500] 00f775dc-f1e9-46e0-ae3d-555c7023badf: cophenetic index 2570; 1.3 s; peak memory 116 MiB.
2026-09-16T22:46:29Z INFO [119/500] 00f83574-6dd7-4cfe-a7ed-4d11b29d73ef: cophenetic index 9548; 5.8 s; peak memory 116 MiB.
2026-09-16T22:46:30Z INFO [120/500] 00f894f2-153f-4eca-bd24-f2e9067226bd: cophenetic index 33986; 1.8 s; peak memory 116 MiB.
2026-09-16T22:46:32Z INFO [121/500] 00f95ccd-2ff3-4152-b21a-79d4996643f2: cophenetic index 2625; 1.8 s; peak memory 116 MiB.
2026-09-16T22:46:48Z INFO [122/500] 00fb2571-330a-4dbe-be2b-6739516c67e2: cophenetic index 9548; 15.9 s; peak memory 116 MiB.
2026-09-16T22:46:51Z INFO [123/500] 00fc5840-72f6-486c-9ca9-e8adfe121307: cophenetic index 2236; 3.2 s; peak memory 116 MiB.
2026-09-16T22:46:54Z INFO [124/500] 00fd6f3f-7389-46f0-91b1-b9750e3d478b: cophenetic index 895; 2.1 s; peak memory 116 MiB.
2026-09-16T22:46:55Z INFO [125/500] 00ff0a29-635b-4f9c-80f3-0f18b4986e68: cophenetic index 431; 1.1 s; peak memory 116 MiB.
2026-09-16T22:46:57Z INFO [126/500] 00ff136b-a0e8-482a-9e73-edb8bbae83c2: cophenetic index 2570; 2.0 s; peak memory 116 MiB.
2026-09-16T22:46:58Z INFO [127/500] 00ff136d-5b2a-43ad-8588-541cbb28a46a: cophenetic index 23250; 1.5 s; peak memory 116 MiB.
2026-09-16T22:47:00Z INFO [128/500] 00ff2686-17be-45c3-aa5d-8e374a60ce6f: cophenetic index 2625; 2.0 s; peak memory 116 MiB.
2026-09-16T22:47:01Z INFO [129/500] 00ff5542-eb6f-49ab-879a-889ca920fb20: cophenetic index 646; 1.2 s; peak memory 116 MiB.
2026-09-16T22:47:02Z INFO [130/500] 00ff6bef-0169-44f4-8535-26f77519af8b: cophenetic index 164; 0.8 s; peak memory 116 MiB.
2026-09-16T22:47:04Z INFO [131/500] 01005cf0-a42d-4112-aabc-ae2dabba70e5: cophenetic index 2625; 1.7 s; peak memory 116 MiB.
2026-09-16T22:47:19Z INFO [132/500] 0100a91b-d524-457c-a70d-b3c870ae171b: cophenetic index 389037; 15.3 s; peak memory 116 MiB.
2026-09-16T22:47:27Z INFO [133/500] 0100e6d8-1162-4dee-9735-c41726c63d6b: cophenetic index 51164; 7.4 s; peak memory 116 MiB.
2026-09-16T22:47:40Z INFO [134/500] 0100f4b1-a2b1-4af7-ada7-85328dc98787: cophenetic index 52360193; 13.3 s; peak memory 204 MiB.
2026-09-16T22:47:41Z INFO [135/500] 01025cd8-7d55-4400-94c0-6aa478d9172a: cophenetic index 1228; 1.1 s; peak memory 204 MiB.
2026-09-16T22:47:52Z INFO [136/500] 0102c2f3-60a4-488e-b6fc-69b1f51dc9e6: cophenetic index 24071; 10.6 s; peak memory 204 MiB.
2026-09-16T22:48:07Z INFO [137/500] 0102d8f3-96a1-4245-8852-260eb453b315: cophenetic index 14507363; 15.4 s; peak memory 204 MiB.
2026-09-16T22:48:08Z INFO [138/500] 01030806-9bec-4b0a-9c9d-240d2ca125f4: cophenetic index 3004; 1.4 s; peak memory 204 MiB.
2026-09-16T22:48:14Z INFO [139/500] 01038b1e-9eef-44b2-a1f0-9fbd0155d170: cophenetic index 8537; 5.6 s; peak memory 204 MiB.
2026-09-16T22:48:17Z INFO [140/500] 01044701-340e-4c44-8e08-5f6b7da34583: cophenetic index 2682; 2.6 s; peak memory 204 MiB.
2026-09-16T22:48:20Z INFO [141/500] 01045c4a-1ce3-4459-a40b-819d3a863974: cophenetic index 2402; 3.0 s; peak memory 204 MiB.
2026-09-16T22:48:21Z INFO [142/500] 0104da1f-358b-4d16-9571-de561481e67c: cophenetic index 2570; 1.7 s; peak memory 204 MiB.
2026-09-16T22:48:23Z INFO [143/500] 010514e6-3364-49dd-ba94-a2da82d827e1: cophenetic index 777; 2.1 s; peak memory 204 MiB.
2026-09-16T22:48:24Z INFO [144/500] 0105529d-76f8-42db-9b70-8b59801d2b75: cophenetic index 490; 0.8 s; peak memory 204 MiB.
2026-09-16T22:48:25Z INFO [145/500] 01056ad1-d6a9-44b8-94a7-f4b89ca78877: cophenetic index 624; 1.1 s; peak memory 204 MiB.
2026-09-16T22:48:26Z INFO [146/500] 01056e6a-dcdf-4d7d-9231-6db8d504fc83: cophenetic index 624; 1.2 s; peak memory 204 MiB.
2026-09-16T22:48:28Z INFO [147/500] 0105931d-8c86-47df-8d33-4f24f473fbc3: cophenetic index 3087; 1.5 s; peak memory 204 MiB.
2026-09-16T22:48:34Z INFO [148/500] 0105f19f-2167-48c1-9223-d3a163c532b2: cophenetic index 9548; 6.2 s; peak memory 204 MiB.
2026-09-16T22:48:35Z INFO [149/500] 010667e7-5860-4c78-9a2e-b67a654cf66c: cophenetic index 624; 1.1 s; peak memory 204 MiB.
2026-09-16T22:48:36Z INFO [150/500] 010709c4-2a25-4267-b135-510763ea4dcf: cophenetic index 624; 1.1 s; peak memory 204 MiB.
2026-09-16T22:48:37Z INFO [150/500] 010709c4-2a25-4267-b135-510763ea4dcf: checkpointed 46661 records.
2026-09-16T22:48:37Z INFO [151/500] 01093dc5-ae22-479e-ac42-77e45e19de62: cophenetic index 624; 0.9 s; peak memory 204 MiB.
2026-09-16T22:48:39Z INFO [152/500] 0109ede8-3875-4c29-8d7d-8c333c64cda3: cophenetic index 33986; 1.7 s; peak memory 204 MiB.
2026-09-16T22:48:40Z INFO [153/500] 010a1067-7a24-47ee-b891-55aa45f87d9a: cophenetic index 690; 1.1 s; peak memory 204 MiB.
2026-09-16T22:48:42Z INFO [154/500] 010a53d6-39c7-4b24-8157-b0ab2ed3cb2c: cophenetic index 490; 1.3 s; peak memory 204 MiB.
2026-09-16T22:48:44Z INFO [155/500] 010a711a-2fdf-4253-a451-8d7dd0a71c43: cophenetic index 3844; 2.9 s; peak memory 204 MiB.
2026-09-16T22:48:46Z INFO [156/500] 010ae818-ed18-4b65-b537-8d801ae5f84e: cophenetic index 3004; 1.6 s; peak memory 204 MiB.
2026-09-16T22:48:47Z INFO [157/500] 010b3dae-21e0-42d3-bb12-9c2602f26d81: cophenetic index 937; 1.1 s; peak memory 204 MiB.
2026-09-16T22:48:49Z INFO [158/500] 010b43c3-3562-4d54-9bf0-5f3df1c441fa: cophenetic index 1570; 1.6 s; peak memory 204 MiB.
2026-09-16T22:48:56Z INFO [159/500] 010cc507-f24c-407e-8d56-4ce70c9f2257: cophenetic index 44390; 7.6 s; peak memory 205 MiB.
2026-09-16T22:48:59Z INFO [160/500] 010df9a3-db61-49f2-83f3-1a061485bd21: cophenetic index 2241; 2.6 s; peak memory 205 MiB.
2026-09-16T22:49:00Z INFO [161/500] 010f19ac-f9d8-4174-b9a3-f0e4ef86427c: cophenetic index 447; 1.1 s; peak memory 205 MiB.
2026-09-16T22:49:01Z INFO [162/500] 010f401f-cc8a-4719-bd4a-03396e670118: cophenetic index 624; 1.2 s; peak memory 205 MiB.
2026-09-16T22:49:02Z INFO [163/500] 010f4a33-1b6d-4518-8b79-0eaa9fe882e7: cophenetic index 624; 1.2 s; peak memory 205 MiB.
2026-09-16T22:49:03Z INFO [164/500] 010f4d0f-cb96-470a-aac8-fc387ae725fd: cophenetic index 624; 1.0 s; peak memory 205 MiB.
2026-09-16T22:49:05Z INFO [165/500] 010fc173-e16f-4e45-84e0-c1d6c122a736: cophenetic index 33968; 1.6 s; peak memory 205 MiB.
2026-09-16T22:49:06Z INFO [166/500] 01107436-49df-4047-9ff5-737e348ebd7a: cophenetic index 3087; 1.5 s; peak memory 205 MiB.
2026-09-16T22:49:08Z INFO [167/500] 0111310d-408b-48d8-a873-6a7f0e3d1583: cophenetic index 624; 1.1 s; peak memory 205 MiB.
2026-09-16T22:49:09Z INFO [168/500] 01119d8b-fe6b-43cb-b6e7-2306674a674b: cophenetic index 3087; 1.4 s; peak memory 205 MiB.
2026-09-16T22:50:01Z INFO [169/500] 0111a5c2-66e7-48e8-a37f-83034140add2: cophenetic index 10496876; 52.4 s; peak memory 228 MiB.
2026-09-16T22:50:03Z INFO [170/500] 0111e881-5a76-44a2-ad25-de2d837d3c81: cophenetic index 624; 1.1 s; peak memory 228 MiB.
2026-09-16T22:50:06Z INFO [171/500] 01122841-e353-4f69-a11c-0a870d191f42: cophenetic index 3644; 3.0 s; peak memory 228 MiB.
2026-09-16T22:50:06Z INFO [172/500] 0112fb69-cae0-4771-9d5b-8c588af92ab2: cophenetic index 631; 0.9 s; peak memory 228 MiB.
2026-09-16T22:50:08Z INFO [173/500] 0114464f-6b6e-404c-9bd6-fa20f5d301c6: cophenetic index 33998; 1.9 s; peak memory 228 MiB.
2026-09-16T22:50:15Z INFO [174/500] 01151426-24bc-437b-8d4d-edc2c27cfb9b: cophenetic index 12100; 6.2 s; peak memory 228 MiB.
2026-09-16T22:50:18Z INFO [175/500] 01152842-31e5-4950-b814-e5bad0e0db64: cophenetic index 2402; 3.0 s; peak memory 228 MiB.
2026-09-16T22:50:19Z INFO [176/500] 0115ef99-4141-4fcc-bb71-0423f8cc3e7c: cophenetic index 2625; 1.7 s; peak memory 228 MiB.
2026-09-16T22:50:20Z INFO [177/500] 01167503-75bb-4f12-9bae-21d800f7e280: cophenetic index 624; 1.0 s; peak memory 228 MiB.
2026-09-16T22:50:22Z INFO [178/500] 011681d7-6634-4a7a-b09c-5f16cca3aafa: cophenetic index 3004; 1.5 s; peak memory 228 MiB.
2026-09-16T22:50:23Z INFO [179/500] 011697f0-e3be-4b5a-a3a3-7e1ff29ee15a: cophenetic index 624; 1.1 s; peak memory 228 MiB.
2026-09-16T22:50:26Z INFO [180/500] 0116b7d1-86dd-4407-8bc3-4d3190283793: cophenetic index 2391; 3.0 s; peak memory 228 MiB.
2026-09-16T22:50:27Z INFO [181/500] 01178be1-44d8-4079-bcca-35114b8733b0: cophenetic index 624; 1.2 s; peak memory 228 MiB.
2026-09-16T22:50:35Z INFO [182/500] 01179baa-feae-404e-b3e8-447f7172fedb: cophenetic index 154383; 7.8 s; peak memory 228 MiB.
2026-09-16T22:50:36Z INFO [183/500] 0118309c-d7a5-4f5c-97c9-7ebf24e60dce: cophenetic index 2625; 1.4 s; peak memory 228 MiB.
2026-09-16T22:50:37Z INFO [184/500] 0118548d-5a16-451f-848a-ea3660e497ee: cophenetic index 624; 1.1 s; peak memory 228 MiB.
2026-09-16T22:50:39Z INFO [185/500] 0118eaf5-0707-4688-b9d2-05a8706b8169: cophenetic index 3057; 1.5 s; peak memory 228 MiB.
2026-09-16T22:50:40Z INFO [186/500] 011907c7-6339-41d2-b46d-5151f7e8f88e: cophenetic index 624; 1.0 s; peak memory 228 MiB.
2026-09-16T22:50:42Z INFO [187/500] 011910c9-2e6c-419a-81fc-ed052187fa28: cophenetic index 2473; 2.5 s; peak memory 228 MiB.
2026-09-16T22:50:43Z INFO [188/500] 01198562-ea7d-479b-aab9-45fe3f8f35bd: cophenetic index 624; 1.2 s; peak memory 228 MiB.
2026-09-16T22:50:44Z INFO [189/500] 01198c70-480f-4a07-a57a-368fd6df0a4a: cophenetic index 627; 1.1 s; peak memory 228 MiB.
2026-09-16T22:50:46Z INFO [190/500] 0119be57-ec5a-4c90-95f1-681c52a6a7f9: cophenetic index 2974; 1.2 s; peak memory 228 MiB.
2026-09-16T22:52:19Z INFO [191/500] 011a04c3-e2c1-4abc-ad03-7c2858c2598c: cophenetic index 1403366; 93.7 s; peak memory 239 MiB.
2026-09-16T22:52:20Z INFO [192/500] 011a55e9-3311-4a51-ad6c-aef7c60bcf11: cophenetic index 490; 0.8 s; peak memory 239 MiB.
2026-09-16T22:52:21Z INFO [193/500] 011b72a5-5238-4bb0-be36-82cd7d31ee75: cophenetic index 581; 1.1 s; peak memory 239 MiB.
2026-09-16T22:52:34Z INFO [194/500] 011c2eaf-24a6-4ed7-87fc-667d1034aaf6: cophenetic index 257237; 12.3 s; peak memory 239 MiB.
2026-09-16T22:52:45Z INFO [195/500] 011ca13d-d85a-4b89-a88c-7fde5d92d665: cophenetic index 142052; 11.0 s; peak memory 239 MiB.
2026-09-16T22:52:46Z INFO [196/500] 011cf9a0-e87e-4f79-95f9-67997b479608: cophenetic index 13320; 1.6 s; peak memory 239 MiB.
2026-09-16T22:52:48Z INFO [197/500] 011d5655-a0f3-4aa8-b3b7-da1a5b5634e6: cophenetic index 30304; 1.9 s; peak memory 239 MiB.
2026-09-16T22:52:54Z INFO [198/500] 011dab7b-cf65-4993-b70a-c9569dff1126: cophenetic index 87573; 6.1 s; peak memory 239 MiB.
2026-09-16T22:52:56Z INFO [199/500] 011f37eb-3309-4457-a1c9-ead15b5d9c4f: cophenetic index 18208; 1.7 s; peak memory 239 MiB.
2026-09-16T22:52:57Z INFO [200/500] 011f424f-b0ef-43ab-a9c8-9d987f531192: cophenetic index 2920; 1.0 s; peak memory 239 MiB.
2026-09-16T22:52:57Z INFO [200/500] 011f424f-b0ef-43ab-a9c8-9d987f531192: checkpointed 46711 records.
2026-09-16T22:53:04Z INFO [201/500] 01217700-2d0b-4001-b9f6-b7eae1530655: cophenetic index 3038; 6.5 s; peak memory 239 MiB.
2026-09-16T22:53:13Z INFO [202/500] 0121ea6f-66e1-4c48-89ec-72868e1f6bb0: cophenetic index 83808; 9.1 s; peak memory 239 MiB.
2026-09-16T22:53:35Z INFO [203/500] 01227298-1dda-4f97-84ed-477c393ec322: cophenetic index 9419258; 22.7 s; peak memory 239 MiB.
2026-09-16T22:53:37Z INFO [204/500] 0122ad05-5c07-42da-9b86-3b4c0d6d14ec: cophenetic index 2625; 1.5 s; peak memory 239 MiB.
2026-09-16T22:53:41Z INFO [205/500] 01231b55-48c5-4a2f-995b-4d4c1bcaa126: cophenetic index 5473; 3.7 s; peak memory 239 MiB.
2026-09-16T22:53:42Z INFO [206/500] 0123f7c5-c73d-4fd1-a564-ae764b3a1d42: cophenetic index 624; 1.1 s; peak memory 239 MiB.
2026-09-16T22:53:43Z INFO [207/500] 01246bac-5d36-46ac-80e2-10d9fc0d6d1a: cophenetic index 958; 1.1 s; peak memory 239 MiB.
2026-09-16T22:53:53Z INFO [208/500] 012471ec-0c0a-40b8-8886-6ba2d14a7820: cophenetic index 100141; 9.9 s; peak memory 239 MiB.
2026-09-16T22:53:55Z INFO [209/500] 01248047-4865-4396-ac72-f9459f5776b1: cophenetic index 41788; 2.3 s; peak memory 239 MiB.
2026-09-16T22:53:57Z INFO [210/500] 01250de4-b2d4-4319-83e8-f74e35d68340: cophenetic index 1038; 1.8 s; peak memory 239 MiB.
2026-09-16T22:53:59Z INFO [211/500] 0125ee10-1c79-4dff-b3ee-53da43b646f4: cophenetic index 33998; 2.0 s; peak memory 239 MiB.
2026-09-16T22:54:01Z INFO [212/500] 01260494-2547-4b3b-aeb1-dc90cb10763f: cophenetic index 99138; 2.0 s; peak memory 239 MiB.
2026-09-16T22:54:02Z INFO [213/500] 01267434-b611-4d15-8590-afd79ab244ac: cophenetic index 624; 0.9 s; peak memory 239 MiB.
2026-09-16T22:54:03Z INFO [214/500] 01273496-159e-4a52-8a04-48efa87627a9: cophenetic index 624; 1.1 s; peak memory 239 MiB.
2026-09-16T22:54:05Z INFO [215/500] 0127d732-0506-4135-8f61-99f98312f555: cophenetic index 34658; 2.2 s; peak memory 239 MiB.
2026-09-16T22:54:06Z INFO [216/500] 0127ddcf-62e0-44a3-ae8d-34ec2f9b10e6: cophenetic index 988; 1.3 s; peak memory 239 MiB.
2026-09-16T22:54:08Z INFO [217/500] 0127fa6d-cd02-4c7a-84e2-6b30978450a8: cophenetic index 2625; 1.6 s; peak memory 239 MiB.
2026-09-16T22:54:09Z INFO [218/500] 0128128a-07ee-4d39-9b80-0a6d2baac29a: cophenetic index 3087; 1.4 s; peak memory 239 MiB.
2026-09-16T22:54:10Z INFO [219/500] 01285052-d01a-4261-b5d8-a1f184b231b1: cophenetic index 579; 0.8 s; peak memory 239 MiB.
2026-09-16T22:54:11Z INFO [220/500] 01287558-80a8-47a0-81d7-ab479896330b: cophenetic index 3004; 1.4 s; peak memory 239 MiB.
2026-09-16T22:54:13Z INFO [221/500] 0128ad39-1fa3-4cc4-906d-3a6a6a2df1fd: cophenetic index 649; 1.2 s; peak memory 239 MiB.
2026-09-16T22:54:14Z INFO [222/500] 01290fe4-1297-4621-80b6-6e79f338c29d: cophenetic index 3004; 1.3 s; peak memory 239 MiB.
2026-09-16T22:54:16Z INFO [223/500] 012928eb-3301-473a-baf4-162e48f3ab38: cophenetic index 2625; 1.9 s; peak memory 239 MiB.
2026-09-16T22:54:17Z INFO [224/500] 012b0764-f32c-4230-8b74-59b25998c702: cophenetic index 766; 1.5 s; peak memory 239 MiB.
2026-09-16T22:54:19Z INFO [225/500] 012b5715-e870-4e24-93c0-f003c7fde412: cophenetic index 12991; 2.1 s; peak memory 239 MiB.
2026-09-16T22:54:21Z INFO [226/500] 012bfaa2-8f3d-4a96-abd8-7c4a4d1433fe: cophenetic index 2701; 1.7 s; peak memory 239 MiB.
2026-09-16T22:54:22Z INFO [227/500] 012d4597-06be-4a31-a904-74587f9be965: cophenetic index 624; 1.2 s; peak memory 239 MiB.
2026-09-16T22:54:24Z INFO [228/500] 012e4305-f133-461d-a60d-5380568a0a83: cophenetic index 634; 1.2 s; peak memory 239 MiB.
2026-09-16T22:54:25Z INFO [229/500] 012e6a3c-1890-40d4-8de3-2e1d007ab8ed: cophenetic index 624; 1.0 s; peak memory 239 MiB.
2026-09-16T22:54:25Z INFO [230/500] 012f9ce2-3933-4317-aa98-eca8e7da8e60: cophenetic index 631; 0.9 s; peak memory 239 MiB.
2026-09-16T22:54:27Z INFO [231/500] 01309169-ae2e-419d-9b2a-34622ba13d69: cophenetic index 3004; 1.4 s; peak memory 239 MiB.
2026-09-16T22:54:45Z INFO [232/500] 0130b998-ee1d-4068-a32d-6d83d8059ac6: cophenetic index 25979906; 18.6 s; peak memory 239 MiB.
2026-09-16T22:54:46Z INFO [233/500] 01310ed8-6b4a-4016-be13-7060d1b5be24: cophenetic index 624; 1.0 s; peak memory 239 MiB.
2026-09-16T22:54:48Z INFO [234/500] 01319b03-376e-42fe-94a0-294a870c7e1e: cophenetic index 624; 1.1 s; peak memory 239 MiB.
2026-09-16T22:54:59Z INFO [235/500] 01320703-8017-4ab6-a724-c0bca3b4fe48: cophenetic index 46939; 11.9 s; peak memory 239 MiB.
2026-09-16T22:55:14Z INFO [236/500] 0132306a-a8da-4847-bc51-7d13538cabf1: cophenetic index 49686; 14.7 s; peak memory 239 MiB.
2026-09-16T22:55:15Z INFO [237/500] 01335491-c0a9-47a3-9b05-a86988894ec8: cophenetic index 2779; 1.2 s; peak memory 239 MiB.
2026-09-16T22:55:17Z INFO [238/500] 0134355c-bed0-4e41-9902-ec7a6eb0745d: cophenetic index 624; 1.1 s; peak memory 239 MiB.
2026-09-16T22:55:23Z INFO [239/500] 0134d6f4-28a9-4910-a605-c50a878e67c0: cophenetic index 92571; 7.0 s; peak memory 239 MiB.
2026-09-16T22:55:25Z INFO [240/500] 0135148d-1fb6-4285-88d4-e9a555c2d6ed: cophenetic index 33998; 1.7 s; peak memory 239 MiB.
2026-09-16T22:55:27Z INFO [241/500] 013622ba-9066-466c-a110-f1e6d6976ea6: cophenetic index 3004; 1.4 s; peak memory 239 MiB.
2026-09-16T22:55:28Z INFO [242/500] 01369381-a089-46ca-a30d-ad3863fcd2bc: cophenetic index 809; 2.0 s; peak memory 239 MiB.
2026-09-16T22:55:29Z INFO [243/500] 0136c854-1a12-43c3-8ac6-87f1c0db4db2: cophenetic index 926; 0.9 s; peak memory 239 MiB.
2026-09-16T22:55:31Z INFO [244/500] 013708b0-9dff-494a-b857-5f4bac9d8b27: cophenetic index 3045; 1.6 s; peak memory 239 MiB.
2026-09-16T22:55:32Z INFO [245/500] 01373927-de1b-4447-a56b-e201969366e5: cophenetic index 3004; 1.5 s; peak memory 239 MiB.
2026-09-16T22:55:34Z INFO [246/500] 0137a0df-2ced-4ec8-8331-cae9ac88f074: cophenetic index 994; 1.1 s; peak memory 239 MiB.
2026-09-16T22:55:35Z INFO [247/500] 0137bee4-f70b-441e-b50b-3264e2a0c857: cophenetic index 427; 0.9 s; peak memory 239 MiB.
2026-09-16T22:55:36Z INFO [248/500] 01383972-296d-4723-8ddd-99cf38207972: cophenetic index 1087; 1.5 s; peak memory 239 MiB.
2026-09-16T22:55:39Z INFO [249/500] 01391180-57f9-4c2c-97a7-ba754a34e1bd: cophenetic index 2469; 3.1 s; peak memory 239 MiB.
2026-09-16T22:55:40Z INFO [250/500] 01391cc5-fae1-4cc5-ab24-8a7a12f4662e: cophenetic index 624; 1.0 s; peak memory 239 MiB.
2026-09-16T22:55:40Z INFO [250/500] 01391cc5-fae1-4cc5-ab24-8a7a12f4662e: checkpointed 46761 records.
2026-09-16T22:55:41Z INFO [251/500] 0139423f-b39a-4240-895f-05cf77d06caf: cophenetic index 433; 1.2 s; peak memory 239 MiB.
2026-09-16T22:55:42Z INFO [252/500] 0139c9fc-08b8-4d50-a98c-11ffabe56303: cophenetic index 624; 1.1 s; peak memory 239 MiB.
2026-09-16T22:55:44Z INFO [253/500] 013ac0c9-0f04-42b2-87e0-a8f3eaf8b743: cophenetic index 23510; 1.5 s; peak memory 239 MiB.
2026-09-16T22:55:47Z INFO [254/500] 013be054-7a3c-4137-843b-68a966189011: cophenetic index 326077; 2.7 s; peak memory 239 MiB.
2026-09-16T22:55:48Z INFO [255/500] 013c48c1-0bec-49ad-ab14-48a3f456e76f: cophenetic index 1058; 1.2 s; peak memory 239 MiB.
2026-09-16T22:55:50Z INFO [256/500] 013cfc78-2b64-4122-82b0-5fe0bd1884bd: cophenetic index 2625; 1.8 s; peak memory 239 MiB.
2026-09-16T22:55:52Z INFO [257/500] 013da430-ee76-4848-bf77-988a1e3dfe86: cophenetic index 2625; 2.0 s; peak memory 239 MiB.
2026-09-16T22:55:53Z INFO [258/500] 013e08bc-34d6-4a83-a8a4-8fc9addcf318: cophenetic index 1544; 1.4 s; peak memory 239 MiB.
2026-09-16T22:56:08Z INFO [259/500] 013e1535-148a-4217-82d6-e077d5f5263b: cophenetic index 266455; 14.9 s; peak memory 239 MiB.
2026-09-16T22:56:14Z INFO [260/500] 013eba67-2f1f-40db-966f-b64408fa314a: cophenetic index 9548; 6.1 s; peak memory 239 MiB.
2026-09-16T22:56:15Z INFO [261/500] 013ee48b-6f74-48f7-98d4-9d861fb113fd: cophenetic index 431; 1.3 s; peak memory 239 MiB.
2026-09-16T22:56:17Z INFO [262/500] 013f1071-43d5-42ae-a99a-7e7afd1b39bd: cophenetic index 624; 1.1 s; peak memory 239 MiB.
2026-09-16T22:56:18Z INFO [263/500] 013fc33d-33c5-40aa-ac66-132fc17458a5: cophenetic index 1087; 1.3 s; peak memory 239 MiB.
2026-09-16T22:56:19Z INFO [264/500] 01408484-ca0e-48f3-b4c7-507ce7ea576b: cophenetic index 761; 0.9 s; peak memory 239 MiB.
2026-09-16T22:56:28Z INFO [265/500] 01409a5b-c41d-4264-96f8-944867e896ac: cophenetic index 118570; 9.1 s; peak memory 239 MiB.
2026-09-16T22:56:29Z INFO [266/500] 0141518a-c7d5-4c37-a8ea-9ac78d807509: cophenetic index 1949; 1.6 s; peak memory 239 MiB.
2026-09-16T22:56:32Z INFO [267/500] 0141687b-bbc1-47cb-a367-386766cfc3f1: cophenetic index 2609; 2.3 s; peak memory 239 MiB.
2026-09-16T22:56:33Z INFO [268/500] 0141bd01-81a7-410e-b678-9da56a66ffb5: cophenetic index 26986; 1.7 s; peak memory 239 MiB.
2026-09-16T22:56:34Z INFO [269/500] 0141c543-4ba7-4ad1-93e5-83971c3b898d: cophenetic index 651; 0.8 s; peak memory 239 MiB.
2026-09-16T22:58:55Z INFO [270/500] 0141f2c9-067f-4d00-843e-8b3b6f23bd35: cophenetic index 2101842887; 140.8 s; peak memory 843 MiB.
2026-09-16T22:58:57Z INFO [271/500] 0142cbd3-3414-403d-ad3c-5bba33381fb2: cophenetic index 2570; 1.7 s; peak memory 843 MiB.
2026-09-16T22:58:58Z INFO [272/500] 01434485-9be7-4442-a13d-4c64f97c30c4: cophenetic index 2625; 1.6 s; peak memory 843 MiB.
2026-09-16T22:58:59Z INFO [273/500] 0143f0e7-3dee-4b26-b050-037014ab6be3: cophenetic index 641; 0.9 s; peak memory 843 MiB.
2026-09-16T22:59:01Z INFO [274/500] 01442407-dbf8-4db9-a640-249bb9ea6732: cophenetic index 766; 1.3 s; peak memory 843 MiB.
2026-09-16T22:59:25Z INFO [275/500] 0144372f-7055-4a1d-9c46-06fa28c33f7d: cophenetic index 22927946; 24.0 s; peak memory 843 MiB.
2026-09-16T22:59:26Z INFO [276/500] 0144ed76-32d4-423f-938f-92ab52d0220f: cophenetic index 624; 1.1 s; peak memory 843 MiB.
2026-09-16T22:59:29Z INFO [277/500] 01454550-ecf4-4830-83f8-e382c734c430: cophenetic index 2469; 3.0 s; peak memory 843 MiB.
2026-09-16T22:59:36Z INFO [278/500] 0145984b-4086-4fab-b108-1e37e75dd060: cophenetic index 38112; 7.0 s; peak memory 843 MiB.
2026-09-16T22:59:38Z INFO [279/500] 0145c47e-6660-43f6-8cb3-221236e8aeb2: cophenetic index 33998; 2.3 s; peak memory 843 MiB.
2026-09-16T22:59:39Z INFO [280/500] 01468d42-dec0-40b6-993d-f141c90b9879: cophenetic index 690; 1.1 s; peak memory 843 MiB.
2026-09-16T22:59:42Z INFO [281/500] 01469870-88c7-4a6d-89c8-b7850ce40f7a: cophenetic index 5473; 3.3 s; peak memory 843 MiB.
2026-09-16T22:59:43Z INFO [282/500] 0147872d-d853-4210-b794-c1a511812873: cophenetic index 1228; 1.0 s; peak memory 843 MiB.
2026-09-16T22:59:45Z INFO [283/500] 0147ac93-0858-4197-ac62-96e0a369a8df: cophenetic index 1949; 1.5 s; peak memory 843 MiB.
2026-09-16T22:59:46Z INFO [284/500] 0147b9dd-7f25-40fa-9863-359519928a19: cophenetic index 431; 0.9 s; peak memory 843 MiB.
2026-09-16T22:59:48Z INFO [285/500] 01483937-f0e4-46de-82ee-090ae41de0de: cophenetic index 2682; 2.8 s; peak memory 843 MiB.
2026-09-16T22:59:50Z INFO [286/500] 01494c8f-99e2-47c4-9f6b-75731a9e92ca: cophenetic index 624; 1.0 s; peak memory 843 MiB.
2026-09-16T23:00:04Z INFO [287/500] 014baab9-d881-4b79-a9f6-8cb6d87ccd26: cophenetic index 19532665; 14.3 s; peak memory 843 MiB.
2026-09-16T23:00:05Z INFO [288/500] 014c6212-5e6a-487d-af00-4ea33e74fc47: cophenetic index 3004; 1.5 s; peak memory 843 MiB.
2026-09-16T23:00:06Z INFO [289/500] 014c6358-166e-451d-8c84-8fc33ebc91f7: cophenetic index 431; 1.0 s; peak memory 843 MiB.
2026-09-16T23:00:08Z INFO [290/500] 014d43a1-cc66-4919-ad1e-4d3d184c789f: cophenetic index 761; 1.8 s; peak memory 843 MiB.
2026-09-16T23:00:10Z INFO [291/500] 014d46cc-b30f-4d02-9cbf-dbf29a9c3160: cophenetic index 33962; 1.7 s; peak memory 843 MiB.
2026-09-16T23:00:12Z INFO [292/500] 014ee524-355b-474c-8e9a-d232beced00b: cophenetic index 1949; 1.8 s; peak memory 843 MiB.
2026-09-16T23:00:13Z INFO [293/500] 014eea14-8bb8-4cb8-90fd-f60dcd9094ff: cophenetic index 3004; 1.2 s; peak memory 843 MiB.
2026-09-16T23:00:15Z INFO [294/500] 01505972-99b4-4686-bc0a-f0d081c6b951: cophenetic index 2402; 2.7 s; peak memory 843 MiB.
2026-09-16T23:00:18Z INFO [295/500] 0150a3a4-949b-4b5c-9647-07e73b95c3f8: cophenetic index 515; 2.2 s; peak memory 843 MiB.
2026-09-16T23:00:21Z INFO [296/500] 01511a0a-3a72-4a58-ade2-d17bdad04743: cophenetic index 970; 2.9 s; peak memory 843 MiB.
2026-09-16T23:00:22Z INFO [297/500] 01513d25-0368-47d5-b35a-efad91197084: cophenetic index 1949; 1.6 s; peak memory 843 MiB.
2026-09-16T23:00:25Z INFO [298/500] 0151b0fd-ac0a-4c74-97e0-56c99b426d7c: cophenetic index 1458; 2.9 s; peak memory 843 MiB.
2026-09-16T23:00:26Z INFO [299/500] 015351a9-cc97-43af-8780-444e540b48d2: cophenetic index 431; 1.0 s; peak memory 843 MiB.
2026-09-16T23:00:28Z INFO [300/500] 0154f625-0795-4f8e-b94a-323fac86b8d4: cophenetic index 33998; 2.3 s; peak memory 843 MiB.
2026-09-16T23:00:28Z INFO [300/500] 0154f625-0795-4f8e-b94a-323fac86b8d4: checkpointed 46811 records.
2026-09-16T23:00:30Z INFO [301/500] 0155be04-2ae5-4d0e-b5a5-9cccb96599fb: cophenetic index 605; 1.4 s; peak memory 843 MiB.
2026-09-16T23:00:33Z INFO [302/500] 0155dd13-f233-44fc-9944-8e152f866f5a: cophenetic index 2402; 3.0 s; peak memory 843 MiB.
2026-09-16T23:00:34Z INFO [303/500] 01564de4-cb29-4df3-afb4-f59fd6e24d00: cophenetic index 605; 1.2 s; peak memory 843 MiB.
2026-09-16T23:00:35Z INFO [304/500] 0158f927-93f2-47e7-8622-73f7ee9901bd: cophenetic index 3004; 1.5 s; peak memory 843 MiB.
2026-09-16T23:00:38Z INFO [305/500] 0159ca81-1ddf-40b5-b68e-a87ae288c649: cophenetic index 6111; 2.6 s; peak memory 843 MiB.
2026-09-16T23:00:39Z INFO [306/500] 015ceb69-73b4-4cc0-a668-f5c88c9ca8e1: cophenetic index 766; 1.3 s; peak memory 843 MiB.
2026-09-16T23:00:40Z INFO [307/500] 015d3538-11d9-4480-be74-858fa90b9519: cophenetic index 624; 1.0 s; peak memory 843 MiB.
2026-09-16T23:00:41Z INFO [308/500] 016080b7-5d79-46ca-915c-0dd3e51bb7ef: cophenetic index 624; 1.1 s; peak memory 843 MiB.
2026-09-16T23:00:48Z INFO [309/500] 01614321-216e-408d-bcf5-f530a8cc7911: cophenetic index 9548; 6.2 s; peak memory 843 MiB.
2026-09-16T23:00:49Z INFO [310/500] 01617801-b828-487d-a76f-bd3d0b3f2833: cophenetic index 624; 1.2 s; peak memory 843 MiB.
2026-09-16T23:00:50Z INFO [311/500] 016226cf-7163-45f2-a972-a9eb86e46f45: cophenetic index 431; 1.0 s; peak memory 843 MiB.
2026-09-16T23:00:51Z INFO [312/500] 01635e44-92c0-49d2-9d32-c1e24e5ed63b: cophenetic index 2974; 1.5 s; peak memory 843 MiB.
2026-09-16T23:00:52Z INFO [313/500] 01654ab6-85b2-4090-93cd-243c76f958f2: cophenetic index 490; 0.8 s; peak memory 843 MiB.
2026-09-16T23:00:54Z INFO [314/500] 016593f7-dbb4-4e31-a160-a1d87848cb70: cophenetic index 1424; 1.7 s; peak memory 843 MiB.
2026-09-16T23:00:55Z INFO [315/500] 0165a860-50af-4b3a-a3f5-ba1561b57740: cophenetic index 1949; 1.6 s; peak memory 843 MiB.
2026-09-16T23:00:56Z INFO [316/500] 0165fe54-d969-422c-8d65-5269c5585822: cophenetic index 624; 1.1 s; peak memory 843 MiB.
2026-09-16T23:00:58Z INFO [317/500] 01670587-9146-47a0-af2c-b9f20e037d94: cophenetic index 638; 1.6 s; peak memory 843 MiB.
2026-09-16T23:01:00Z INFO [318/500] 0167318b-208f-4134-a056-150413458acd: cophenetic index 1006; 1.4 s; peak memory 843 MiB.
2026-09-16T23:01:01Z INFO [319/500] 01684179-1b50-4e37-b3cd-4b9dfc6d48de: cophenetic index 3004; 1.5 s; peak memory 843 MiB.
2026-09-16T23:01:04Z INFO [320/500] 01692953-8b53-4b41-9e22-d2bf079220ed: cophenetic index 2524; 2.7 s; peak memory 843 MiB.
2026-09-16T23:01:16Z INFO [321/500] 016b3638-80ea-43a5-8af5-c74b77b34973: cophenetic index 48665; 12.5 s; peak memory 843 MiB.
2026-09-16T23:01:17Z INFO [322/500] 016b9ad4-52c0-400c-8b88-07df3d30fc68: cophenetic index 722; 1.1 s; peak memory 843 MiB.
2026-09-16T23:01:19Z INFO [323/500] 016d27e0-4f7e-478b-83ca-07847cdfb6cb: cophenetic index 3004; 1.4 s; peak memory 843 MiB.
2026-09-16T23:01:30Z INFO [324/500] 016d83ab-d58c-430d-ab52-8704571e27ad: cophenetic index 33602; 10.8 s; peak memory 843 MiB.
2026-09-16T23:01:31Z INFO [325/500] 016f1b2e-cb0b-42d8-9b44-20206ed9889f: cophenetic index 2974; 1.4 s; peak memory 843 MiB.
2026-09-16T23:01:33Z INFO [326/500] 016f7489-47a2-4f3c-89b9-5ef9b5198eb7: cophenetic index 2625; 2.0 s; peak memory 843 MiB.
2026-09-16T23:01:40Z INFO [327/500] 016f9562-af66-4068-a497-80e999ad283d: cophenetic index 13178; 7.1 s; peak memory 843 MiB.
2026-09-16T23:01:42Z INFO [328/500] 016fb5ef-ad30-40d1-8c4b-1ab352a06b4b: cophenetic index 3004; 1.6 s; peak memory 843 MiB.
2026-09-16T23:01:43Z INFO [329/500] 01704a22-b47f-4392-bd06-4eacae583f0d: cophenetic index 624; 1.2 s; peak memory 843 MiB.
2026-09-16T23:01:46Z INFO [330/500] 017175d8-5327-467a-b526-23e2d812ab5f: cophenetic index 1721; 3.5 s; peak memory 843 MiB.
2026-09-16T23:01:48Z INFO [331/500] 01730789-0a78-432a-bc2c-48a78e65b34e: cophenetic index 649; 1.2 s; peak memory 843 MiB.
2026-09-16T23:01:49Z INFO [332/500] 0173f0ee-9936-4355-a147-eee78a60d7c3: cophenetic index 33968; 1.7 s; peak memory 843 MiB.
2026-09-16T23:01:52Z INFO [333/500] 01742df5-5a4d-4fde-850b-db8c17d0108b: cophenetic index 99150; 2.5 s; peak memory 843 MiB.
2026-09-16T23:01:53Z INFO [334/500] 0175a8e2-b7ba-4174-afb6-24ac5dc9287a: cophenetic index 605; 1.2 s; peak memory 843 MiB.
2026-09-16T23:01:55Z INFO [335/500] 017653bf-96b2-42fa-aaba-1a3de36d8770: cophenetic index 3004; 1.6 s; peak memory 843 MiB.
2026-09-16T23:01:56Z INFO [336/500] 017699a2-60a9-4faf-ad18-7ad7babb2f10: cophenetic index 3004; 1.6 s; peak memory 843 MiB.
2026-09-16T23:01:58Z INFO [337/500] 0178e049-ffa0-497b-82cb-7c4071edcb0b: cophenetic index 1904; 1.3 s; peak memory 843 MiB.
2026-09-16T23:01:59Z INFO [338/500] 0178eeb1-6e4a-4694-b38b-f48b3e52a4e3: cophenetic index 627; 1.3 s; peak memory 843 MiB.
2026-09-16T23:02:00Z INFO [339/500] 01790510-2636-4d3b-9eac-f695ce3c8b85: cophenetic index 3004; 1.5 s; peak memory 843 MiB.
2026-09-16T23:02:01Z INFO [340/500] 01793a4f-4d43-4755-bad2-d050de232a5d: cophenetic index 624; 1.2 s; peak memory 843 MiB.
2026-09-16T23:02:05Z INFO [341/500] 01794d50-6e56-4e78-9afe-33f2323b97ec: cophenetic index 45679; 3.5 s; peak memory 843 MiB.
2026-09-16T23:02:07Z INFO [342/500] 01796c65-e3e0-422d-91ce-3700e1dd7ca4: cophenetic index 2974; 1.7 s; peak memory 843 MiB.
2026-09-16T23:02:08Z INFO [343/500] 017ac6f4-c993-47e1-82b3-ef7f096a78bd: cophenetic index 2625; 1.6 s; peak memory 843 MiB.
2026-09-16T23:02:10Z INFO [344/500] 017b6ac1-6a8e-4261-9f86-665904b06d40: cophenetic index 613; 2.2 s; peak memory 843 MiB.
2026-09-16T23:02:12Z INFO [345/500] 017cd7c5-3e31-43f2-b906-c32c01e829bc: cophenetic index 624; 1.1 s; peak memory 843 MiB.
2026-09-16T23:02:14Z INFO [346/500] 017cde11-dd3d-499f-b58f-aa8e6e3f4073: cophenetic index 6636; 2.8 s; peak memory 843 MiB.
2026-09-16T23:02:19Z INFO [347/500] 017d0979-c3dc-4696-aa1d-733ec4253f96: cophenetic index 14234; 5.1 s; peak memory 843 MiB.
2026-09-16T23:02:22Z INFO [348/500] 017dd68f-6b8b-4161-a37b-7fc5853a9b80: cophenetic index 1458; 3.0 s; peak memory 843 MiB.
2026-09-16T23:02:24Z INFO [349/500] 017edff1-9e0a-4f87-9e41-3abf7f4d6a9b: cophenetic index 1949; 1.6 s; peak memory 843 MiB.
2026-09-16T23:02:26Z INFO [350/500] 017ef914-cb0c-41af-a422-696440e4c518: cophenetic index 99150; 1.9 s; peak memory 843 MiB.
2026-09-16T23:02:26Z INFO [350/500] 017ef914-cb0c-41af-a422-696440e4c518: checkpointed 46861 records.
2026-09-16T23:02:36Z INFO [351/500] 017f6bc6-da08-4a8c-9d4b-ac0ce5cd3f50: cophenetic index 162984; 9.4 s; peak memory 843 MiB.
2026-09-16T23:02:36Z INFO [352/500] 017fbc24-f0d0-45f1-8e61-17e5dd9c5153: cophenetic index 579; 0.9 s; peak memory 843 MiB.
2026-09-16T23:02:47Z INFO [353/500] 01802ab2-6dc8-4ba2-a894-a15bb83e08f9: cophenetic index 47115; 10.2 s; peak memory 843 MiB.
2026-09-16T23:03:02Z INFO [354/500] 018257de-08fa-4f96-bf90-20151376558a: cophenetic index 296337; 15.4 s; peak memory 843 MiB.
2026-09-16T23:03:04Z INFO [355/500] 018298a4-9baf-4d20-a1ec-901ce86de7d6: cophenetic index 2974; 1.5 s; peak memory 843 MiB.
2026-09-16T23:03:05Z INFO [356/500] 01830669-e8c1-4bc1-9b22-4462f59c8888: cophenetic index 766; 1.3 s; peak memory 843 MiB.
2026-09-16T23:03:06Z INFO [357/500] 01831468-b7ed-46b1-8116-3ec727d04550: cophenetic index 3004; 1.3 s; peak memory 843 MiB.
2026-09-16T23:03:08Z INFO [358/500] 01847af6-54fb-4a7b-92c6-cd900ab3690b: cophenetic index 3004; 1.3 s; peak memory 843 MiB.
2026-09-16T23:03:09Z INFO [359/500] 0185f47f-4a2f-42b0-bd93-b5f8de237e90: cophenetic index 649; 1.3 s; peak memory 843 MiB.
2026-09-16T23:03:11Z INFO [360/500] 01870f90-0bf3-4225-8c12-114ed7b4964a: cophenetic index 8865; 1.7 s; peak memory 843 MiB.
2026-09-16T23:03:12Z INFO [361/500] 01871115-d8ba-438c-9ae6-c5874897990f: cophenetic index 624; 1.1 s; peak memory 843 MiB.
2026-09-16T23:03:13Z INFO [362/500] 018973b6-23dc-4a53-8db8-44856b772844: cophenetic index 431; 1.3 s; peak memory 843 MiB.
2026-09-16T23:03:14Z INFO [363/500] 018994b4-0bd4-437f-9c71-0b9d1d939f5f: cophenetic index 624; 1.0 s; peak memory 843 MiB.
2026-09-16T23:03:29Z INFO [364/500] 018a6d2e-7f61-484f-b6d5-48e40722dbd8: cophenetic index 49996; 15.4 s; peak memory 843 MiB.
2026-09-16T23:03:31Z INFO [365/500] 018af6a9-1e58-4192-acca-db6145be1283: cophenetic index 649; 1.3 s; peak memory 843 MiB.
2026-09-16T23:03:33Z INFO [366/500] 018bedf4-f044-4e26-ae49-b5db7d74c3e7: cophenetic index 2609; 2.4 s; peak memory 843 MiB.
2026-09-16T23:03:35Z INFO [367/500] 018bef29-6273-45f1-a641-4c07a508bfc7: cophenetic index 2570; 1.7 s; peak memory 843 MiB.
2026-09-16T23:03:40Z INFO [368/500] 018c102d-1a21-4b98-80bd-2f26888768a1: cophenetic index 87573; 5.8 s; peak memory 843 MiB.
2026-09-16T23:03:42Z INFO [369/500] 018d2e07-5483-4e5f-bac9-c634ba67c007: cophenetic index 624; 1.1 s; peak memory 843 MiB.
2026-09-16T23:03:43Z INFO [370/500] 018db095-a0bb-47a4-952a-ec6ac50c46f4: cophenetic index 3004; 1.3 s; peak memory 843 MiB.
2026-09-16T23:03:44Z INFO [371/500] 018e64d4-ec2e-4818-9a48-076f7143570e: cophenetic index 2974; 1.3 s; peak memory 843 MiB.
2026-09-16T23:03:48Z INFO [372/500] 018f9274-1cf6-4abc-a1a0-cf219ad95b7d: cophenetic index 5473; 3.6 s; peak memory 843 MiB.
2026-09-16T23:03:51Z INFO [373/500] 0192becd-daef-43b6-86de-fe0d3746a06b: cophenetic index 2391; 3.1 s; peak memory 843 MiB.
2026-09-16T23:04:03Z INFO [374/500] 0193617c-ea14-4be8-a0a5-f3afe5bf0c7c: cophenetic index 48355; 12.4 s; peak memory 843 MiB.
2026-09-16T23:04:04Z INFO [375/500] 01939228-e558-47f4-9d4a-f11198ef602a: cophenetic index 624; 1.1 s; peak memory 843 MiB.
2026-09-16T23:04:06Z INFO [376/500] 0193a55b-ae7d-4286-b1d8-5b01d2f09934: cophenetic index 2625; 2.1 s; peak memory 843 MiB.
2026-09-16T23:04:08Z INFO [377/500] 01945961-5cc0-49c6-9784-77e1e9028668: cophenetic index 624; 1.0 s; peak memory 843 MiB.
2026-09-16T23:04:09Z INFO [378/500] 01947fdb-4099-485a-861b-aa1bb9c3cd1e: cophenetic index 6435; 1.6 s; peak memory 843 MiB.
2026-09-16T23:04:10Z INFO [379/500] 0194bb9e-491e-47f8-a40f-0b5215aae072: cophenetic index 624; 1.1 s; peak memory 843 MiB.
2026-09-16T23:04:11Z INFO [380/500] 01958900-163b-4d62-842a-707822d1007e: cophenetic index 624; 0.9 s; peak memory 843 MiB.
2026-09-16T23:04:12Z INFO [381/500] 0195d19a-7945-4663-8535-0ca4fbeddb4c: cophenetic index 431; 1.2 s; peak memory 843 MiB.
2026-09-16T23:04:14Z INFO [382/500] 01964398-131f-4b08-8c5b-addd326a090b: cophenetic index 23272; 1.4 s; peak memory 843 MiB.
2026-09-16T23:04:15Z INFO [383/500] 01964782-2208-4457-98c9-00e592d80173: cophenetic index 624; 1.1 s; peak memory 843 MiB.
2026-09-16T23:04:22Z INFO [384/500] 0196a80d-d4ae-4da7-a3d5-e0e241c23c4d: cophenetic index 10179; 7.0 s; peak memory 843 MiB.
2026-09-16T23:04:35Z INFO [385/500] 0196c315-ee01-4c53-b23c-95816b98fbf9: cophenetic index 312895; 13.6 s; peak memory 843 MiB.
2026-09-16T23:04:42Z INFO [386/500] 0196c777-d343-4e0e-a349-af071769b7be: cophenetic index 12100; 6.8 s; peak memory 843 MiB.
2026-09-16T23:04:44Z INFO [387/500] 01971bc4-1a70-459b-a056-60f76d4b3186: cophenetic index 3004; 1.5 s; peak memory 843 MiB.
2026-09-16T23:04:44Z INFO [388/500] 01976b17-2dd3-415c-aca9-958f920a5007: cophenetic index 490; 0.8 s; peak memory 843 MiB.
2026-09-16T23:04:46Z INFO [389/500] 0197b3cd-827d-42aa-9644-7ef8c39f4503: cophenetic index 23417; 1.7 s; peak memory 843 MiB.
2026-09-16T23:04:54Z INFO [390/500] 019859be-be94-4d9e-81f0-50314734ad07: cophenetic index 87903; 7.7 s; peak memory 843 MiB.
2026-09-16T23:04:56Z INFO [391/500] 01998551-cd9a-44cc-b2b5-297af7aebcdd: cophenetic index 1563; 1.8 s; peak memory 843 MiB.
2026-09-16T23:04:57Z INFO [392/500] 019a4fa9-4157-4efd-877a-0cc055328668: cophenetic index 690; 1.1 s; peak memory 843 MiB.
2026-09-16T23:04:58Z INFO [393/500] 019abf0d-3097-4a41-ae90-1ce0f1a07df2: cophenetic index 554; 1.3 s; peak memory 843 MiB.
2026-09-16T23:05:21Z INFO [394/500] 019b6009-e0ae-40a2-ad7f-5e9fc62a1d84: cophenetic index 13727522; 22.9 s; peak memory 843 MiB.
2026-09-16T23:05:27Z INFO [395/500] 019c40b2-c740-4a74-b297-7ec1dd008b7d: cophenetic index 5466; 6.5 s; peak memory 843 MiB.
2026-09-16T23:05:34Z INFO [396/500] 019e25ef-59eb-489a-8d5d-ce9dd5758f0f: cophenetic index 52385; 6.6 s; peak memory 843 MiB.
2026-09-16T23:05:37Z INFO [397/500] 019fac19-f9d3-424a-95eb-51708621a9ba: cophenetic index 3844; 3.1 s; peak memory 843 MiB.
2026-09-16T23:05:39Z INFO [398/500] 01a00d0e-26f0-4a86-8545-567d4e373828: cophenetic index 33958; 1.6 s; peak memory 843 MiB.
2026-09-16T23:05:40Z INFO [399/500] 01a047e1-469b-462c-a104-ba25df64a484: cophenetic index 581; 1.5 s; peak memory 843 MiB.
2026-09-16T23:05:44Z INFO [400/500] 01a10350-5def-41fa-ba4a-1cd9f453e43f: cophenetic index 5567; 4.1 s; peak memory 843 MiB.
2026-09-16T23:05:44Z INFO [400/500] 01a10350-5def-41fa-ba4a-1cd9f453e43f: checkpointed 46911 records.
2026-09-16T23:05:46Z INFO [401/500] 01a2535b-7ee4-4c29-8d96-7d653ea2ef56: cophenetic index 581; 1.2 s; peak memory 843 MiB.
2026-09-16T23:05:47Z INFO [402/500] 01a330d8-1049-45ad-b2b4-242d32c26da7: cophenetic index 624; 1.1 s; peak memory 843 MiB.
2026-09-16T23:05:49Z INFO [403/500] 01a39d18-954e-423b-a6fb-e44d6945fc71: cophenetic index 2625; 1.9 s; peak memory 843 MiB.
2026-09-16T23:05:50Z INFO [404/500] 01a3f041-a8b0-419e-95da-8c6a9d490d14: cophenetic index 2625; 1.8 s; peak memory 843 MiB.
2026-09-16T23:05:52Z INFO [405/500] 01a47967-b0ff-4146-8f1b-143ba91c1116: cophenetic index 1087; 1.6 s; peak memory 843 MiB.
2026-09-16T23:05:53Z INFO [406/500] 01a58631-8cd1-46ce-8009-bef057f867c5: cophenetic index 490; 0.8 s; peak memory 843 MiB.
2026-09-16T23:05:54Z INFO [407/500] 01a713fb-078a-45f9-9a41-40bd36f506b2: cophenetic index 560; 1.1 s; peak memory 843 MiB.
2026-09-16T23:05:55Z INFO [408/500] 01a83c41-b631-4f45-9285-a334cc0df133: cophenetic index 33968; 1.5 s; peak memory 843 MiB.
2026-09-16T23:05:56Z INFO [409/500] 01a932cd-ee2b-4ac2-8771-eaa8890a7d82: cophenetic index 762; 0.8 s; peak memory 843 MiB.
2026-09-16T23:06:07Z INFO [410/500] 01a987ae-2490-4bb4-b706-578096b2f435: cophenetic index 197923; 10.8 s; peak memory 843 MiB.
2026-09-16T23:06:09Z INFO [411/500] 01a9ee05-aeb8-46c4-847c-4c65595902e6: cophenetic index 1983; 1.7 s; peak memory 843 MiB.
2026-09-16T23:06:11Z INFO [412/500] 01aa8dfe-9b3f-4c3d-8166-e42e197c8534: cophenetic index 99150; 2.3 s; peak memory 843 MiB.
2026-09-16T23:06:12Z INFO [413/500] 01aa8f28-e0b1-4bda-9a75-f7b312ff7fbe: cophenetic index 1006; 1.5 s; peak memory 843 MiB.
2026-09-16T23:06:14Z INFO [414/500] 01aab354-09b5-4d5c-8537-c5b7522fb482: cophenetic index 2625; 1.6 s; peak memory 843 MiB.
2026-09-16T23:06:17Z INFO [415/500] 01abb95d-effe-4b41-868d-d4d6d6b5b704: cophenetic index 6118; 2.9 s; peak memory 843 MiB.
2026-09-16T23:06:20Z INFO [416/500] 01abe7a1-48e1-42c7-bd39-14c2b46c89b9: cophenetic index 3510; 2.9 s; peak memory 843 MiB.
2026-09-16T23:06:21Z INFO [417/500] 01abe883-c101-4128-b885-9ed7b772a288: cophenetic index 560; 1.0 s; peak memory 843 MiB.
2026-09-16T23:06:23Z INFO [418/500] 01ac90d3-2605-47e1-9091-96b2541e267a: cophenetic index 33998; 1.9 s; peak memory 843 MiB.
2026-09-16T23:06:25Z INFO [419/500] 01add43d-9ec3-499f-89d5-744a9fd8fb37: cophenetic index 33998; 2.0 s; peak memory 843 MiB.
2026-09-16T23:06:26Z INFO [420/500] 01adf9fe-3a64-4d76-8033-83d6cdcdaa90: cophenetic index 624; 1.2 s; peak memory 843 MiB.
2026-09-16T23:06:27Z INFO [421/500] 01adfa22-2213-45be-ab22-111a2aac89d1: cophenetic index 1006; 1.4 s; peak memory 843 MiB.
2026-09-16T23:06:29Z INFO [422/500] 01ae2905-0556-4c17-b8c8-3b5c22119799: cophenetic index 581; 1.3 s; peak memory 843 MiB.
2026-09-16T23:06:31Z INFO [423/500] 01ae8d9d-81f6-45b1-a088-bf14dd4dabf0: cophenetic index 2625; 2.2 s; peak memory 843 MiB.
2026-09-16T23:06:32Z INFO [424/500] 01afdb71-8b1f-40fa-bdab-5605c2d19770: cophenetic index 2974; 1.4 s; peak memory 843 MiB.
2026-09-16T23:06:38Z INFO [425/500] 01b1aad4-fc19-4ec3-8d81-1223df34112e: cophenetic index 9298; 6.0 s; peak memory 843 MiB.
2026-09-16T23:06:39Z INFO [426/500] 01b232bc-1be7-4a5f-a34a-528599105834: cophenetic index 624; 1.0 s; peak memory 843 MiB.
2026-09-16T23:06:40Z INFO [427/500] 01b2760b-aa16-43ae-aaec-e3f04cd41bf2: cophenetic index 624; 1.0 s; peak memory 843 MiB.
2026-09-16T23:06:42Z INFO [428/500] 01b2b255-3c06-4760-99a6-5b176bd42413: cophenetic index 2974; 1.4 s; peak memory 843 MiB.
2026-09-16T23:06:43Z INFO [429/500] 01b38848-b706-4835-8e84-05cc2f9d36f4: cophenetic index 33986; 1.6 s; peak memory 843 MiB.
2026-09-16T23:06:47Z INFO [430/500] 01b3ae7d-5c01-4696-84e3-68e2c40e8d8e: cophenetic index 3045; 3.7 s; peak memory 843 MiB.
2026-09-16T23:06:48Z INFO [431/500] 01b40f4f-b6f1-4828-9ec5-27ce0ab772aa: cophenetic index 5994; 1.1 s; peak memory 843 MiB.
2026-09-16T23:06:50Z INFO [432/500] 01b4114b-b786-451d-9c38-259e0d1958d1: cophenetic index 3004; 1.3 s; peak memory 843 MiB.
2026-09-16T23:06:51Z INFO [433/500] 01b43055-a9a0-4948-8929-dec1e26d14f3: cophenetic index 690; 1.0 s; peak memory 843 MiB.
2026-09-16T23:06:52Z INFO [434/500] 01b6018f-56c4-4ef2-b157-dd333269f38f: cophenetic index 1087; 1.6 s; peak memory 843 MiB.
2026-09-16T23:06:54Z INFO [435/500] 01b63eb4-e883-466a-8c0d-0742e4cb3fb4: cophenetic index 2105; 2.1 s; peak memory 843 MiB.
2026-09-16T23:06:56Z INFO [436/500] 01b68123-c763-4221-b703-b8a31dd86563: cophenetic index 1087; 1.4 s; peak memory 843 MiB.
2026-09-16T23:06:58Z INFO [437/500] 01b6a673-3869-47e2-90cd-6452203ff028: cophenetic index 2402; 2.7 s; peak memory 843 MiB.
2026-09-16T23:07:05Z INFO [438/500] 01b6cd71-bff4-46be-8e45-7cada00621cb: cophenetic index 6715; 6.8 s; peak memory 843 MiB.
2026-09-16T23:07:12Z INFO [439/500] 01b70917-af8d-478f-ad35-8e6ef90347ee: cophenetic index 101222; 6.5 s; peak memory 843 MiB.
2026-09-16T23:07:13Z INFO [440/500] 01b78bc1-0851-4914-b6e0-48ae2bb99159: cophenetic index 937; 1.4 s; peak memory 843 MiB.
2026-09-16T23:07:14Z INFO [441/500] 01b802a8-cbca-4276-be75-55a78919f828: cophenetic index 2974; 1.3 s; peak memory 843 MiB.
2026-09-16T23:07:16Z INFO [442/500] 01b9ac09-0848-4f03-9c3e-be2e042650f5: cophenetic index 572; 1.2 s; peak memory 843 MiB.
2026-09-16T23:07:17Z INFO [443/500] 01bb6273-bba2-4b36-abbd-e9457b21bbdd: cophenetic index 2923; 1.5 s; peak memory 843 MiB.
2026-09-16T23:07:19Z INFO [444/500] 01bba655-c0d3-401f-b12a-0d9ff207234b: cophenetic index 1087; 1.5 s; peak memory 843 MiB.
2026-09-16T23:07:20Z INFO [445/500] 01bd39d9-b86b-4f75-9319-b5aa3074a163: cophenetic index 998; 1.2 s; peak memory 843 MiB.
2026-09-16T23:07:21Z INFO [446/500] 01bd448f-3e12-4e14-a5cf-8e7b9180f33f: cophenetic index 3004; 1.4 s; peak memory 843 MiB.
2026-09-16T23:07:22Z INFO [447/500] 01bd830d-5a6d-44cb-9c97-b937d23c73a4: cophenetic index 497; 1.2 s; peak memory 843 MiB.
2026-09-16T23:07:25Z INFO [448/500] 01be92f1-45b7-483b-a3d4-3a333461426a: cophenetic index 34658; 2.8 s; peak memory 843 MiB.
2026-09-16T23:07:26Z INFO [449/500] 01bee568-ec33-4708-bb54-bf0e650d97ab: cophenetic index 624; 1.1 s; peak memory 843 MiB.
2026-09-16T23:07:28Z INFO [450/500] 01bf3d90-8875-433d-a884-7430a88652b7: cophenetic index 2625; 1.4 s; peak memory 843 MiB.
2026-09-16T23:07:28Z INFO [450/500] 01bf3d90-8875-433d-a884-7430a88652b7: checkpointed 46961 records.
2026-09-16T23:07:30Z INFO [451/500] 01c01afb-3ec0-4c5e-8bb2-cf3a30237342: cophenetic index 2625; 2.0 s; peak memory 843 MiB.
2026-09-16T23:07:31Z INFO [452/500] 01c0f04e-cd29-4087-adf7-5d26c3abe03e: cophenetic index 624; 1.1 s; peak memory 843 MiB.
2026-09-16T23:07:33Z INFO [453/500] 01c20aac-3915-486f-b721-510ff13167c0: cophenetic index 1614; 1.5 s; peak memory 843 MiB.
2026-09-16T23:07:34Z INFO [454/500] 01c24560-d396-460d-ba7b-0c9119b98e45: cophenetic index 1049; 1.7 s; peak memory 843 MiB.
2026-09-16T23:07:35Z INFO [455/500] 01c421db-a4a2-4db0-aabc-f7b1d16ef95d: cophenetic index 624; 1.1 s; peak memory 843 MiB.
2026-09-16T23:07:37Z INFO [456/500] 01c443bd-2ff6-40f6-b012-0fc541e09263: cophenetic index 3004; 1.4 s; peak memory 843 MiB.
2026-09-16T23:07:38Z INFO [457/500] 01c44992-1870-4c73-b5e6-e135d6dc4b35: cophenetic index 3087; 1.5 s; peak memory 843 MiB.
2026-09-16T23:07:50Z INFO [458/500] 01c46ec7-0d31-4aa7-9e3a-c94405140fc3: cophenetic index 178438; 11.6 s; peak memory 843 MiB.
2026-09-16T23:07:52Z INFO [459/500] 01c47b93-9598-430f-993b-ea5720723267: cophenetic index 3004; 1.6 s; peak memory 843 MiB.
2026-09-16T23:07:52Z INFO [460/500] 01c498ce-bffb-4d49-bb48-db3eb0dcde5f: cophenetic index 433; 0.7 s; peak memory 843 MiB.
2026-09-16T23:07:53Z INFO [461/500] 01c4aa21-76ee-43d0-abd1-415ba96e313c: cophenetic index 448; 1.1 s; peak memory 843 MiB.
2026-09-16T23:07:56Z INFO [462/500] 01c4b069-ad1e-4d3b-b02b-206a642b514b: cophenetic index 2402; 3.0 s; peak memory 843 MiB.
2026-09-16T23:08:17Z INFO [463/500] 01c543b6-b59f-451d-9fd3-bbbbdaaea2d6: cophenetic index 10429646; 20.9 s; peak memory 843 MiB.
2026-09-16T23:08:19Z INFO [464/500] 01c5daf5-feda-4793-aa5d-3807964f74d3: cophenetic index 3004; 1.3 s; peak memory 843 MiB.
2026-09-16T23:08:20Z INFO [465/500] 01c6c53f-8109-4f36-8167-4d1c874384e7: cophenetic index 1380; 1.6 s; peak memory 843 MiB.
2026-09-16T23:08:21Z INFO [466/500] 01c6c8fb-54d1-4bb7-ba6f-396b0c42ffaa: cophenetic index 624; 1.0 s; peak memory 843 MiB.
2026-09-16T23:08:30Z INFO [467/500] 01c6e4d5-0816-4dc4-9675-14d94eae3e35: cophenetic index 112090; 8.3 s; peak memory 843 MiB.
2026-09-16T23:08:31Z INFO [468/500] 01c7ab41-6356-4117-844c-25d18b4a94c8: cophenetic index 624; 1.1 s; peak memory 843 MiB.
2026-09-16T23:08:31Z INFO [469/500] 01c88a1e-bbe8-4e95-bf8d-c616f95ecd2a: cophenetic index 433; 0.7 s; peak memory 843 MiB.
2026-09-16T23:08:32Z INFO [470/500] 01c8a192-cfc4-4b19-a8f0-df98f0bc3ff8: cophenetic index 624; 1.0 s; peak memory 843 MiB.
2026-09-16T23:08:34Z INFO [471/500] 01cc5397-7946-470d-bb79-62d184466e81: cophenetic index 2625; 1.5 s; peak memory 843 MiB.
2026-09-16T23:08:35Z INFO [472/500] 01cc627c-111c-4a33-9fa2-680d1b025792: cophenetic index 797; 0.9 s; peak memory 843 MiB.
2026-09-16T23:08:36Z INFO [473/500] 01cd083b-07f2-48aa-8fe5-40c751622fb7: cophenetic index 788; 1.4 s; peak memory 843 MiB.
2026-09-16T23:08:37Z INFO [474/500] 01cd0c14-ee71-41ae-9b87-8e233165df4b: cophenetic index 624; 1.1 s; peak memory 843 MiB.
2026-09-16T23:08:43Z INFO [475/500] 01cddea8-0a84-4011-88d0-e4dfbc279bfe: cophenetic index 37902; 5.5 s; peak memory 843 MiB.
2026-09-16T23:08:45Z INFO [476/500] 01ce65ed-fa55-40e2-a674-99d8fba208dd: cophenetic index 2625; 1.9 s; peak memory 843 MiB.
2026-09-16T23:08:46Z INFO [477/500] 01ce9b33-cdfe-45e0-906a-464a68f6c7fb: cophenetic index 2625; 1.7 s; peak memory 843 MiB.
2026-09-16T23:08:53Z INFO [478/500] 01cefff8-4056-4309-a8cf-44827762a9d9: cophenetic index 59723; 6.8 s; peak memory 843 MiB.
2026-09-16T23:08:54Z INFO [479/500] 01cf0a15-2795-4e7f-8d12-98becc478054: cophenetic index 41788; 1.5 s; peak memory 843 MiB.
2026-09-16T23:08:56Z INFO [480/500] 01cf1926-4040-461d-93c0-517f723625a3: cophenetic index 1087; 1.5 s; peak memory 843 MiB.
2026-09-16T23:08:58Z INFO [481/500] 01cf69f9-54b5-4bfa-acb1-4f3da6006ef5: cophenetic index 1380; 1.7 s; peak memory 843 MiB.
2026-09-16T23:09:06Z INFO [482/500] 01cfb219-0156-4c42-acc1-f15e272a930a: cophenetic index 96119; 8.4 s; peak memory 843 MiB.
2026-09-16T23:09:11Z INFO [483/500] 01cfcb4c-98b2-46ef-a5e9-5dbcb40bd320: cophenetic index 4397906; 5.3 s; peak memory 843 MiB.
2026-09-16T23:09:12Z INFO [484/500] 01d1715b-5fc9-4c1a-b950-9915ab358df2: cophenetic index 431; 1.0 s; peak memory 843 MiB.
2026-09-16T23:09:13Z INFO [485/500] 01d2159a-7237-43e7-b8ef-2c5d88510ea4: cophenetic index 1228; 1.0 s; peak memory 843 MiB.
2026-09-16T23:09:15Z INFO [486/500] 01d23a42-5bf4-4a0f-b4ca-1bcd2f4a10bf: cophenetic index 624; 1.2 s; peak memory 843 MiB.
2026-09-16T23:09:17Z INFO [487/500] 01d26fa8-5207-4f98-955a-cfb48e1b85ae: cophenetic index 2625; 2.1 s; peak memory 843 MiB.
2026-09-16T23:09:24Z INFO [488/500] 01d35f87-479a-455c-96bb-a0c36c4c9c21: cophenetic index 12100; 6.9 s; peak memory 843 MiB.
2026-09-16T23:09:31Z INFO [489/500] 01d373c1-9f8d-4e8d-877a-c4133e72903c: cophenetic index 6591; 7.5 s; peak memory 843 MiB.
2026-09-16T23:09:33Z INFO [490/500] 01d3953c-bd16-451d-9dd2-a7457134d000: cophenetic index 33986; 1.9 s; peak memory 843 MiB.
2026-09-16T23:09:40Z INFO [491/500] 01d3d972-007e-46a0-94fe-2dd1fb9f57e5: cophenetic index 53930; 7.0 s; peak memory 843 MiB.
2026-09-16T23:09:41Z INFO [492/500] 01d3e5f9-cf74-4093-ba37-3e37fad3ce2b: cophenetic index 3087; 1.4 s; peak memory 843 MiB.
2026-09-16T23:09:43Z INFO [493/500] 01d40d36-b792-4984-895a-8a54da5b4047: cophenetic index 2625; 1.7 s; peak memory 843 MiB.
2026-09-16T23:09:46Z INFO [494/500] 01d56715-da05-4379-9e81-e9cd766b1df6: cophenetic index 20908; 2.7 s; peak memory 843 MiB.
2026-09-16T23:09:47Z INFO [495/500] 01d6cc77-cea1-4aac-b8ed-1b13d9540ac0: cophenetic index 33968; 1.7 s; peak memory 843 MiB.
2026-09-16T23:09:49Z INFO [496/500] 01d75056-a99a-4791-a182-bd8651f2e705: cophenetic index 99114; 2.0 s; peak memory 843 MiB.
2026-09-16T23:09:53Z INFO [497/500] 01d82f9e-6a1f-49ec-9ad0-1d3c9842602f: cophenetic index 2402; 3.1 s; peak memory 843 MiB.
2026-09-16T23:09:54Z INFO [498/500] 01d966c6-8e7e-47df-bfdc-55b828398f51: cophenetic index 3004; 1.4 s; peak memory 843 MiB.
2026-09-16T23:09:55Z INFO [499/500] 01d9ec8b-7750-41ee-b3d3-f7c4483ace88: cophenetic index 535; 1.3 s; peak memory 843 MiB.
2026-09-16T23:09:56Z INFO [500/500] 01da1d11-ee46-47bd-a9f8-a1aba09dd5c8: cophenetic index 624; 1.0 s; peak memory 843 MiB.
2026-09-16T23:09:56Z INFO [500/500] 01da1d11-ee46-47bd-a9f8-a1aba09dd5c8: checkpointed 47011 records.
2026-09-16T23:09:56Z INFO Wrote 47011 records to /tmp/derivatives/valid_nwb_file_to_cophenetic_index.jsonl (500 new, 0 failed) in 28.6 min (peak memory 843 MiB).
