2026-09-27T22:51:41Z INFO Logging to /tmp/logs/update_2026-09-27T22-51-41Z.log.
2026-09-27T22:51:41Z INFO Update valid-nwb-file-to-cophenetic-index (base directory /tmp).
2026-09-27T22:51:42Z INFO Processing 500 items (57449 already recorded).
2026-09-27T22:51:43Z WARNING 024ef50f-ac6f-49ea-806b-93ef4b5e8644: failed while reading the NWB file (KeyError: 'Unable to synchronously open object (component not found)')
2026-09-27T22:51:43Z WARNING [1/500] 024ef50f-ac6f-49ea-806b-93ef4b5e8644: leaving unrecorded for a later run to retry.
2026-09-27T22:51:43Z WARNING 09073220-fbea-45d2-9a39-2cc61fcdc2a1: failed while reading the NWB file (KeyError: 'Unable to synchronously open object (component not found)')
2026-09-27T22:51:43Z WARNING [2/500] 09073220-fbea-45d2-9a39-2cc61fcdc2a1: leaving unrecorded for a later run to retry.
2026-09-27T22:51:44Z WARNING 0dec427d-4db4-44c3-988a-c37959ceaff3: failed while reading the NWB file (KeyError: 'Unable to synchronously open object (component not found)')
2026-09-27T22:51:44Z WARNING [3/500] 0dec427d-4db4-44c3-988a-c37959ceaff3: leaving unrecorded for a later run to retry.
2026-09-27T22:51:45Z WARNING 0f7396ad-67ec-468a-b6a6-5599cb507f54: failed while reading the NWB file (KeyError: 'Unable to synchronously open object (component not found)')
2026-09-27T22:51:45Z WARNING [4/500] 0f7396ad-67ec-468a-b6a6-5599cb507f54: leaving unrecorded for a later run to retry.
2026-09-27T22:51:45Z WARNING 1066b3ba-83d9-4cb3-bfe3-ecf8539e2334: failed while reading the NWB file (KeyError: 'Unable to synchronously open object (component not found)')
2026-09-27T22:51:45Z WARNING [5/500] 1066b3ba-83d9-4cb3-bfe3-ecf8539e2334: leaving unrecorded for a later run to retry.
2026-09-27T22:51:47Z INFO [6/500] 17834fdc-e3c7-4fc4-9b9a-1f591a91ddd3: cophenetic index 33998; 1.4 s; peak memory 91 MiB.
2026-09-27T22:51:47Z INFO [7/500] 17836602-d780-4bb4-96f8-9ec830de2c07: cophenetic index 530; 0.5 s; peak memory 91 MiB.
2026-09-27T22:51:48Z INFO [8/500] 1783a291-2378-4f4f-9425-9dd80aca1e70: cophenetic index 690; 0.5 s; peak memory 91 MiB.
2026-09-27T22:51:48Z INFO [9/500] 1783bbca-89a1-47b5-be5b-ddf464685b08: cophenetic index 624; 0.5 s; peak memory 91 MiB.
2026-09-27T22:51:52Z INFO [10/500] 1786396f-010b-4693-9064-58c35cac8dd1: cophenetic index 87573; 3.3 s; peak memory 101 MiB.
2026-09-27T22:51:52Z INFO [11/500] 1786f16c-f6f3-4bc6-9ff1-6efe70ebadca: cophenetic index 3057; 0.5 s; peak memory 101 MiB.
2026-09-27T22:51:53Z INFO [12/500] 17875b5f-0738-4179-924f-a9b593135f8f: cophenetic index 3087; 0.5 s; peak memory 101 MiB.
2026-09-27T22:51:54Z INFO [13/500] 1787907b-a0f8-4760-a0d4-2726b0145620: cophenetic index 2570; 0.8 s; peak memory 101 MiB.
2026-09-27T22:51:54Z INFO [14/500] 178795ac-dfba-4cba-988a-17d10c07704c: cophenetic index 2625; 0.8 s; peak memory 101 MiB.
2026-09-27T22:51:55Z INFO [15/500] 17880911-057a-4208-a4f1-746247146b73: cophenetic index 497; 0.4 s; peak memory 101 MiB.
2026-09-27T22:51:55Z INFO [16/500] 17885915-15c9-4d23-99df-9f62b37fd078: cophenetic index 603; 0.5 s; peak memory 101 MiB.
2026-09-27T22:51:56Z INFO [17/500] 1788c538-b37c-4fc9-a421-757949296e7c: cophenetic index 23272; 0.5 s; peak memory 101 MiB.
2026-09-27T22:51:57Z INFO [18/500] 1788d6ba-bc3d-46f7-88e5-62dbe1e66949: cophenetic index 33968; 0.7 s; peak memory 101 MiB.
2026-09-27T22:51:57Z INFO [19/500] 178972e6-94c2-44f9-b024-5dc867225775: cophenetic index 490; 0.4 s; peak memory 101 MiB.
2026-09-27T22:51:57Z INFO [20/500] 1789f489-db7e-4de7-8fb7-a0f2ef37729f: cophenetic index 23364; 0.5 s; peak memory 101 MiB.
2026-09-27T22:51:58Z INFO [21/500] 178a0eb5-b6e7-4143-910f-f1ed034ecc57: cophenetic index 624; 0.5 s; peak memory 101 MiB.
2026-09-27T22:51:59Z INFO [22/500] 178c00d5-4dfe-461f-8cd1-d44daeb26f43: cophenetic index 2625; 0.8 s; peak memory 101 MiB.
2026-09-27T22:51:59Z INFO [23/500] 178c0f52-1401-4232-9b4a-75ad6748eb78: cophenetic index 3004; 0.6 s; peak memory 101 MiB.
2026-09-27T22:52:00Z INFO [24/500] 178c5b33-6e7d-47b4-bc20-82e514f6c1a3: cophenetic index 33977; 0.6 s; peak memory 101 MiB.
2026-09-27T22:52:00Z INFO [25/500] 178d3723-2471-40f3-9ccb-c07c8b321f29: cophenetic index 432; 0.5 s; peak memory 101 MiB.
2026-09-27T22:52:01Z INFO [26/500] 178dc2d0-0c0c-40eb-aa6a-d44231aa16a3: cophenetic index 590; 0.6 s; peak memory 101 MiB.
2026-09-27T22:52:02Z INFO [27/500] 178dce3e-7caa-49d1-9fde-85f0306abe83: cophenetic index 3004; 0.6 s; peak memory 101 MiB.
2026-09-27T22:52:02Z INFO [28/500] 178e2765-4aa3-4aa8-a948-569cab4473bb: cophenetic index 624; 0.7 s; peak memory 101 MiB.
2026-09-27T22:52:07Z INFO [29/500] 178eb95e-683b-4f6c-ae86-ba8d997ef134: cophenetic index 47115; 4.4 s; peak memory 104 MiB.
2026-09-27T22:52:10Z INFO [30/500] 17910083-79e3-4518-a8e6-78ac4e906598: cophenetic index 9548; 3.0 s; peak memory 104 MiB.
2026-09-27T22:52:11Z INFO [31/500] 17910ec5-0a38-44f0-84f4-6b86b19eaa62: cophenetic index 2056; 0.8 s; peak memory 104 MiB.
2026-09-27T22:52:11Z INFO [32/500] 1791d689-9db1-4d75-af5b-95a18de7d0ea: cophenetic index 490; 0.4 s; peak memory 104 MiB.
2026-09-27T22:52:12Z INFO [33/500] 1792ef81-4e05-4fcb-bd24-a7f4384c233b: cophenetic index 2609; 1.3 s; peak memory 104 MiB.
2026-09-27T22:52:13Z INFO [34/500] 1793174e-338e-4bcb-891e-e511f7c668dc: cophenetic index 624; 0.5 s; peak memory 104 MiB.
2026-09-27T22:52:14Z INFO [35/500] 1793ec42-923e-4404-9141-55d54664d53d: cophenetic index 2636; 1.0 s; peak memory 104 MiB.
2026-09-27T22:52:15Z INFO [36/500] 17956f7d-4f7e-4a37-8c64-cc7392f67051: cophenetic index 740; 1.1 s; peak memory 104 MiB.
2026-09-27T22:52:15Z INFO [37/500] 179642e9-4030-413f-bfeb-418c14a04df7: cophenetic index 490; 0.3 s; peak memory 104 MiB.
2026-09-27T22:52:16Z INFO [38/500] 17969f89-0075-4ca2-873b-55c34e108ffe: cophenetic index 33962; 0.9 s; peak memory 104 MiB.
2026-09-27T22:52:16Z INFO [39/500] 17977283-7e1a-4e42-b590-15706726047f: cophenetic index 624; 0.4 s; peak memory 104 MiB.
2026-09-27T22:52:18Z INFO [40/500] 17979c97-2875-4e70-a775-7a370ead3184: cophenetic index 2391; 1.3 s; peak memory 104 MiB.
2026-09-27T22:52:18Z INFO [41/500] 1797cda5-8a20-4cb4-8a14-2db734aa6f5b: cophenetic index 761; 0.4 s; peak memory 104 MiB.
2026-09-27T22:52:19Z INFO [42/500] 1797e2f3-b19c-4d87-b672-d9b72d94be6c: cophenetic index 33986; 0.8 s; peak memory 104 MiB.
2026-09-27T22:52:19Z INFO [43/500] 17980157-75e1-40e6-94d1-fed01e59442d: cophenetic index 624; 0.5 s; peak memory 104 MiB.
2026-09-27T22:52:20Z INFO [44/500] 17991ad0-d93a-4da6-ab3a-7f1ac9f10566: cophenetic index 690; 0.4 s; peak memory 104 MiB.
2026-09-27T22:52:20Z INFO [45/500] 17993bd5-13e9-4d9c-ab7e-54165935ad7a: cophenetic index 2920; 0.4 s; peak memory 104 MiB.
2026-09-27T22:52:21Z INFO [46/500] 179954eb-71e0-4d1a-8601-a0480149600f: cophenetic index 3004; 0.5 s; peak memory 104 MiB.
2026-09-27T22:52:21Z INFO [47/500] 179a9749-f5fa-488a-b679-2dbe74731657: cophenetic index 581; 0.7 s; peak memory 104 MiB.
2026-09-27T22:52:22Z INFO [48/500] 179aa07d-33af-4f7d-a53a-b948d24a8595: cophenetic index 649; 0.7 s; peak memory 104 MiB.
2026-09-27T22:52:23Z INFO [49/500] 179ae96b-a10c-4336-a546-c0b3508b6a9e: cophenetic index 959; 1.0 s; peak memory 104 MiB.
2026-09-27T22:52:24Z INFO [50/500] 179b6eb4-a194-4713-9593-cacc99c6cffa: cophenetic index 23436; 0.7 s; peak memory 104 MiB.
2026-09-27T22:52:24Z INFO [50/500] 179b6eb4-a194-4713-9593-cacc99c6cffa: checkpointed 57494 records.
2026-09-27T22:52:24Z INFO [51/500] 179b92f6-291a-4bff-87cb-cff73e5fd44b: cophenetic index 624; 0.5 s; peak memory 104 MiB.
2026-09-27T22:52:26Z INFO [52/500] 179b9986-69f6-4b4a-9c02-181cf240d029: cophenetic index 2069; 1.4 s; peak memory 104 MiB.
2026-09-27T22:52:26Z INFO [53/500] 179baa0e-7a4f-4166-9a0d-41dd792d89d4: cophenetic index 761; 0.3 s; peak memory 104 MiB.
2026-09-27T22:52:27Z INFO [54/500] 179bdd7d-99b5-4a5b-946f-9a174b56d361: cophenetic index 1087; 0.7 s; peak memory 104 MiB.
2026-09-27T22:52:30Z INFO [55/500] 179c0a92-a999-414a-bfc0-7a4a3138ba05: cophenetic index 9548; 3.1 s; peak memory 104 MiB.
2026-09-27T22:52:30Z INFO [56/500] 179d1208-e00b-45ad-a947-896d4eb71958: cophenetic index 2625; 0.6 s; peak memory 104 MiB.
2026-09-27T22:52:31Z INFO [57/500] 179e1a9d-176f-488b-9d1a-cbe0e49f695b: cophenetic index 2625; 0.6 s; peak memory 104 MiB.
2026-09-27T22:52:35Z INFO [58/500] 179ec1d9-7aef-4689-b03e-eb6bb35e65dd: cophenetic index 30343; 4.5 s; peak memory 104 MiB.
2026-09-27T22:52:36Z INFO [59/500] 179f3342-342b-4ccc-ae9c-c90c4f94f951: cophenetic index 624; 0.5 s; peak memory 104 MiB.
2026-09-27T22:52:37Z INFO [60/500] 179f4cfb-f778-447b-9ac7-b495fb37ccd1: cophenetic index 2974; 0.5 s; peak memory 104 MiB.
2026-09-27T22:52:37Z INFO [61/500] 179f5856-491f-472a-8604-c2845bc28406: cophenetic index 3004; 0.4 s; peak memory 104 MiB.
2026-09-27T22:52:38Z INFO [62/500] 179f7cfb-a161-4df8-8296-134be749b68b: cophenetic index 23853; 0.8 s; peak memory 104 MiB.
2026-09-27T22:52:38Z INFO [63/500] 179fdea8-cb81-45e3-8da4-cb53242fc8f6: cophenetic index 624; 0.5 s; peak memory 104 MiB.
2026-09-27T22:52:39Z INFO [64/500] 17a0d516-dd4e-4be3-a4de-36879e7ab0a3: cophenetic index 3004; 0.5 s; peak memory 104 MiB.
2026-09-27T22:52:39Z INFO [65/500] 17a0d71d-5e29-4564-899f-9b3883ac9690: cophenetic index 431; 0.5 s; peak memory 104 MiB.
2026-09-27T22:52:40Z INFO [66/500] 17a202b7-229f-4d39-9025-1cd37707bdaf: cophenetic index 2132; 0.7 s; peak memory 104 MiB.
2026-09-27T22:52:40Z INFO [67/500] 17a413fa-529a-4f69-b202-9359bb3d8820: cophenetic index 579; 0.3 s; peak memory 104 MiB.
2026-09-27T22:52:44Z INFO [68/500] 17a4bca4-dcb4-4d02-ac1a-9b09cef3503a: cophenetic index 33579; 3.7 s; peak memory 104 MiB.
2026-09-27T22:52:45Z WARNING 17a546c4-6425-4c56-a43e-9f9f272d299c: failed while reading the NWB file (KeyError: 'Unable to synchronously open object (component not found)')
2026-09-27T22:52:45Z WARNING [69/500] 17a546c4-6425-4c56-a43e-9f9f272d299c: leaving unrecorded for a later run to retry.
2026-09-27T22:52:46Z INFO [70/500] 17a602dd-595a-42fa-9c9a-58e022af6ba1: cophenetic index 2654; 0.9 s; peak memory 104 MiB.
2026-09-27T22:52:46Z INFO [71/500] 17a665cd-0f01-48a7-8748-cb4d63101527: cophenetic index 797; 0.7 s; peak memory 104 MiB.
2026-09-27T22:52:47Z INFO [72/500] 17a66611-1534-44c6-9146-820c94cd44b7: cophenetic index 624; 0.6 s; peak memory 104 MiB.
2026-09-27T22:52:47Z INFO [73/500] 17a7bb41-0e40-4305-abcd-d866d42385ec: cophenetic index 1949; 0.5 s; peak memory 104 MiB.
2026-09-27T22:52:48Z INFO [74/500] 17a7d574-a6d4-4459-a175-49600039710f: cophenetic index 3004; 0.5 s; peak memory 104 MiB.
2026-09-27T22:52:48Z INFO [75/500] 17a99124-b43c-4763-bafe-39d148fc37d1: cophenetic index 3004; 0.5 s; peak memory 104 MiB.
2026-09-27T22:52:51Z INFO [76/500] 17a9cc60-df4a-4174-a564-ba5ee9aad021: cophenetic index 30441; 2.3 s; peak memory 104 MiB.
2026-09-27T22:52:52Z INFO [77/500] 17a9daba-c276-4a0b-810e-35639e4cf333: cophenetic index 5473; 1.6 s; peak memory 104 MiB.
2026-09-27T22:52:53Z INFO [78/500] 17aaa6ba-143b-4625-b7bd-280c7211a216: cophenetic index 3004; 0.5 s; peak memory 104 MiB.
2026-09-27T22:52:53Z INFO [79/500] 17ac3a1d-5651-427c-9af9-bc17a071c528: cophenetic index 1087; 0.6 s; peak memory 104 MiB.
2026-09-27T22:52:54Z INFO [80/500] 17ac42bc-fa89-4bd2-a32c-05a9e68ddb9c: cophenetic index 624; 0.5 s; peak memory 104 MiB.
2026-09-27T22:52:55Z INFO [81/500] 17ac8192-5d29-4934-8dbf-f6a90c34cdea: cophenetic index 2625; 0.6 s; peak memory 104 MiB.
2026-09-27T22:52:55Z INFO [82/500] 17ac83e1-900a-43d1-8d63-5b8c5c733000: cophenetic index 624; 0.5 s; peak memory 104 MiB.
2026-09-27T22:52:58Z INFO [83/500] 17ad5467-d085-40d2-94d5-2218410a8785: cophenetic index 9548; 2.7 s; peak memory 104 MiB.
2026-09-27T22:53:02Z INFO [84/500] 17ad9637-6596-4b1b-bd19-653d10f5f1d0: cophenetic index 142982; 4.0 s; peak memory 108 MiB.
2026-09-27T22:53:02Z INFO [85/500] 17adad4c-74ea-4099-b71e-c5b06510ab26: cophenetic index 3004; 0.6 s; peak memory 108 MiB.
2026-09-27T22:53:03Z INFO [86/500] 17ae0a63-7bc5-47ec-8ca5-c3814e1d3ec0: cophenetic index 649; 0.6 s; peak memory 108 MiB.
2026-09-27T22:53:03Z INFO [87/500] 17ae7d88-d045-4244-875d-a3dfdd2ca9da: cophenetic index 739; 0.3 s; peak memory 108 MiB.
2026-09-27T22:53:07Z INFO [88/500] 17af22ef-709b-43d1-b46d-b23f7c0b0214: cophenetic index 87573; 3.5 s; peak memory 108 MiB.
2026-09-27T22:53:07Z INFO [89/500] 17af7031-2339-447b-9b30-ec62e1a0e3ca: cophenetic index 624; 0.4 s; peak memory 108 MiB.
2026-09-27T22:53:08Z INFO [90/500] 17b1d1a9-5b06-4417-a51b-434d2fafeead: cophenetic index 624; 0.5 s; peak memory 108 MiB.
2026-09-27T22:53:08Z INFO [91/500] 17b28337-d0f7-412b-b9ba-74555a8c7ad7: cophenetic index 624; 0.5 s; peak memory 108 MiB.
2026-09-27T22:53:18Z INFO [92/500] 17b304b0-7b81-4a5c-8794-3e3df673c7c4: cophenetic index 153159; 9.7 s; peak memory 120 MiB.
2026-09-27T22:53:19Z INFO [93/500] 17b3a395-0648-4e1e-9fff-9e7c55a77f22: cophenetic index 2625; 0.7 s; peak memory 120 MiB.
2026-09-27T22:53:19Z INFO [94/500] 17b3adde-0d0f-4fad-a6a8-a502fc318737: cophenetic index 33998; 0.8 s; peak memory 120 MiB.
2026-09-27T22:53:20Z INFO [95/500] 17b3b76b-3dfa-4912-8c4b-ee939cfe77b5: cophenetic index 2053; 1.1 s; peak memory 120 MiB.
2026-09-27T22:53:21Z INFO [96/500] 17b44218-171a-4790-9871-c1965aea5829: cophenetic index 624; 0.5 s; peak memory 120 MiB.
2026-09-27T22:53:32Z INFO [97/500] 17b4807f-5cb4-4437-9da3-84f6110a1b67: cophenetic index 372899; 10.7 s; peak memory 120 MiB.
2026-09-27T22:53:33Z INFO [98/500] 17b4f509-a83e-4982-b318-426ea608c3cc: cophenetic index 2469; 1.4 s; peak memory 120 MiB.
2026-09-27T22:53:33Z INFO [99/500] 17b4fe75-7c43-497b-b5dc-18784e3c9ae7: cophenetic index 3004; 0.5 s; peak memory 120 MiB.
2026-09-27T22:53:34Z INFO [100/500] 17b564e2-9529-4abb-b7f6-11f8892101a3: cophenetic index 23379; 0.5 s; peak memory 120 MiB.
2026-09-27T22:53:34Z INFO [100/500] 17b564e2-9529-4abb-b7f6-11f8892101a3: checkpointed 57543 records.
2026-09-27T22:53:35Z INFO [101/500] 17b61141-dd78-441c-8ea7-09ea181b7a68: cophenetic index 624; 0.6 s; peak memory 120 MiB.
2026-09-27T22:53:35Z INFO [102/500] 17b6bdd1-50a8-4066-82a6-b67335d8e240: cophenetic index 624; 0.7 s; peak memory 120 MiB.
2026-09-27T22:53:36Z INFO [103/500] 17b71ed0-9aa6-49df-a9ab-4d99483c6926: cophenetic index 490; 0.3 s; peak memory 120 MiB.
2026-09-27T22:53:36Z INFO [104/500] 17b7261b-2ed4-42e4-ba73-928da3dded2e: cophenetic index 624; 0.6 s; peak memory 120 MiB.
2026-09-27T22:53:37Z INFO [105/500] 17b72691-a47b-4ffb-b82c-0ff7ef52ea59: cophenetic index 624; 0.5 s; peak memory 120 MiB.
2026-09-27T22:53:37Z INFO [106/500] 17b7ba05-8170-4d99-be0f-4e2631be377d: cophenetic index 1228; 0.3 s; peak memory 120 MiB.
2026-09-27T22:53:41Z INFO [107/500] 17b842a0-0492-40d0-ae02-bfa4bccf9aa7: cophenetic index 94684; 3.7 s; peak memory 120 MiB.
2026-09-27T22:53:41Z INFO [108/500] 17b8dbee-2a24-4297-8c69-8885b83669ff: cophenetic index 624; 0.6 s; peak memory 120 MiB.
2026-09-27T22:53:42Z INFO [109/500] 17b938f7-df9f-4a8c-87c2-0cc7c1ecdf00: cophenetic index 624; 0.6 s; peak memory 120 MiB.
2026-09-27T22:53:43Z INFO [110/500] 17b9858a-a123-4adb-a4e4-ab4e2e163cb8: cophenetic index 431; 0.6 s; peak memory 120 MiB.
2026-09-27T22:53:43Z INFO [111/500] 17b98734-de00-4129-b709-42a1e72b3ce3: cophenetic index 3004; 0.5 s; peak memory 120 MiB.
2026-09-27T22:53:49Z INFO [112/500] 17bb3b1a-ce96-40c2-8939-c489d379e0b4: cophenetic index 236884; 5.9 s; peak memory 120 MiB.
2026-09-27T22:53:50Z INFO [113/500] 17bdb66c-f195-4c38-90ed-0dd255c8308e: cophenetic index 624; 0.5 s; peak memory 120 MiB.
2026-09-27T22:53:50Z INFO [114/500] 17befbb2-a423-4e66-96a2-37b19d5ad580: cophenetic index 2893; 0.4 s; peak memory 120 MiB.
2026-09-27T22:53:53Z INFO [115/500] 17bfc3a4-feff-464f-aad7-1becc40a42c4: cophenetic index 101860; 3.1 s; peak memory 120 MiB.
2026-09-27T22:53:53Z INFO [116/500] 17c06e72-94f0-47f4-a56b-a4f0d1393f6e: cophenetic index 751; 0.3 s; peak memory 120 MiB.
2026-09-27T22:53:54Z INFO [117/500] 17c07646-5350-45c5-8242-49b4b88fbf7e: cophenetic index 624; 0.4 s; peak memory 120 MiB.
2026-09-27T22:53:58Z INFO [118/500] 17c37e6b-aadc-4eec-8846-26c13cdf720d: cophenetic index 250298; 4.2 s; peak memory 120 MiB.
2026-09-27T22:54:00Z INFO [119/500] 17c52716-2b62-44c5-ac4a-b8510df3a1bf: cophenetic index 1255; 1.6 s; peak memory 120 MiB.
2026-09-27T22:54:01Z INFO [120/500] 17c5a306-e22e-4b66-bef6-0bfd72e57c27: cophenetic index 99150; 1.1 s; peak memory 120 MiB.
2026-09-27T22:54:02Z INFO [121/500] 17c5ab4c-5efe-4728-8860-69588b8be7fd: cophenetic index 850; 0.8 s; peak memory 120 MiB.
2026-09-27T22:54:06Z INFO [122/500] 17c6c0d1-91b8-4a0a-893b-0355150eaa9a: cophenetic index 29624; 3.9 s; peak memory 120 MiB.
2026-09-27T22:54:06Z INFO [123/500] 17c6d78a-a99e-4406-a8cd-ff5bb89439a3: cophenetic index 605; 0.7 s; peak memory 120 MiB.
2026-09-27T22:54:09Z INFO [124/500] 17c7a836-64d7-4679-8eda-4db61a6bbb0c: cophenetic index 44438; 2.6 s; peak memory 120 MiB.
2026-09-27T22:54:09Z INFO [125/500] 17c7a904-5dd6-4e39-81c6-66902a922e6d: cophenetic index 23364; 0.6 s; peak memory 120 MiB.
2026-09-27T22:54:10Z INFO [126/500] 17ca4ae5-f6b5-4cdf-bdfe-bda7476df3a5: cophenetic index 1025; 0.6 s; peak memory 120 MiB.
2026-09-27T22:54:11Z INFO [127/500] 17cbaf43-0b2e-48ae-b1ac-037408f5714d: cophenetic index 2402; 1.2 s; peak memory 120 MiB.
2026-09-27T22:54:12Z INFO [128/500] 17cc754b-0a6e-4cf3-b3d5-ffd4d79f7bad: cophenetic index 23388; 0.8 s; peak memory 120 MiB.
2026-09-27T22:54:15Z INFO [129/500] 17cd3cf5-4640-498b-b2ef-7f91afcb2c79: cophenetic index 43123; 2.8 s; peak memory 120 MiB.
2026-09-27T22:54:15Z INFO [130/500] 17cd7925-ad49-4774-9ec6-555b027f8937: cophenetic index 560; 0.3 s; peak memory 120 MiB.
2026-09-27T22:54:16Z INFO [131/500] 17ce1f3c-df6a-4d46-bf28-48debca42d2e: cophenetic index 1087; 0.7 s; peak memory 120 MiB.
2026-09-27T22:54:18Z INFO [132/500] 17ce8da0-1bae-4346-9bd4-e73f6b85f492: cophenetic index 19806; 2.0 s; peak memory 120 MiB.
2026-09-27T22:54:18Z INFO [133/500] 17cef42d-632b-4b4c-8757-c52def6a3f28: cophenetic index 3004; 0.4 s; peak memory 120 MiB.
2026-09-27T22:54:19Z INFO [134/500] 17cef94f-4937-45a2-a151-3a0c561884c8: cophenetic index 33962; 0.8 s; peak memory 120 MiB.
2026-09-27T22:54:19Z INFO [135/500] 17cf4dba-eb70-429b-b4d9-2cf511e1aba2: cophenetic index 490; 0.3 s; peak memory 120 MiB.
2026-09-27T22:54:20Z INFO [136/500] 17cfeca5-fc7f-474e-bb60-e77a82f456e0: cophenetic index 2496; 0.7 s; peak memory 120 MiB.
2026-09-27T22:54:21Z INFO [137/500] 17d0bff2-34f9-4af0-b723-00c8c87a3b51: cophenetic index 626; 0.7 s; peak memory 120 MiB.
2026-09-27T22:54:21Z INFO [138/500] 17d0cc4c-7fc3-4a0f-848f-c80f7014f0b1: cophenetic index 624; 0.4 s; peak memory 120 MiB.
2026-09-27T22:54:22Z INFO [139/500] 17d17850-047f-4bd0-a9e1-d7769cb88f6d: cophenetic index 624; 0.5 s; peak memory 120 MiB.
2026-09-27T22:54:23Z INFO [140/500] 17d26973-4beb-41bb-873b-f80d6b999ff4: cophenetic index 2682; 1.1 s; peak memory 120 MiB.
2026-09-27T22:54:23Z INFO [141/500] 17d45264-e389-466f-8138-3b98bc973598: cophenetic index 581; 0.5 s; peak memory 120 MiB.
2026-09-27T22:54:24Z INFO [142/500] 17d6ccd1-08ee-4810-b7b6-690d4440f766: cophenetic index 1651; 1.2 s; peak memory 120 MiB.
2026-09-27T22:54:28Z INFO [143/500] 17d74085-5baf-4693-b064-6a33ec3fabf5: cophenetic index 59338; 3.2 s; peak memory 120 MiB.
2026-09-27T22:54:28Z INFO [144/500] 17d7c7bd-e513-467a-aa2a-624451c2f655: cophenetic index 560; 0.4 s; peak memory 120 MiB.
2026-09-27T22:54:29Z INFO [145/500] 17d86bb2-3772-4455-8b42-75787acbba5d: cophenetic index 625; 0.7 s; peak memory 120 MiB.
2026-09-27T22:54:29Z INFO [146/500] 17d9434b-348e-4ae1-9201-53ac521c9b95: cophenetic index 624; 0.4 s; peak memory 120 MiB.
2026-09-27T22:54:30Z INFO [147/500] 17d9680d-6569-495a-bdb5-7292237fa978: cophenetic index 3012; 0.4 s; peak memory 120 MiB.
2026-09-27T22:54:30Z INFO [148/500] 17d96ad0-15f8-4697-84f5-9e6e49592034: cophenetic index 739; 0.4 s; peak memory 120 MiB.
2026-09-27T22:54:30Z INFO [149/500] 17d9c558-31f2-4855-bfbf-87c987bc63bd: cophenetic index 3215; 0.4 s; peak memory 120 MiB.
2026-09-27T22:54:31Z INFO [150/500] 17da07da-cfd8-4db0-96b5-26e6f1648a39: cophenetic index 5436; 0.9 s; peak memory 120 MiB.
2026-09-27T22:54:31Z INFO [150/500] 17da07da-cfd8-4db0-96b5-26e6f1648a39: checkpointed 57593 records.
2026-09-27T22:54:32Z INFO [151/500] 17daa063-07c7-47c2-851e-07743f6e909a: cophenetic index 6598; 0.6 s; peak memory 120 MiB.
2026-09-27T22:54:33Z INFO [152/500] 17dbe7cf-0de1-4f32-8489-ecb17a43b653: cophenetic index 3004; 0.8 s; peak memory 120 MiB.
2026-09-27T22:54:35Z INFO [153/500] 17dd7f40-ac89-4814-b742-2f318332bb23: cophenetic index 2333; 2.3 s; peak memory 120 MiB.
2026-09-27T22:54:36Z INFO [154/500] 17decbfa-40fb-40f1-8e60-5c65b91399df: cophenetic index 1087; 0.7 s; peak memory 120 MiB.
2026-09-27T22:54:36Z INFO [155/500] 17e0a5b5-e32d-43ef-b0c9-2260071af65f: cophenetic index 431; 0.3 s; peak memory 120 MiB.
2026-09-27T22:54:37Z INFO [156/500] 17e0bd35-3ca6-4e26-824f-d6b1299f42d5: cophenetic index 649; 0.5 s; peak memory 120 MiB.
2026-09-27T22:54:37Z INFO [157/500] 17e156b3-a764-41ca-acea-6902738b2743: cophenetic index 33998; 0.8 s; peak memory 120 MiB.
2026-09-27T22:54:38Z INFO [158/500] 17e1b3f7-f661-4a90-97ce-94acc1a545db: cophenetic index 624; 0.6 s; peak memory 120 MiB.
2026-09-27T22:54:42Z INFO [159/500] 17e22c51-112f-44d6-b4aa-1f50c743f0b5: cophenetic index 178734; 4.1 s; peak memory 120 MiB.
2026-09-27T22:54:44Z INFO [160/500] 17e23efc-7a25-4ca8-93e4-e0bdb22ae5bd: cophenetic index 2236; 1.6 s; peak memory 120 MiB.
2026-09-27T22:54:47Z INFO [161/500] 17e32568-6e1e-4367-a749-dd91d5aea64b: cophenetic index 9548; 3.0 s; peak memory 120 MiB.
2026-09-27T22:54:47Z INFO [162/500] 17e3b116-2eea-474d-a46e-7c6d386551e4: cophenetic index 624; 0.5 s; peak memory 120 MiB.
2026-09-27T22:54:48Z INFO [163/500] 17e3d3d8-8310-495e-a2ed-0dfd43347969: cophenetic index 624; 0.5 s; peak memory 120 MiB.
2026-09-27T22:54:48Z INFO [164/500] 17e41d93-d32c-47c1-a074-3f0cd38cd9c0: cophenetic index 624; 0.6 s; peak memory 120 MiB.
2026-09-27T22:54:49Z INFO [165/500] 17e4cd0c-f266-43c5-a366-fac76c9fd407: cophenetic index 624; 0.7 s; peak memory 120 MiB.
2026-09-27T22:54:50Z INFO [166/500] 17e54b5e-59ef-491e-bf24-95f4d30606b3: cophenetic index 33968; 0.8 s; peak memory 120 MiB.
2026-09-27T22:54:55Z INFO [167/500] 17e55d2f-0dba-4949-b09d-407c559ac95b: cophenetic index 79884; 5.5 s; peak memory 120 MiB.
2026-09-27T22:54:56Z INFO [168/500] 17e5a46e-44b3-4631-8bd5-ab81ede2648b: cophenetic index 605; 0.6 s; peak memory 120 MiB.
2026-09-27T22:54:56Z INFO [169/500] 17e6481c-814d-454d-8eff-6aa80e5c35b8: cophenetic index 1544; 0.5 s; peak memory 120 MiB.
2026-09-27T22:54:58Z INFO [170/500] 17e76508-9056-4264-92ad-42b3d7d18818: cophenetic index 4015; 1.3 s; peak memory 120 MiB.
2026-09-27T22:55:00Z INFO [171/500] 17e84773-8af2-481e-b364-4d45a8dc2b16: cophenetic index 46973; 2.9 s; peak memory 120 MiB.
2026-09-27T22:55:01Z INFO [172/500] 17e9612c-7e4d-4798-8a73-2408aff29329: cophenetic index 624; 0.4 s; peak memory 120 MiB.
2026-09-27T22:55:01Z INFO [173/500] 17e9b4cc-05a6-4fa5-8b32-33f5764b1958: cophenetic index 431; 0.6 s; peak memory 120 MiB.
2026-09-27T22:55:02Z INFO [174/500] 17ea0980-62f1-4322-a743-94b2e6babd6c: cophenetic index 2625; 0.8 s; peak memory 120 MiB.
2026-09-27T22:55:03Z INFO [175/500] 17ea1b97-28d3-4f20-957c-3ad1f2b64f89: cophenetic index 624; 0.4 s; peak memory 120 MiB.
2026-09-27T22:55:03Z INFO [176/500] 17ea460e-80cc-42e5-b54d-eca30bc58ee7: cophenetic index 2625; 0.7 s; peak memory 120 MiB.
2026-09-27T22:55:04Z INFO [177/500] 17eaa56b-0773-4bc2-9a41-e534d9a88541: cophenetic index 649; 0.5 s; peak memory 120 MiB.
2026-09-27T22:55:04Z INFO [178/500] 17eab803-cfb2-47e3-8809-42b95911c17e: cophenetic index 1949; 0.5 s; peak memory 120 MiB.
2026-09-27T22:55:05Z INFO [179/500] 17eadca4-56fe-4b9c-bb96-7cc1ce6375bd: cophenetic index 3087; 0.4 s; peak memory 120 MiB.
2026-09-27T22:55:05Z INFO [180/500] 17eb0b52-ba81-4400-b941-d0628960bf2b: cophenetic index 3004; 0.5 s; peak memory 120 MiB.
2026-09-27T22:55:06Z INFO [181/500] 17ebb57e-48e9-401c-9aa6-7aefe4986d2c: cophenetic index 33968; 0.7 s; peak memory 120 MiB.
2026-09-27T22:55:06Z INFO [182/500] 17ec19d2-a575-49b5-81bb-ba43cbcc7223: cophenetic index 3972; 0.6 s; peak memory 120 MiB.
2026-09-27T22:55:08Z INFO [183/500] 17ec775f-7f37-4b0f-a561-bf9dc5a8c60a: cophenetic index 3698; 1.6 s; peak memory 120 MiB.
2026-09-27T22:55:08Z INFO [184/500] 17ed5895-6cb1-43da-a9e5-942d231fed18: cophenetic index 624; 0.4 s; peak memory 120 MiB.
2026-09-27T22:55:09Z INFO [185/500] 17edf018-04f3-4ed4-8bb3-b794bcef3f4e: cophenetic index 624; 0.6 s; peak memory 120 MiB.
2026-09-27T22:55:10Z INFO [186/500] 17ee2327-1390-4ef5-b053-346ccbe837e9: cophenetic index 2402; 1.3 s; peak memory 120 MiB.
2026-09-27T22:55:11Z INFO [187/500] 17ee8e21-e1b5-49a9-a62c-5eed78440df6: cophenetic index 41788; 0.9 s; peak memory 120 MiB.
2026-09-27T22:55:12Z INFO [188/500] 17eec8d2-a1f7-4bfa-9521-8d44d28b24a4: cophenetic index 2682; 0.9 s; peak memory 120 MiB.
2026-09-27T22:55:13Z INFO [189/500] 17ef1cf9-7d77-4931-9359-445cb321769f: cophenetic index 33962; 0.8 s; peak memory 120 MiB.
2026-09-27T22:55:13Z INFO [190/500] 17ef2f5b-6667-4228-b96a-228333c551ac: cophenetic index 624; 0.5 s; peak memory 120 MiB.
2026-09-27T22:55:14Z INFO [191/500] 17f01313-d97c-4096-8147-bb77cdaf014c: cophenetic index 641; 0.4 s; peak memory 120 MiB.
2026-09-27T22:55:14Z INFO [192/500] 17f0fd66-521b-496e-9542-093420ed4f51: cophenetic index 624; 0.5 s; peak memory 120 MiB.
2026-09-27T22:55:15Z INFO [193/500] 17f1caa2-704b-459f-a886-6c5d14e85158: cophenetic index 624; 0.6 s; peak memory 120 MiB.
2026-09-27T22:55:15Z INFO [194/500] 17f1e515-e49e-4c72-aa38-fa237c879dbe: cophenetic index 605; 0.6 s; peak memory 120 MiB.
2026-09-27T22:55:16Z INFO [195/500] 17f32f77-46fc-4aed-af9d-f1e4d31db191: cophenetic index 1049; 0.8 s; peak memory 120 MiB.
2026-09-27T22:55:17Z INFO [196/500] 17f41f93-02a1-45fc-a9fb-a2b709bbe77b: cophenetic index 1651; 1.1 s; peak memory 120 MiB.
2026-09-27T22:55:18Z INFO [197/500] 17f672e1-4032-4fb9-a6c8-60722385ed59: cophenetic index 797; 0.9 s; peak memory 120 MiB.
2026-09-27T22:55:19Z INFO [198/500] 17f6c754-a91d-4240-af00-5d17fb7d7daa: cophenetic index 3004; 0.5 s; peak memory 120 MiB.
2026-09-27T22:55:19Z INFO [199/500] 17f6cef5-b1b3-4aae-8363-3e93b60dd9c6: cophenetic index 490; 0.2 s; peak memory 120 MiB.
2026-09-27T22:55:20Z INFO [200/500] 17f6daef-65fc-4b9d-8327-4652c06d7574: cophenetic index 624; 0.6 s; peak memory 120 MiB.
2026-09-27T22:55:20Z INFO [200/500] 17f6daef-65fc-4b9d-8327-4652c06d7574: checkpointed 57643 records.
2026-09-27T22:55:21Z INFO [201/500] 17f94871-300c-416d-9e7c-ff78845ac92e: cophenetic index 99114; 1.0 s; peak memory 120 MiB.
2026-09-27T22:55:22Z INFO [202/500] 17fa706f-c757-40b0-a9db-59d1faa90463: cophenetic index 2019; 1.3 s; peak memory 120 MiB.
2026-09-27T22:55:22Z INFO [203/500] 17fad35c-831d-4093-8a82-97ee01a19e40: cophenetic index 624; 0.4 s; peak memory 120 MiB.
2026-09-27T22:55:23Z INFO [204/500] 17fb476a-ae41-4182-a0a2-475c4239f26b: cophenetic index 608; 0.5 s; peak memory 120 MiB.
2026-09-27T22:55:23Z INFO [205/500] 17fb4a1d-85ef-4a1f-91d7-64b7dbe3163f: cophenetic index 448; 0.5 s; peak memory 120 MiB.
2026-09-27T22:55:24Z INFO [206/500] 17fbd419-6623-4a34-bedf-bf21b143cca9: cophenetic index 624; 0.5 s; peak memory 120 MiB.
2026-09-27T22:55:24Z INFO [207/500] 17fbd9b7-c697-4d22-a799-1b3f881d22bf: cophenetic index 624; 0.5 s; peak memory 120 MiB.
2026-09-27T22:55:43Z INFO [208/500] 17fbda5f-290e-4683-ac12-cfe5a0bf3046: cophenetic index 9704372; 18.9 s; peak memory 193 MiB.
2026-09-27T22:55:50Z INFO [209/500] 17fcbd97-1d10-4ba6-b73b-912680c03c0c: cophenetic index 68857301; 6.8 s; peak memory 210 MiB.
2026-09-27T22:55:51Z INFO [210/500] 17fed547-6947-449f-9585-6ea9658baa8c: cophenetic index 791; 0.8 s; peak memory 210 MiB.
2026-09-27T22:55:52Z INFO [211/500] 17ff26b3-34ee-4dca-a230-3df6a5f2b97a: cophenetic index 99810; 1.4 s; peak memory 210 MiB.
2026-09-27T22:55:53Z INFO [212/500] 17ff2c00-446e-458e-a46d-a40699a0d74c: cophenetic index 2625; 0.8 s; peak memory 210 MiB.
2026-09-27T22:55:54Z INFO [213/500] 1800e462-d0fa-4750-a398-7c594619833f: cophenetic index 490; 0.4 s; peak memory 210 MiB.
2026-09-27T22:55:54Z INFO [214/500] 18021f3f-8bef-466c-9003-db9230c0ec67: cophenetic index 2724; 0.5 s; peak memory 210 MiB.
2026-09-27T22:55:55Z INFO [215/500] 18026264-a0a4-4e59-b981-f46f9220dbac: cophenetic index 3004; 0.5 s; peak memory 210 MiB.
2026-09-27T22:55:55Z INFO [216/500] 1802b6d4-ad46-4d77-aae1-10030e20250c: cophenetic index 624; 0.4 s; peak memory 210 MiB.
2026-09-27T22:55:58Z INFO [217/500] 1802ee4c-410f-4e4c-9345-088b73a63e18: cophenetic index 61773; 3.0 s; peak memory 210 MiB.
2026-09-27T22:56:01Z INFO [218/500] 18036ceb-0e6b-42e8-997e-e1a222153593: cophenetic index 90810; 2.8 s; peak memory 210 MiB.
2026-09-27T22:56:01Z INFO [219/500] 1804dddf-ca2c-4b68-be42-b898e322cd6c: cophenetic index 649; 0.5 s; peak memory 210 MiB.
2026-09-27T22:56:02Z INFO [220/500] 18051030-af3f-48a7-bd03-ab528765fced: cophenetic index 1087; 1.0 s; peak memory 210 MiB.
2026-09-27T22:56:03Z INFO [221/500] 18056633-5c59-41fd-99ae-1dc81d68a0b7: cophenetic index 624; 0.6 s; peak memory 210 MiB.
2026-09-27T22:56:03Z INFO [222/500] 18057dcd-d6fd-4f9f-8384-6156ab991d0e: cophenetic index 592; 0.4 s; peak memory 210 MiB.
2026-09-27T22:56:07Z INFO [223/500] 18079924-c019-45eb-82d2-9e62576c01f1: cophenetic index 12100; 4.2 s; peak memory 210 MiB.
2026-09-27T22:56:08Z INFO [224/500] 1808c04e-83bb-486a-826f-f9bf2f7e9d04: cophenetic index 1265; 0.4 s; peak memory 210 MiB.
2026-09-27T22:56:10Z INFO [225/500] 1808ca2b-6577-4297-80e1-9ba7ad0156fc: cophenetic index 87401; 2.4 s; peak memory 210 MiB.
2026-09-27T22:56:11Z INFO [226/500] 1809032f-9b97-4667-8195-17f501888f4d: cophenetic index 624; 0.5 s; peak memory 210 MiB.
2026-09-27T22:56:11Z INFO [227/500] 1809fd7f-7308-4bd8-b2f3-19c0e440865c: cophenetic index 3087; 0.5 s; peak memory 210 MiB.
2026-09-27T22:56:12Z INFO [228/500] 180a49e1-0ed7-438e-90ff-b3f67f791b7b: cophenetic index 26986; 0.7 s; peak memory 210 MiB.
2026-09-27T22:56:12Z INFO [229/500] 180a697e-6c28-458f-82cf-377ed4dd173f: cophenetic index 2974; 0.5 s; peak memory 210 MiB.
2026-09-27T22:56:13Z INFO [230/500] 180b0647-18a9-4f8b-bd12-92d34f42f46f: cophenetic index 490; 0.2 s; peak memory 210 MiB.
2026-09-27T22:56:14Z INFO [231/500] 180bbbae-fe7b-45ce-b2c1-633a42ae8abb: cophenetic index 34658; 1.2 s; peak memory 210 MiB.
2026-09-27T22:56:15Z INFO [232/500] 180bc92a-252e-4420-b109-12f7eba111e0: cophenetic index 624; 0.5 s; peak memory 210 MiB.
2026-09-27T22:56:15Z INFO [233/500] 180c314a-ee6f-4843-8e0d-4d28e23fa94d: cophenetic index 490; 0.3 s; peak memory 210 MiB.
2026-09-27T22:56:15Z INFO [234/500] 180cf4cd-4004-4df1-8a80-a8389fcaff01: cophenetic index 490; 0.3 s; peak memory 210 MiB.
2026-09-27T22:56:18Z INFO [235/500] 180d7ec6-0501-4d04-a81c-b5a8984826e0: cophenetic index 20638; 2.4 s; peak memory 210 MiB.
2026-09-27T22:56:21Z INFO [236/500] 180dc0b0-c841-4b13-a308-bc83a8d21aa3: cophenetic index 6715; 3.4 s; peak memory 210 MiB.
2026-09-27T22:56:22Z INFO [237/500] 180e46a5-b772-4d85-9742-483a025baed0: cophenetic index 2682; 1.0 s; peak memory 210 MiB.
2026-09-27T22:56:23Z INFO [238/500] 180e48e1-7fbb-49d6-8212-e655ccbb0111: cophenetic index 2625; 0.9 s; peak memory 210 MiB.
2026-09-27T22:56:23Z INFO [239/500] 180ef678-12c9-4c42-a67c-ede6f22e7ecb: cophenetic index 624; 0.5 s; peak memory 210 MiB.
2026-09-27T22:56:25Z INFO [240/500] 180f376e-d5c7-4613-987f-d0ec6f6b69cf: cophenetic index 3890; 1.5 s; peak memory 210 MiB.
2026-09-27T22:56:25Z INFO [241/500] 180f6f20-c7fb-47ef-bf71-0063fc014a23: cophenetic index 3004; 0.5 s; peak memory 210 MiB.
2026-09-27T22:56:26Z INFO [242/500] 180fed7d-1994-4af4-bb38-047e8f9b6708: cophenetic index 624; 0.5 s; peak memory 210 MiB.
2026-09-27T22:56:26Z INFO [243/500] 18107e42-910e-4654-bcb4-9c7389148c8e: cophenetic index 729; 0.3 s; peak memory 210 MiB.
2026-09-27T22:56:30Z INFO [244/500] 18109dd6-4a9b-4317-b494-f87ec95f1d83: cophenetic index 14455; 3.5 s; peak memory 210 MiB.
2026-09-27T22:56:30Z INFO [245/500] 1810baf1-1306-4a09-87ba-e5e85a1911f9: cophenetic index 624; 0.4 s; peak memory 210 MiB.
2026-09-27T22:56:31Z INFO [246/500] 1810e5ee-fc7e-429e-87e4-849457772c70: cophenetic index 1025; 0.6 s; peak memory 210 MiB.
2026-09-27T22:56:31Z INFO [247/500] 18115267-a618-47bd-a1d6-bfbe627bf3a7: cophenetic index 624; 0.6 s; peak memory 210 MiB.
2026-09-27T22:56:32Z INFO [248/500] 1812cfe9-8f51-44f8-8768-2e623cd9f248: cophenetic index 624; 0.5 s; peak memory 210 MiB.
2026-09-27T22:56:33Z INFO [249/500] 1814de12-395c-4713-924c-52c627203ee8: cophenetic index 99120; 1.0 s; peak memory 210 MiB.
2026-09-27T22:56:34Z INFO [250/500] 18151e9d-d204-4124-9140-f0dc7a799539: cophenetic index 6118; 1.2 s; peak memory 210 MiB.
2026-09-27T22:56:34Z INFO [250/500] 18151e9d-d204-4124-9140-f0dc7a799539: checkpointed 57693 records.
2026-09-27T22:56:35Z INFO [251/500] 18152294-42bf-4063-8e28-19a8cdfe5c52: cophenetic index 624; 0.6 s; peak memory 210 MiB.
2026-09-27T22:56:35Z INFO [252/500] 18152ebd-77e4-4cc7-90ec-37843017b1b1: cophenetic index 624; 0.4 s; peak memory 210 MiB.
2026-09-27T22:56:37Z INFO [253/500] 18158303-bcda-4554-987f-d6e68ee9e642: cophenetic index 6309; 2.0 s; peak memory 210 MiB.
2026-09-27T22:56:37Z INFO [254/500] 18161187-e6d1-4c69-b0a2-e3f473aa3480: cophenetic index 739; 0.3 s; peak memory 210 MiB.
2026-09-27T22:56:38Z INFO [255/500] 18165240-bfe0-4272-a355-3cd867674baa: cophenetic index 490; 0.3 s; peak memory 210 MiB.
2026-09-27T22:56:38Z INFO [256/500] 1816b986-8c22-4e8d-b342-ffa63eb15efe: cophenetic index 2625; 0.8 s; peak memory 210 MiB.
2026-09-27T22:57:36Z INFO [257/500] 1816bc36-7ccf-4c59-bbbb-add6ea837a2f: cophenetic index 36030552; 57.3 s; peak memory 385 MiB.
2026-09-27T22:57:39Z INFO [258/500] 18181987-2e06-434e-a6ae-a2aa553e1c93: cophenetic index 13178; 3.0 s; peak memory 385 MiB.
2026-09-27T22:57:39Z INFO [259/500] 1818bcf3-f4d4-4741-946c-8e40cdc483db: cophenetic index 624; 0.5 s; peak memory 385 MiB.
2026-09-27T22:57:40Z INFO [260/500] 1818dba0-21d8-463f-9f24-60864e93ce3c: cophenetic index 99120; 0.9 s; peak memory 385 MiB.
2026-09-27T22:57:41Z INFO [261/500] 1818e4af-2836-49fc-a814-a8a55a39fa44: cophenetic index 579; 0.3 s; peak memory 385 MiB.
2026-09-27T22:57:41Z INFO [262/500] 18190c3f-fa8b-41d7-80f2-18fe35c5fd08: cophenetic index 3087; 0.6 s; peak memory 385 MiB.
2026-09-27T22:57:42Z INFO [263/500] 18193955-ee24-4ebd-873b-41094ce5d46a: cophenetic index 907; 0.4 s; peak memory 385 MiB.
2026-09-27T22:57:42Z INFO [264/500] 1819927d-efa3-4cc5-8be6-a50ed0e0ea9d: cophenetic index 624; 0.5 s; peak memory 385 MiB.
2026-09-27T22:57:42Z INFO [265/500] 1819ab13-16f6-417b-afa1-66c1e7963935: cophenetic index 560; 0.4 s; peak memory 385 MiB.
2026-09-27T22:57:44Z INFO [266/500] 181a380d-f4a5-4791-8216-5cc8536492c8: cophenetic index 41788; 1.1 s; peak memory 385 MiB.
2026-09-27T22:57:46Z INFO [267/500] 181af991-fb56-4819-b60b-97e9431c9a51: cophenetic index 20638; 2.6 s; peak memory 385 MiB.
2026-09-27T22:57:47Z INFO [268/500] 181ce321-e7e1-4ef7-822e-f9092aa36c94: cophenetic index 627; 0.4 s; peak memory 385 MiB.
2026-09-27T22:57:50Z INFO [269/500] 181d8df2-7f86-49b1-8f9c-3247aa240468: cophenetic index 87573; 3.3 s; peak memory 385 MiB.
2026-09-27T22:57:52Z INFO [270/500] 181e9e26-d790-48da-8fe7-57ee9f96c581: cophenetic index 3045; 2.0 s; peak memory 385 MiB.
2026-09-27T22:57:52Z INFO [271/500] 181ef54d-ad24-43aa-bf4c-6fcbe1ddba7c: cophenetic index 624; 0.5 s; peak memory 385 MiB.
2026-09-27T22:57:53Z INFO [272/500] 181f230b-e838-4bd0-8c20-7ce59dc214d8: cophenetic index 649; 0.6 s; peak memory 385 MiB.
2026-09-27T22:57:53Z INFO [273/500] 181f77be-4948-4647-9fca-caeddd33926b: cophenetic index 3004; 0.5 s; peak memory 385 MiB.
2026-09-27T22:57:54Z INFO [274/500] 181f9a41-6e84-4468-b81b-c9f8dfef1e53: cophenetic index 490; 0.3 s; peak memory 385 MiB.
2026-09-27T22:57:55Z INFO [275/500] 181fd677-4bc4-438c-886b-3adf34afe925: cophenetic index 1733; 1.1 s; peak memory 385 MiB.
2026-09-27T22:57:55Z INFO [276/500] 181fdea1-ae7d-4b42-8af5-48b0b17b71d8: cophenetic index 484; 0.4 s; peak memory 385 MiB.
2026-09-27T22:57:56Z INFO [277/500] 1820a75b-efc9-44a3-8170-47f93d8b6fdd: cophenetic index 624; 0.5 s; peak memory 385 MiB.
2026-09-27T22:57:56Z INFO [278/500] 1820dac9-c1a6-4d3b-b700-8fbe2172380c: cophenetic index 3004; 0.5 s; peak memory 385 MiB.
2026-09-27T22:57:58Z INFO [279/500] 18216241-4553-4496-a5aa-111fb55383e6: cophenetic index 1733; 1.6 s; peak memory 385 MiB.
2026-09-27T22:57:58Z INFO [280/500] 18217716-25b9-4ec3-830e-c91a96b89a1f: cophenetic index 3004; 0.5 s; peak memory 385 MiB.
2026-09-27T22:57:59Z INFO [281/500] 18217b4c-a01e-4053-a737-bb90fd1e796d: cophenetic index 512; 0.4 s; peak memory 385 MiB.
2026-09-27T22:57:59Z INFO [282/500] 1821d863-be9f-4885-a6a5-43b6b852129e: cophenetic index 2570; 0.6 s; peak memory 385 MiB.
2026-09-27T22:58:03Z INFO [283/500] 18224a2e-e8f4-4540-87ab-3c0abbdbe86e: cophenetic index 102717; 3.3 s; peak memory 385 MiB.
2026-09-27T22:58:03Z INFO [284/500] 1822d4fb-100e-41eb-9271-dd624dafac7f: cophenetic index 690; 0.3 s; peak memory 385 MiB.
2026-09-27T22:58:03Z INFO [285/500] 182339ba-8795-4f42-8ef8-dd9c6285704b: cophenetic index 624; 0.5 s; peak memory 385 MiB.
2026-09-27T22:58:04Z INFO [286/500] 182360d9-2468-4cc5-b2e3-b4d0a3b8ef25: cophenetic index 420; 0.7 s; peak memory 385 MiB.
2026-09-27T22:58:05Z INFO [287/500] 1823d50b-90bf-4f31-8bb0-acf260b0f13a: cophenetic index 2625; 0.7 s; peak memory 385 MiB.
2026-09-27T22:58:05Z INFO [288/500] 1824cde6-db5b-4a56-942e-e2d561f519a4: cophenetic index 661; 0.4 s; peak memory 385 MiB.
2026-09-27T22:58:06Z INFO [289/500] 18257c08-e00b-42db-9f71-7db6ff3314c3: cophenetic index 624; 0.5 s; peak memory 385 MiB.
2026-09-27T22:58:08Z INFO [290/500] 18259fe2-6502-4a14-8a92-87ccb27867ae: cophenetic index 8537; 2.3 s; peak memory 385 MiB.
2026-09-27T22:58:09Z INFO [291/500] 1825f290-75ed-435d-9bad-59587b155e2f: cophenetic index 2625; 0.6 s; peak memory 385 MiB.
2026-09-27T22:58:09Z INFO [292/500] 18266083-3824-4971-a112-10b047840c27: cophenetic index 446; 0.3 s; peak memory 385 MiB.
2026-09-27T22:58:09Z INFO [293/500] 1826ee86-bc74-4246-bff1-0621125c59d2: cophenetic index 624; 0.4 s; peak memory 385 MiB.
2026-09-27T22:58:12Z INFO [294/500] 182768ad-b932-4d33-afbe-3d5cfc9b61dc: cophenetic index 38819; 2.3 s; peak memory 385 MiB.
2026-09-27T22:58:12Z INFO [295/500] 1828b086-fb9a-4dcc-9c29-561f1ad18d31: cophenetic index 33986; 0.6 s; peak memory 385 MiB.
2026-09-27T22:58:13Z INFO [296/500] 1829cc71-05d1-457d-afd5-281fba214d05: cophenetic index 624; 0.4 s; peak memory 385 MiB.
2026-09-27T22:58:13Z INFO [297/500] 182a569b-4fd7-486d-963c-6c47b8fe7a8e: cophenetic index 33968; 0.7 s; peak memory 385 MiB.
2026-09-27T22:58:14Z INFO [298/500] 182ac4d6-4444-468a-b088-24fbaee0c4d3: cophenetic index 3004; 0.5 s; peak memory 385 MiB.
2026-09-27T22:58:14Z INFO [299/500] 182aff34-c5bf-44c6-8e37-3a89856fe01c: cophenetic index 624; 0.4 s; peak memory 385 MiB.
2026-09-27T22:58:17Z INFO [300/500] 182cc7a8-2b11-4db8-a0c0-cb510d24e473: cophenetic index 19365; 2.8 s; peak memory 385 MiB.
2026-09-27T22:58:17Z INFO [300/500] 182cc7a8-2b11-4db8-a0c0-cb510d24e473: checkpointed 57743 records.
2026-09-27T22:58:18Z INFO [301/500] 182d0fbc-62ce-494b-a013-628b71a1ecdf: cophenetic index 624; 0.4 s; peak memory 385 MiB.
2026-09-27T22:58:18Z INFO [302/500] 182d6861-a675-457c-8d7d-0db4b8d1ab6e: cophenetic index 2570; 0.4 s; peak memory 385 MiB.
2026-09-27T22:58:19Z INFO [303/500] 182dc3da-5c52-495b-8365-11c02b4f06c6: cophenetic index 3004; 0.5 s; peak memory 385 MiB.
2026-09-27T22:58:19Z INFO [304/500] 182df9df-6645-42d2-85ca-34f4d354e1b9: cophenetic index 2625; 0.6 s; peak memory 385 MiB.
2026-09-27T22:58:20Z INFO [305/500] 182ee77b-c983-4aec-b5f5-fc4fd5db106e: cophenetic index 624; 0.5 s; peak memory 385 MiB.
2026-09-27T22:58:20Z INFO [306/500] 1830023b-e5c4-4126-86e8-bb1428c5188a: cophenetic index 624; 0.4 s; peak memory 385 MiB.
2026-09-27T22:58:21Z INFO [307/500] 18307085-3d4b-4964-bbfe-0cf5f7eed486: cophenetic index 3087; 0.5 s; peak memory 385 MiB.
2026-09-27T22:58:21Z INFO [308/500] 1830cead-6cc4-4c28-be79-85ef37a743bf: cophenetic index 624; 0.5 s; peak memory 385 MiB.
2026-09-27T22:58:22Z INFO [309/500] 18328924-6d96-4d36-b5fb-7d0e33009110: cophenetic index 3087; 0.5 s; peak memory 385 MiB.
2026-09-27T22:58:22Z INFO [310/500] 18328aa5-1f6a-4b50-aa3d-712914ea8412: cophenetic index 490; 0.2 s; peak memory 385 MiB.
2026-09-27T22:58:22Z INFO [311/500] 1832a908-97ee-4b4e-a661-5db578fb0d0a: cophenetic index 624; 0.6 s; peak memory 385 MiB.
2026-09-27T22:58:29Z INFO [312/500] 1832c9b4-63bf-4b20-92ce-41cb5086cf34: cophenetic index 42755; 6.2 s; peak memory 385 MiB.
2026-09-27T22:58:29Z INFO [313/500] 18330cdf-648a-40a3-bde7-8032ea47f63f: cophenetic index 2625; 0.6 s; peak memory 385 MiB.
2026-09-27T22:58:33Z INFO [314/500] 18349d49-91a5-4867-9106-ddf813ef7478: cophenetic index 153146; 3.7 s; peak memory 385 MiB.
2026-09-27T22:58:34Z INFO [315/500] 1834f4b7-e61f-4600-928f-940287c22eb2: cophenetic index 23194; 0.6 s; peak memory 385 MiB.
2026-09-27T22:58:35Z INFO [316/500] 18354f86-08bf-4f0f-92a0-4438ac6d49ed: cophenetic index 2069; 1.3 s; peak memory 385 MiB.
2026-09-27T22:58:35Z INFO [317/500] 18359e03-0779-4571-8fa7-97922e894e60: cophenetic index 624; 0.6 s; peak memory 385 MiB.
2026-09-27T22:58:39Z INFO [318/500] 1835a425-bec8-492d-9fe2-ed6b9f64f20b: cophenetic index 104328; 3.5 s; peak memory 385 MiB.
2026-09-27T22:58:40Z INFO [319/500] 1836f93d-6bf9-44dc-8d4a-65e86759dba6: cophenetic index 2625; 0.7 s; peak memory 385 MiB.
2026-09-27T22:58:40Z INFO [320/500] 1837871f-3ff4-4bd7-a4a5-a1b5439d13a1: cophenetic index 624; 0.5 s; peak memory 385 MiB.
2026-09-27T22:58:40Z INFO [321/500] 18381039-3d16-457c-a4f6-d9175b91659d: cophenetic index 624; 0.4 s; peak memory 385 MiB.
2026-09-27T22:58:41Z INFO [322/500] 183891c4-57de-4eee-8fb6-c8b30ea74a30: cophenetic index 3087; 0.4 s; peak memory 385 MiB.
2026-09-27T22:58:44Z INFO [323/500] 18392350-eb3b-4006-96b2-4b760ca2f492: cophenetic index 91049; 3.1 s; peak memory 385 MiB.
2026-09-27T22:58:46Z INFO [324/500] 183938a2-136b-483b-901e-8ee7e00291d8: cophenetic index 10073; 1.7 s; peak memory 385 MiB.
2026-09-27T22:58:46Z INFO [325/500] 1839865f-eb47-4b47-983c-f94827212efe: cophenetic index 624; 0.4 s; peak memory 385 MiB.
2026-09-27T22:58:46Z INFO [326/500] 183a9034-ed61-4dc0-967d-ea9234cec9f9: cophenetic index 446; 0.3 s; peak memory 385 MiB.
2026-09-27T22:58:47Z INFO [327/500] 183aeaef-a2cb-46a7-ae2d-5a3a6b63cacb: cophenetic index 624; 0.4 s; peak memory 385 MiB.
2026-09-27T22:58:47Z INFO [328/500] 183b686b-ae6d-40a6-af29-8acded95e19a: cophenetic index 3004; 0.5 s; peak memory 385 MiB.
2026-09-27T22:58:48Z INFO [329/500] 183c48e7-54e4-46e0-8958-6fd81a69991b: cophenetic index 2625; 0.6 s; peak memory 385 MiB.
2026-09-27T22:58:48Z INFO [330/500] 183d663d-dcaf-4115-954e-34db49898205: cophenetic index 3087; 0.5 s; peak memory 385 MiB.
2026-09-27T22:58:49Z INFO [331/500] 183e40ea-015e-4019-9982-3c3b40ea39ca: cophenetic index 2625; 0.5 s; peak memory 385 MiB.
2026-09-27T22:58:49Z INFO [332/500] 18412d33-72ca-4a8b-adce-ac3abd0c683a: cophenetic index 624; 0.3 s; peak memory 385 MiB.
2026-09-27T22:58:50Z INFO [333/500] 1841bd61-5471-46d0-abc4-9c5ca26db1d0: cophenetic index 649; 0.4 s; peak memory 385 MiB.
2026-09-27T22:58:50Z INFO [334/500] 1841ca63-7c98-4f20-8a14-0f7ad4536d12: cophenetic index 624; 0.4 s; peak memory 385 MiB.
2026-09-27T22:58:51Z INFO [335/500] 18423cec-6cbb-4af7-a257-22dc59a5630d: cophenetic index 937; 0.5 s; peak memory 385 MiB.
2026-09-27T22:58:51Z INFO [336/500] 18424b9d-d6e8-446d-b693-18a3f84d320c: cophenetic index 490; 0.2 s; peak memory 385 MiB.
2026-09-27T22:58:51Z INFO [337/500] 18443eab-b839-4a59-b681-623b11aaf62f: cophenetic index 33968; 0.7 s; peak memory 385 MiB.
2026-09-27T22:58:52Z INFO [338/500] 18448d3c-2d77-4166-90e8-c2b51e27bceb: cophenetic index 725; 0.6 s; peak memory 385 MiB.
2026-09-27T22:58:55Z INFO [339/500] 1844ae07-d8f7-4423-a433-1b0292f4c32c: cophenetic index 6715; 3.4 s; peak memory 385 MiB.
2026-09-27T22:58:56Z INFO [340/500] 1844c3e2-abe6-4503-a4e6-090a329e6aef: cophenetic index 761; 0.4 s; peak memory 385 MiB.
2026-09-27T22:58:57Z INFO [341/500] 1844ee17-389d-4436-9507-f56f6d6dfb23: cophenetic index 325333; 1.2 s; peak memory 385 MiB.
2026-09-27T22:58:58Z INFO [342/500] 1845e3a8-11d9-4516-9ba4-8a8661bab3e7: cophenetic index 1430; 1.0 s; peak memory 385 MiB.
2026-09-27T22:58:59Z INFO [343/500] 1845e9f1-a7f6-4a28-b853-964130a510f7: cophenetic index 2974; 0.7 s; peak memory 385 MiB.
2026-09-27T22:58:59Z INFO [344/500] 18462827-3c22-45cd-9ae7-ab01ca052453: cophenetic index 431; 0.5 s; peak memory 385 MiB.
2026-09-27T22:59:00Z INFO [345/500] 184646ae-eebe-4b6f-9047-a8b49db6d617: cophenetic index 3192; 0.6 s; peak memory 385 MiB.
2026-09-27T22:59:10Z INFO [346/500] 1846797a-281d-4107-95ab-8807fc257c2a: cophenetic index 187926; 9.8 s; peak memory 385 MiB.
2026-09-27T22:59:10Z INFO [347/500] 18469d7a-3ca3-4733-a999-7643274065d5: cophenetic index 1933; 0.8 s; peak memory 385 MiB.
2026-09-27T22:59:11Z INFO [348/500] 18471c7a-4b0f-4e6d-afe2-8e2726308856: cophenetic index 777; 0.9 s; peak memory 385 MiB.
2026-09-27T22:59:13Z INFO [349/500] 18489cea-91e9-4f91-82cc-b859dd087828: cophenetic index 1733; 2.1 s; peak memory 385 MiB.
2026-09-27T22:59:14Z INFO [350/500] 1848e79f-0e1d-4ece-a29a-881af7aee1eb: cophenetic index 624; 0.5 s; peak memory 385 MiB.
2026-09-27T22:59:14Z INFO [350/500] 1848e79f-0e1d-4ece-a29a-881af7aee1eb: checkpointed 57793 records.
2026-09-27T22:59:15Z INFO [351/500] 18493ab1-12a3-4f1a-a4b2-ead6933150b7: cophenetic index 3087; 0.6 s; peak memory 385 MiB.
2026-09-27T22:59:15Z INFO [352/500] 1849820b-8b3a-4b91-91ea-f3194965883f: cophenetic index 490; 0.5 s; peak memory 385 MiB.
2026-09-27T22:59:16Z INFO [353/500] 184b97cd-7e96-4b22-885e-666cf873ee44: cophenetic index 937; 0.7 s; peak memory 385 MiB.
2026-09-27T22:59:18Z INFO [354/500] 184bd52a-c1df-411f-829a-fb2825be04b9: cophenetic index 99103; 2.0 s; peak memory 385 MiB.
2026-09-27T22:59:18Z INFO [355/500] 184bd8f8-407b-4d2d-9b5e-966ce10dc0e8: cophenetic index 907; 0.5 s; peak memory 385 MiB.
2026-09-27T22:59:21Z INFO [356/500] 184c526a-d7f2-427d-b41b-6df913ef63ee: cophenetic index 31536; 2.6 s; peak memory 385 MiB.
2026-09-27T22:59:24Z INFO [357/500] 184c8757-08ed-485a-b054-41cee6de8c1f: cophenetic index 33294; 2.8 s; peak memory 385 MiB.
2026-09-27T22:59:24Z INFO [358/500] 184cb46b-2757-4448-a7ba-effd27bf631b: cophenetic index 23400; 0.5 s; peak memory 385 MiB.
2026-09-27T22:59:25Z INFO [359/500] 184ce8db-2630-4c47-9830-7fb3151f925a: cophenetic index 33998; 0.7 s; peak memory 385 MiB.
2026-09-27T22:59:26Z INFO [360/500] 184d546f-77c4-4f56-b238-1aed3c6f08af: cophenetic index 33998; 1.0 s; peak memory 385 MiB.
2026-09-27T22:59:28Z INFO [361/500] 184dc646-d4b8-4ffc-b9ba-9685e5c79bb7: cophenetic index 5473; 2.0 s; peak memory 385 MiB.
2026-09-27T22:59:28Z INFO [362/500] 184e1a5c-3a72-4100-88b4-b49012677849: cophenetic index 624; 0.6 s; peak memory 385 MiB.
2026-09-27T22:59:29Z INFO [363/500] 184e9baf-7db4-42de-a9d3-7e72db215665: cophenetic index 751; 0.4 s; peak memory 385 MiB.
2026-09-27T22:59:29Z INFO [364/500] 184f53b4-30f3-4085-abe2-41b2e770688e: cophenetic index 690; 0.4 s; peak memory 385 MiB.
2026-09-27T22:59:30Z INFO [365/500] 184fefbd-85e5-4a5f-8365-d610800c8d02: cophenetic index 3004; 0.5 s; peak memory 385 MiB.
2026-09-27T22:59:30Z INFO [366/500] 18502a0e-ccd8-4d56-bf1b-52ad9f63956f: cophenetic index 624; 0.5 s; peak memory 385 MiB.
2026-09-27T22:59:31Z INFO [367/500] 1850e4f2-2bea-4f2a-9c22-77aa4cd8f8bc: cophenetic index 649; 0.6 s; peak memory 385 MiB.
2026-09-27T22:59:32Z INFO [368/500] 185113a3-6576-47c6-b1a6-6282b6eaad2d: cophenetic index 2625; 0.7 s; peak memory 385 MiB.
2026-09-27T22:59:37Z INFO [369/500] 1851898a-2d8a-428b-8e61-104b7ebb671f: cophenetic index 147182; 5.0 s; peak memory 385 MiB.
2026-09-27T22:59:37Z INFO [370/500] 1851f636-443d-4a65-9d7f-0a26de1278b9: cophenetic index 33968; 0.8 s; peak memory 385 MiB.
2026-09-27T22:59:39Z INFO [371/500] 18520076-691c-4324-ae9d-2f9745202a71: cophenetic index 5473; 1.9 s; peak memory 385 MiB.
2026-09-27T22:59:40Z INFO [372/500] 18539eee-5e25-4668-8f24-2988912a5aea: cophenetic index 2625; 0.9 s; peak memory 385 MiB.
2026-09-27T22:59:41Z INFO [373/500] 1853b962-63eb-4abb-a622-cdab8b0639c7: cophenetic index 3087; 0.6 s; peak memory 385 MiB.
2026-09-27T22:59:41Z INFO [374/500] 1853dc87-fc11-48a1-b65a-858eb7ee56c7: cophenetic index 1228; 0.4 s; peak memory 385 MiB.
2026-09-27T22:59:42Z INFO [375/500] 18556b66-1363-4691-a8cf-b80fd2274153: cophenetic index 762; 0.5 s; peak memory 385 MiB.
2026-09-27T22:59:42Z INFO [376/500] 1855ea3b-a030-4b17-8a1b-547b3ca40f9f: cophenetic index 560; 0.4 s; peak memory 385 MiB.
2026-09-27T22:59:42Z INFO [377/500] 185688e0-63cd-4630-91d7-3aa04bea4cac: cophenetic index 624; 0.5 s; peak memory 385 MiB.
2026-09-27T22:59:44Z INFO [378/500] 1856f455-2b1a-4c50-a57c-6c5ef8940648: cophenetic index 5473; 1.9 s; peak memory 385 MiB.
2026-09-27T22:59:45Z INFO [379/500] 185728fb-a058-413c-86d2-3ba3493e3f45: cophenetic index 490; 0.3 s; peak memory 385 MiB.
2026-09-27T22:59:45Z INFO [380/500] 18576c29-0b70-45df-9f4b-d71d325048f8: cophenetic index 3004; 0.7 s; peak memory 385 MiB.
2026-09-27T22:59:46Z INFO [381/500] 1858aef3-6cc4-41f9-9928-0a7daef33498: cophenetic index 3004; 0.6 s; peak memory 385 MiB.
2026-09-27T22:59:47Z INFO [382/500] 185917f9-8a12-42a6-948e-b9404fe505c6: cophenetic index 3087; 0.7 s; peak memory 385 MiB.
2026-09-27T22:59:48Z INFO [383/500] 1859ab4a-8063-44a8-a5df-054fbe90573c: cophenetic index 34658; 1.5 s; peak memory 385 MiB.
2026-09-27T22:59:49Z INFO [384/500] 185a0ed9-d943-4962-86f2-23a2b3572fab: cophenetic index 2625; 0.8 s; peak memory 385 MiB.
2026-09-27T22:59:53Z INFO [385/500] 185a383e-c93a-413e-8ee9-a0e73ff19575: cophenetic index 87573; 4.2 s; peak memory 385 MiB.
2026-09-27T22:59:54Z INFO [386/500] 185ab558-fc34-4dc3-a8ad-3b19a59871e6: cophenetic index 3087; 0.6 s; peak memory 385 MiB.
2026-09-27T22:59:54Z INFO [387/500] 185b0265-9650-42e8-a582-39ed87e9b6c8: cophenetic index 624; 0.6 s; peak memory 385 MiB.
2026-09-27T22:59:55Z INFO [388/500] 185ba9de-c15c-4166-9db6-85bed73d7765: cophenetic index 624; 0.5 s; peak memory 385 MiB.
2026-09-27T22:59:55Z INFO [389/500] 185bcc98-7a65-42fd-95a9-8909aa0128d4: cophenetic index 554; 0.6 s; peak memory 385 MiB.
2026-09-27T22:59:56Z INFO [390/500] 185bd97f-7370-46d2-a733-1e5d89f21383: cophenetic index 1006; 0.6 s; peak memory 385 MiB.
2026-09-27T22:59:56Z INFO [391/500] 185c2d3d-73dc-485c-8af4-dca8b68c4999: cophenetic index 581; 0.5 s; peak memory 385 MiB.
2026-09-27T22:59:57Z INFO [392/500] 185d1580-bac5-4f4c-ab8c-42cd500f474d: cophenetic index 3004; 0.5 s; peak memory 385 MiB.
2026-09-27T22:59:57Z INFO [393/500] 185e1327-999f-4763-8ae3-aac07dba19f6: cophenetic index 3087; 0.5 s; peak memory 385 MiB.
2026-09-27T22:59:58Z INFO [394/500] 185f1c56-755f-4b20-a61e-fc9e2a69f1be: cophenetic index 624; 0.5 s; peak memory 385 MiB.
2026-09-27T22:59:59Z INFO [395/500] 185f6096-3dc2-4e03-a9ab-3ae5cf364236: cophenetic index 23194; 0.5 s; peak memory 385 MiB.
2026-09-27T22:59:59Z INFO [396/500] 185fffeb-31e0-4c1f-af22-a437476c91b2: cophenetic index 766; 0.6 s; peak memory 385 MiB.
2026-09-27T23:00:00Z INFO [397/500] 18612675-9bfb-4136-94fe-6dac229be274: cophenetic index 2625; 0.6 s; peak memory 385 MiB.
2026-09-27T23:00:00Z INFO [398/500] 1861416a-05d7-4c2d-a848-992b338a5413: cophenetic index 2625; 0.5 s; peak memory 385 MiB.
2026-09-27T23:00:01Z INFO [399/500] 18627586-d154-4184-9e8c-7c449f120abd: cophenetic index 624; 0.4 s; peak memory 385 MiB.
2026-09-27T23:00:05Z INFO [400/500] 18629906-e084-4a72-892b-f359e07311cd: cophenetic index 14788; 4.1 s; peak memory 385 MiB.
2026-09-27T23:00:05Z INFO [400/500] 18629906-e084-4a72-892b-f359e07311cd: checkpointed 57843 records.
2026-09-27T23:00:05Z INFO [401/500] 18631b7d-2f7e-4be6-b86a-f5b616d05634: cophenetic index 490; 0.5 s; peak memory 385 MiB.
2026-09-27T23:00:06Z INFO [402/500] 18632050-9c1a-42f8-a95e-26164747492f: cophenetic index 624; 0.6 s; peak memory 385 MiB.
2026-09-27T23:00:06Z INFO [403/500] 18646f5f-3309-4ae5-9ef2-bc4f6a76293c: cophenetic index 1161; 0.3 s; peak memory 385 MiB.
2026-09-27T23:00:07Z INFO [404/500] 1865033f-5d14-4960-b34b-94392b1ef4ac: cophenetic index 2570; 0.8 s; peak memory 385 MiB.
2026-09-27T23:00:08Z INFO [405/500] 18657a28-13ba-497c-8359-c3dc6e2abe24: cophenetic index 624; 0.6 s; peak memory 385 MiB.
2026-09-27T23:00:09Z INFO [406/500] 1865e1bd-c01e-4a77-a559-4399fd0964f0: cophenetic index 1458; 1.4 s; peak memory 385 MiB.
2026-09-27T23:00:10Z INFO [407/500] 18663c2f-7c48-4540-9616-ffea3f69c3c1: cophenetic index 99150; 0.9 s; peak memory 385 MiB.
2026-09-27T23:00:14Z INFO [408/500] 186739f8-f37f-40a8-b4a2-74b9178fb9f6: cophenetic index 32835; 3.7 s; peak memory 385 MiB.
2026-09-27T23:00:14Z INFO [409/500] 18676079-57c0-47c1-bb89-c61118390d31: cophenetic index 3087; 0.6 s; peak memory 385 MiB.
2026-09-27T23:00:15Z INFO [410/500] 186909a2-8684-4ce5-a87e-dff5292a90c8: cophenetic index 624; 0.6 s; peak memory 385 MiB.
2026-09-27T23:00:16Z INFO [411/500] 18695324-fb53-49d7-8c0d-15a987556d6d: cophenetic index 2570; 0.9 s; peak memory 385 MiB.
2026-09-27T23:00:17Z INFO [412/500] 18697945-ad10-4d29-8ee1-26003b9a3146: cophenetic index 2570; 0.8 s; peak memory 385 MiB.
2026-09-27T23:00:17Z INFO [413/500] 186a3c7d-af1c-40e1-aea1-a0767d455e78: cophenetic index 593; 0.8 s; peak memory 385 MiB.
2026-09-27T23:00:18Z INFO [414/500] 186a8bbb-9a62-48c8-b0d4-795749fd1d11: cophenetic index 624; 0.5 s; peak memory 385 MiB.
2026-09-27T23:00:18Z INFO [415/500] 186b8bd6-d75a-4f23-ac2d-ae3761a8aedc: cophenetic index 490; 0.3 s; peak memory 385 MiB.
2026-09-27T23:00:19Z INFO [416/500] 186ba103-f3b4-4234-b55a-64cb64b328b0: cophenetic index 624; 0.4 s; peak memory 385 MiB.
2026-09-27T23:00:24Z INFO [417/500] 186c822b-0a57-414b-b8f1-c950d0004414: cophenetic index 46693; 5.1 s; peak memory 385 MiB.
2026-09-27T23:00:42Z INFO [418/500] 186d6063-b576-4cf5-82a0-8e23de5fa907: cophenetic index 124128915; 18.7 s; peak memory 385 MiB.
2026-09-27T23:00:44Z INFO [419/500] 186d612d-2234-4e0e-8a54-20ac773ca151: cophenetic index 17558; 1.8 s; peak memory 385 MiB.
2026-09-27T23:00:49Z INFO [420/500] 186efb65-c68a-4e42-9221-dc694a6a303b: cophenetic index 134155; 4.5 s; peak memory 385 MiB.
2026-09-27T23:00:50Z INFO [421/500] 1870075a-f317-4798-a1a6-4801815b346e: cophenetic index 2469; 1.6 s; peak memory 385 MiB.
2026-09-27T23:00:51Z INFO [422/500] 18717cca-0748-4008-b70c-dac6b8a1be09: cophenetic index 624; 0.6 s; peak memory 385 MiB.
2026-09-27T23:00:52Z INFO [423/500] 18730c8d-a2f8-42ad-9517-45bc25681673: cophenetic index 2391; 1.4 s; peak memory 385 MiB.
2026-09-27T23:00:53Z INFO [424/500] 18735506-893e-44bd-b4d3-c312da2d29a1: cophenetic index 624; 0.5 s; peak memory 385 MiB.
2026-09-27T23:00:54Z INFO [425/500] 18736652-1d6e-44f4-a9d4-f19858b2296e: cophenetic index 2625; 0.9 s; peak memory 385 MiB.
2026-09-27T23:00:54Z INFO [426/500] 187452e6-d17f-4723-9206-cc0a94bc243e: cophenetic index 572; 0.6 s; peak memory 385 MiB.
2026-09-27T23:00:55Z INFO [427/500] 18748d5e-973b-4741-bc0e-8352e05ee404: cophenetic index 23364; 0.6 s; peak memory 385 MiB.
2026-09-27T23:01:01Z INFO [428/500] 1874b17f-3cfc-45e9-828d-c580db448c47: cophenetic index 647896; 6.5 s; peak memory 385 MiB.
2026-09-27T23:01:02Z INFO [429/500] 18751e78-2504-4ea6-8e5b-87f11ccaa903: cophenetic index 651; 0.4 s; peak memory 385 MiB.
2026-09-27T23:01:03Z INFO [430/500] 1876218e-e507-40c2-8682-302f51f686b3: cophenetic index 2814; 0.7 s; peak memory 385 MiB.
2026-09-27T23:01:03Z INFO [431/500] 18763ecf-664e-42a6-b98d-5a13069fcf19: cophenetic index 494; 0.4 s; peak memory 385 MiB.
2026-09-27T23:01:04Z INFO [432/500] 187679c8-fbe6-44b9-b7ad-97a23a67418f: cophenetic index 624; 0.7 s; peak memory 385 MiB.
2026-09-27T23:01:04Z INFO [433/500] 1876d9dc-4404-4f39-b88f-420555b2ac95: cophenetic index 560; 0.5 s; peak memory 385 MiB.
2026-09-27T23:01:05Z INFO [434/500] 187759b3-42b4-4daf-b77f-e267ce257746: cophenetic index 739; 0.4 s; peak memory 385 MiB.
2026-09-27T23:01:05Z INFO [435/500] 18777003-b59c-459a-870e-734cd718dc27: cophenetic index 624; 0.5 s; peak memory 385 MiB.
2026-09-27T23:01:06Z INFO [436/500] 1877faa9-aadd-4862-b83e-dfdc43b347f0: cophenetic index 3087; 0.5 s; peak memory 385 MiB.
2026-09-27T23:01:06Z INFO [437/500] 187850eb-37d2-40f6-bd2a-cd89f80ef078: cophenetic index 624; 0.5 s; peak memory 385 MiB.
2026-09-27T23:01:07Z INFO [438/500] 1878f8bd-9c80-45ca-857d-11fe7094435d: cophenetic index 431; 0.5 s; peak memory 385 MiB.
2026-09-27T23:01:07Z INFO [439/500] 18795861-9a7f-4bed-8ca1-c51d58c630f3: cophenetic index 624; 0.5 s; peak memory 385 MiB.
2026-09-27T23:01:08Z INFO [440/500] 18796481-3200-498c-8c7d-1bfc87e0beb1: cophenetic index 2625; 0.9 s; peak memory 385 MiB.
2026-09-27T23:01:11Z INFO [441/500] 187a0b4c-2a11-4271-b7d2-efdbd99ce55b: cophenetic index 2320; 3.2 s; peak memory 385 MiB.
2026-09-27T23:01:12Z INFO [442/500] 187a766f-d01b-4fc2-b6b4-399e9ab27f84: cophenetic index 605; 0.9 s; peak memory 385 MiB.
2026-09-27T23:01:13Z INFO [443/500] 187b8976-5492-400e-b3dd-a9e8ee4d626e: cophenetic index 649; 0.6 s; peak memory 385 MiB.
2026-09-27T23:01:14Z INFO [444/500] 187bd24c-d33b-4d92-bf24-3352f8516eb9: cophenetic index 23206; 0.8 s; peak memory 385 MiB.
2026-09-27T23:01:14Z INFO [445/500] 187c20f4-05ae-4167-b753-c8076316f39d: cophenetic index 649; 0.6 s; peak memory 385 MiB.
2026-09-27T23:01:15Z INFO [446/500] 187c2794-4b22-4d0a-b32d-14f213ed10b1: cophenetic index 3004; 0.7 s; peak memory 385 MiB.
2026-09-27T23:01:15Z INFO [447/500] 187cb3f4-2346-4922-a763-5d6677b96601: cophenetic index 641; 0.5 s; peak memory 385 MiB.
2026-09-27T23:01:16Z INFO [448/500] 187d8d84-c8f2-4169-ba62-93f5205a6ecb: cophenetic index 3004; 0.7 s; peak memory 385 MiB.
2026-09-27T23:01:17Z INFO [449/500] 187eb181-7ce7-4a5a-91a3-c97313c67bdf: cophenetic index 1380; 0.8 s; peak memory 385 MiB.
2026-09-27T23:01:17Z INFO [450/500] 187f7402-2ba3-4ff4-8e87-5cc622f3917a: cophenetic index 624; 0.5 s; peak memory 385 MiB.
2026-09-27T23:01:17Z INFO [450/500] 187f7402-2ba3-4ff4-8e87-5cc622f3917a: checkpointed 57893 records.
2026-09-27T23:02:14Z INFO [451/500] 187f90da-bcba-4174-ab31-8310e0d47382: cophenetic index 802557; 56.3 s; peak memory 385 MiB.
2026-09-27T23:02:15Z INFO [452/500] 188118ed-584e-40c4-b48f-bf9d53ab624e: cophenetic index 1144; 1.3 s; peak memory 385 MiB.
2026-09-27T23:02:16Z INFO [453/500] 1882062b-2561-411f-a42c-db3cf77eb16b: cophenetic index 2570; 1.0 s; peak memory 385 MiB.
2026-09-27T23:02:16Z INFO [454/500] 1882cacc-88a8-434f-b91c-0fde4739b790: cophenetic index 490; 0.4 s; peak memory 385 MiB.
2026-09-27T23:02:17Z INFO [455/500] 1882df74-748a-4221-81dc-9a1d99cfbb12: cophenetic index 23364; 0.8 s; peak memory 385 MiB.
2026-09-27T23:02:19Z INFO [456/500] 1883c870-c31a-44ed-b73a-97b3926c74ce: cophenetic index 2236; 1.7 s; peak memory 385 MiB.
2026-09-27T23:02:19Z INFO [457/500] 1883e23e-f8d1-4c62-b2a0-94bf46ecdb0e: cophenetic index 3192; 0.6 s; peak memory 385 MiB.
2026-09-27T23:02:23Z INFO [458/500] 18844e33-ac19-4dda-ad00-d402b5b632a0: cophenetic index 51678; 3.3 s; peak memory 385 MiB.
2026-09-27T23:02:23Z INFO [459/500] 18853380-6fcf-41e1-9a6b-c55134fb8c6a: cophenetic index 624; 0.6 s; peak memory 385 MiB.
2026-09-27T23:02:24Z INFO [460/500] 1885556a-0696-47c1-9ce9-5b40768218c4: cophenetic index 99150; 1.0 s; peak memory 385 MiB.
2026-09-27T23:02:26Z INFO [461/500] 18856b42-6652-4ec7-9449-6c48e710e3fd: cophenetic index 2609; 1.5 s; peak memory 385 MiB.
2026-09-27T23:02:27Z INFO [462/500] 1886ec8a-7e5a-4809-a1bb-3537cce53ead: cophenetic index 949; 0.7 s; peak memory 385 MiB.
2026-09-27T23:02:34Z INFO [463/500] 188867a8-156c-4025-9076-7ed4fb1efc78: cophenetic index 277427; 7.3 s; peak memory 385 MiB.
2026-09-27T23:02:35Z INFO [464/500] 1888d7d4-434a-48c1-87d5-1f66f1b4b424: cophenetic index 33998; 1.1 s; peak memory 385 MiB.
2026-09-27T23:02:48Z INFO [465/500] 1889ada6-7086-4bda-8197-6a043a4ceaae: cophenetic index 39293; 13.4 s; peak memory 385 MiB.
2026-09-27T23:02:49Z INFO [466/500] 188a1571-d91c-4597-b19d-c5891406f1d2: cophenetic index 690; 0.4 s; peak memory 385 MiB.
2026-09-27T23:02:50Z INFO [467/500] 188a55b0-d78a-409c-baf0-77df96654641: cophenetic index 33998; 0.9 s; peak memory 385 MiB.
2026-09-27T23:02:50Z INFO [468/500] 188a80d0-7103-4766-9158-f9d7989e59a8: cophenetic index 3087; 0.5 s; peak memory 385 MiB.
2026-09-27T23:02:51Z INFO [469/500] 188ac55f-5d99-4288-9502-427b1d03a820: cophenetic index 624; 0.6 s; peak memory 385 MiB.
2026-09-27T23:02:53Z INFO [470/500] 188c9139-84bb-4df3-b60a-21ca46f9135e: cophenetic index 1733; 1.8 s; peak memory 385 MiB.
2026-09-27T23:02:53Z INFO [471/500] 188e3167-d80a-4fe7-ae08-87a64fe65f63: cophenetic index 3004; 0.6 s; peak memory 385 MiB.
2026-09-27T23:02:54Z INFO [472/500] 188e8b2f-7d3d-4226-9b71-02c39ea8b338: cophenetic index 624; 0.6 s; peak memory 385 MiB.
2026-09-27T23:02:54Z INFO [473/500] 188ea9d1-d034-4c86-b439-d1b421dc3a87: cophenetic index 624; 0.5 s; peak memory 385 MiB.
2026-09-27T23:02:56Z INFO [474/500] 188ecbb0-d67f-41ba-a2a7-d63d76fdd0a4: cophenetic index 3844; 1.9 s; peak memory 385 MiB.
2026-09-27T23:02:57Z INFO [475/500] 188f4266-468d-4413-84b4-f71afe92780d: cophenetic index 2625; 0.7 s; peak memory 385 MiB.
2026-09-27T23:02:58Z INFO [476/500] 18901c4e-e89a-407c-bc16-5dac3d678f25: cophenetic index 3004; 0.6 s; peak memory 385 MiB.
2026-09-27T23:02:58Z INFO [477/500] 18901f7f-18d8-4d57-bd55-02a0bab9f3e4: cophenetic index 718; 0.9 s; peak memory 385 MiB.
2026-09-27T23:02:59Z INFO [478/500] 18908ee2-7196-4b61-b93a-86bc6b68c2e0: cophenetic index 23866; 0.7 s; peak memory 385 MiB.
2026-09-27T23:03:00Z INFO [479/500] 1890c6c2-78a7-4729-8bad-e287fe87a743: cophenetic index 605; 0.7 s; peak memory 385 MiB.
2026-09-27T23:03:01Z INFO [480/500] 1891288e-5784-487d-9aa5-9750637268c4: cophenetic index 2701; 0.8 s; peak memory 385 MiB.
2026-09-27T23:03:03Z INFO [481/500] 18926710-4c96-42f6-ac56-0eb2e2e99b28: cophenetic index 24387; 1.9 s; peak memory 385 MiB.
2026-09-27T23:03:06Z INFO [482/500] 1894b20e-ffbb-4964-abd9-7dba628e14be: cophenetic index 20345; 3.6 s; peak memory 385 MiB.
2026-09-27T23:03:08Z INFO [483/500] 18994c08-bbec-4593-9054-bc4b60c589c1: cophenetic index 2402; 1.4 s; peak memory 385 MiB.
2026-09-27T23:03:08Z INFO [484/500] 18997242-1874-4bc1-9bd5-8c5d5bc82594: cophenetic index 3004; 0.6 s; peak memory 385 MiB.
2026-09-27T23:03:09Z INFO [485/500] 1899b4a4-e6c6-49be-82f4-10855bb78ef0: cophenetic index 33998; 1.0 s; peak memory 385 MiB.
2026-09-27T23:03:16Z INFO [486/500] 1899ff75-396a-49f9-8d5e-e4516ccb0ed1: cophenetic index 658769; 6.8 s; peak memory 385 MiB.
2026-09-27T23:03:17Z INFO [487/500] 189b0231-4a40-4fa0-b6cc-1a58b7db847d: cophenetic index 624; 0.6 s; peak memory 385 MiB.
2026-09-27T23:03:17Z INFO [488/500] 189b1a28-8751-4ebc-a15a-585315378945: cophenetic index 624; 0.5 s; peak memory 385 MiB.
2026-09-27T23:03:18Z INFO [489/500] 189b764e-4f6e-42dc-baa5-6e5c4877602e: cophenetic index 624; 0.5 s; peak memory 385 MiB.
2026-09-27T23:03:19Z INFO [490/500] 189c0b86-df03-471b-bcb5-021ea44cc67e: cophenetic index 1380; 1.0 s; peak memory 385 MiB.
2026-09-27T23:03:19Z INFO [491/500] 189d5d48-35eb-44da-9da0-ec860425a5c2: cophenetic index 624; 0.6 s; peak memory 385 MiB.
2026-09-27T23:03:20Z INFO [492/500] 189e4b59-f516-4082-882b-ad5cb22aff6b: cophenetic index 3004; 0.7 s; peak memory 385 MiB.
2026-09-27T23:03:21Z INFO [493/500] 189eae47-b53a-48eb-8c09-294e891ea0e7: cophenetic index 458; 0.8 s; peak memory 385 MiB.
2026-09-27T23:03:21Z INFO [494/500] 189ee019-4da4-4f99-835d-a5d304895bdb: cophenetic index 651; 0.4 s; peak memory 385 MiB.
2026-09-27T23:03:22Z INFO [495/500] 189f4e30-319f-456f-b98b-5612bc59c03a: cophenetic index 3057; 0.6 s; peak memory 385 MiB.
2026-09-27T23:03:23Z INFO [496/500] 189fed99-9a84-4c92-8e8c-fda5e2947ec8: cophenetic index 2625; 0.7 s; peak memory 385 MiB.
2026-09-27T23:03:23Z INFO [497/500] 18a0676c-500a-4823-8618-d2648d47cade: cophenetic index 431; 0.5 s; peak memory 385 MiB.
2026-09-27T23:03:24Z INFO [498/500] 18a08cc5-2dad-47d5-ae5a-9dd5ee302015: cophenetic index 624; 0.7 s; peak memory 385 MiB.
2026-09-27T23:03:24Z INFO [499/500] 18a09f71-8c41-48b2-ac98-5400f0f02a4c: cophenetic index 563; 0.7 s; peak memory 385 MiB.
2026-09-27T23:03:25Z INFO [500/500] 18a15291-9c41-4280-9847-2a8cf34f5885: cophenetic index 490; 0.4 s; peak memory 385 MiB.
2026-09-27T23:03:25Z INFO [500/500] 18a15291-9c41-4280-9847-2a8cf34f5885: checkpointed 57943 records.
2026-09-27T23:03:25Z INFO Wrote 57943 records to /tmp/derivatives/valid_nwb_file_to_cophenetic_index.jsonl (494 new, 6 failed) in 11.7 min (peak memory 385 MiB).
