2026-09-29T00:14:22Z INFO Logging to /tmp/logs/update_2026-09-29T00-14-22Z.log.
2026-09-29T00:14:22Z INFO Update valid-nwb-file-to-cophenetic-index (base directory /tmp).
2026-09-29T00:14:22Z INFO Processing 500 items (58436 already recorded).
2026-09-29T00:14:24Z WARNING 024ef50f-ac6f-49ea-806b-93ef4b5e8644: failed while reading the NWB file (KeyError: 'Unable to synchronously open object (component not found)')
2026-09-29T00:14:24Z WARNING [1/500] 024ef50f-ac6f-49ea-806b-93ef4b5e8644: leaving unrecorded for a later run to retry.
2026-09-29T00:14:25Z WARNING 09073220-fbea-45d2-9a39-2cc61fcdc2a1: failed while reading the NWB file (KeyError: 'Unable to synchronously open object (component not found)')
2026-09-29T00:14:25Z WARNING [2/500] 09073220-fbea-45d2-9a39-2cc61fcdc2a1: leaving unrecorded for a later run to retry.
2026-09-29T00:14:26Z WARNING 0dec427d-4db4-44c3-988a-c37959ceaff3: failed while reading the NWB file (KeyError: 'Unable to synchronously open object (component not found)')
2026-09-29T00:14:26Z WARNING [3/500] 0dec427d-4db4-44c3-988a-c37959ceaff3: leaving unrecorded for a later run to retry.
2026-09-29T00:14:27Z WARNING 0f7396ad-67ec-468a-b6a6-5599cb507f54: failed while reading the NWB file (KeyError: 'Unable to synchronously open object (component not found)')
2026-09-29T00:14:27Z WARNING [4/500] 0f7396ad-67ec-468a-b6a6-5599cb507f54: leaving unrecorded for a later run to retry.
2026-09-29T00:14:27Z WARNING 1066b3ba-83d9-4cb3-bfe3-ecf8539e2334: failed while reading the NWB file (KeyError: 'Unable to synchronously open object (component not found)')
2026-09-29T00:14:27Z WARNING [5/500] 1066b3ba-83d9-4cb3-bfe3-ecf8539e2334: leaving unrecorded for a later run to retry.
2026-09-29T00:14:29Z WARNING 17a546c4-6425-4c56-a43e-9f9f272d299c: failed while reading the NWB file (KeyError: 'Unable to synchronously open object (component not found)')
2026-09-29T00:14:29Z WARNING [6/500] 17a546c4-6425-4c56-a43e-9f9f272d299c: leaving unrecorded for a later run to retry.
2026-09-29T00:14:30Z WARNING 19998990-d06f-40db-8d07-c5121b317b6a: failed while reading the NWB file (KeyError: 'Unable to synchronously open object (component not found)')
2026-09-29T00:14:30Z WARNING [7/500] 19998990-d06f-40db-8d07-c5121b317b6a: leaving unrecorded for a later run to retry.
2026-09-29T00:14:30Z INFO [8/500] 19ae95f9-f874-40f9-8c79-2c5c3791a2c6: cophenetic index 431; 0.6 s; peak memory 91 MiB.
2026-09-29T00:14:31Z INFO [9/500] 19aefdd2-e1bb-4e32-9267-4c548a25fdc7: cophenetic index 2974; 0.8 s; peak memory 94 MiB.
2026-09-29T00:14:32Z INFO [10/500] 19affce9-3047-4d93-b759-d6b27e5a90f6: cophenetic index 624; 0.8 s; peak memory 94 MiB.
2026-09-29T00:14:32Z INFO [11/500] 19b01bac-d223-408e-88dc-ef835480dde5: cophenetic index 624; 0.7 s; peak memory 94 MiB.
2026-09-29T00:14:33Z INFO [12/500] 19b05f4a-5f00-46bc-aed5-156760da602f: cophenetic index 2625; 0.9 s; peak memory 95 MiB.
2026-09-29T00:14:34Z INFO [13/500] 19b128e8-dbd8-447c-8afc-90a62e5fc10e: cophenetic index 624; 0.7 s; peak memory 95 MiB.
2026-09-29T00:14:35Z INFO [14/500] 19b1fce3-d8f3-4987-95e1-9b89bbf8207b: cophenetic index 431; 0.7 s; peak memory 95 MiB.
2026-09-29T00:14:36Z INFO [15/500] 19b2e2d8-e3e1-4c27-b606-96e3ec2754c7: cophenetic index 2625; 1.1 s; peak memory 95 MiB.
2026-09-29T00:14:36Z INFO [16/500] 19b2e447-860b-4fe7-b2af-cc88eb444278: cophenetic index 3004; 0.8 s; peak memory 95 MiB.
2026-09-29T00:14:37Z INFO [17/500] 19b4317b-2ca2-40b5-8651-4c2ce1d34692: cophenetic index 624; 0.7 s; peak memory 95 MiB.
2026-09-29T00:14:38Z INFO [18/500] 19b4b45d-a121-40c8-9adb-7f31c6b0c916: cophenetic index 624; 0.7 s; peak memory 95 MiB.
2026-09-29T00:14:45Z INFO [19/500] 19b4c90d-9417-4554-9250-63ebb1074171: cophenetic index 104079; 6.9 s; peak memory 105 MiB.
2026-09-29T00:14:45Z INFO [20/500] 19b59382-1ef2-4ab6-9499-21dc8d301648: cophenetic index 624; 0.7 s; peak memory 105 MiB.
2026-09-29T00:14:46Z INFO [21/500] 19b60825-5dd2-4e7e-9bb2-a78df5bbfc4c: cophenetic index 820; 0.6 s; peak memory 105 MiB.
2026-09-29T00:14:47Z INFO [22/500] 19b6c78d-65e8-4494-bd98-96f75e036f86: cophenetic index 1751; 1.1 s; peak memory 105 MiB.
2026-09-29T00:14:48Z INFO [23/500] 19b6cc8f-607e-407c-8bb5-bf7ef8966a7a: cophenetic index 431; 0.7 s; peak memory 105 MiB.
2026-09-29T00:14:49Z INFO [24/500] 19b730ce-ff7c-4df4-98d4-d9e861950f4f: cophenetic index 1751; 0.9 s; peak memory 105 MiB.
2026-09-29T00:14:50Z INFO [25/500] 19b73f18-7e0b-4616-856c-08a22ee8fc60: cophenetic index 477; 1.0 s; peak memory 105 MiB.
2026-09-29T00:14:51Z INFO [26/500] 19b855a2-7593-49f3-8e4e-c2a6295bc46b: cophenetic index 2625; 0.9 s; peak memory 105 MiB.
2026-09-29T00:14:51Z INFO [27/500] 19b88991-59b5-4e6f-8a4d-675bac09dda1: cophenetic index 605; 0.9 s; peak memory 105 MiB.
2026-09-29T00:14:52Z INFO [28/500] 19b93984-f7d2-4a3c-97dd-73bbcabb1fda: cophenetic index 490; 0.5 s; peak memory 105 MiB.
2026-09-29T00:14:53Z INFO [29/500] 19b95305-1a6f-461c-9525-85cd920f342e: cophenetic index 3004; 0.8 s; peak memory 105 MiB.
2026-09-29T00:14:53Z INFO [30/500] 19b9c33d-c926-44a0-84b7-7ad26805cb19: cophenetic index 494; 0.6 s; peak memory 105 MiB.
2026-09-29T00:14:54Z INFO [31/500] 19bb2079-9453-4650-ab54-b8122bf7d4a7: cophenetic index 1751; 1.0 s; peak memory 105 MiB.
2026-09-29T00:14:55Z INFO [32/500] 19bd5371-b3c9-4071-8b25-74f6d54daf82: cophenetic index 1228; 0.6 s; peak memory 105 MiB.
2026-09-29T00:14:56Z INFO [33/500] 19bdba67-a391-4795-9fd2-70fae1efed4f: cophenetic index 3004; 0.7 s; peak memory 105 MiB.
2026-09-29T00:14:56Z INFO [34/500] 19bdd6c2-f379-41ec-b2d1-12e04ac52953: cophenetic index 3004; 0.7 s; peak memory 105 MiB.
2026-09-29T00:14:57Z INFO [35/500] 19bde76c-88ec-4886-90f1-e36db639eb6c: cophenetic index 762; 0.5 s; peak memory 105 MiB.
2026-09-29T00:14:58Z INFO [36/500] 19be0d7a-68ad-430b-9713-33580b366805: cophenetic index 2402; 1.6 s; peak memory 105 MiB.
2026-09-29T00:15:00Z INFO [37/500] 19bebe56-66f5-44be-8647-328bde24973f: cophenetic index 6490; 1.4 s; peak memory 105 MiB.
2026-09-29T00:15:00Z INFO [38/500] 19bef4d8-b3cc-4b07-8d04-8f4b9e8c309f: cophenetic index 624; 0.5 s; peak memory 105 MiB.
2026-09-29T00:15:01Z INFO [39/500] 19c12d12-5938-4176-b0b9-cd6bff5a7fd1: cophenetic index 2625; 0.9 s; peak memory 105 MiB.
2026-09-29T00:15:07Z INFO [40/500] 19c14161-8e23-4fbb-a8b1-77da8d84c544: cophenetic index 47115; 5.5 s; peak memory 105 MiB.
2026-09-29T00:15:08Z INFO [41/500] 19c18475-cb6b-4cb2-afe5-bd3922175f46: cophenetic index 2015; 1.3 s; peak memory 105 MiB.
2026-09-29T00:15:08Z INFO [42/500] 19c1ce6e-0f58-4c74-883f-bf53f140d8bf: cophenetic index 374; 0.4 s; peak memory 105 MiB.
2026-09-29T00:15:09Z INFO [43/500] 19c1ddab-f7f1-4c1f-af81-ec1c7a37e7fb: cophenetic index 1087; 0.9 s; peak memory 105 MiB.
2026-09-29T00:15:10Z INFO [44/500] 19c252b9-63ca-4b64-910e-7714413bc2a1: cophenetic index 2974; 0.8 s; peak memory 105 MiB.
2026-09-29T00:15:11Z INFO [45/500] 19c35403-48f3-4213-b1cb-6f757ef43323: cophenetic index 3215; 0.6 s; peak memory 105 MiB.
2026-09-29T00:15:12Z INFO [46/500] 19c3aba3-8cb4-4e62-985d-de6c2eca7f05: cophenetic index 766; 0.8 s; peak memory 105 MiB.
2026-09-29T00:15:12Z INFO [47/500] 19c45fed-f5e7-4108-93ea-b37c08ea2af3: cophenetic index 494; 0.6 s; peak memory 105 MiB.
2026-09-29T00:15:18Z INFO [48/500] 19c52d2e-7739-43ed-b5ff-6be498e90be6: cophenetic index 158166; 5.6 s; peak memory 108 MiB.
2026-09-29T00:15:19Z INFO [49/500] 19c695f3-7fc4-4a7b-a828-96c2522d6eb1: cophenetic index 895; 1.5 s; peak memory 108 MiB.
2026-09-29T00:15:20Z INFO [50/500] 19c761c8-fc26-4d0a-b8e3-f5c155af0317: cophenetic index 3087; 0.7 s; peak memory 108 MiB.
2026-09-29T00:15:20Z INFO [50/500] 19c761c8-fc26-4d0a-b8e3-f5c155af0317: checkpointed 58479 records.
2026-09-29T00:15:21Z INFO [51/500] 19c79416-b78a-4332-bace-7fef5dad1b2b: cophenetic index 581; 0.7 s; peak memory 108 MiB.
2026-09-29T00:15:22Z INFO [52/500] 19c88782-584b-490d-9a94-94a5e0de6a97: cophenetic index 431; 0.6 s; peak memory 108 MiB.
2026-09-29T00:15:22Z INFO [53/500] 19c92c0b-1893-4681-a620-333cd2405627: cophenetic index 624; 0.7 s; peak memory 108 MiB.
2026-09-29T00:15:27Z INFO [54/500] 19c9a12d-f51e-480a-9627-b45919d3083d: cophenetic index 33132; 5.2 s; peak memory 108 MiB.
2026-09-29T00:15:34Z INFO [55/500] 19c9a304-a0ae-44aa-9adc-424e7b03f279: cophenetic index 49847; 6.2 s; peak memory 111 MiB.
2026-09-29T00:15:35Z INFO [56/500] 19c9d15a-2a18-4b83-ab24-3092c50a6f91: cophenetic index 33998; 1.0 s; peak memory 111 MiB.
2026-09-29T00:15:35Z INFO [57/500] 19ca1714-41bb-4496-a66c-ec12cbf1bcb6: cophenetic index 649; 0.8 s; peak memory 111 MiB.
2026-09-29T00:15:36Z INFO [58/500] 19ca1927-8a89-49f8-a639-fa9820aeb686: cophenetic index 2625; 0.8 s; peak memory 111 MiB.
2026-09-29T00:15:38Z INFO [59/500] 19cb4e11-1f53-4161-9290-7232945f3263: cophenetic index 1979; 1.7 s; peak memory 111 MiB.
2026-09-29T00:15:39Z INFO [60/500] 19cb8886-198a-41df-9463-4b2cc52f8ffb: cophenetic index 99120; 1.1 s; peak memory 111 MiB.
2026-09-29T00:15:40Z INFO [61/500] 19cbbb2c-67f1-4478-bcbc-a97d8b4444e0: cophenetic index 624; 0.7 s; peak memory 111 MiB.
2026-09-29T00:15:41Z INFO [62/500] 19cbf9eb-0b64-4271-8aa5-e18b98d242af: cophenetic index 3087; 0.9 s; peak memory 111 MiB.
2026-09-29T00:15:41Z INFO [63/500] 19cd1e21-f951-4cf1-a40a-1f03252fae4c: cophenetic index 624; 0.7 s; peak memory 111 MiB.
2026-09-29T00:15:43Z INFO [64/500] 19cd8985-78aa-4fc5-b0d8-fd64e2fc5120: cophenetic index 2402; 1.7 s; peak memory 111 MiB.
2026-09-29T00:15:44Z INFO [65/500] 19cd9b6d-a5b9-4394-aa3f-ced33437c77a: cophenetic index 649; 0.7 s; peak memory 111 MiB.
2026-09-29T00:15:45Z INFO [66/500] 19cdbeca-8cd2-40cf-8625-79667fde43a2: cophenetic index 1025; 0.9 s; peak memory 111 MiB.
2026-09-29T00:15:45Z INFO [67/500] 19cf0d72-3cb4-4502-98fd-17e161dc651a: cophenetic index 624; 0.7 s; peak memory 111 MiB.
2026-09-29T00:15:46Z INFO [68/500] 19cffdde-bb5a-45c0-a397-b591ff965c8f: cophenetic index 497; 0.9 s; peak memory 111 MiB.
2026-09-29T00:15:47Z INFO [69/500] 19d02aac-9de7-4177-9f9a-4092ba15284b: cophenetic index 797; 1.3 s; peak memory 111 MiB.
2026-09-29T00:15:51Z INFO [70/500] 19d08da6-6b05-4d49-9a8a-638711b6d6ad: cophenetic index 87573; 4.1 s; peak memory 111 MiB.
2026-09-29T00:15:52Z INFO [71/500] 19d0b042-e470-462a-a708-d5c580663c9b: cophenetic index 624; 0.6 s; peak memory 111 MiB.
2026-09-29T00:15:53Z INFO [72/500] 19d0ea7d-3958-470d-b75f-30ea8fab2f88: cophenetic index 2005; 0.9 s; peak memory 111 MiB.
2026-09-29T00:15:54Z INFO [73/500] 19d17af5-8f23-43cb-958c-da8158e630e8: cophenetic index 624; 0.6 s; peak memory 111 MiB.
2026-09-29T00:15:54Z INFO [74/500] 19d1a7d1-2427-4c84-8715-e4c5a25fe6c9: cophenetic index 579; 0.3 s; peak memory 111 MiB.
2026-09-29T00:15:55Z INFO [75/500] 19d23892-026e-4bcf-ab70-406c68c9f114: cophenetic index 1087; 0.9 s; peak memory 111 MiB.
2026-09-29T00:15:56Z INFO [76/500] 19d3571c-af3b-4586-8f10-e36fccf05b4e: cophenetic index 99120; 1.0 s; peak memory 111 MiB.
2026-09-29T00:15:57Z INFO [77/500] 19d474c8-3e6f-4e08-bb23-bca08e9618b3: cophenetic index 624; 0.7 s; peak memory 111 MiB.
2026-09-29T00:15:57Z INFO [78/500] 19d4dc3f-024e-4919-bd34-4ce552da2219: cophenetic index 6100; 0.8 s; peak memory 111 MiB.
2026-09-29T00:16:01Z INFO [79/500] 19d56bf0-7ecb-4c4f-b08d-3f05701ae315: cophenetic index 10045; 3.3 s; peak memory 111 MiB.
2026-09-29T00:16:01Z INFO [80/500] 19d582cb-13cc-4754-bf5f-79299c7d8222: cophenetic index 3087; 0.7 s; peak memory 111 MiB.
2026-09-29T00:16:07Z INFO [81/500] 19d61151-5731-4da8-b485-fbfbdb8fcfe9: cophenetic index 47115; 5.6 s; peak memory 111 MiB.
2026-09-29T00:16:08Z INFO [82/500] 19d62532-301e-48a0-a7d4-9ce386b3ba3e: cophenetic index 605; 0.8 s; peak memory 111 MiB.
2026-09-29T00:16:13Z INFO [83/500] 19d64a0a-3afc-4a09-bbba-1c9eeabf5547: cophenetic index 6715; 4.8 s; peak memory 111 MiB.
2026-09-29T00:16:14Z INFO [84/500] 19d737eb-46b8-426e-b3ec-fb05f8b30695: cophenetic index 2625; 1.0 s; peak memory 111 MiB.
2026-09-29T00:16:18Z INFO [85/500] 19d7620f-e93d-4667-b1b2-8c10f80e406f: cophenetic index 41489; 4.3 s; peak memory 111 MiB.
2026-09-29T00:16:19Z INFO [86/500] 19d7d611-493e-40f4-9da6-42ca2e450c84: cophenetic index 99114; 1.2 s; peak memory 111 MiB.
2026-09-29T00:16:21Z INFO [87/500] 19d837f3-5686-4d51-99ef-fde7b887b274: cophenetic index 2391; 2.3 s; peak memory 111 MiB.
2026-09-29T00:16:22Z INFO [88/500] 19d8aae3-5422-4761-b35c-1a6d99b10024: cophenetic index 605; 0.8 s; peak memory 111 MiB.
2026-09-29T00:16:23Z INFO [89/500] 19d8e45b-f7ab-4f24-a9fd-1b48b92fb02a: cophenetic index 766; 0.9 s; peak memory 111 MiB.
2026-09-29T00:16:23Z INFO [90/500] 19d923f7-b98b-4f9c-a034-6305ff0cbacf: cophenetic index 490; 0.3 s; peak memory 111 MiB.
2026-09-29T00:16:24Z INFO [91/500] 19d990fe-b5ee-4ecd-a35b-cc9def2cdd22: cophenetic index 2625; 0.9 s; peak memory 111 MiB.
2026-09-29T00:16:25Z INFO [92/500] 19d9cf9f-887e-41bc-8fbb-149ecbf98fee: cophenetic index 431; 0.8 s; peak memory 111 MiB.
2026-09-29T00:16:28Z INFO [93/500] 19da9a9d-7802-4955-8edb-704dc7389039: cophenetic index 14234; 2.7 s; peak memory 111 MiB.
2026-09-29T00:16:30Z INFO [94/500] 19dade61-31fb-4a57-a6c1-242a63faef94: cophenetic index 1733; 2.3 s; peak memory 111 MiB.
2026-09-29T00:16:31Z INFO [95/500] 19db0655-ec90-43b1-9ba2-b7ceed5e9124: cophenetic index 624; 0.6 s; peak memory 111 MiB.
2026-09-29T00:16:31Z INFO [96/500] 19db957f-1d05-40c4-8911-bfbf816a7724: cophenetic index 649; 0.8 s; peak memory 111 MiB.
2026-09-29T00:16:32Z INFO [97/500] 19dbc478-4dee-4d53-b578-bf3b31aa2229: cophenetic index 1380; 1.0 s; peak memory 111 MiB.
2026-09-29T00:16:33Z INFO [98/500] 19dbfb0e-cc18-4cb6-a6cd-4a665d266a12: cophenetic index 3004; 0.7 s; peak memory 111 MiB.
2026-09-29T00:16:34Z INFO [99/500] 19ddc1bb-bb2f-407d-a6b2-c733eac7a8ff: cophenetic index 1006; 0.8 s; peak memory 111 MiB.
2026-09-29T00:16:37Z INFO [100/500] 19de2ebd-18b4-4622-a1d9-48db653e868f: cophenetic index 23157; 3.0 s; peak memory 111 MiB.
2026-09-29T00:16:37Z INFO [100/500] 19de2ebd-18b4-4622-a1d9-48db653e868f: checkpointed 58529 records.
2026-09-29T00:16:38Z INFO [101/500] 19de6874-1fe1-4079-a93b-47c933c95d2f: cophenetic index 3004; 0.9 s; peak memory 111 MiB.
2026-09-29T00:16:39Z INFO [102/500] 19de6b1f-1963-4548-8e5d-891669ad118e: cophenetic index 3004; 0.9 s; peak memory 111 MiB.
2026-09-29T00:16:45Z INFO [103/500] 19de790b-5ef8-45a1-97e0-30c1eb84ab4d: cophenetic index 34862; 6.4 s; peak memory 111 MiB.
2026-09-29T00:16:46Z INFO [104/500] 19de927e-8fbb-40ee-946d-76f3ec7936e6: cophenetic index 3972; 1.1 s; peak memory 111 MiB.
2026-09-29T00:16:47Z INFO [105/500] 19e058e1-915d-4f12-b0e2-82518b99708b: cophenetic index 2625; 0.9 s; peak memory 111 MiB.
2026-09-29T00:16:48Z INFO [106/500] 19e12dbc-e1da-409c-bc61-0c894e362988: cophenetic index 2974; 0.8 s; peak memory 111 MiB.
2026-09-29T00:16:49Z INFO [107/500] 19e2ce70-bb65-4eba-848c-c0256e09d040: cophenetic index 2625; 1.0 s; peak memory 111 MiB.
2026-09-29T00:16:50Z INFO [108/500] 19e37fc9-53b4-4245-a2ec-bb0726bc435e: cophenetic index 2974; 0.6 s; peak memory 111 MiB.
2026-09-29T00:16:51Z INFO [109/500] 19e3f73b-989a-424e-836b-58558b5c68e8: cophenetic index 23272; 0.8 s; peak memory 111 MiB.
2026-09-29T00:16:52Z INFO [110/500] 19e42ee1-f42b-4f7f-8d02-78767d82ca82: cophenetic index 2625; 1.0 s; peak memory 111 MiB.
2026-09-29T00:16:52Z INFO [111/500] 19e54763-d65a-4db7-85a1-fb8a3634e1bd: cophenetic index 624; 0.6 s; peak memory 111 MiB.
2026-09-29T00:16:53Z INFO [112/500] 19e5f90c-4b0c-4f19-a59d-4f02a458cbb3: cophenetic index 624; 0.6 s; peak memory 111 MiB.
2026-09-29T00:16:53Z INFO [113/500] 19e73cc8-b63c-4f55-ae63-95317e027ef4: cophenetic index 624; 0.7 s; peak memory 111 MiB.
2026-09-29T00:16:59Z INFO [114/500] 19e78c5b-61f2-4e18-bb13-1cde00d99b00: cophenetic index 93549; 5.5 s; peak memory 111 MiB.
2026-09-29T00:17:00Z INFO [115/500] 19e7cdfd-e483-4fb4-9671-2fc9b5650286: cophenetic index 624; 0.7 s; peak memory 111 MiB.
2026-09-29T00:17:01Z INFO [116/500] 19e833e7-f343-40b9-90c3-c9a1fce58fab: cophenetic index 1087; 1.1 s; peak memory 111 MiB.
2026-09-29T00:17:13Z INFO [117/500] 19e85c66-d98f-4159-9534-ec87aa87d212: cophenetic index 42755; 11.9 s; peak memory 115 MiB.
2026-09-29T00:17:13Z INFO [118/500] 19e8a585-85ba-4889-b487-f8cfa4f08c98: cophenetic index 3004; 0.8 s; peak memory 115 MiB.
2026-09-29T00:17:14Z INFO [119/500] 19e8e474-c997-4e5f-a78a-32e645eba235: cophenetic index 624; 0.7 s; peak memory 115 MiB.
2026-09-29T00:17:15Z INFO [120/500] 19e8ec0f-92fd-41fa-93ea-426636d552da: cophenetic index 3004; 0.7 s; peak memory 115 MiB.
2026-09-29T00:17:16Z INFO [121/500] 19e92b6a-efd7-4b06-bba3-1a19a9e2952f: cophenetic index 3087; 0.8 s; peak memory 115 MiB.
2026-09-29T00:17:16Z INFO [122/500] 19e9758a-0ed9-45df-a122-4d07ded71824: cophenetic index 3087; 0.7 s; peak memory 115 MiB.
2026-09-29T00:17:17Z INFO [123/500] 19eaa004-521f-494c-8f77-905fa00e0b4d: cophenetic index 646; 0.7 s; peak memory 115 MiB.
2026-09-29T00:17:19Z INFO [124/500] 19ebc439-dd97-4f36-a3a0-9eb235571d7a: cophenetic index 6948; 1.7 s; peak memory 115 MiB.
2026-09-29T00:17:19Z INFO [125/500] 19ebc5ae-5b3c-4d73-a3a9-aa5319434f41: cophenetic index 624; 0.7 s; peak memory 115 MiB.
2026-09-29T00:17:21Z INFO [126/500] 19ebcc7c-12a8-4b4e-91b9-3bc469d55b97: cophenetic index 2469; 2.0 s; peak memory 115 MiB.
2026-09-29T00:17:22Z INFO [127/500] 19ec83f4-c222-43bd-900a-2b1510ce84d8: cophenetic index 490; 0.4 s; peak memory 115 MiB.
2026-09-29T00:17:22Z INFO [128/500] 19ed1212-1ca4-47ca-a665-ce09fa8bd05d: cophenetic index 3057; 0.6 s; peak memory 115 MiB.
2026-09-29T00:17:55Z INFO [129/500] 19ed4057-9bde-4d7a-a3ba-e036703982a4: cophenetic index 275232; 32.7 s; peak memory 156 MiB.
2026-09-29T00:17:58Z INFO [130/500] 19ed7ffc-a393-473f-a741-297bb7a55794: cophenetic index 9548; 3.3 s; peak memory 156 MiB.
2026-09-29T00:18:03Z INFO [131/500] 19edabcb-94f1-450c-937b-44795b6c9116: cophenetic index 5466; 4.3 s; peak memory 156 MiB.
2026-09-29T00:18:03Z INFO [132/500] 19ef76a1-0d5d-4819-a83b-3f8546f20c5c: cophenetic index 624; 0.8 s; peak memory 156 MiB.
2026-09-29T00:18:04Z INFO [133/500] 19f05caa-9fb6-468b-be41-61132615c78c: cophenetic index 2974; 0.6 s; peak memory 156 MiB.
2026-09-29T00:18:05Z INFO [134/500] 19f15357-c644-42cc-9923-eb770674616f: cophenetic index 1087; 0.8 s; peak memory 156 MiB.
2026-09-29T00:18:06Z INFO [135/500] 19f1f430-26d5-4ff5-9a61-6ea673522e7c: cophenetic index 766; 1.1 s; peak memory 156 MiB.
2026-09-29T00:18:14Z INFO [136/500] 19f21515-fc08-4184-ace0-7a3d37ffa26d: cophenetic index 7161473; 7.8 s; peak memory 156 MiB.
2026-09-29T00:18:14Z INFO [137/500] 19f23d7a-8499-4f99-ae7a-f6bee3c79165: cophenetic index 2974; 0.8 s; peak memory 156 MiB.
2026-09-29T00:18:19Z INFO [138/500] 19f259e2-fbc9-4d2c-99fb-c8e87459ca13: cophenetic index 50747; 4.4 s; peak memory 156 MiB.
2026-09-29T00:18:21Z INFO [139/500] 19f2a1b0-5642-4b20-98c9-85c70fe77a79: cophenetic index 4646; 2.0 s; peak memory 156 MiB.
2026-09-29T00:18:22Z INFO [140/500] 19f2e0c6-bc10-40e8-b3ac-ae2e5110b10e: cophenetic index 624; 0.6 s; peak memory 156 MiB.
2026-09-29T00:18:23Z INFO [141/500] 19f48d03-b4b6-4ed3-883c-1368162d49d5: cophenetic index 2402; 1.7 s; peak memory 156 MiB.
2026-09-29T00:18:24Z INFO [142/500] 19f4cc2e-1db7-49da-8cb4-67eb12dd266a: cophenetic index 2625; 0.9 s; peak memory 156 MiB.
2026-09-29T00:18:25Z INFO [143/500] 19f4da45-518c-478e-8a60-0d742e498a10: cophenetic index 581; 0.6 s; peak memory 156 MiB.
2026-09-29T00:18:27Z INFO [144/500] 19f56490-61b8-4597-8e11-d077870dea1a: cophenetic index 31701; 2.1 s; peak memory 156 MiB.
2026-09-29T00:18:28Z INFO [145/500] 19f58e8b-fb51-442b-ad95-3cb7bdd0e118: cophenetic index 33968; 1.0 s; peak memory 156 MiB.
2026-09-29T00:18:29Z INFO [146/500] 19f5e7fd-f507-4903-9f96-be6327606dce: cophenetic index 2625; 1.2 s; peak memory 156 MiB.
2026-09-29T00:18:30Z INFO [147/500] 19f603c0-c21d-4080-a3f2-f246a435d916: cophenetic index 164; 0.5 s; peak memory 156 MiB.
2026-09-29T00:18:30Z INFO [148/500] 19f626a7-72e9-4d1d-acea-9d9c34b3b3ef: cophenetic index 433; 0.4 s; peak memory 156 MiB.
2026-09-29T00:18:31Z INFO [149/500] 19f7150c-0eee-4b05-aa37-871ecd651cfd: cophenetic index 26986; 0.8 s; peak memory 156 MiB.
2026-09-29T00:18:32Z INFO [150/500] 19f75838-7128-467c-a84a-30b8d38062d5: cophenetic index 26986; 1.0 s; peak memory 156 MiB.
2026-09-29T00:18:32Z INFO [150/500] 19f75838-7128-467c-a84a-30b8d38062d5: checkpointed 58579 records.
2026-09-29T00:18:33Z INFO [151/500] 19f7b6fb-ee91-4d37-88b4-5e7671bec304: cophenetic index 2625; 0.9 s; peak memory 156 MiB.
2026-09-29T00:18:33Z INFO [152/500] 19f8118b-9f63-4208-8255-6406338dfbd2: cophenetic index 624; 0.7 s; peak memory 156 MiB.
2026-09-29T00:18:41Z INFO [153/500] 19f82df2-4a3d-4c01-9c0a-8c197b62a9c2: cophenetic index 670757; 7.9 s; peak memory 156 MiB.
2026-09-29T00:18:42Z INFO [154/500] 19fa64f2-70ac-4312-91a2-1c2676acd898: cophenetic index 624; 0.8 s; peak memory 156 MiB.
2026-09-29T00:18:43Z INFO [155/500] 19faa473-f9ce-4ef6-9359-2bd253055625: cophenetic index 33986; 1.0 s; peak memory 156 MiB.
2026-09-29T00:18:44Z INFO [156/500] 19fad590-9f7d-4f1e-99db-fbe408de0fd7: cophenetic index 2625; 0.9 s; peak memory 156 MiB.
2026-09-29T00:18:45Z INFO [157/500] 19faeacb-503c-4d55-a6c5-495bd829915d: cophenetic index 649; 0.7 s; peak memory 156 MiB.
2026-09-29T00:18:45Z INFO [158/500] 19fca134-6946-4018-afb9-f57484186a7e: cophenetic index 624; 0.8 s; peak memory 156 MiB.
2026-09-29T00:18:46Z INFO [159/500] 19fd88ca-8b03-40e3-b1ee-60325a82fada: cophenetic index 3087; 0.7 s; peak memory 156 MiB.
2026-09-29T00:18:53Z INFO [160/500] 19fdb041-fe22-4158-bccb-8a0483871811: cophenetic index 48643; 6.4 s; peak memory 156 MiB.
2026-09-29T00:18:54Z INFO [161/500] 19fdd862-1329-48f7-ae3b-9b4955dbceae: cophenetic index 99150; 1.8 s; peak memory 156 MiB.
2026-09-29T00:18:55Z INFO [162/500] 19fde837-ef45-497f-ac9d-fa8b9a2ae75f: cophenetic index 2570; 0.9 s; peak memory 156 MiB.
2026-09-29T00:18:56Z INFO [163/500] 19fdee38-d3c3-4220-b63f-803721a5eaa6: cophenetic index 2974; 0.9 s; peak memory 156 MiB.
2026-09-29T00:18:58Z INFO [164/500] 19fec72d-d1e5-437b-9e22-5408f6452838: cophenetic index 1130; 1.3 s; peak memory 156 MiB.
2026-09-29T00:18:58Z INFO [165/500] 19ff168e-4f8d-4bed-982c-e58ce3acf2ae: cophenetic index 607; 0.6 s; peak memory 156 MiB.
2026-09-29T00:19:07Z INFO [166/500] 19ff4e03-1213-4a25-acd9-39bd19b2a87a: cophenetic index 468672; 8.8 s; peak memory 156 MiB.
2026-09-29T00:19:08Z INFO [167/500] 1a008eea-6b3d-4a1c-bea0-63d8e78dad72: cophenetic index 624; 0.7 s; peak memory 156 MiB.
2026-09-29T00:19:11Z INFO [168/500] 1a01638f-4080-4c7c-8841-d6e9270e3fdd: cophenetic index 96812; 3.8 s; peak memory 156 MiB.
2026-09-29T00:19:13Z INFO [169/500] 1a0190ad-f414-4b2c-b75b-bf6618a538be: cophenetic index 2625; 1.0 s; peak memory 156 MiB.
2026-09-29T00:19:13Z INFO [170/500] 1a0199df-5424-4e04-b9fc-d51ee5cc1c83: cophenetic index 431; 0.7 s; peak memory 156 MiB.
2026-09-29T00:19:14Z INFO [171/500] 1a01aa68-1180-4e7c-8e54-61a974e7a63e: cophenetic index 3087; 0.9 s; peak memory 156 MiB.
2026-09-29T00:19:15Z INFO [172/500] 1a01d3a8-e105-438c-8d1f-116204c05f39: cophenetic index 490; 0.4 s; peak memory 156 MiB.
2026-09-29T00:19:15Z INFO [173/500] 1a01f04c-858d-4501-9a70-780d54f679a8: cophenetic index 2625; 0.8 s; peak memory 156 MiB.
2026-09-29T00:19:16Z INFO [174/500] 1a027357-4650-4001-a972-91428db75b18: cophenetic index 3004; 0.6 s; peak memory 156 MiB.
2026-09-29T00:19:54Z INFO [175/500] 1a028d12-01aa-471e-80ee-62e4b653be62: cophenetic index 14885834; 38.2 s; peak memory 214 MiB.
2026-09-29T00:19:55Z INFO [176/500] 1a029f9c-f766-47a3-91dc-6a94de09fd86: cophenetic index 624; 0.6 s; peak memory 214 MiB.
2026-09-29T00:19:56Z INFO [177/500] 1a02bf4d-12d7-45c0-b202-020535746c5e: cophenetic index 725; 0.8 s; peak memory 214 MiB.
2026-09-29T00:19:56Z INFO [178/500] 1a03f4d9-2843-4f1a-9543-e7acded20b10: cophenetic index 512; 0.6 s; peak memory 214 MiB.
2026-09-29T00:19:57Z INFO [179/500] 1a048944-f375-4120-aa9f-9aef66c63031: cophenetic index 624; 0.6 s; peak memory 214 MiB.
2026-09-29T00:19:58Z INFO [180/500] 1a048ff9-1315-4056-968f-7f276236a346: cophenetic index 3192; 0.7 s; peak memory 214 MiB.
2026-09-29T00:19:59Z INFO [181/500] 1a04c40f-d7cf-4b9e-b7ea-b39646ca04ee: cophenetic index 99150; 1.7 s; peak memory 214 MiB.
2026-09-29T00:20:03Z INFO [182/500] 1a04f1e0-b70a-4340-ae2a-4cd370f39c9f: cophenetic index 109394; 3.9 s; peak memory 214 MiB.
2026-09-29T00:20:04Z INFO [183/500] 1a051feb-9641-424b-a423-d507aaa9d738: cophenetic index 33986; 1.0 s; peak memory 214 MiB.
2026-09-29T00:20:05Z INFO [184/500] 1a056d12-da93-43a2-8cbb-858f8e4ea7e7: cophenetic index 431; 0.6 s; peak memory 214 MiB.
2026-09-29T00:20:05Z INFO [185/500] 1a05b896-de17-4216-bd9d-931ab9fb38c1: cophenetic index 624; 0.7 s; peak memory 214 MiB.
2026-09-29T00:20:10Z INFO [186/500] 1a067f26-34de-4110-8a00-4ea26b33e5c3: cophenetic index 87401; 4.0 s; peak memory 214 MiB.
2026-09-29T00:20:11Z INFO [187/500] 1a06e7f1-cb68-439c-a20e-692945607c39: cophenetic index 582; 1.2 s; peak memory 214 MiB.
2026-09-29T00:20:12Z INFO [188/500] 1a071771-c2e6-4f50-9690-7649b937c94f: cophenetic index 33986; 0.9 s; peak memory 214 MiB.
2026-09-29T00:20:13Z INFO [189/500] 1a07ccbd-7344-48ed-974f-e40f534b6f3e: cophenetic index 2625; 0.9 s; peak memory 214 MiB.
2026-09-29T00:20:14Z INFO [190/500] 1a07e43c-bb35-4311-b453-8c745a503c30: cophenetic index 937; 1.0 s; peak memory 214 MiB.
2026-09-29T00:20:14Z INFO [191/500] 1a08ec4f-d8e2-4e4f-8032-c3bdaff42cec: cophenetic index 164; 0.5 s; peak memory 214 MiB.
2026-09-29T00:20:15Z INFO [192/500] 1a09c02d-27f8-415e-bd01-e95c083adb24: cophenetic index 1087; 0.9 s; peak memory 214 MiB.
2026-09-29T00:20:20Z INFO [193/500] 1a0a9780-190d-440c-af80-c86eec75e152: cophenetic index 87573; 4.6 s; peak memory 214 MiB.
2026-09-29T00:20:20Z INFO [194/500] 1a0bb058-78a2-4d7f-b138-763ea3c7d903: cophenetic index 651; 0.5 s; peak memory 214 MiB.
2026-09-29T00:20:22Z INFO [195/500] 1a0c2d5a-558e-49a3-b264-8d6d5a1e8d5f: cophenetic index 34658; 1.7 s; peak memory 214 MiB.
2026-09-29T00:20:26Z INFO [196/500] 1a0c8aa9-a1b2-4e92-8acd-ef7720806e93: cophenetic index 87573; 4.8 s; peak memory 214 MiB.
2026-09-29T00:20:29Z INFO [197/500] 1a0ddf9d-06f0-458c-8339-5657f576035d: cophenetic index 35669; 2.6 s; peak memory 214 MiB.
2026-09-29T00:20:33Z INFO [198/500] 1a0e4e32-4454-4dac-90cd-9b5802a66b91: cophenetic index 149336; 4.3 s; peak memory 214 MiB.
2026-09-29T00:20:34Z INFO [199/500] 1a0e9524-91c6-42db-9dee-89ead18d4913: cophenetic index 651; 0.4 s; peak memory 214 MiB.
2026-09-29T00:20:35Z INFO [200/500] 1a0ecc22-1cc4-4e5e-95d5-04ccb0d7bbe2: cophenetic index 2570; 0.9 s; peak memory 214 MiB.
2026-09-29T00:20:35Z INFO [200/500] 1a0ecc22-1cc4-4e5e-95d5-04ccb0d7bbe2: checkpointed 58629 records.
2026-09-29T00:20:36Z INFO [201/500] 1a0f6546-bbf4-4b14-ae34-01b62574fb40: cophenetic index 554; 1.0 s; peak memory 214 MiB.
2026-09-29T00:20:38Z INFO [202/500] 1a0f9270-6260-40f3-8358-c2b8ae99d2f6: cophenetic index 8488; 2.3 s; peak memory 214 MiB.
2026-09-29T00:20:39Z INFO [203/500] 1a0fa08d-baa9-4b6d-95d6-83971564cce4: cophenetic index 626; 0.8 s; peak memory 214 MiB.
2026-09-29T00:20:40Z INFO [204/500] 1a0ffd7f-2fa4-4862-baed-637a776e113c: cophenetic index 1148; 0.8 s; peak memory 214 MiB.
2026-09-29T00:20:41Z INFO [205/500] 1a1145f5-477f-4b8a-8974-ff95c17ebaa4: cophenetic index 33968; 1.0 s; peak memory 214 MiB.
2026-09-29T00:20:48Z INFO [206/500] 1a124329-3ed1-4349-bded-a5260450445a: cophenetic index 48643; 7.4 s; peak memory 214 MiB.
2026-09-29T00:20:50Z INFO [207/500] 1a12b2f1-df59-4df6-a16c-e506cbe48da9: cophenetic index 1084; 1.7 s; peak memory 214 MiB.
2026-09-29T00:20:51Z INFO [208/500] 1a13ec80-3d18-4fcc-8d21-ef3a3982d721: cophenetic index 2625; 0.9 s; peak memory 214 MiB.
2026-09-29T00:20:51Z INFO [209/500] 1a14188f-200d-4cde-aaf1-a616dfea4f5b: cophenetic index 3004; 0.7 s; peak memory 214 MiB.
2026-09-29T00:20:55Z INFO [210/500] 1a143618-7bf2-4954-8b44-d3815ea57d42: cophenetic index 9181; 3.5 s; peak memory 214 MiB.
2026-09-29T00:20:56Z INFO [211/500] 1a154d3e-f094-4aee-bd3c-8bb414b24adc: cophenetic index 33962; 1.0 s; peak memory 214 MiB.
2026-09-29T00:20:56Z INFO [212/500] 1a156d9e-3f6f-4628-9d18-e826affc3995: cophenetic index 560; 0.5 s; peak memory 214 MiB.
2026-09-29T00:21:04Z INFO [213/500] 1a16b224-1bef-45d1-a965-1edbaff73c6c: cophenetic index 197245; 7.2 s; peak memory 214 MiB.
2026-09-29T00:21:06Z INFO [214/500] 1a173deb-f6ff-420e-b0ee-a8117c1624fe: cophenetic index 5473; 1.9 s; peak memory 214 MiB.
2026-09-29T00:21:06Z INFO [215/500] 1a175b99-46ed-412e-bb6e-9f08cb1cb868: cophenetic index 624; 0.7 s; peak memory 214 MiB.
2026-09-29T00:21:08Z INFO [216/500] 1a17c273-6f5a-4d94-b67c-826b2d8ae68b: cophenetic index 5473; 1.8 s; peak memory 214 MiB.
2026-09-29T00:21:08Z INFO [217/500] 1a1854a6-8ac7-465d-a0d4-a03b1d202508: cophenetic index 446; 0.4 s; peak memory 214 MiB.
2026-09-29T00:21:09Z INFO [218/500] 1a18c290-ba52-4d6f-a80a-26d644b52f8f: cophenetic index 651; 0.5 s; peak memory 214 MiB.
2026-09-29T00:21:10Z WARNING 1a18ed31-9155-4512-919f-b6875d14b9f3: failed while reading the NWB file (KeyError: 'Unable to synchronously open object (component not found)')
2026-09-29T00:21:10Z WARNING [219/500] 1a18ed31-9155-4512-919f-b6875d14b9f3: leaving unrecorded for a later run to retry.
2026-09-29T00:21:11Z INFO [220/500] 1a1a7c72-cc2e-44a5-9002-9ac1cf47ec0e: cophenetic index 431; 0.8 s; peak memory 214 MiB.
2026-09-29T00:21:11Z INFO [221/500] 1a1ac5a5-253e-4d41-af05-f6ed2d777483: cophenetic index 1271; 0.9 s; peak memory 214 MiB.
2026-09-29T00:21:12Z INFO [222/500] 1a1b338a-0833-47e3-b6a2-d0c84c2ed5c6: cophenetic index 3004; 0.6 s; peak memory 214 MiB.
2026-09-29T00:21:13Z INFO [223/500] 1a1b5057-5a29-4e20-9d75-bed857035209: cophenetic index 2625; 0.9 s; peak memory 214 MiB.
2026-09-29T00:21:14Z INFO [224/500] 1a1b59c5-3bcf-42d2-859e-3d9e94551785: cophenetic index 895; 1.3 s; peak memory 214 MiB.
2026-09-29T00:21:15Z INFO [225/500] 1a1bc1bd-fc05-4829-b9e2-0a32b91e99ba: cophenetic index 2920; 0.9 s; peak memory 214 MiB.
2026-09-29T00:21:16Z INFO [226/500] 1a1c80bf-0c04-4cb8-9240-50c701d11d43: cophenetic index 1006; 0.8 s; peak memory 214 MiB.
2026-09-29T00:21:17Z INFO [227/500] 1a1cb4c1-2746-4417-8760-0ddd889b7383: cophenetic index 3087; 0.8 s; peak memory 214 MiB.
2026-09-29T00:21:18Z INFO [228/500] 1a1d6113-a6ba-4122-95f3-b9e34b2007e9: cophenetic index 624; 0.7 s; peak memory 214 MiB.
2026-09-29T00:21:18Z INFO [229/500] 1a1d9b18-d71d-49f8-ac28-3f5b440ddf15: cophenetic index 466; 0.7 s; peak memory 214 MiB.
2026-09-29T00:21:24Z INFO [230/500] 1a1dc490-a832-47a1-b190-3a5e575669fa: cophenetic index 46693; 5.7 s; peak memory 214 MiB.
2026-09-29T00:21:24Z INFO [231/500] 1a1dc653-1d21-45eb-b70a-5c01afa58c7b: cophenetic index 722; 0.6 s; peak memory 214 MiB.
2026-09-29T00:21:25Z INFO [232/500] 1a1de04e-3085-4313-9551-43d7d39b34f2: cophenetic index 624; 0.7 s; peak memory 214 MiB.
2026-09-29T00:21:26Z INFO [233/500] 1a1de71b-bb61-4509-a8c6-6c01b944d375: cophenetic index 2974; 0.7 s; peak memory 214 MiB.
2026-09-29T00:21:26Z INFO [234/500] 1a1e3880-ba15-48fb-9ae3-e238b7e4585b: cophenetic index 431; 0.5 s; peak memory 214 MiB.
2026-09-29T00:21:28Z INFO [235/500] 1a1e8948-57c1-4e71-8990-374c4cef82fe: cophenetic index 2682; 1.7 s; peak memory 214 MiB.
2026-09-29T00:21:29Z INFO [236/500] 1a1f5b13-2740-4db5-bd5e-22c41ef286d4: cophenetic index 624; 0.6 s; peak memory 214 MiB.
2026-09-29T00:21:29Z INFO [237/500] 1a1fd2e0-c33f-4f7f-a1e0-623717db5aa7: cophenetic index 3087; 0.7 s; peak memory 214 MiB.
2026-09-29T00:21:30Z INFO [238/500] 1a21f665-312a-4c41-bb44-2e330ec45332: cophenetic index 26986; 0.9 s; peak memory 214 MiB.
2026-09-29T00:21:35Z INFO [239/500] 1a22293d-46f9-4353-a8d7-f2ba884d6c0c: cophenetic index 26409; 4.6 s; peak memory 214 MiB.
2026-09-29T00:21:36Z INFO [240/500] 1a23c29e-a89c-4453-9b40-1f6262085145: cophenetic index 1006; 1.0 s; peak memory 214 MiB.
2026-09-29T00:21:38Z INFO [241/500] 1a23c631-3135-4b2b-966f-b1a9dbddf303: cophenetic index 42542; 1.6 s; peak memory 214 MiB.
2026-09-29T00:21:38Z INFO [242/500] 1a244339-93d0-48db-bd92-4abe389fb578: cophenetic index 560; 0.5 s; peak memory 214 MiB.
2026-09-29T00:21:39Z INFO [243/500] 1a24c454-e8ce-48c3-809a-2a061872effb: cophenetic index 649; 0.6 s; peak memory 214 MiB.
2026-09-29T00:21:39Z INFO [244/500] 1a2507ea-e839-47c0-b58a-6a811d208945: cophenetic index 690; 0.4 s; peak memory 214 MiB.
2026-09-29T00:21:47Z INFO [245/500] 1a25e8b0-617a-47e4-a36f-4525b8f35ab3: cophenetic index 282585; 8.2 s; peak memory 214 MiB.
2026-09-29T00:21:48Z INFO [246/500] 1a263790-a027-4d56-8fc4-765461169a74: cophenetic index 2625; 0.9 s; peak memory 214 MiB.
2026-09-29T00:21:52Z INFO [247/500] 1a266f80-d91c-4fc6-bed9-ed0132427bb1: cophenetic index 54402; 4.0 s; peak memory 214 MiB.
2026-09-29T00:21:54Z INFO [248/500] 1a267c71-e99f-42d8-991f-85926fce9eed: cophenetic index 2402; 2.1 s; peak memory 214 MiB.
2026-09-29T00:21:56Z INFO [249/500] 1a26aa5c-6684-4664-a895-b95a1a18356a: cophenetic index 2682; 1.2 s; peak memory 214 MiB.
2026-09-29T00:21:56Z INFO [250/500] 1a2780f0-46d9-4b94-8d77-7e81bf332229: cophenetic index 33986; 0.7 s; peak memory 214 MiB.
2026-09-29T00:21:56Z INFO [250/500] 1a2780f0-46d9-4b94-8d77-7e81bf332229: checkpointed 58678 records.
2026-09-29T00:21:57Z INFO [251/500] 1a27f07e-51a6-4cf0-b794-129bdeadf747: cophenetic index 793; 0.8 s; peak memory 214 MiB.
2026-09-29T00:21:58Z INFO [252/500] 1a2825b5-2c3f-4ec3-88b6-6c1e87d8bf43: cophenetic index 2625; 0.9 s; peak memory 214 MiB.
2026-09-29T00:22:00Z INFO [253/500] 1a2846ef-229d-4a91-8bc7-d15f32a19515: cophenetic index 216722; 1.9 s; peak memory 214 MiB.
2026-09-29T00:22:01Z INFO [254/500] 1a288d37-7f91-4b5e-a8c2-e26f85357aff: cophenetic index 2625; 0.9 s; peak memory 214 MiB.
2026-09-29T00:22:02Z INFO [255/500] 1a28f655-d37e-4a62-8866-8e0322883fc4: cophenetic index 624; 0.6 s; peak memory 214 MiB.
2026-09-29T00:22:03Z INFO [256/500] 1a291ff5-ea5d-4cec-9717-b8148d88c834: cophenetic index 33998; 1.4 s; peak memory 214 MiB.
2026-09-29T00:22:03Z INFO [257/500] 1a2975d8-ebe3-4da3-a624-0ddb983b90d3: cophenetic index 624; 0.6 s; peak memory 214 MiB.
2026-09-29T00:22:04Z INFO [258/500] 1a29e866-c6af-4173-a165-dee383a4ba4b: cophenetic index 624; 0.6 s; peak memory 214 MiB.
2026-09-29T00:22:05Z INFO [259/500] 1a2a8def-d243-4410-9ae0-820c894ebb85: cophenetic index 624; 0.5 s; peak memory 214 MiB.
2026-09-29T00:22:05Z INFO [260/500] 1a2ae6ea-498b-4b5b-b2c5-3a9aaf7dbc8b: cophenetic index 624; 0.7 s; peak memory 214 MiB.
2026-09-29T00:22:06Z INFO [261/500] 1a2b9668-e967-4c02-b3cf-d9bbf7f40efe: cophenetic index 649; 0.6 s; peak memory 214 MiB.
2026-09-29T00:22:07Z INFO [262/500] 1a2bdd6c-6f36-42e4-a4a1-c4ab6cd8b5bc: cophenetic index 624; 0.7 s; peak memory 214 MiB.
2026-09-29T00:22:07Z INFO [263/500] 1a2bea5a-48d8-48fa-a450-30fd2bf55e45: cophenetic index 2625; 0.8 s; peak memory 214 MiB.
2026-09-29T00:22:08Z INFO [264/500] 1a2c62cc-08cb-4680-a866-1c7177350c4d: cophenetic index 624; 0.7 s; peak memory 214 MiB.
2026-09-29T00:22:09Z INFO [265/500] 1a2c6883-f6a7-4521-bf7b-7d1df3a250dd: cophenetic index 624; 0.7 s; peak memory 214 MiB.
2026-09-29T00:22:10Z INFO [266/500] 1a2c89df-67e4-431f-91ef-db2af28ea004: cophenetic index 797; 1.5 s; peak memory 214 MiB.
2026-09-29T00:22:11Z INFO [267/500] 1a2d19f4-a1b8-4c58-bec4-2b01433df08f: cophenetic index 624; 0.7 s; peak memory 214 MiB.
2026-09-29T00:22:15Z INFO [268/500] 1a2d7266-aa54-4518-96f5-cf2d99788a23: cophenetic index 71059; 3.7 s; peak memory 214 MiB.
2026-09-29T00:22:15Z INFO [269/500] 1a2e03a6-48bc-4a58-a714-8aa15d02d015: cophenetic index 624; 0.6 s; peak memory 214 MiB.
2026-09-29T00:22:17Z INFO [270/500] 1a2e55f4-d874-4444-9ab5-625be0ccd42c: cophenetic index 1733; 2.0 s; peak memory 214 MiB.
2026-09-29T00:22:18Z INFO [271/500] 1a2f6c84-5677-4323-a686-bc5c9846f1dd: cophenetic index 490; 0.4 s; peak memory 214 MiB.
2026-09-29T00:22:19Z INFO [272/500] 1a30538e-be24-45de-886c-715a575293dc: cophenetic index 1025; 1.0 s; peak memory 214 MiB.
2026-09-29T00:22:19Z INFO [273/500] 1a327009-44a6-42f2-8251-4fd89bc8335c: cophenetic index 651; 0.5 s; peak memory 214 MiB.
2026-09-29T00:22:25Z INFO [274/500] 1a329c7f-2ae3-4a79-aed2-818c28c29f1d: cophenetic index 322075; 5.9 s; peak memory 214 MiB.
2026-09-29T00:22:26Z INFO [275/500] 1a32f62a-f72e-4ac6-840a-e40da0667a6e: cophenetic index 624; 0.6 s; peak memory 214 MiB.
2026-09-29T00:22:26Z INFO [276/500] 1a343790-2703-441e-8376-31a2f451b868: cophenetic index 2625; 0.7 s; peak memory 214 MiB.
2026-09-29T00:22:27Z INFO [277/500] 1a34cbc4-6d5a-414b-8356-e7728a95e92a: cophenetic index 3004; 0.7 s; peak memory 214 MiB.
2026-09-29T00:22:28Z INFO [278/500] 1a3576e2-dae3-4340-8def-e3648683ac5b: cophenetic index 40176; 1.2 s; peak memory 214 MiB.
2026-09-29T00:22:29Z INFO [279/500] 1a35944c-bb66-4328-ae89-b1c3870cb5cf: cophenetic index 3087; 0.7 s; peak memory 214 MiB.
2026-09-29T00:22:30Z INFO [280/500] 1a389bec-8ac8-44e3-a248-32242e3abcbe: cophenetic index 2570; 0.8 s; peak memory 214 MiB.
2026-09-29T00:22:35Z INFO [281/500] 1a38e5cd-082b-4703-9131-f3389c206e44: cophenetic index 520159; 5.5 s; peak memory 214 MiB.
2026-09-29T00:22:36Z INFO [282/500] 1a391dd0-ef59-4cb9-946c-e98e0d85443b: cophenetic index 2974; 0.7 s; peak memory 214 MiB.
2026-09-29T00:22:37Z INFO [283/500] 1a39a30a-3b26-4175-9bb3-4ed8c2d22602: cophenetic index 624; 0.7 s; peak memory 214 MiB.
2026-09-29T00:22:43Z INFO [284/500] 1a3a0214-c40e-49ed-9ada-9379c9fca1e8: cophenetic index 33902; 6.6 s; peak memory 214 MiB.
2026-09-29T00:22:44Z INFO [285/500] 1a3a8cfd-25e9-4ec4-bb77-4a3fad0406c9: cophenetic index 605; 0.9 s; peak memory 214 MiB.
2026-09-29T00:22:57Z INFO [286/500] 1a3ae9d5-565b-430b-8e97-a436b59b6fa4: cophenetic index 12173618; 12.8 s; peak memory 214 MiB.
2026-09-29T00:22:58Z INFO [287/500] 1a3b2d7c-9213-4336-a8bc-403216facc04: cophenetic index 37616; 0.8 s; peak memory 214 MiB.
2026-09-29T00:23:02Z INFO [288/500] 1a3b781d-eaa9-4214-9617-70111f03c126: cophenetic index 64088; 4.2 s; peak memory 214 MiB.
2026-09-29T00:23:03Z INFO [289/500] 1a3b9050-9499-4388-978d-42f3da3cd63e: cophenetic index 624; 0.6 s; peak memory 214 MiB.
2026-09-29T00:23:04Z INFO [290/500] 1a3c635e-a002-4ebf-9b3c-d37e83c5fcb9: cophenetic index 99138; 1.0 s; peak memory 214 MiB.
2026-09-29T00:23:08Z INFO [291/500] 1a3d2206-98e4-4ac9-9393-df31309b078c: cophenetic index 5466; 4.2 s; peak memory 214 MiB.
2026-09-29T00:23:09Z INFO [292/500] 1a3d8d26-9cce-4247-8396-f96da981ccd1: cophenetic index 3057; 0.7 s; peak memory 214 MiB.
2026-09-29T00:23:09Z INFO [293/500] 1a3dbcf4-833a-49c8-b0af-1a5cc79054d2: cophenetic index 490; 0.4 s; peak memory 214 MiB.
2026-09-29T00:23:10Z INFO [294/500] 1a3ee8fa-e67f-41f8-880c-44b4f761499a: cophenetic index 624; 0.8 s; peak memory 214 MiB.
2026-09-29T00:23:10Z INFO [295/500] 1a3efe35-b128-4ef7-9c41-8bacfbea8fab: cophenetic index 3004; 0.7 s; peak memory 214 MiB.
2026-09-29T00:23:11Z INFO [296/500] 1a3fa9b9-74c1-4632-be1a-f047fd916cf6: cophenetic index 2625; 0.8 s; peak memory 214 MiB.
2026-09-29T00:23:12Z INFO [297/500] 1a40bf67-3979-4251-85e1-1c1312100b3d: cophenetic index 651; 0.4 s; peak memory 214 MiB.
2026-09-29T00:23:12Z INFO [298/500] 1a40f698-10bf-482c-bb00-ae4a54105d7e: cophenetic index 2625; 0.8 s; peak memory 214 MiB.
2026-09-29T00:23:13Z INFO [299/500] 1a417078-b7cc-417a-8026-61346aec6c2d: cophenetic index 431; 0.8 s; peak memory 214 MiB.
2026-09-29T00:23:14Z INFO [300/500] 1a42dc7b-844e-4282-9509-31e08f01b887: cophenetic index 605; 0.8 s; peak memory 214 MiB.
2026-09-29T00:23:14Z INFO [300/500] 1a42dc7b-844e-4282-9509-31e08f01b887: checkpointed 58728 records.
2026-09-29T00:23:15Z INFO [301/500] 1a43657c-187d-48f0-b309-6445275fa9aa: cophenetic index 3087; 0.9 s; peak memory 214 MiB.
2026-09-29T00:23:16Z INFO [302/500] 1a4533b8-6a71-47f2-9c06-5fb3b6dfa726: cophenetic index 624; 0.6 s; peak memory 214 MiB.
2026-09-29T00:23:16Z INFO [303/500] 1a45bd8e-def4-4cdb-8a2a-e1eec5110f72: cophenetic index 3004; 0.7 s; peak memory 214 MiB.
2026-09-29T00:23:17Z INFO [304/500] 1a466a54-a19e-45b5-929c-c7f84d295a17: cophenetic index 2625; 1.0 s; peak memory 214 MiB.
2026-09-29T00:23:18Z INFO [305/500] 1a467dbb-81ee-482f-9527-da77b3910fc3: cophenetic index 605; 1.0 s; peak memory 214 MiB.
2026-09-29T00:23:19Z INFO [306/500] 1a467f72-05ac-4335-98c4-47efd13516d2: cophenetic index 1993; 0.7 s; peak memory 214 MiB.
2026-09-29T00:23:20Z INFO [307/500] 1a4782b9-7bcf-4a13-a0af-8856c4621997: cophenetic index 1470; 0.6 s; peak memory 214 MiB.
2026-09-29T00:23:20Z INFO [308/500] 1a47f240-4ac1-4732-97f7-a29e608943d9: cophenetic index 466; 0.7 s; peak memory 214 MiB.
2026-09-29T00:23:22Z INFO [309/500] 1a489742-bca1-4e9b-ba21-adfb18ca537b: cophenetic index 2236; 2.2 s; peak memory 214 MiB.
2026-09-29T00:23:23Z INFO [310/500] 1a48ca84-9355-4202-8a2f-26b327f5b7d3: cophenetic index 2625; 0.8 s; peak memory 214 MiB.
2026-09-29T00:23:24Z INFO [311/500] 1a491bd3-3c48-494a-a317-578e3cccd46f: cophenetic index 624; 0.6 s; peak memory 214 MiB.
2026-09-29T00:23:25Z INFO [312/500] 1a4a80f2-e4f2-409f-84a9-bbe5eb8d93c3: cophenetic index 3004; 0.8 s; peak memory 214 MiB.
2026-09-29T00:23:25Z INFO [313/500] 1a4b1e13-d4e9-4812-ba29-5c2ae058dc2b: cophenetic index 3004; 0.6 s; peak memory 214 MiB.
2026-09-29T00:23:29Z INFO [314/500] 1a4ba99f-ae32-4999-91ab-580ec86c7d0b: cophenetic index 63376; 3.2 s; peak memory 214 MiB.
2026-09-29T00:23:34Z INFO [315/500] 1a4bd57a-dc1f-447c-8a0a-052558d01d1a: cophenetic index 112942; 5.4 s; peak memory 214 MiB.
2026-09-29T00:23:35Z INFO [316/500] 1a4c563e-eb8e-4222-b686-9e1c00cfb785: cophenetic index 2625; 1.0 s; peak memory 214 MiB.
2026-09-29T00:23:37Z INFO [317/500] 1a4cc122-7576-474d-8983-37a11282070c: cophenetic index 646; 1.7 s; peak memory 214 MiB.
2026-09-29T00:23:37Z INFO [318/500] 1a4d3358-77db-47cc-b6f9-78fe2f5852a1: cophenetic index 579; 0.6 s; peak memory 214 MiB.
2026-09-29T00:23:38Z INFO [319/500] 1a4e17ed-53e3-4b59-a0eb-3e6d01235a01: cophenetic index 560; 0.5 s; peak memory 214 MiB.
2026-09-29T00:23:38Z INFO [320/500] 1a4f0ed3-f7e8-499f-8e9f-234c9bd7034d: cophenetic index 624; 0.7 s; peak memory 214 MiB.
2026-09-29T00:23:39Z INFO [321/500] 1a4fdabc-a578-490f-8d7b-f68ff3811ee9: cophenetic index 1027; 1.0 s; peak memory 214 MiB.
2026-09-29T00:23:40Z INFO [322/500] 1a507233-c3ef-4cca-8d14-10409362548a: cophenetic index 624; 0.7 s; peak memory 214 MiB.
2026-09-29T00:23:41Z INFO [323/500] 1a509258-c7f3-4244-b14d-7c7e786f3a35: cophenetic index 624; 0.6 s; peak memory 214 MiB.
2026-09-29T00:23:48Z INFO [324/500] 1a52c59f-1373-4b86-bde3-dbea37f13a37: cophenetic index 373933; 7.8 s; peak memory 214 MiB.
2026-09-29T00:23:50Z INFO [325/500] 1a532c3d-6719-4b92-8c90-e2525d51575f: cophenetic index 2391; 1.7 s; peak memory 214 MiB.
2026-09-29T00:23:51Z INFO [326/500] 1a53cbf5-e8cc-4e3a-9f55-144978edb83a: cophenetic index 490; 0.5 s; peak memory 214 MiB.
2026-09-29T00:23:51Z INFO [327/500] 1a543ab2-a4a9-4bff-86f8-babc6c28b733: cophenetic index 2646; 0.8 s; peak memory 214 MiB.
2026-09-29T00:23:52Z INFO [328/500] 1a554e1a-2c4b-4884-a0f7-fa13b6664cf1: cophenetic index 490; 0.6 s; peak memory 214 MiB.
2026-09-29T00:23:53Z INFO [329/500] 1a55e436-600c-4359-a083-2827336239ec: cophenetic index 649; 0.7 s; peak memory 214 MiB.
2026-09-29T00:23:54Z INFO [330/500] 1a56afa2-2d42-4d9b-b356-5823844255d5: cophenetic index 13752; 1.0 s; peak memory 214 MiB.
2026-09-29T00:23:55Z INFO [331/500] 1a5724f8-bfcd-4907-aeed-0965a935edee: cophenetic index 33998; 1.6 s; peak memory 214 MiB.
2026-09-29T00:23:58Z INFO [332/500] 1a577598-c285-48bb-8ba8-dfc4b41d9ca0: cophenetic index 6412; 2.6 s; peak memory 214 MiB.
2026-09-29T00:23:58Z INFO [333/500] 1a593aa4-a496-452a-bb85-94c1059b4cb7: cophenetic index 649; 0.6 s; peak memory 214 MiB.
2026-09-29T00:23:59Z INFO [334/500] 1a598790-5ad2-483e-88bb-9a508c5da946: cophenetic index 624; 0.7 s; peak memory 214 MiB.
2026-09-29T00:24:00Z INFO [335/500] 1a5a39ae-343f-4e19-a126-b60e9b835c30: cophenetic index 3004; 0.6 s; peak memory 214 MiB.
2026-09-29T00:24:02Z INFO [336/500] 1a5afd60-a1a6-4f78-8b6b-c688b404b5ea: cophenetic index 2402; 1.9 s; peak memory 214 MiB.
2026-09-29T00:24:04Z INFO [337/500] 1a5b6868-eff2-412c-ba7b-0c5d5ad8785e: cophenetic index 3781; 2.3 s; peak memory 214 MiB.
2026-09-29T00:24:13Z INFO [338/500] 1a5bef45-fef8-4614-8198-94b7fad4fd10: cophenetic index 315206; 9.1 s; peak memory 214 MiB.
2026-09-29T00:24:14Z INFO [339/500] 1a5bf129-b051-48ec-8793-4a6853839b47: cophenetic index 2570; 1.1 s; peak memory 214 MiB.
2026-09-29T00:24:18Z INFO [340/500] 1a5c43f3-92ab-4147-84ba-5a3b1dcb1782: cophenetic index 12973; 3.5 s; peak memory 214 MiB.
2026-09-29T00:24:19Z INFO [341/500] 1a5da236-7a2e-46ad-9284-60ace697e94b: cophenetic index 1949; 1.0 s; peak memory 214 MiB.
2026-09-29T00:24:24Z INFO [342/500] 1a5ddbe4-aa77-418e-8740-89d495fc8080: cophenetic index 247464; 5.5 s; peak memory 214 MiB.
2026-09-29T00:24:26Z INFO [343/500] 1a5e62c3-fa69-4af7-973c-315c5e90892c: cophenetic index 2053; 1.4 s; peak memory 214 MiB.
2026-09-29T00:24:26Z INFO [344/500] 1a5e9d6c-f623-419d-9704-37aaf3a3c405: cophenetic index 624; 0.7 s; peak memory 214 MiB.
2026-09-29T00:24:27Z INFO [345/500] 1a5eebbf-b335-4cec-b640-3c1afe8591f0: cophenetic index 624; 0.6 s; peak memory 214 MiB.
2026-09-29T00:24:29Z INFO [346/500] 1a5f2576-6ff4-4f97-8b02-b229ecad1b57: cophenetic index 2469; 2.3 s; peak memory 214 MiB.
2026-09-29T00:24:30Z INFO [347/500] 1a5f801d-04b0-4fd8-858b-e9df6c4247fd: cophenetic index 2625; 0.8 s; peak memory 214 MiB.
2026-09-29T00:24:31Z INFO [348/500] 1a5f8b13-412f-4b1e-9ef4-fcf6f88ad2c7: cophenetic index 2625; 0.8 s; peak memory 214 MiB.
2026-09-29T00:24:35Z INFO [349/500] 1a5ff1fb-b043-4f6e-aa16-517d423aba4f: cophenetic index 94545; 4.1 s; peak memory 214 MiB.
2026-09-29T00:24:36Z INFO [350/500] 1a600908-94c5-4bf8-a0d1-6f94c7fdea8e: cophenetic index 3087; 0.8 s; peak memory 214 MiB.
2026-09-29T00:24:36Z INFO [350/500] 1a600908-94c5-4bf8-a0d1-6f94c7fdea8e: checkpointed 58778 records.
2026-09-29T00:24:37Z INFO [351/500] 1a6198fb-c773-410f-acdb-d6a6893bac1c: cophenetic index 33986; 1.2 s; peak memory 214 MiB.
2026-09-29T00:24:38Z INFO [352/500] 1a61a666-1c4c-42de-b7bd-b4ceb5a3c5eb: cophenetic index 937; 1.0 s; peak memory 214 MiB.
2026-09-29T00:24:39Z INFO [353/500] 1a623c2f-aae6-42d8-bbc6-29917b39e2e7: cophenetic index 33998; 1.1 s; peak memory 214 MiB.
2026-09-29T00:24:40Z INFO [354/500] 1a63074b-96fc-4ea4-9351-82ee69c2e4ed: cophenetic index 649; 0.8 s; peak memory 214 MiB.
2026-09-29T00:24:41Z INFO [355/500] 1a63a202-2365-4211-9ad3-3552af1c2faa: cophenetic index 3087; 0.9 s; peak memory 214 MiB.
2026-09-29T00:24:44Z INFO [356/500] 1a640865-984d-4cea-9f67-d05b5a8dbef3: cophenetic index 87781; 3.7 s; peak memory 214 MiB.
2026-09-29T00:24:45Z INFO [357/500] 1a644498-c013-4a05-b67f-4c82d3a033d6: cophenetic index 554; 0.8 s; peak memory 214 MiB.
2026-09-29T00:24:46Z INFO [358/500] 1a648989-b32f-4af1-8a0e-e413e2da9f71: cophenetic index 33968; 1.0 s; peak memory 214 MiB.
2026-09-29T00:24:47Z INFO [359/500] 1a6586fc-11bc-4754-95f5-5e1af9bd8b29: cophenetic index 1087; 1.0 s; peak memory 214 MiB.
2026-09-29T00:24:47Z INFO [360/500] 1a65f47c-d989-461c-83bf-a98fc34b6c87: cophenetic index 751; 0.5 s; peak memory 214 MiB.
2026-09-29T00:24:58Z INFO [361/500] 1a66a03d-760f-4af2-b646-4390c9108a12: cophenetic index 282511; 10.4 s; peak memory 214 MiB.
2026-09-29T00:24:59Z INFO [362/500] 1a66cb5b-dc04-4a29-afc3-7e8d5c34855b: cophenetic index 466; 0.6 s; peak memory 214 MiB.
2026-09-29T00:24:59Z INFO [363/500] 1a66f45e-1823-46e7-81c5-b04be9fc3ea6: cophenetic index 3004; 0.8 s; peak memory 214 MiB.
2026-09-29T00:25:00Z INFO [364/500] 1a66f7f9-352c-47fe-80cf-51c38cfb61ca: cophenetic index 649; 0.9 s; peak memory 214 MiB.
2026-09-29T00:25:01Z INFO [365/500] 1a67c26e-d56f-49bf-bf82-f3398cf99fa9: cophenetic index 2354; 0.8 s; peak memory 214 MiB.
2026-09-29T00:25:02Z INFO [366/500] 1a688a67-3211-4cd6-9f89-bc3db914ebb7: cophenetic index 1010; 0.6 s; peak memory 214 MiB.
2026-09-29T00:25:04Z INFO [367/500] 1a6a28ff-384e-4f56-871c-6e4ece7b1dab: cophenetic index 25997; 2.8 s; peak memory 214 MiB.
2026-09-29T00:25:05Z INFO [368/500] 1a6aa9a7-04aa-4aeb-a346-5e2058a862cf: cophenetic index 624; 0.6 s; peak memory 214 MiB.
2026-09-29T00:25:06Z INFO [369/500] 1a6af040-ea7f-4843-8b97-f6acb0a21361: cophenetic index 850; 0.9 s; peak memory 214 MiB.
2026-09-29T00:25:06Z INFO [370/500] 1a6b34c6-43b2-4cf7-9406-208c7f558d55: cophenetic index 729; 0.4 s; peak memory 214 MiB.
2026-09-29T00:25:08Z INFO [371/500] 1a6bc50d-3a98-4483-aa22-0bbb81939de6: cophenetic index 1733; 1.7 s; peak memory 214 MiB.
2026-09-29T00:25:09Z INFO [372/500] 1a6c1db7-0da7-4335-b522-d69aed48d4a3: cophenetic index 466; 0.7 s; peak memory 214 MiB.
2026-09-29T00:25:09Z INFO [373/500] 1a6ce9c3-58c8-4e01-a5e4-fab0ba4de7af: cophenetic index 624; 0.6 s; peak memory 214 MiB.
2026-09-29T00:25:10Z INFO [374/500] 1a6d3066-c1b1-43b6-a376-b9bbd5bad0bf: cophenetic index 33962; 1.0 s; peak memory 214 MiB.
2026-09-29T00:25:11Z INFO [375/500] 1a6d75d6-0228-4f82-8507-777415cd6283: cophenetic index 681; 0.5 s; peak memory 214 MiB.
2026-09-29T00:25:17Z INFO [376/500] 1a6d8a73-9093-4fff-a0bf-499758fd98fc: cophenetic index 312160; 5.9 s; peak memory 214 MiB.
2026-09-29T00:25:22Z INFO [377/500] 1a6dbcf1-320f-4b95-a1da-aac34fa6e38c: cophenetic index 195172714; 4.9 s; peak memory 217 MiB.
2026-09-29T00:25:22Z INFO [378/500] 1a6dda9a-83dd-46b1-aff3-6c55f7565784: cophenetic index 624; 0.7 s; peak memory 217 MiB.
2026-09-29T00:25:23Z INFO [379/500] 1a6e5b7b-bfb9-4dc2-8337-efc17cc877a6: cophenetic index 3215; 0.6 s; peak memory 217 MiB.
2026-09-29T00:25:23Z INFO [380/500] 1a6e9f09-e881-493c-93c2-810c3e6ed529: cophenetic index 490; 0.4 s; peak memory 217 MiB.
2026-09-29T00:25:24Z INFO [381/500] 1a6ec727-031b-4f4c-b1f7-fbdb241f124e: cophenetic index 624; 0.7 s; peak memory 217 MiB.
2026-09-29T00:25:25Z INFO [382/500] 1a6edd21-1f97-4e77-99f0-efef4e3cd056: cophenetic index 2625; 1.0 s; peak memory 217 MiB.
2026-09-29T00:25:26Z INFO [383/500] 1a6efef3-c0a4-46d0-9b60-d87a4bfa63b2: cophenetic index 650; 1.0 s; peak memory 217 MiB.
2026-09-29T00:25:26Z INFO [384/500] 1a703bdf-f474-4a55-a4a7-88a136935896: cophenetic index 401; 0.4 s; peak memory 217 MiB.
2026-09-29T00:25:31Z INFO [385/500] 1a70a0d6-7560-4377-bf16-cdff674a6aef: cophenetic index 9548; 4.1 s; peak memory 217 MiB.
2026-09-29T00:25:31Z INFO [386/500] 1a7120cc-f622-44c5-b0d8-133e53c77d56: cophenetic index 3004; 0.7 s; peak memory 217 MiB.
2026-09-29T00:25:32Z INFO [387/500] 1a71aefa-c542-4d85-af66-6dae1c33ae87: cophenetic index 2974; 0.9 s; peak memory 217 MiB.
2026-09-29T00:25:33Z INFO [388/500] 1a7262be-0112-4b14-8774-ccbf3d13cdba: cophenetic index 624; 0.7 s; peak memory 217 MiB.
2026-09-29T00:25:34Z INFO [389/500] 1a72892b-bba1-4387-b840-fda390eb32f2: cophenetic index 624; 0.7 s; peak memory 217 MiB.
2026-09-29T00:25:34Z INFO [390/500] 1a72a949-b260-41cd-96f6-3ec99457b4c2: cophenetic index 624; 0.7 s; peak memory 217 MiB.
2026-09-29T00:25:35Z INFO [391/500] 1a730c51-4b9e-41c6-9ad6-2df93fce0d10: cophenetic index 624; 0.7 s; peak memory 217 MiB.
2026-09-29T00:25:46Z INFO [392/500] 1a7329ba-abef-4bdd-876e-7b6246df3bbd: cophenetic index 14507363; 11.6 s; peak memory 217 MiB.
2026-09-29T00:25:47Z INFO [393/500] 1a7335fd-7edc-4771-97dd-2f20663e8d5b: cophenetic index 26986; 0.9 s; peak memory 217 MiB.
2026-09-29T00:25:48Z INFO [394/500] 1a736850-0362-41c3-8c80-3e23766c159f: cophenetic index 3087; 0.9 s; peak memory 217 MiB.
2026-09-29T00:25:49Z INFO [395/500] 1a73719b-4599-455c-bfb2-a5dabad60c59: cophenetic index 2625; 0.9 s; peak memory 217 MiB.
2026-09-29T00:25:51Z INFO [396/500] 1a75151e-07cd-4081-afac-078897f5884e: cophenetic index 8690; 1.7 s; peak memory 217 MiB.
2026-09-29T00:25:53Z INFO [397/500] 1a752824-ade0-41c5-b495-841f24c2c903: cophenetic index 15412; 2.0 s; peak memory 217 MiB.
2026-09-29T00:25:53Z INFO [398/500] 1a755a91-82b2-4068-a788-418095a60c0b: cophenetic index 624; 0.6 s; peak memory 217 MiB.
2026-09-29T00:25:55Z INFO [399/500] 1a757c00-c535-4cb0-8ebb-79b0fa483ea7: cophenetic index 895; 1.5 s; peak memory 217 MiB.
2026-09-29T00:25:55Z INFO [400/500] 1a759e30-c4fd-49aa-9a81-ad322b910733: cophenetic index 3004; 0.6 s; peak memory 217 MiB.
2026-09-29T00:25:56Z INFO [400/500] 1a759e30-c4fd-49aa-9a81-ad322b910733: checkpointed 58828 records.
2026-09-29T00:25:56Z INFO [401/500] 1a775c31-0f7d-4e85-8341-fb1d56020348: cophenetic index 490; 0.4 s; peak memory 217 MiB.
2026-09-29T00:25:59Z INFO [402/500] 1a786818-b0f9-47ab-a9bb-05ace1bcb1a4: cophenetic index 4797; 3.0 s; peak memory 217 MiB.
2026-09-29T00:26:01Z INFO [403/500] 1a78b841-7180-4e72-96d2-8c24cec7f25a: cophenetic index 99810; 1.8 s; peak memory 217 MiB.
2026-09-29T00:26:01Z INFO [404/500] 1a78d99d-d639-420c-a08e-f47e41cd5cba: cophenetic index 624; 0.6 s; peak memory 217 MiB.
2026-09-29T00:26:02Z INFO [405/500] 1a78da67-fdef-4fea-bcb2-11c26adaa0f6: cophenetic index 3004; 1.0 s; peak memory 217 MiB.
2026-09-29T00:26:03Z INFO [406/500] 1a792f12-d26f-4762-bee1-bbcb95e25650: cophenetic index 649; 0.7 s; peak memory 217 MiB.
2026-09-29T00:26:04Z INFO [407/500] 1a795f3a-eb7c-4082-8302-cc1a953e6dc6: cophenetic index 543; 1.2 s; peak memory 217 MiB.
2026-09-29T00:26:05Z INFO [408/500] 1a79e032-e37b-4aa0-9150-3cb3d43e888a: cophenetic index 3004; 0.8 s; peak memory 217 MiB.
2026-09-29T00:26:06Z INFO [409/500] 1a7b31e0-e3e6-4c4b-8c3c-488d59b8eba6: cophenetic index 624; 0.7 s; peak memory 217 MiB.
2026-09-29T00:26:06Z INFO [410/500] 1a7bf50a-6f2a-4a68-bbe8-2d2cfae0e99a: cophenetic index 624; 0.6 s; peak memory 217 MiB.
2026-09-29T00:26:13Z INFO [411/500] 1a7c4e6f-c0e2-421b-a0d5-38bff6b82694: cophenetic index 413628; 7.0 s; peak memory 217 MiB.
2026-09-29T00:26:14Z INFO [412/500] 1a7ce0e3-090c-4ce4-afbf-bc4548f1dd83: cophenetic index 624; 0.7 s; peak memory 217 MiB.
2026-09-29T00:26:15Z INFO [413/500] 1a7d4f04-4782-45c3-b786-62b2b7c343a9: cophenetic index 99138; 1.4 s; peak memory 217 MiB.
2026-09-29T00:26:16Z INFO [414/500] 1a7da11f-68e0-4ac6-8c8c-4159b766879c: cophenetic index 33986; 1.0 s; peak memory 217 MiB.
2026-09-29T00:26:17Z INFO [415/500] 1a7dcfc3-5d05-459f-9f47-dddbad712420: cophenetic index 581; 0.7 s; peak memory 217 MiB.
2026-09-29T00:26:18Z INFO [416/500] 1a7e9365-0b10-4f3c-8ac8-0156cf4f6a2a: cophenetic index 2625; 1.2 s; peak memory 217 MiB.
2026-09-29T00:26:19Z INFO [417/500] 1a7f4420-11eb-4187-b2ec-e51ef995fb19: cophenetic index 539; 0.7 s; peak memory 217 MiB.
2026-09-29T00:26:20Z INFO [418/500] 1a7fd4ab-24e7-4cbb-9bb4-e48e86324fb5: cophenetic index 2974; 0.8 s; peak memory 217 MiB.
2026-09-29T00:26:21Z INFO [419/500] 1a80bd24-433c-45b1-9010-5cd57fd7cf1e: cophenetic index 3087; 0.8 s; peak memory 217 MiB.
2026-09-29T00:26:21Z INFO [420/500] 1a80d370-5a87-45a9-9985-54063d8390d6: cophenetic index 624; 0.7 s; peak memory 217 MiB.
2026-09-29T00:26:22Z INFO [421/500] 1a812e2b-78dd-4221-9ed2-204756867ed2: cophenetic index 605; 0.7 s; peak memory 217 MiB.
2026-09-29T00:26:25Z INFO [422/500] 1a815adb-dce4-426e-995a-f1e9b118f3ae: cophenetic index 35133; 2.5 s; peak memory 217 MiB.
2026-09-29T00:26:31Z INFO [423/500] 1a819156-0004-40ef-8ee6-073af66c3940: cophenetic index 225222; 6.2 s; peak memory 217 MiB.
2026-09-29T00:26:31Z INFO [424/500] 1a819ee3-e6eb-4da3-8a30-2ddfd4f1708b: cophenetic index 490; 0.3 s; peak memory 217 MiB.
2026-09-29T00:26:38Z INFO [425/500] 1a84706f-af9c-4cd6-9e3c-7ad5ce961571: cophenetic index 34862; 6.5 s; peak memory 217 MiB.
2026-09-29T00:26:39Z INFO [426/500] 1a84a30d-afa2-4805-a2cd-dd1fa12e619f: cophenetic index 33986; 0.8 s; peak memory 217 MiB.
2026-09-29T00:26:39Z INFO [427/500] 1a84e988-536d-401b-b75d-2b09e3c43897: cophenetic index 33998; 0.8 s; peak memory 217 MiB.
2026-09-29T00:26:40Z INFO [428/500] 1a854f54-04d9-448a-af65-d35fd9d86f53: cophenetic index 624; 0.6 s; peak memory 217 MiB.
2026-09-29T00:26:47Z INFO [429/500] 1a862c6c-b179-4d83-ba29-ba8f9cf536df: cophenetic index 162606; 7.1 s; peak memory 217 MiB.
2026-09-29T00:26:48Z INFO [430/500] 1a864354-0b9d-4955-b61f-86fab5492efe: cophenetic index 3004; 0.8 s; peak memory 217 MiB.
2026-09-29T00:26:53Z INFO [431/500] 1a870d86-7646-4b96-b6b5-b534b08b15d3: cophenetic index 162235857; 4.8 s; peak memory 263 MiB.
2026-09-29T00:26:54Z INFO [432/500] 1a88e3af-437b-43c0-b580-029129b3a0bd: cophenetic index 624; 0.7 s; peak memory 263 MiB.
2026-09-29T00:26:55Z INFO [433/500] 1a89de1c-c5e1-4c90-9eda-854905466abf: cophenetic index 809; 1.5 s; peak memory 263 MiB.
2026-09-29T00:26:56Z INFO [434/500] 1a8a6937-2eda-48d2-a639-26f682e0ac26: cophenetic index 624; 0.7 s; peak memory 263 MiB.
2026-09-29T00:26:57Z INFO [435/500] 1a8a7fb4-f15f-4075-b485-8aa729e9e6ed: cophenetic index 2682; 1.4 s; peak memory 263 MiB.
2026-09-29T00:26:58Z INFO [436/500] 1a8ae773-ee8f-4c84-a6a3-dc3293882401: cophenetic index 3004; 0.7 s; peak memory 263 MiB.
2026-09-29T00:26:58Z INFO [437/500] 1a8b0532-1407-4f37-b4dd-eac45e2219d6: cophenetic index 3087; 0.7 s; peak memory 263 MiB.
2026-09-29T00:27:00Z INFO [438/500] 1a8be377-b68c-4bfb-91bb-fe67d0fe9ad3: cophenetic index 2402; 1.6 s; peak memory 263 MiB.
2026-09-29T00:27:06Z INFO [439/500] 1a8bfad5-d71e-4fa7-ad0d-8d6854661105: cophenetic index 240688; 6.1 s; peak memory 263 MiB.
2026-09-29T00:27:08Z INFO [440/500] 1a8c4575-4e0b-4a0d-b5d8-7e01a3f0424f: cophenetic index 2402; 1.8 s; peak memory 263 MiB.
2026-09-29T00:27:09Z INFO [441/500] 1a8c623d-87ca-420f-a665-d67ab029cb82: cophenetic index 2570; 0.8 s; peak memory 263 MiB.
2026-09-29T00:27:10Z INFO [442/500] 1a8dea56-7b2a-4b10-a382-91d01cdb78af: cophenetic index 2625; 0.9 s; peak memory 263 MiB.
2026-09-29T00:27:10Z INFO [443/500] 1a8feabc-40c0-4fbc-bf21-2bd1bd194364: cophenetic index 624; 0.7 s; peak memory 263 MiB.
2026-09-29T00:27:11Z INFO [444/500] 1a8fef09-f71b-4a0f-8a16-51e514b9eac2: cophenetic index 3004; 0.8 s; peak memory 263 MiB.
2026-09-29T00:27:12Z INFO [445/500] 1a8ffbb6-4551-4c36-a823-027846bd1f4a: cophenetic index 2625; 1.0 s; peak memory 263 MiB.
2026-09-29T00:27:18Z INFO [446/500] 1a904526-b646-4ab2-8ed0-073637c3a0b5: cophenetic index 34862; 6.3 s; peak memory 263 MiB.
2026-09-29T00:27:23Z INFO [447/500] 1a91460f-b5c4-48bc-a152-c83659cf305b: cophenetic index 137928; 4.2 s; peak memory 263 MiB.
2026-09-29T00:27:25Z INFO [448/500] 1a9304f5-5507-4cd3-97ee-4b4ce433e8ef: cophenetic index 5473; 2.0 s; peak memory 263 MiB.
2026-09-29T00:27:25Z INFO [449/500] 1a930fe5-bebc-4253-9c16-0d3c24d6145f: cophenetic index 624; 0.7 s; peak memory 263 MiB.
2026-09-29T00:27:26Z INFO [450/500] 1a943d0c-d4e9-4d91-b0c4-a8c5fc29710e: cophenetic index 624; 0.7 s; peak memory 263 MiB.
2026-09-29T00:27:26Z INFO [450/500] 1a943d0c-d4e9-4d91-b0c4-a8c5fc29710e: checkpointed 58878 records.
2026-09-29T00:27:27Z INFO [451/500] 1a949cd7-b015-4bee-85d1-638353c47741: cophenetic index 581; 0.8 s; peak memory 263 MiB.
2026-09-29T00:27:29Z INFO [452/500] 1a94b99d-8746-4645-8f88-1d701276f288: cophenetic index 8258; 1.7 s; peak memory 263 MiB.
2026-09-29T00:27:29Z INFO [453/500] 1a94f11b-b01b-4083-9981-30ff39a494d7: cophenetic index 490; 0.5 s; peak memory 263 MiB.
2026-09-29T00:27:30Z INFO [454/500] 1a9523d9-3293-404b-a4ae-567118e26913: cophenetic index 2625; 1.0 s; peak memory 263 MiB.
2026-09-29T00:27:31Z INFO [455/500] 1a954c3b-4da1-45f0-9712-ba2aa9f4e222: cophenetic index 2682; 1.3 s; peak memory 263 MiB.
2026-09-29T00:27:32Z INFO [456/500] 1a95c421-9bef-4286-b8ca-62ca26619069: cophenetic index 729; 0.5 s; peak memory 263 MiB.
2026-09-29T00:27:33Z INFO [457/500] 1a95d43e-9ca7-4a95-ab6a-7491a7f26fc2: cophenetic index 653; 1.1 s; peak memory 263 MiB.
2026-09-29T00:27:35Z INFO [458/500] 1a96464f-5457-4fe1-aaf1-a9a9ce8c917f: cophenetic index 2402; 1.8 s; peak memory 263 MiB.
2026-09-29T00:27:36Z INFO [459/500] 1a967a4e-3076-479e-9279-66c41764edd7: cophenetic index 3087; 0.7 s; peak memory 263 MiB.
2026-09-29T00:27:36Z INFO [460/500] 1a96c1f0-d086-45e3-a3e7-7adc47d0674e: cophenetic index 643; 0.4 s; peak memory 263 MiB.
2026-09-29T00:27:37Z INFO [461/500] 1a97284e-6193-4875-9aff-9561b5030829: cophenetic index 581; 0.8 s; peak memory 263 MiB.
2026-09-29T00:27:37Z INFO [462/500] 1a9734e0-6aac-45dc-b7de-6cc104ef727d: cophenetic index 605; 0.7 s; peak memory 263 MiB.
2026-09-29T00:27:39Z INFO [463/500] 1a9757ba-1016-4a63-b4a7-17e811228cc7: cophenetic index 33998; 1.4 s; peak memory 263 MiB.
2026-09-29T00:27:40Z INFO [464/500] 1a99b695-cc50-4df6-a4aa-cc7d909fad96: cophenetic index 809; 1.5 s; peak memory 263 MiB.
2026-09-29T00:27:41Z INFO [465/500] 1a9bd777-b7f7-4d35-aa0b-12042635649f: cophenetic index 624; 0.7 s; peak memory 263 MiB.
2026-09-29T00:27:42Z INFO [466/500] 1a9c0ec9-9fde-4985-a912-db234e2de5c0: cophenetic index 791; 1.0 s; peak memory 263 MiB.
2026-09-29T00:27:45Z INFO [467/500] 1a9c1aeb-5942-440b-88e3-bd9131d7a1fc: cophenetic index 4596; 3.1 s; peak memory 263 MiB.
2026-09-29T00:27:46Z INFO [468/500] 1a9cc441-5ff5-4621-af84-39a049d74bd1: cophenetic index 952; 0.6 s; peak memory 263 MiB.
2026-09-29T00:27:53Z INFO [469/500] 1a9d3f87-9382-4d55-a217-13ae1e62e16a: cophenetic index 233175; 7.4 s; peak memory 269 MiB.
2026-09-29T00:27:54Z INFO [470/500] 1a9d6ecd-72ef-490a-b7c4-3fdd084d4f51: cophenetic index 624; 0.7 s; peak memory 269 MiB.
2026-09-29T00:27:57Z INFO [471/500] 1a9e3c28-e4fe-4985-9a09-3ec02187aa5a: cophenetic index 75064; 3.6 s; peak memory 269 MiB.
2026-09-29T00:27:58Z INFO [472/500] 1a9e4d1f-6548-442d-ac76-2e618f5269de: cophenetic index 1087; 0.9 s; peak memory 269 MiB.
2026-09-29T00:27:59Z INFO [473/500] 1a9eea79-d24f-4200-874e-97681506c81e: cophenetic index 690; 0.6 s; peak memory 269 MiB.
2026-09-29T00:28:00Z INFO [474/500] 1a9f2c06-c65e-4872-b691-230550423c3e: cophenetic index 2625; 0.9 s; peak memory 269 MiB.
2026-09-29T00:28:09Z INFO [475/500] 1a9f3698-060f-4dad-b396-7d30ed177c82: cophenetic index 51243; 9.0 s; peak memory 269 MiB.
2026-09-29T00:28:14Z INFO [476/500] 1a9f9cf3-fed7-4ab8-ad7a-fccf6c8f8fb8: cophenetic index 134077; 5.2 s; peak memory 269 MiB.
2026-09-29T00:28:16Z INFO [477/500] 1a9faf10-3afb-4b1a-93b5-1a01600a024e: cophenetic index 4646; 1.9 s; peak memory 269 MiB.
2026-09-29T00:28:18Z INFO [478/500] 1aa07f7f-aa9b-4b1e-a4a1-fc3473f1d345: cophenetic index 2609; 1.9 s; peak memory 269 MiB.
2026-09-29T00:28:19Z INFO [479/500] 1aa108d2-db04-4cd6-b819-a9552787d7fa: cophenetic index 30304; 0.9 s; peak memory 269 MiB.
2026-09-29T00:28:20Z INFO [480/500] 1aa15186-ef2e-4bfc-9f5b-d243460ebf11: cophenetic index 2609; 1.5 s; peak memory 269 MiB.
2026-09-29T00:28:21Z INFO [481/500] 1aa1723e-aae2-474d-a20c-1894a2ea9fc0: cophenetic index 2625; 0.8 s; peak memory 269 MiB.
2026-09-29T00:28:25Z INFO [482/500] 1aa1d8b9-12f5-43a4-9b7b-e29303218a54: cophenetic index 15946; 4.5 s; peak memory 269 MiB.
2026-09-29T00:28:31Z INFO [483/500] 1aa2c151-7b28-4a9d-bef5-c18cbca4e5e4: cophenetic index 14478; 5.2 s; peak memory 269 MiB.
2026-09-29T00:28:31Z INFO [484/500] 1aa2ce07-a33e-42f6-a03d-758bd6caec75: cophenetic index 3087; 0.7 s; peak memory 269 MiB.
2026-09-29T00:28:32Z INFO [485/500] 1aa4d0cb-0cbe-4230-8e30-826a8be0f848: cophenetic index 624; 0.7 s; peak memory 269 MiB.
2026-09-29T00:28:37Z INFO [486/500] 1aa5716c-06ad-4e6d-99bc-ee691aa73808: cophenetic index 3038; 4.7 s; peak memory 269 MiB.
2026-09-29T00:29:00Z INFO [487/500] 1aa5ab54-297c-4fd0-baa1-4498af46fc85: cophenetic index 49760154; 23.0 s; peak memory 327 MiB.
2026-09-29T00:29:01Z INFO [488/500] 1aa5eb4c-b4ee-45ab-a6eb-54ec79b45848: cophenetic index 2974; 0.7 s; peak memory 327 MiB.
2026-09-29T00:29:02Z INFO [489/500] 1aa5ece3-05fd-446b-95fb-c2cdddf6d7c6: cophenetic index 2402; 1.7 s; peak memory 327 MiB.
2026-09-29T00:29:03Z INFO [490/500] 1aa62d61-1f2e-4e36-9923-3c6d46df75c7: cophenetic index 1614; 1.3 s; peak memory 327 MiB.
2026-09-29T00:29:04Z INFO [491/500] 1aa6d39c-e87e-438e-a232-743d0ccb022c: cophenetic index 23510; 0.7 s; peak memory 327 MiB.
2026-09-29T00:29:07Z INFO [492/500] 1aa70818-5ee8-43a1-ba88-e7a9634cfb32: cophenetic index 2027; 2.7 s; peak memory 327 MiB.
2026-09-29T00:29:07Z INFO [493/500] 1aa7291c-d860-45e1-8654-d9bbd8c0a5d6: cophenetic index 490; 0.5 s; peak memory 327 MiB.
2026-09-29T00:29:09Z INFO [494/500] 1aa7efa5-14f9-4dd4-9fca-6d233c937178: cophenetic index 33998; 1.2 s; peak memory 327 MiB.
2026-09-29T00:29:09Z INFO [495/500] 1aa893fe-b316-45b0-817d-2a3baa0582e8: cophenetic index 3057; 0.8 s; peak memory 327 MiB.
2026-09-29T00:29:10Z INFO [496/500] 1aa91853-1f19-4359-97b0-89d0343e58ff: cophenetic index 649; 0.7 s; peak memory 327 MiB.
2026-09-29T00:29:11Z INFO [497/500] 1aa9f981-69a7-44fa-a410-45775cb3828f: cophenetic index 2625; 0.7 s; peak memory 327 MiB.
2026-09-29T00:29:28Z INFO [498/500] 1aaa4b59-bc9a-428f-b900-2a0e5d92fff0: cophenetic index 415221; 17.2 s; peak memory 327 MiB.
2026-09-29T00:29:30Z INFO [499/500] 1aaa51d2-f76e-4620-b179-f3af2515c011: cophenetic index 2573; 1.5 s; peak memory 327 MiB.
2026-09-29T00:29:30Z INFO [500/500] 1aaaf073-ff95-4964-a48e-327fdcd85b51: cophenetic index 2424; 0.9 s; peak memory 327 MiB.
2026-09-29T00:29:30Z INFO [500/500] 1aaaf073-ff95-4964-a48e-327fdcd85b51: checkpointed 58928 records.
2026-09-29T00:29:31Z INFO Wrote 58928 records to /tmp/derivatives/valid_nwb_file_to_cophenetic_index.jsonl (492 new, 8 failed) in 15.1 min (peak memory 327 MiB).
