2026-09-17T13:06:44Z INFO Logging to /tmp/logs/update_2026-09-17T13-06-44Z.log.
2026-09-17T13:06:44Z INFO Update valid-nwb-file-to-cophenetic-index (base directory /tmp).
2026-09-17T13:06:44Z INFO Processing 500 items (47011 already recorded).
2026-09-17T13:06:46Z INFO [1/500] 01db49f2-a069-4993-8cd4-e132d56e918c: cophenetic index 2625; 2.2 s; peak memory 81 MiB.
2026-09-17T13:06:53Z INFO [2/500] 01dba8c4-bb09-4d7c-8ac5-4d1b75eb754c: cophenetic index 11507; 7.5 s; peak memory 89 MiB.
2026-09-17T13:06:55Z INFO [3/500] 01dbab67-ffec-405d-ad86-9004848fb989: cophenetic index 624; 1.2 s; peak memory 89 MiB.
2026-09-17T13:07:02Z INFO [4/500] 01dbecbf-f48c-4dc6-b13c-99bcb330fee2: cophenetic index 33285; 7.7 s; peak memory 89 MiB.
2026-09-17T13:07:04Z INFO [5/500] 01dcb018-0718-4a80-a33c-5cbe545e1416: cophenetic index 624; 1.3 s; peak memory 89 MiB.
2026-09-17T13:07:05Z INFO [6/500] 01dcc649-90d3-41c6-ad9f-55daaedc0a49: cophenetic index 431; 1.0 s; peak memory 89 MiB.
2026-09-17T13:07:06Z INFO [7/500] 01dd13d5-d04a-4666-81ff-525e6d8ea957: cophenetic index 605; 1.5 s; peak memory 89 MiB.
2026-09-17T13:07:08Z INFO [8/500] 01dd4bd1-3c53-4a20-8bc4-ffee84a816f4: cophenetic index 41788; 1.9 s; peak memory 89 MiB.
2026-09-17T13:07:09Z INFO [9/500] 01ddc88f-20dd-4676-9499-0367d329eb6e: cophenetic index 452; 1.2 s; peak memory 89 MiB.
2026-09-17T13:07:16Z INFO [10/500] 01dde307-ca96-416f-9b45-57a80469dde8: cophenetic index 87573; 6.7 s; peak memory 90 MiB.
2026-09-17T13:07:17Z INFO [11/500] 01ddfc53-b6bb-4a19-994f-edff9c47263e: cophenetic index 624; 1.2 s; peak memory 90 MiB.
2026-09-17T13:07:18Z INFO [12/500] 01de80e8-4efd-4e25-83d2-ff9cc98a42e7: cophenetic index 3004; 1.4 s; peak memory 90 MiB.
2026-09-17T13:07:20Z INFO [13/500] 01dec86b-f2a7-442d-b42b-3ff501e93276: cophenetic index 690; 1.1 s; peak memory 90 MiB.
2026-09-17T13:07:21Z INFO [14/500] 01decf8f-dd7f-47c3-8a18-9e202b8ad2e8: cophenetic index 766; 1.6 s; peak memory 90 MiB.
2026-09-17T13:07:23Z INFO [15/500] 01dfaa5a-b260-475d-adb3-6639e665d174: cophenetic index 33998; 2.2 s; peak memory 90 MiB.
2026-09-17T13:07:32Z INFO [16/500] 01e1eb7f-3461-429e-baa4-e800d2b01196: cophenetic index 76139; 8.9 s; peak memory 94 MiB.
2026-09-17T13:07:40Z INFO [17/500] 01e1ec82-e7cd-4d1d-ae22-089c16bdefe8: cophenetic index 72460; 7.7 s; peak memory 94 MiB.
2026-09-17T13:07:43Z INFO [18/500] 01e28f5c-77ea-42b8-9a43-752d11842a55: cophenetic index 1970; 3.0 s; peak memory 94 MiB.
2026-09-17T13:07:44Z INFO [19/500] 01e2a106-cc37-49f9-b814-a5f2679e38ae: cophenetic index 3087; 1.4 s; peak memory 94 MiB.
2026-09-17T13:07:46Z INFO [20/500] 01e2a9a8-2123-460c-b050-be35c88db2da: cophenetic index 2625; 1.8 s; peak memory 94 MiB.
2026-09-17T13:07:47Z INFO [21/500] 01e2e0b4-a5fc-41cd-bd7a-2b2051dbd210: cophenetic index 729; 0.8 s; peak memory 94 MiB.
2026-09-17T13:07:48Z INFO [22/500] 01e3e6ff-7312-4932-8fc7-5d8d5b57b7c0: cophenetic index 518; 1.0 s; peak memory 94 MiB.
2026-09-17T13:07:51Z INFO [23/500] 01e4960e-0e71-4352-8455-03619c1791ea: cophenetic index 1436; 3.1 s; peak memory 94 MiB.
2026-09-17T13:07:52Z INFO [24/500] 01e4d96d-ca50-4abb-9c6a-c22dac0d4381: cophenetic index 431; 1.3 s; peak memory 94 MiB.
2026-09-17T13:07:54Z INFO [25/500] 01e5caf3-97ed-45e9-9301-de5480987e34: cophenetic index 605; 1.4 s; peak memory 94 MiB.
2026-09-17T13:07:56Z INFO [26/500] 01e6d1aa-3869-4fe7-a5b2-a24f5084aade: cophenetic index 2625; 1.9 s; peak memory 94 MiB.
2026-09-17T13:07:57Z INFO [27/500] 01e732fd-5b78-4082-92eb-84654e6d4f5c: cophenetic index 624; 1.3 s; peak memory 94 MiB.
2026-09-17T13:08:00Z INFO [28/500] 01e739e9-a40b-4b38-ab4d-722852972c70: cophenetic index 2402; 3.2 s; peak memory 94 MiB.
2026-09-17T13:08:18Z INFO [29/500] 01e800cb-fa40-4dd8-a5ce-fe7c9b8feb50: cophenetic index 42755; 18.2 s; peak memory 106 MiB.
2026-09-17T13:08:20Z INFO [30/500] 01e817b7-b6f5-47ad-9881-ed2752d3f81b: cophenetic index 624; 1.2 s; peak memory 106 MiB.
2026-09-17T13:08:21Z INFO [31/500] 01e842e6-9300-4893-bf5a-cdf5c3d144f9: cophenetic index 624; 1.1 s; peak memory 106 MiB.
2026-09-17T13:08:22Z INFO [32/500] 01e876b1-7e62-45a5-b5aa-c8ac85bb5a4a: cophenetic index 624; 1.1 s; peak memory 106 MiB.
2026-09-17T13:08:23Z INFO [33/500] 01e89a2e-91aa-4ffc-9dc7-42b827366595: cophenetic index 624; 1.2 s; peak memory 106 MiB.
2026-09-17T13:08:25Z INFO [34/500] 01e97c2d-5bbe-46a7-aef7-fa53c1bca24c: cophenetic index 23510; 1.6 s; peak memory 106 MiB.
2026-09-17T13:08:34Z INFO [35/500] 01e97ef0-29db-41a1-a7b4-759090b8699e: cophenetic index 87946; 9.3 s; peak memory 106 MiB.
2026-09-17T13:08:35Z INFO [36/500] 01e9935f-f732-4426-a107-de64be9cd4cf: cophenetic index 3192; 1.4 s; peak memory 106 MiB.
2026-09-17T13:08:36Z INFO [37/500] 01e9ee3e-efd0-4f7b-bdfb-4f329d869e45: cophenetic index 624; 1.1 s; peak memory 106 MiB.
2026-09-17T13:08:37Z INFO [38/500] 01ea40f6-1b3a-4f4b-a06c-aa52166c70de: cophenetic index 560; 1.0 s; peak memory 106 MiB.
2026-09-17T13:08:49Z INFO [39/500] 01ea770b-13f9-4d63-b4e2-441537cecae8: cophenetic index 260012; 11.2 s; peak memory 107 MiB.
2026-09-17T13:08:50Z INFO [40/500] 01eb4937-a7b9-442b-92f1-3f7ef62ced21: cophenetic index 3004; 1.5 s; peak memory 107 MiB.
2026-09-17T13:08:56Z INFO [41/500] 01eb513e-a21b-465b-94c5-70df6bde39c3: cophenetic index 9548; 5.8 s; peak memory 107 MiB.
2026-09-17T13:09:58Z INFO [42/500] 01eb69f6-5d1d-4afa-acd8-0a16cec7dc5d: cophenetic index 5879857; 62.5 s; peak memory 176 MiB.
2026-09-17T13:10:00Z INFO [43/500] 01eb7909-29d9-41de-aae0-02d41974f4f5: cophenetic index 3004; 1.4 s; peak memory 176 MiB.
2026-09-17T13:10:01Z INFO [44/500] 01eba086-3165-4b39-9fbe-8b2515c29ff0: cophenetic index 624; 0.9 s; peak memory 176 MiB.
2026-09-17T13:10:02Z INFO [45/500] 01ebd676-ae68-4caa-a4ff-57bc794ba8f6: cophenetic index 490; 1.0 s; peak memory 176 MiB.
2026-09-17T13:10:03Z INFO [46/500] 01ec4f42-7f36-4360-adfc-3549f27806ce: cophenetic index 2551; 1.5 s; peak memory 176 MiB.
2026-09-17T13:10:16Z INFO [47/500] 01ec51b1-7c42-4f54-ba52-864cccec6ee7: cophenetic index 48355; 12.6 s; peak memory 176 MiB.
2026-09-17T13:10:17Z INFO [48/500] 01ecdc69-c753-49b5-b0c3-8bd0cd5c0556: cophenetic index 3004; 1.6 s; peak memory 176 MiB.
2026-09-17T13:10:18Z INFO [49/500] 01ed7d4e-710e-49d0-8c0f-804bbca70236: cophenetic index 2920; 1.1 s; peak memory 176 MiB.
2026-09-17T13:10:19Z INFO [50/500] 01ee0166-eb0d-4c07-99b6-5a6e9d99ad37: cophenetic index 490; 1.0 s; peak memory 176 MiB.
2026-09-17T13:10:19Z INFO [50/500] 01ee0166-eb0d-4c07-99b6-5a6e9d99ad37: checkpointed 47061 records.
2026-09-17T13:10:20Z INFO [51/500] 01ee39e8-1db6-4271-9e13-15b1c9ec3842: cophenetic index 490; 0.9 s; peak memory 176 MiB.
2026-09-17T13:10:22Z INFO [52/500] 01ee4cc0-f4aa-49b7-a61c-52115b6a35ad: cophenetic index 3004; 1.5 s; peak memory 176 MiB.
2026-09-17T13:10:27Z INFO [53/500] 01ef3e50-3d0e-4d65-a856-479b6f0f260c: cophenetic index 6415; 5.0 s; peak memory 176 MiB.
2026-09-17T13:10:29Z INFO [54/500] 01ef6e3e-fe97-4130-b0e4-c6af194eb11d: cophenetic index 2609; 2.6 s; peak memory 176 MiB.
2026-09-17T13:10:31Z INFO [55/500] 01ef7f09-0476-490f-9834-5df2f5d872ba: cophenetic index 707; 1.7 s; peak memory 176 MiB.
2026-09-17T13:10:33Z INFO [56/500] 01f025eb-0c91-403b-8778-11df54222152: cophenetic index 23960; 1.5 s; peak memory 176 MiB.
2026-09-17T13:10:34Z INFO [57/500] 01f04582-2adc-44b3-8d63-a799f15d9c34: cophenetic index 3004; 1.4 s; peak memory 176 MiB.
2026-09-17T13:10:35Z INFO [58/500] 01f0ca66-b0fd-4dc2-a9e3-5f768240999c: cophenetic index 605; 1.4 s; peak memory 176 MiB.
2026-09-17T13:10:42Z INFO [59/500] 01f18173-0b58-4d78-b1b9-eaee5bd1ce42: cophenetic index 9298; 6.8 s; peak memory 176 MiB.
2026-09-17T13:10:44Z INFO [60/500] 01f1fe5d-f618-48ab-a746-4d9993d5c801: cophenetic index 3192; 1.4 s; peak memory 176 MiB.
2026-09-17T13:10:44Z INFO [61/500] 01f2d409-6235-41b8-9f74-9f58711ae411: cophenetic index 446; 0.7 s; peak memory 176 MiB.
2026-09-17T13:11:05Z INFO [62/500] 01f37333-8ac6-4f47-b4fc-58f80f85b4a7: cophenetic index 811364; 20.6 s; peak memory 176 MiB.
2026-09-17T13:11:06Z INFO [63/500] 01f38d04-3a46-48a7-8e3a-7d50fa08f362: cophenetic index 624; 1.2 s; peak memory 176 MiB.
2026-09-17T13:11:08Z INFO [64/500] 01f3d4cb-344e-425f-8d3c-66c8ff1aa73e: cophenetic index 937; 1.4 s; peak memory 176 MiB.
2026-09-17T13:11:11Z INFO [65/500] 01f431a7-3637-4cbb-9192-8fb174f7aff0: cophenetic index 2402; 3.0 s; peak memory 176 MiB.
2026-09-17T13:11:13Z INFO [66/500] 01f45287-02e7-4261-aa40-459953d232f0: cophenetic index 2625; 2.0 s; peak memory 176 MiB.
2026-09-17T13:11:14Z INFO [67/500] 01f492b3-e3a0-4e96-9f47-de4a028504cf: cophenetic index 1042; 1.5 s; peak memory 176 MiB.
2026-09-17T13:11:17Z INFO [68/500] 01f4e554-43ef-4c65-b8c7-e93be0724edd: cophenetic index 2469; 3.2 s; peak memory 176 MiB.
2026-09-17T13:11:22Z INFO [69/500] 01f576c2-aa5d-49ed-8810-5c07e23f39a2: cophenetic index 41141; 4.8 s; peak memory 176 MiB.
2026-09-17T13:11:26Z INFO [70/500] 01f57f70-b30e-4aaf-a769-a7a1c22d3670: cophenetic index 2822; 3.8 s; peak memory 176 MiB.
2026-09-17T13:11:28Z INFO [71/500] 01f6afa1-149d-4717-bdcb-6b0dd4c32354: cophenetic index 33962; 1.8 s; peak memory 176 MiB.
2026-09-17T13:11:28Z INFO [72/500] 01f6eea8-5fae-4c76-bde4-6537c882f4b0: cophenetic index 446; 0.8 s; peak memory 176 MiB.
2026-09-17T13:11:29Z INFO [73/500] 01f7c7d5-75d8-4aa2-b8c1-245ab298a704: cophenetic index 490; 1.0 s; peak memory 176 MiB.
2026-09-17T13:11:31Z INFO [74/500] 01f8895d-2c37-4156-b2c5-26c10d319ef3: cophenetic index 3087; 1.5 s; peak memory 176 MiB.
2026-09-17T13:11:32Z INFO [75/500] 01f8cf1c-b84d-437b-9acb-8c002f012939: cophenetic index 581; 1.3 s; peak memory 176 MiB.
2026-09-17T13:11:35Z INFO [76/500] 01f9f7a6-057c-44ea-8a24-7ed9926d39cd: cophenetic index 895; 2.4 s; peak memory 176 MiB.
2026-09-17T13:11:36Z INFO [77/500] 01fa0c90-3ca5-4bca-bd2a-398d12002348: cophenetic index 33968; 1.6 s; peak memory 176 MiB.
2026-09-17T13:11:39Z INFO [78/500] 01fa3e1e-0cc7-42d2-b29f-4b4515d64b3c: cophenetic index 1641; 2.5 s; peak memory 176 MiB.
2026-09-17T13:11:41Z INFO [79/500] 01fb16ad-47a0-4b78-9fd3-1dfcdb8373ea: cophenetic index 2625; 2.0 s; peak memory 176 MiB.
2026-09-17T13:11:42Z INFO [80/500] 01fcc753-dcff-4d51-bdcd-517a4fa5a06a: cophenetic index 3004; 1.3 s; peak memory 176 MiB.
2026-09-17T13:11:44Z INFO [81/500] 01fcd800-f2e6-4d59-b793-9da1287e83e1: cophenetic index 99138; 1.9 s; peak memory 176 MiB.
2026-09-17T13:11:45Z INFO [82/500] 01fd2952-63c5-4855-8960-d991ba6fd96c: cophenetic index 624; 1.2 s; peak memory 176 MiB.
2026-09-17T13:11:46Z INFO [83/500] 01fd37f4-6af9-46cd-9457-1eeaa3addd6e: cophenetic index 527; 0.9 s; peak memory 176 MiB.
2026-09-17T13:11:47Z INFO [84/500] 01fe967a-5a98-4aef-a975-105f1080673a: cophenetic index 958; 1.3 s; peak memory 176 MiB.
2026-09-17T13:11:58Z INFO [85/500] 01fecb69-389a-4e48-9857-c3cf8e478dd4: cophenetic index 195172714; 10.3 s; peak memory 196 MiB.
2026-09-17T13:11:59Z INFO [86/500] 0200159b-5cef-4f6f-a19e-da04194b688f: cophenetic index 2625; 1.3 s; peak memory 196 MiB.
2026-09-17T13:12:00Z INFO [87/500] 02002359-552d-40c1-95b3-1b1c9df991c6: cophenetic index 490; 0.9 s; peak memory 196 MiB.
2026-09-17T13:12:01Z INFO [88/500] 020072db-36d6-44cc-a0c5-9a11304345be: cophenetic index 539; 1.1 s; peak memory 196 MiB.
2026-09-17T13:12:03Z INFO [89/500] 0200e900-6fed-484b-a901-55d241443864: cophenetic index 3087; 1.5 s; peak memory 196 MiB.
2026-09-17T13:12:12Z INFO [90/500] 02013b4b-5642-48c7-ab6f-839d5e1877c4: cophenetic index 159326; 9.0 s; peak memory 197 MiB.
2026-09-17T13:12:14Z INFO [91/500] 02013d9e-52bd-4a4e-a51a-7d36bd4e63d6: cophenetic index 809; 2.4 s; peak memory 197 MiB.
2026-09-17T13:12:16Z INFO [92/500] 02018c69-d2de-4dab-9878-774fcb8cab7c: cophenetic index 23864; 1.5 s; peak memory 197 MiB.
2026-09-17T13:12:17Z INFO [93/500] 0201c128-f439-420a-a618-0ae9a439724f: cophenetic index 624; 1.1 s; peak memory 197 MiB.
2026-09-17T13:12:18Z INFO [94/500] 020205b2-c64f-4ea9-81d0-39d8bbe39d73: cophenetic index 624; 1.0 s; peak memory 197 MiB.
2026-09-17T13:12:19Z INFO [95/500] 02026466-ada5-432e-a1bb-a0a471ff2712: cophenetic index 624; 1.1 s; peak memory 197 MiB.
2026-09-17T13:12:28Z INFO [96/500] 0202d809-0b81-4d6a-b5d1-14427511a493: cophenetic index 145677; 9.2 s; peak memory 197 MiB.
2026-09-17T13:12:29Z INFO [97/500] 0202e9fb-450c-4da1-bf7c-ceb782960a0f: cophenetic index 624; 1.2 s; peak memory 197 MiB.
2026-09-17T13:12:37Z INFO [98/500] 0203c1f4-b206-4701-b178-059324565f31: cophenetic index 13267; 8.0 s; peak memory 197 MiB.
2026-09-17T13:12:38Z INFO [99/500] 0204dc1b-d5be-447e-a66a-c2e85d7ff02b: cophenetic index 3004; 1.4 s; peak memory 197 MiB.
2026-09-17T13:12:40Z INFO [100/500] 0206cb4c-0d32-49ae-94cc-fc49159fe548: cophenetic index 23358; 1.3 s; peak memory 197 MiB.
2026-09-17T13:12:40Z INFO [100/500] 0206cb4c-0d32-49ae-94cc-fc49159fe548: checkpointed 47111 records.
2026-09-17T13:12:41Z INFO [101/500] 0206e05a-84f3-4276-8ca8-42c63dc0fd3d: cophenetic index 579; 0.9 s; peak memory 197 MiB.
2026-09-17T13:12:42Z INFO [102/500] 0206e0b8-3993-4b25-ba45-81e6ddf48e29: cophenetic index 624; 1.1 s; peak memory 197 MiB.
2026-09-17T13:12:43Z INFO [103/500] 0209714e-5ea9-4cc1-b8d8-0605118a4f07: cophenetic index 581; 1.1 s; peak memory 197 MiB.
2026-09-17T13:12:45Z INFO [104/500] 02099db8-dc9a-4f06-bc2c-cb80aeebc57f: cophenetic index 2609; 2.4 s; peak memory 197 MiB.
2026-09-17T13:12:47Z INFO [105/500] 020ac9fa-db6c-48e7-a442-d430acd488dc: cophenetic index 3004; 1.3 s; peak memory 197 MiB.
2026-09-17T13:12:48Z INFO [106/500] 020b2974-3364-46f3-9e4a-5a1dc31dd549: cophenetic index 3004; 1.4 s; peak memory 197 MiB.
2026-09-17T13:12:49Z INFO [107/500] 020b3a38-0a03-40d9-891a-039e2589e51e: cophenetic index 2844; 1.4 s; peak memory 197 MiB.
2026-09-17T13:12:51Z INFO [108/500] 020c9347-39d5-454c-ab0d-17ebbdfa8336: cophenetic index 1042; 1.3 s; peak memory 197 MiB.
2026-09-17T13:12:58Z INFO [109/500] 020d84ca-4c32-4c98-8345-35c3d13dd1b5: cophenetic index 6715; 7.0 s; peak memory 197 MiB.
2026-09-17T13:13:00Z INFO [110/500] 020dd284-1b36-4959-affe-dc24f26f447e: cophenetic index 33962; 1.7 s; peak memory 197 MiB.
2026-09-17T13:13:01Z INFO [111/500] 020e2949-5097-4f2d-9924-058b328dff84: cophenetic index 512; 1.2 s; peak memory 197 MiB.
2026-09-17T13:13:04Z INFO [112/500] 020e377b-013e-4d90-8e52-992b6f090f36: cophenetic index 2573; 2.9 s; peak memory 197 MiB.
2026-09-17T13:13:05Z INFO [113/500] 020f33a0-a509-4021-8ada-4c83d2d3cd23: cophenetic index 2625; 1.7 s; peak memory 197 MiB.
2026-09-17T13:13:07Z INFO [114/500] 020fb2c7-1e4e-4188-ad5f-328941671a23: cophenetic index 2625; 1.8 s; peak memory 197 MiB.
2026-09-17T13:13:09Z INFO [115/500] 021078ad-6fe0-45e4-9fb6-4404fc7ea904: cophenetic index 2625; 1.9 s; peak memory 197 MiB.
2026-09-17T13:13:10Z INFO [116/500] 02116997-1d31-45c8-9613-0daca1846bbb: cophenetic index 719; 0.9 s; peak memory 197 MiB.
2026-09-17T13:13:11Z INFO [117/500] 0211b58a-7025-4833-a441-6aba113c9c6b: cophenetic index 624; 1.1 s; peak memory 197 MiB.
2026-09-17T13:13:12Z INFO [118/500] 0211ccb0-e683-40ce-9016-5489dc082535: cophenetic index 2570; 1.5 s; peak memory 197 MiB.
2026-09-17T13:13:14Z INFO [119/500] 021271f6-7aed-447a-baae-7a5060f502e4: cophenetic index 624; 1.2 s; peak memory 197 MiB.
2026-09-17T13:13:16Z INFO [120/500] 0212cdb4-e383-43dd-bb19-9fc006551315: cophenetic index 2625; 2.0 s; peak memory 197 MiB.
2026-09-17T13:13:17Z INFO [121/500] 02131dd5-b976-456f-9743-660b1b7b7d00: cophenetic index 2625; 1.4 s; peak memory 197 MiB.
2026-09-17T13:13:23Z INFO [122/500] 02134707-6800-4572-97a5-732cd4d9c309: cophenetic index 9298; 5.9 s; peak memory 197 MiB.
2026-09-17T13:13:24Z INFO [123/500] 0213673b-eddc-4db0-8c07-1e477bb8b66a: cophenetic index 2974; 1.6 s; peak memory 197 MiB.
2026-09-17T13:13:26Z INFO [124/500] 021388a2-19e0-4b6b-945d-2ee0d3a39930: cophenetic index 2570; 1.8 s; peak memory 197 MiB.
2026-09-17T13:13:28Z INFO [125/500] 021433c3-33a4-4860-aafc-5f2a9650e89f: cophenetic index 23272; 1.5 s; peak memory 197 MiB.
2026-09-17T13:13:29Z INFO [126/500] 0214ab45-a5da-4d07-9748-838f3ec9b46b: cophenetic index 490; 0.9 s; peak memory 197 MiB.
2026-09-17T13:13:32Z INFO [127/500] 021553cd-c5da-4b33-9019-0abf92c9af28: cophenetic index 2402; 2.8 s; peak memory 197 MiB.
2026-09-17T13:13:33Z INFO [128/500] 0215df30-d9e8-4e30-aa42-fc63febd68a0: cophenetic index 605; 1.3 s; peak memory 197 MiB.
2026-09-17T13:13:34Z INFO [129/500] 02162606-2fd4-49f1-a967-4aa1b8e7f3c5: cophenetic index 1949; 1.3 s; peak memory 197 MiB.
2026-09-17T13:13:35Z INFO [130/500] 0217144a-17da-4ce6-baa4-1b74b9bc1d33: cophenetic index 579; 0.9 s; peak memory 197 MiB.
2026-09-17T13:13:36Z INFO [131/500] 0217599f-e8df-4d9c-a471-b139a575195f: cophenetic index 2570; 1.3 s; peak memory 197 MiB.
2026-09-17T13:13:45Z INFO [132/500] 0218437c-a7c5-4969-b886-b9c7ced671ae: cophenetic index 68301; 8.3 s; peak memory 197 MiB.
2026-09-17T13:13:46Z INFO [133/500] 02192944-f638-4616-9e45-6b7438119c8f: cophenetic index 490; 1.3 s; peak memory 197 MiB.
2026-09-17T13:13:47Z INFO [134/500] 0219635a-c536-4dd6-906e-ce90231ac0d1: cophenetic index 624; 1.3 s; peak memory 197 MiB.
2026-09-17T13:13:48Z INFO [135/500] 0219a005-d38e-4491-a5da-fdad94f99c02: cophenetic index 624; 1.0 s; peak memory 197 MiB.
2026-09-17T13:13:56Z INFO [136/500] 0219aecc-9f52-48e2-9e9f-405debad6534: cophenetic index 14130578; 8.2 s; peak memory 221 MiB.
2026-09-17T13:13:58Z INFO [137/500] 021a3fa8-1ba3-45a4-ba50-015ffa00ff89: cophenetic index 3004; 1.4 s; peak memory 221 MiB.
2026-09-17T13:14:00Z INFO [138/500] 021a63dc-c8ba-4116-998c-dcfe2029b5b5: cophenetic index 2625; 2.0 s; peak memory 221 MiB.
2026-09-17T13:14:07Z INFO [139/500] 021ba67d-f6c1-4b2a-aace-2ef31436dc12: cophenetic index 33285; 6.9 s; peak memory 221 MiB.
2026-09-17T13:14:08Z INFO [140/500] 021c0c00-71bc-4a70-88f1-1058f89da08d: cophenetic index 605; 1.3 s; peak memory 221 MiB.
2026-09-17T13:14:10Z INFO [141/500] 021c7269-7dfa-439a-86b3-e0942494b823: cophenetic index 2625; 1.8 s; peak memory 221 MiB.
2026-09-17T13:14:11Z INFO [142/500] 021f8583-dafb-49e9-bb86-767bdd6d36cd: cophenetic index 3087; 1.5 s; peak memory 221 MiB.
2026-09-17T13:14:14Z INFO [143/500] 02200e9e-efac-4fa7-ab06-e93e672eb6c1: cophenetic index 688; 2.3 s; peak memory 221 MiB.
2026-09-17T13:14:16Z INFO [144/500] 022066a5-3000-4262-b90e-0f55e59c39be: cophenetic index 2469; 3.0 s; peak memory 221 MiB.
2026-09-17T13:14:27Z INFO [145/500] 02214a03-32bd-48d4-b7f4-5bf97b00a1df: cophenetic index 165036; 10.1 s; peak memory 221 MiB.
2026-09-17T13:14:38Z INFO [146/500] 02217475-9830-4f02-b35c-a6dccc8e8aa8: cophenetic index 231591; 11.6 s; peak memory 221 MiB.
2026-09-17T13:14:39Z INFO [147/500] 0221f874-5c13-480d-ac4d-5099d8a85b7a: cophenetic index 624; 1.1 s; peak memory 221 MiB.
2026-09-17T13:14:41Z INFO [148/500] 02244ba2-685c-4ac0-baf5-0f61ebef75d3: cophenetic index 2974; 1.4 s; peak memory 221 MiB.
2026-09-17T13:14:42Z INFO [149/500] 02253495-3c34-47ab-9121-d3e74909f5c9: cophenetic index 1006; 1.6 s; peak memory 221 MiB.
2026-09-17T13:14:43Z INFO [150/500] 0225c5b9-3b9a-4af2-8765-009a3a65b30c: cophenetic index 164; 0.9 s; peak memory 221 MiB.
2026-09-17T13:14:43Z INFO [150/500] 0225c5b9-3b9a-4af2-8765-009a3a65b30c: checkpointed 47161 records.
2026-09-17T13:14:45Z INFO [151/500] 0225e258-b1f5-4649-aa11-b50389972297: cophenetic index 3087; 1.5 s; peak memory 221 MiB.
2026-09-17T13:14:46Z INFO [152/500] 022611a0-c9b5-49b0-9e63-877d2c228171: cophenetic index 624; 0.9 s; peak memory 221 MiB.
2026-09-17T13:14:48Z INFO [153/500] 02262a07-b9e8-473e-8c77-79d24e0bd5af: cophenetic index 99120; 2.1 s; peak memory 221 MiB.
2026-09-17T13:14:50Z INFO [154/500] 02268c7b-9fa3-4c41-bdf3-81b04989e0c0: cophenetic index 2682; 2.4 s; peak memory 221 MiB.
2026-09-17T13:14:52Z INFO [155/500] 0226bdce-75ce-43b2-92e0-39000dbd3c81: cophenetic index 3004; 1.5 s; peak memory 221 MiB.
2026-09-17T13:14:53Z INFO [156/500] 02286594-b159-455b-9d4b-4cda00f62a37: cophenetic index 3004; 1.6 s; peak memory 221 MiB.
2026-09-17T13:14:54Z INFO [157/500] 0228e127-31ef-493c-9ab6-7ed874426dbb: cophenetic index 624; 1.1 s; peak memory 221 MiB.
2026-09-17T13:14:56Z INFO [158/500] 0229b01d-c981-45d9-b461-26e6da04a154: cophenetic index 3215; 1.3 s; peak memory 221 MiB.
2026-09-17T13:14:57Z INFO [159/500] 022a2b7a-8cb7-4514-9afc-8df0d20dbd15: cophenetic index 466; 1.5 s; peak memory 221 MiB.
2026-09-17T13:14:59Z INFO [160/500] 022c682c-f4af-4c60-a4f8-e9217c1c62a2: cophenetic index 754; 1.3 s; peak memory 221 MiB.
2026-09-17T13:15:01Z INFO [161/500] 022e1f46-b049-4c83-9a3c-3bbdd4a41077: cophenetic index 2625; 2.0 s; peak memory 221 MiB.
2026-09-17T13:15:03Z INFO [162/500] 022e8135-8686-48f0-b454-2668124ca593: cophenetic index 777; 2.1 s; peak memory 221 MiB.
2026-09-17T13:15:04Z INFO [163/500] 022ec9c5-ec21-4513-bcd3-2e835e4cd506: cophenetic index 490; 1.0 s; peak memory 221 MiB.
2026-09-17T13:15:05Z INFO [164/500] 022f150d-16e8-45d4-97b4-6181d63fd51f: cophenetic index 33968; 1.8 s; peak memory 221 MiB.
2026-09-17T13:15:23Z INFO [165/500] 022f339d-9d26-426b-9ef1-ca63eb47d5ad: cophenetic index 30713; 17.3 s; peak memory 221 MiB.
2026-09-17T13:15:25Z INFO [166/500] 022f8eb4-53ae-4af9-9bdc-674aae1edb51: cophenetic index 2625; 1.9 s; peak memory 221 MiB.
2026-09-17T13:15:26Z INFO [167/500] 02309b5a-860c-4df0-a7be-857ff5d255b5: cophenetic index 3087; 1.4 s; peak memory 221 MiB.
2026-09-17T13:15:27Z INFO [168/500] 0230eb57-d071-4bcc-9a22-6834afa40a85: cophenetic index 624; 1.2 s; peak memory 221 MiB.
2026-09-17T13:15:28Z INFO [169/500] 02311f29-addb-49c5-98a6-c442fb85b402: cophenetic index 490; 0.7 s; peak memory 221 MiB.
2026-09-17T13:15:30Z INFO [170/500] 02314e29-612a-4dc3-a24e-5af89266b939: cophenetic index 33998; 2.2 s; peak memory 221 MiB.
2026-09-17T13:15:31Z INFO [171/500] 0231748a-c88e-46b1-a553-bfae358aeb70: cophenetic index 3004; 1.4 s; peak memory 221 MiB.
2026-09-17T13:15:32Z INFO [172/500] 02328483-d31b-4de9-888a-574b619d2c97: cophenetic index 624; 1.2 s; peak memory 221 MiB.
2026-09-17T13:15:33Z INFO [173/500] 0232c59a-ac44-447d-9063-ad2a1856fa92: cophenetic index 490; 0.9 s; peak memory 221 MiB.
2026-09-17T13:15:35Z INFO [174/500] 0232edf3-d4db-44e4-ac0b-bca8596ed8c4: cophenetic index 624; 1.2 s; peak memory 221 MiB.
2026-09-17T13:15:36Z INFO [175/500] 0234fc59-3c5a-4238-8e00-b8639b27b2a8: cophenetic index 3004; 1.5 s; peak memory 221 MiB.
2026-09-17T13:15:37Z INFO [176/500] 023522fa-48b1-4c9e-9a8b-37fb699f601f: cophenetic index 649; 1.3 s; peak memory 221 MiB.
2026-09-17T13:15:40Z INFO [177/500] 02353ebe-f8dc-4283-925c-03fcd22d8178: cophenetic index 809; 2.3 s; peak memory 221 MiB.
2026-09-17T13:15:41Z INFO [178/500] 023567f7-ce9d-4898-b402-2a07c9a0c61a: cophenetic index 2625; 1.6 s; peak memory 221 MiB.
2026-09-17T13:15:43Z INFO [179/500] 02366416-a104-4f5a-9322-49a59a543094: cophenetic index 4586; 1.4 s; peak memory 221 MiB.
2026-09-17T13:15:44Z INFO [180/500] 02384071-60ea-4822-9424-8f6d5d102b9c: cophenetic index 33962; 1.8 s; peak memory 221 MiB.
2026-09-17T13:15:56Z INFO [181/500] 02384416-3bd6-4b38-bdd6-0b113df75307: cophenetic index 49912; 12.1 s; peak memory 221 MiB.
2026-09-17T13:16:04Z INFO [182/500] 02391096-53ee-4f1f-b0fc-949452447198: cophenetic index 87573; 7.9 s; peak memory 221 MiB.
2026-09-17T13:16:06Z INFO [183/500] 02399f2b-f3b5-4150-95bb-24db73e74493: cophenetic index 2974; 1.7 s; peak memory 221 MiB.
2026-09-17T13:16:08Z INFO [184/500] 023aa742-1af9-4e46-93e9-7acf2d5d6259: cophenetic index 3004; 1.5 s; peak memory 221 MiB.
2026-09-17T13:16:10Z INFO [185/500] 023ab37d-1bd1-44e0-88df-a0ef3acba32d: cophenetic index 688; 2.4 s; peak memory 221 MiB.
2026-09-17T13:16:11Z INFO [186/500] 023accbf-1eec-4548-9a9e-d33bd5d81eba: cophenetic index 3004; 1.4 s; peak memory 221 MiB.
2026-09-17T13:16:14Z INFO [187/500] 023b8db2-1a14-44b5-9772-62a39003552d: cophenetic index 2241; 2.8 s; peak memory 221 MiB.
2026-09-17T13:16:16Z INFO [188/500] 023be53b-62a9-4348-8491-a5635f7b2c8a: cophenetic index 2625; 1.4 s; peak memory 221 MiB.
2026-09-17T13:16:17Z INFO [189/500] 023cd4ec-9f12-4acc-a100-31fc438c60a9: cophenetic index 1082; 1.3 s; peak memory 221 MiB.
2026-09-17T13:16:34Z INFO [190/500] 023d394c-5b65-49f8-b2dc-e848e442157a: cophenetic index 325265; 16.8 s; peak memory 221 MiB.
2026-09-17T13:16:35Z INFO [191/500] 023de8d7-011a-49df-ab78-450790e357e5: cophenetic index 624; 1.2 s; peak memory 221 MiB.
2026-09-17T13:16:37Z INFO [192/500] 023e2f62-a1b6-46e0-bf97-a552e16263cb: cophenetic index 2625; 1.7 s; peak memory 221 MiB.
2026-09-17T13:16:38Z INFO [193/500] 023ed86e-9ccc-4f5e-89d4-75f8f3f61647: cophenetic index 649; 1.4 s; peak memory 221 MiB.
2026-09-17T13:16:40Z INFO [194/500] 023f13e6-5a20-46e4-90d3-bd40165f0b3e: cophenetic index 457; 2.4 s; peak memory 221 MiB.
2026-09-17T13:16:41Z INFO [195/500] 023f6326-2c0c-4725-a2c8-4b3583889d50: cophenetic index 572; 1.1 s; peak memory 221 MiB.
2026-09-17T13:16:43Z INFO [196/500] 023fef0f-fd7e-41ea-89be-fe513f8a92c9: cophenetic index 33968; 1.8 s; peak memory 221 MiB.
2026-09-17T13:16:44Z INFO [197/500] 023ff1ca-0551-4307-b268-d50aeab24783: cophenetic index 624; 1.1 s; peak memory 221 MiB.
2026-09-17T13:16:46Z INFO [198/500] 02407b32-7320-4fd5-8859-34ac126b314b: cophenetic index 680; 1.8 s; peak memory 221 MiB.
2026-09-17T13:16:47Z INFO [199/500] 02411261-31e4-4c48-bff0-ad538f6f2bd4: cophenetic index 729; 0.9 s; peak memory 221 MiB.
2026-09-17T13:16:49Z INFO [200/500] 02422670-f4fb-4366-98ee-9d194ca98183: cophenetic index 33962; 1.7 s; peak memory 221 MiB.
2026-09-17T13:16:49Z INFO [200/500] 02422670-f4fb-4366-98ee-9d194ca98183: checkpointed 47211 records.
2026-09-17T13:16:50Z INFO [201/500] 024319c7-263e-4d84-a82e-9c902772332c: cophenetic index 2625; 1.7 s; peak memory 221 MiB.
2026-09-17T13:16:52Z INFO [202/500] 02439c1d-d548-4c8f-ab65-d050373789d2: cophenetic index 33968; 1.8 s; peak memory 221 MiB.
2026-09-17T13:16:54Z INFO [203/500] 0244990f-1c79-4fcb-af48-11e466967bf9: cophenetic index 624; 1.2 s; peak memory 221 MiB.
2026-09-17T13:17:05Z INFO [204/500] 02452938-7c44-4f8f-a7a7-4be1b8af13be: cophenetic index 21815; 11.7 s; peak memory 221 MiB.
2026-09-17T13:17:06Z INFO [205/500] 0245bdf4-38ea-4c16-83c6-79ce769c0b53: cophenetic index 624; 1.2 s; peak memory 221 MiB.
2026-09-17T13:17:08Z INFO [206/500] 0245e7c2-2f04-42a1-9302-4ff778105167: cophenetic index 624; 1.3 s; peak memory 221 MiB.
2026-09-17T13:17:09Z INFO [207/500] 0246d73f-65cd-43ac-bfce-54c34aaad5f4: cophenetic index 539; 1.2 s; peak memory 221 MiB.
2026-09-17T13:17:10Z INFO [208/500] 0247201e-6f40-485e-96d0-1f8d1540f624: cophenetic index 608; 1.1 s; peak memory 221 MiB.
2026-09-17T13:17:12Z INFO [209/500] 024735c1-6631-4c96-8aa1-cf2fbbd0b10c: cophenetic index 33968; 1.6 s; peak memory 221 MiB.
2026-09-17T13:17:13Z INFO [210/500] 0248d9ba-aa14-4dd5-85f9-38b106897ba6: cophenetic index 1949; 1.6 s; peak memory 221 MiB.
2026-09-17T13:17:14Z INFO [211/500] 0248ebf7-dd32-4621-adbc-62b03bf0da27: cophenetic index 751; 0.9 s; peak memory 221 MiB.
2026-09-17T13:17:15Z INFO [212/500] 0249de9b-bb18-44b3-9ef6-0ac2f47a2505: cophenetic index 624; 1.1 s; peak memory 221 MiB.
2026-09-17T13:17:24Z INFO [213/500] 024a433d-a791-4d22-95ef-d8ee83418dec: cophenetic index 143835; 9.1 s; peak memory 221 MiB.
2026-09-17T13:17:30Z INFO [214/500] 024aeec4-c011-4e7a-bbc3-cc2a56f81abe: cophenetic index 45381; 5.8 s; peak memory 221 MiB.
2026-09-17T13:17:31Z INFO [215/500] 024af1bc-a710-4b93-8f36-403e5a9050c9: cophenetic index 624; 1.1 s; peak memory 221 MiB.
2026-09-17T13:17:32Z INFO [216/500] 024b57be-36e6-4381-8014-ebfdbd3672f7: cophenetic index 385; 1.2 s; peak memory 221 MiB.
2026-09-17T13:17:51Z INFO [217/500] 024c16ec-2d6b-4f08-98d7-ea9cbe98a7e9: cophenetic index 21363242; 18.9 s; peak memory 237 MiB.
2026-09-17T13:17:52Z INFO [218/500] 024c8ff9-866c-40a0-bfc1-3f31ba9e8506: cophenetic index 431; 1.1 s; peak memory 237 MiB.
2026-09-17T13:17:54Z INFO [219/500] 024c929f-ae68-47de-90a0-2a31d64822b0: cophenetic index 649; 1.5 s; peak memory 237 MiB.
2026-09-17T13:17:56Z INFO [220/500] 024c9e5b-e169-4639-8951-7a0a7960e4e7: cophenetic index 2625; 2.1 s; peak memory 237 MiB.
2026-09-17T13:17:57Z INFO [221/500] 024cd809-fee8-45f9-b486-e268805d2d2f: cophenetic index 751; 0.9 s; peak memory 237 MiB.
2026-09-17T13:18:00Z INFO [222/500] 024e6a13-f90b-42ee-92ed-e841997a105d: cophenetic index 4617; 3.3 s; peak memory 237 MiB.
2026-09-17T13:18:02Z WARNING 024ef50f-ac6f-49ea-806b-93ef4b5e8644: failed while reading the NWB file (KeyError: 'Unable to synchronously open object (component not found)')
2026-09-17T13:18:02Z WARNING [223/500] 024ef50f-ac6f-49ea-806b-93ef4b5e8644: leaving unrecorded for a later run to retry.
2026-09-17T13:18:03Z INFO [224/500] 02509ae0-e003-4390-9ad5-bbc66f840a48: cophenetic index 722; 1.4 s; peak memory 237 MiB.
2026-09-17T13:18:05Z INFO [225/500] 0251d188-8c68-4d63-a312-1613fd7f0bea: cophenetic index 23370; 1.3 s; peak memory 237 MiB.
2026-09-17T13:18:11Z INFO [226/500] 02527521-97e8-4042-b54e-41bde2234281: cophenetic index 9548; 6.4 s; peak memory 237 MiB.
2026-09-17T13:18:22Z INFO [227/500] 02528e5e-47c9-4647-992e-dfbcc869edef: cophenetic index 422119; 10.7 s; peak memory 237 MiB.
2026-09-17T13:18:23Z INFO [228/500] 0252bb92-94f9-4450-bec6-3d16202344cb: cophenetic index 2496; 1.7 s; peak memory 237 MiB.
2026-09-17T13:18:27Z INFO [229/500] 025311c1-a941-4cdb-9ca0-4e7d74e1acbd: cophenetic index 5473; 3.7 s; peak memory 237 MiB.
2026-09-17T13:18:28Z INFO [230/500] 02537338-fe4e-492d-89ce-d33f06c99a76: cophenetic index 164; 0.8 s; peak memory 237 MiB.
2026-09-17T13:18:30Z INFO [231/500] 0253b369-5b51-4800-bbd1-045e1db0a2ac: cophenetic index 2524; 2.5 s; peak memory 237 MiB.
2026-09-17T13:18:32Z INFO [232/500] 0253dc7c-5a6c-417a-910a-5f984c374001: cophenetic index 649; 1.4 s; peak memory 237 MiB.
2026-09-17T13:18:33Z INFO [233/500] 02541d8f-963b-43af-9981-a9e2dfe749a6: cophenetic index 753; 0.9 s; peak memory 237 MiB.
2026-09-17T13:18:34Z INFO [234/500] 02547517-2be9-4d24-9ded-3f6a99a23365: cophenetic index 766; 1.4 s; peak memory 237 MiB.
2026-09-17T13:18:36Z INFO [235/500] 02549eff-7d98-4458-92e7-284a56e6657c: cophenetic index 2625; 1.9 s; peak memory 237 MiB.
2026-09-17T13:18:40Z INFO [236/500] 0254cfa7-c12c-434b-9222-d77c386a244c: cophenetic index 5915; 3.9 s; peak memory 237 MiB.
2026-09-17T13:18:41Z INFO [237/500] 0256b433-cfa1-4537-a4a8-904050680cd9: cophenetic index 543; 0.9 s; peak memory 237 MiB.
2026-09-17T13:18:42Z INFO [238/500] 02572c21-3241-4db4-8594-d373920ab756: cophenetic index 3004; 1.3 s; peak memory 237 MiB.
2026-09-17T13:18:43Z INFO [239/500] 025816cb-ed17-45e6-8e1c-9bd19df73649: cophenetic index 624; 1.1 s; peak memory 237 MiB.
2026-09-17T13:18:44Z INFO [240/500] 0258d312-619a-4c4c-9a10-2af71236aa0b: cophenetic index 431; 1.0 s; peak memory 237 MiB.
2026-09-17T13:18:46Z INFO [241/500] 0259095a-8c73-4a99-a5a6-55aa0c7e3254: cophenetic index 33986; 1.8 s; peak memory 237 MiB.
2026-09-17T13:18:47Z INFO [242/500] 02593f98-9954-462f-840d-79240d42b396: cophenetic index 624; 1.2 s; peak memory 237 MiB.
2026-09-17T13:18:49Z INFO [243/500] 0259c826-316d-42c8-a97c-44fa8c8f8620: cophenetic index 937; 1.5 s; peak memory 237 MiB.
2026-09-17T13:18:55Z INFO [244/500] 025bdf39-a221-4bd0-b7de-9e02f03d035a: cophenetic index 9548; 6.4 s; peak memory 237 MiB.
2026-09-17T13:18:57Z INFO [245/500] 025d2697-9601-4cf2-86b5-b208c1a5fbc8: cophenetic index 2625; 2.1 s; peak memory 237 MiB.
2026-09-17T13:18:58Z INFO [246/500] 025de1d3-af05-46c2-b07a-d0c1e13239ff: cophenetic index 535; 1.3 s; peak memory 237 MiB.
2026-09-17T13:19:00Z INFO [247/500] 025e0e77-43c5-4f38-bc31-f896c8a14329: cophenetic index 3004; 1.4 s; peak memory 237 MiB.
2026-09-17T13:19:01Z INFO [248/500] 025ecd20-bb2a-4931-978c-57c58c93476a: cophenetic index 1436; 1.4 s; peak memory 237 MiB.
2026-09-17T13:19:18Z INFO [249/500] 025f4e29-2fc9-4629-9ec0-60cc276e677e: cophenetic index 313005; 16.3 s; peak memory 237 MiB.
2026-09-17T13:19:19Z INFO [250/500] 025f5b3e-1580-4903-adac-42d9785baf5c: cophenetic index 952; 1.2 s; peak memory 237 MiB.
2026-09-17T13:19:19Z INFO [250/500] 025f5b3e-1580-4903-adac-42d9785baf5c: checkpointed 47260 records.
2026-09-17T13:19:20Z INFO [251/500] 025fcd35-7ea0-4c05-acd4-8ddb02db4ef8: cophenetic index 761; 0.9 s; peak memory 237 MiB.
2026-09-17T13:19:21Z INFO [252/500] 025fda14-1b5b-42d1-bece-d4498fc36c41: cophenetic index 431; 1.2 s; peak memory 237 MiB.
2026-09-17T13:19:36Z INFO [253/500] 02601806-e257-4127-b97e-7c3a7858666f: cophenetic index 209608; 14.8 s; peak memory 237 MiB.
2026-09-17T13:19:37Z INFO [254/500] 02602788-2fe0-4e29-8667-88c36c23a3a5: cophenetic index 494; 1.1 s; peak memory 237 MiB.
2026-09-17T13:19:38Z INFO [255/500] 02616421-800f-4150-bc7e-6e8b46452c3f: cophenetic index 624; 1.1 s; peak memory 237 MiB.
2026-09-17T13:19:40Z INFO [256/500] 02616a8c-b5f8-4aba-8058-e8cb30ec822f: cophenetic index 2625; 2.0 s; peak memory 237 MiB.
2026-09-17T13:19:42Z INFO [257/500] 0261f267-b39d-428e-9ef6-19a648e46e3d: cophenetic index 1042; 1.7 s; peak memory 237 MiB.
2026-09-17T13:19:43Z INFO [258/500] 026205d8-4257-4600-aa81-8dd5d214f40d: cophenetic index 490; 0.9 s; peak memory 237 MiB.
2026-09-17T13:19:44Z INFO [259/500] 0262192f-33d6-4d2f-92d7-9bf49213473d: cophenetic index 3004; 1.5 s; peak memory 237 MiB.
2026-09-17T13:19:45Z INFO [260/500] 0262e06f-7fdd-42fd-9cd9-9f358867890f: cophenetic index 433; 0.8 s; peak memory 237 MiB.
2026-09-17T13:19:47Z INFO [261/500] 0263c627-cc16-4c62-a29d-13b945380364: cophenetic index 949; 1.8 s; peak memory 237 MiB.
2026-09-17T13:19:49Z INFO [262/500] 0263cad7-9b43-4043-8e4e-d999d9cfcc27: cophenetic index 99138; 2.1 s; peak memory 237 MiB.
2026-09-17T13:19:50Z INFO [263/500] 02649d2a-16ec-4d5f-bdba-a154b6245a1c: cophenetic index 624; 1.2 s; peak memory 237 MiB.
2026-09-17T13:19:51Z INFO [264/500] 0264a635-b276-45be-9dec-88484f1bc2bd: cophenetic index 3004; 1.3 s; peak memory 237 MiB.
2026-09-17T13:19:52Z INFO [265/500] 0264c460-d4cd-4c05-9aaf-527824b9c523: cophenetic index 624; 1.2 s; peak memory 237 MiB.
2026-09-17T13:19:55Z INFO [266/500] 026504fc-3d87-47fc-acf8-eb8cabcf1d78: cophenetic index 2521; 2.8 s; peak memory 237 MiB.
2026-09-17T13:19:56Z INFO [267/500] 026535d4-f345-4e0d-a322-0989787fce36: cophenetic index 624; 1.2 s; peak memory 237 MiB.
2026-09-17T13:19:58Z INFO [268/500] 0265e972-ce89-4e76-ad16-722e4b535f21: cophenetic index 2570; 1.6 s; peak memory 237 MiB.
2026-09-17T13:20:06Z INFO [269/500] 026668b1-7ebc-4629-b7e3-65ee751b810d: cophenetic index 179884; 8.4 s; peak memory 237 MiB.
2026-09-17T13:20:08Z INFO [270/500] 0266f327-f0e8-4906-bf87-c9044c231c47: cophenetic index 624; 1.1 s; peak memory 237 MiB.
2026-09-17T13:20:10Z INFO [271/500] 026732de-e63f-4c3d-8697-27bd6f0b927a: cophenetic index 99150; 2.0 s; peak memory 237 MiB.
2026-09-17T13:20:11Z INFO [272/500] 02695368-ec1f-4f6f-a065-17083377175a: cophenetic index 624; 1.2 s; peak memory 237 MiB.
2026-09-17T13:20:12Z INFO [273/500] 02698ca0-93ef-495e-9c98-10c2514fa4aa: cophenetic index 624; 1.2 s; peak memory 237 MiB.
2026-09-17T13:20:14Z INFO [274/500] 026999f7-a034-4207-b483-9a840d0cd8d5: cophenetic index 2625; 2.0 s; peak memory 237 MiB.
2026-09-17T13:20:15Z INFO [275/500] 026a656d-cab6-489b-963c-dca1fa70da99: cophenetic index 641; 0.9 s; peak memory 237 MiB.
2026-09-17T13:20:16Z INFO [276/500] 026aaef8-a741-49ee-8a08-da1a27af227c: cophenetic index 751; 0.9 s; peak memory 237 MiB.
2026-09-17T13:20:19Z INFO [277/500] 026ae42b-9345-40e0-943c-c33cbdf5d4f1: cophenetic index 2609; 3.3 s; peak memory 237 MiB.
2026-09-17T13:20:21Z INFO [278/500] 026bebbd-e167-464d-b71c-0170734b09f4: cophenetic index 2625; 1.7 s; peak memory 237 MiB.
2026-09-17T13:20:22Z INFO [279/500] 026c0e13-b0f0-4143-8074-a3fbae51024a: cophenetic index 2974; 1.6 s; peak memory 237 MiB.
2026-09-17T13:20:25Z INFO [280/500] 026da8fc-01fd-4c50-b931-7513bb92e3d5: cophenetic index 2625; 2.3 s; peak memory 237 MiB.
2026-09-17T13:20:26Z INFO [281/500] 026ea2d4-80b0-4dfa-87c6-91467b5d7456: cophenetic index 624; 1.2 s; peak memory 237 MiB.
2026-09-17T13:20:27Z INFO [282/500] 026ed2c0-0267-405b-a443-f610055369b3: cophenetic index 3004; 1.4 s; peak memory 237 MiB.
2026-09-17T13:20:29Z INFO [283/500] 026edd41-d5c4-4eb9-bce6-aec2b28d3adb: cophenetic index 636; 1.4 s; peak memory 237 MiB.
2026-09-17T13:20:30Z INFO [284/500] 026f2545-e025-438d-a346-5a83ea2623ea: cophenetic index 3077; 1.0 s; peak memory 237 MiB.
2026-09-17T13:20:31Z INFO [285/500] 026f8d08-f603-4e70-9471-3b1a17034aec: cophenetic index 431; 1.3 s; peak memory 237 MiB.
2026-09-17T13:20:33Z INFO [286/500] 0270603b-3fb5-40e3-a96a-85e60f4e1baf: cophenetic index 2625; 1.9 s; peak memory 237 MiB.
2026-09-17T13:20:34Z INFO [287/500] 027104dc-4a1a-426e-88a0-b0b00153dbb0: cophenetic index 431; 1.2 s; peak memory 237 MiB.
2026-09-17T13:20:35Z INFO [288/500] 02717735-65c6-4ae7-8b49-305d3830a819: cophenetic index 3004; 1.4 s; peak memory 237 MiB.
2026-09-17T13:20:38Z INFO [289/500] 02718419-2ed3-4aed-ba52-394f6e32bcd7: cophenetic index 33998; 2.7 s; peak memory 237 MiB.
2026-09-17T13:20:40Z INFO [290/500] 0272af92-c8e8-49c5-8603-fe47a19522bb: cophenetic index 13320; 1.7 s; peak memory 237 MiB.
2026-09-17T13:20:42Z INFO [291/500] 02732f18-5297-49be-9cdb-5ec2e5b3b8b4: cophenetic index 1936; 2.0 s; peak memory 237 MiB.
2026-09-17T13:20:44Z INFO [292/500] 027397dd-2162-47ac-9f65-0ddfd6b69879: cophenetic index 33968; 1.7 s; peak memory 237 MiB.
2026-09-17T13:20:45Z INFO [293/500] 02740701-1f67-45e0-b2a4-a7cbe7e62464: cophenetic index 3004; 1.4 s; peak memory 237 MiB.
2026-09-17T13:20:47Z INFO [294/500] 02743f50-6873-4dc0-b940-b80dc244fbe9: cophenetic index 2625; 1.7 s; peak memory 237 MiB.
2026-09-17T13:20:48Z INFO [295/500] 0275742a-fb13-4fd0-9feb-48a961e8ef61: cophenetic index 560; 1.1 s; peak memory 237 MiB.
2026-09-17T13:20:49Z INFO [296/500] 02757e50-e816-4a32-a8ef-3952a3ec217c: cophenetic index 5994; 1.4 s; peak memory 237 MiB.
2026-09-17T13:21:00Z INFO [297/500] 0275dffb-2b13-4531-95aa-7d40f528b451: cophenetic index 195173008; 11.0 s; peak memory 237 MiB.
2026-09-17T13:21:06Z INFO [298/500] 02777391-5056-4835-a6d1-b32817d184ca: cophenetic index 9548; 5.9 s; peak memory 237 MiB.
2026-09-17T13:21:07Z INFO [299/500] 0277c3fb-65b1-447b-b711-518f85f30f7d: cophenetic index 624; 1.2 s; peak memory 237 MiB.
2026-09-17T13:21:08Z INFO [300/500] 0277f95e-dd03-4740-a987-14a28bd7752f: cophenetic index 624; 1.2 s; peak memory 237 MiB.
2026-09-17T13:21:09Z INFO [300/500] 0277f95e-dd03-4740-a987-14a28bd7752f: checkpointed 47310 records.
2026-09-17T13:21:10Z INFO [301/500] 0277fd86-ed3f-4d1e-b0be-2300df8d0398: cophenetic index 6435; 1.6 s; peak memory 237 MiB.
2026-09-17T13:21:11Z INFO [302/500] 0278b8b4-9f79-49e9-918e-e4bd0a99f2c9: cophenetic index 1265; 1.1 s; peak memory 237 MiB.
2026-09-17T13:21:12Z INFO [303/500] 0278c933-c33d-4ac9-9f3a-14be8ec1ac1e: cophenetic index 739; 0.9 s; peak memory 237 MiB.
2026-09-17T13:21:15Z INFO [304/500] 02796435-95b1-463b-b902-dc06bc9be988: cophenetic index 2391; 3.1 s; peak memory 237 MiB.
2026-09-17T13:21:17Z INFO [305/500] 02797d31-e8ef-481d-9149-2b81d191d1c0: cophenetic index 3087; 1.5 s; peak memory 237 MiB.
2026-09-17T13:21:18Z INFO [306/500] 027982cc-b57a-436c-a634-131180f11c2e: cophenetic index 624; 1.1 s; peak memory 237 MiB.
2026-09-17T13:21:20Z INFO [307/500] 0279a7b7-9dc4-4d21-bf27-f03462f56851: cophenetic index 949; 1.8 s; peak memory 237 MiB.
2026-09-17T13:21:27Z INFO [308/500] 0279dca2-9cb3-44ba-8483-5c377e21acac: cophenetic index 12973; 7.0 s; peak memory 237 MiB.
2026-09-17T13:21:28Z INFO [309/500] 027a144b-972f-4180-896b-734131520208: cophenetic index 3087; 1.5 s; peak memory 237 MiB.
2026-09-17T13:21:30Z INFO [310/500] 027a7730-53ff-4421-8ef0-a2d633d65e25: cophenetic index 1614; 1.9 s; peak memory 237 MiB.
2026-09-17T13:21:33Z INFO [311/500] 027adeb8-c4b7-427b-a077-7324df21255d: cophenetic index 2625; 2.3 s; peak memory 237 MiB.
2026-09-17T13:21:40Z INFO [312/500] 027b10c9-78fd-4aa7-ab67-81482fe1c215: cophenetic index 20638; 7.3 s; peak memory 237 MiB.
2026-09-17T13:21:42Z INFO [313/500] 027d699e-242e-4213-b29f-f1ef09dd2f58: cophenetic index 33998; 2.3 s; peak memory 237 MiB.
2026-09-17T13:21:49Z INFO [314/500] 027dce51-df65-498c-9e04-3f842e8c4418: cophenetic index 6715; 6.9 s; peak memory 237 MiB.
2026-09-17T13:21:51Z INFO [315/500] 027f323e-e5aa-4fc9-8325-1a0801c471a7: cophenetic index 3004; 1.6 s; peak memory 237 MiB.
2026-09-17T13:21:52Z INFO [316/500] 02806552-1931-4326-9b41-78b57b043661: cophenetic index 624; 1.2 s; peak memory 237 MiB.
2026-09-17T13:21:53Z INFO [317/500] 028065d0-64d8-4609-99ec-92b978434b87: cophenetic index 3004; 1.4 s; peak memory 237 MiB.
2026-09-17T13:21:54Z INFO [318/500] 02815e50-4d08-47c5-b2dc-c962bef41956: cophenetic index 624; 1.2 s; peak memory 237 MiB.
2026-09-17T13:21:55Z INFO [319/500] 0281843e-d70d-48fa-9fd4-31d528791927: cophenetic index 490; 0.8 s; peak memory 237 MiB.
2026-09-17T13:21:56Z INFO [320/500] 02822f47-95be-4b3a-aac2-e1f86eccb6d0: cophenetic index 624; 1.2 s; peak memory 237 MiB.
2026-09-17T13:21:58Z INFO [321/500] 02824bdd-446c-4ed9-bd3c-a3a17c926ca0: cophenetic index 690; 1.1 s; peak memory 237 MiB.
2026-09-17T13:21:59Z INFO [322/500] 02829433-4773-404a-9d2e-32d2e45cd77a: cophenetic index 3004; 1.4 s; peak memory 237 MiB.
2026-09-17T13:22:00Z INFO [323/500] 0282fe98-1eac-49c8-9808-33f9c1aaa00a: cophenetic index 624; 1.2 s; peak memory 237 MiB.
2026-09-17T13:22:03Z INFO [324/500] 02831699-8efa-41a9-aca7-4a7bfcf664cf: cophenetic index 326483; 2.9 s; peak memory 237 MiB.
2026-09-17T13:57:43Z INFO [325/500] 0284795a-a1ff-4230-b9ef-4158c57218a8: cophenetic index 189618788; 2139.7 s; peak memory 1189 MiB.
2026-09-17T13:57:45Z INFO [326/500] 0284c48e-b45e-403f-ab03-707ed04d6195: cophenetic index 6100; 1.8 s; peak memory 1189 MiB.
2026-09-17T13:57:45Z INFO [327/500] 0285844c-4b1b-450f-af5a-d6417ba1cc79: cophenetic index 433; 0.8 s; peak memory 1189 MiB.
2026-09-17T13:57:47Z INFO [328/500] 02874466-b78c-41ae-8487-06726996a7d4: cophenetic index 624; 1.2 s; peak memory 1189 MiB.
2026-09-17T13:57:48Z INFO [329/500] 02878f31-f679-4940-b6e1-5645c2bc461b: cophenetic index 2625; 1.9 s; peak memory 1189 MiB.
2026-09-17T13:57:50Z INFO [330/500] 028801d5-ab2d-4a7e-9561-673e12734d37: cophenetic index 2974; 1.4 s; peak memory 1189 MiB.
2026-09-17T13:57:51Z INFO [331/500] 0288de74-0668-4073-9ec2-b1be49cd1fe2: cophenetic index 624; 1.2 s; peak memory 1189 MiB.
2026-09-17T13:57:53Z INFO [332/500] 028953a2-2dd4-4a63-ae1f-0b6ef1cfc94e: cophenetic index 2570; 1.7 s; peak memory 1189 MiB.
2026-09-17T13:57:54Z INFO [333/500] 028979ab-3a71-405c-9eb1-85486f0b8192: cophenetic index 624; 1.2 s; peak memory 1189 MiB.
2026-09-17T13:57:56Z INFO [334/500] 028a4a06-4529-47fb-b5d8-9d0b041e4100: cophenetic index 3087; 1.6 s; peak memory 1189 MiB.
2026-09-17T13:57:57Z INFO [335/500] 028b6b5e-5f02-4f14-a1c1-6db68da7eef4: cophenetic index 624; 1.1 s; peak memory 1189 MiB.
2026-09-17T13:57:58Z INFO [336/500] 028be36d-33e7-4cc7-aabe-b35d358f2eea: cophenetic index 2974; 1.4 s; peak memory 1189 MiB.
2026-09-17T13:58:00Z INFO [337/500] 028c061c-c72b-49f9-a0da-04dcaf9da140: cophenetic index 33986; 1.5 s; peak memory 1189 MiB.
2026-09-17T13:58:08Z INFO [338/500] 028d135a-7ce8-42eb-af71-7247c3203f28: cophenetic index 274667; 8.8 s; peak memory 1189 MiB.
2026-09-17T13:58:10Z INFO [339/500] 028dfba3-b9bc-4f66-8875-e101935eecf3: cophenetic index 3057; 1.4 s; peak memory 1189 MiB.
2026-09-17T13:58:12Z INFO [340/500] 028e5921-08e8-4dc6-8dd5-e536a8f320fb: cophenetic index 33998; 2.1 s; peak memory 1189 MiB.
2026-09-17T13:58:13Z INFO [341/500] 028ead3b-09ae-4b5f-9697-c51638a55c9c: cophenetic index 624; 1.1 s; peak memory 1189 MiB.
2026-09-17T13:58:14Z INFO [342/500] 028ef11f-c970-4265-8ab7-83172c4be6aa: cophenetic index 624; 1.2 s; peak memory 1189 MiB.
2026-09-17T13:58:15Z INFO [343/500] 028fc389-ac38-4662-b310-efd45233854f: cophenetic index 490; 0.9 s; peak memory 1189 MiB.
2026-09-17T13:58:23Z INFO [344/500] 02905b08-b0de-402c-a7db-e62e49f05671: cophenetic index 57920; 8.2 s; peak memory 1189 MiB.
2026-09-17T13:58:24Z INFO [345/500] 0290f830-5dad-4a54-81f3-fd456cd54b17: cophenetic index 624; 1.2 s; peak memory 1189 MiB.
2026-09-17T13:58:28Z INFO [346/500] 0290fa92-2465-4fed-8343-9bb5c1bc9974: cophenetic index 16602; 3.4 s; peak memory 1189 MiB.
2026-09-17T13:58:29Z INFO [347/500] 0291822b-1a0b-4ce3-bef3-c4eb937ab88e: cophenetic index 624; 1.1 s; peak memory 1189 MiB.
2026-09-17T13:58:30Z INFO [348/500] 0291edda-91e2-4268-b7c4-453a5550909e: cophenetic index 649; 1.4 s; peak memory 1189 MiB.
2026-09-17T13:58:32Z INFO [349/500] 029295d9-7ab6-49d9-af94-d28f2b3bbde5: cophenetic index 809; 2.0 s; peak memory 1189 MiB.
2026-09-17T13:58:33Z INFO [350/500] 02935dd8-b9a1-4625-8c3a-f8f14ff0e25e: cophenetic index 579; 0.9 s; peak memory 1189 MiB.
2026-09-17T13:58:33Z INFO [350/500] 02935dd8-b9a1-4625-8c3a-f8f14ff0e25e: checkpointed 47360 records.
2026-09-17T13:58:42Z INFO [351/500] 02937297-72ad-4c19-8e02-f0bc9d9f5c0f: cophenetic index 627761; 8.9 s; peak memory 1189 MiB.
2026-09-17T13:58:44Z INFO [352/500] 02938ebc-1379-4389-af75-d487d29f0a27: cophenetic index 2625; 2.0 s; peak memory 1189 MiB.
2026-09-17T13:58:53Z INFO [353/500] 02946b87-acda-4ee1-8dc5-19939ec7b787: cophenetic index 123465; 8.6 s; peak memory 1189 MiB.
2026-09-17T13:58:55Z INFO [354/500] 02949b71-7360-4a8f-9b81-9f51282f8e5c: cophenetic index 2625; 2.1 s; peak memory 1189 MiB.
2026-09-17T13:58:57Z INFO [355/500] 0294e0a5-df23-4bd9-bb5f-f1660afbbc22: cophenetic index 2625; 1.8 s; peak memory 1189 MiB.
2026-09-17T13:58:58Z INFO [356/500] 02950439-2230-46aa-bae8-d7ee63bff896: cophenetic index 624; 1.2 s; peak memory 1189 MiB.
2026-09-17T13:59:02Z INFO [357/500] 02954af6-e78d-4cde-8f65-e57e804b4eb1: cophenetic index 49955; 4.2 s; peak memory 1189 MiB.
2026-09-17T13:59:03Z INFO [358/500] 02954c97-270f-4783-8d50-1017070272e0: cophenetic index 23364; 1.5 s; peak memory 1189 MiB.
2026-09-17T13:59:05Z INFO [359/500] 02959882-f6a0-4953-8315-ae122f73ee3e: cophenetic index 466; 1.5 s; peak memory 1189 MiB.
2026-09-17T13:59:07Z INFO [360/500] 0295bd30-d875-4221-8bf9-fd26a50e4730: cophenetic index 850; 1.7 s; peak memory 1189 MiB.
2026-09-17T13:59:08Z INFO [361/500] 02966e4b-e374-497b-a978-f323a372b4da: cophenetic index 729; 1.0 s; peak memory 1189 MiB.
2026-09-17T13:59:11Z INFO [362/500] 0297c5f6-6d74-4df9-9180-0a63573ad406: cophenetic index 88738; 3.2 s; peak memory 1189 MiB.
2026-09-17T13:59:12Z INFO [363/500] 02995666-ca83-462e-8955-8cade5c9dad0: cophenetic index 24032; 1.5 s; peak memory 1189 MiB.
2026-09-17T13:59:14Z INFO [364/500] 0299a00d-47db-4aa9-b708-b4428c271107: cophenetic index 30304; 1.7 s; peak memory 1189 MiB.
2026-09-17T13:59:15Z INFO [365/500] 0299aacd-4811-437f-9539-54feaa63e240: cophenetic index 496; 1.3 s; peak memory 1189 MiB.
2026-09-17T13:59:29Z INFO [366/500] 0299de1d-65a8-49d3-b61e-68a329ec7256: cophenetic index 219382; 14.0 s; peak memory 1189 MiB.
2026-09-17T13:59:43Z INFO [367/500] 029aded6-3070-4d1f-a252-41fad264a6fe: cophenetic index 703758; 13.9 s; peak memory 1189 MiB.
2026-09-17T13:59:44Z INFO [368/500] 029bf697-4540-4395-b264-3edb210470a8: cophenetic index 442; 1.1 s; peak memory 1189 MiB.
2026-09-17T13:59:46Z INFO [369/500] 029d5a86-0e9b-418c-813b-ffb02539af15: cophenetic index 2625; 1.9 s; peak memory 1189 MiB.
2026-09-17T13:59:54Z INFO [370/500] 029d6050-dc13-418b-97a3-bbfbd958e998: cophenetic index 26409; 7.9 s; peak memory 1189 MiB.
2026-09-17T13:59:56Z INFO [371/500] 029d681f-5887-4e88-9d28-627bd08d5723: cophenetic index 3004; 1.5 s; peak memory 1189 MiB.
2026-09-17T13:59:57Z INFO [372/500] 029e9a5f-0496-4bb0-a829-867ab99f8839: cophenetic index 24032; 1.6 s; peak memory 1189 MiB.
2026-09-17T14:00:10Z INFO [373/500] 029ea7e2-96c1-4daa-bed3-0251b54fc56e: cophenetic index 48475; 13.0 s; peak memory 1189 MiB.
2026-09-17T14:00:12Z INFO [374/500] 029ecb06-e88c-4b7b-99f8-f434c257921c: cophenetic index 2570; 1.8 s; peak memory 1189 MiB.
2026-09-17T14:00:26Z INFO [375/500] 02a17d04-270c-4fbf-9736-b02f5edc72bc: cophenetic index 209352; 14.4 s; peak memory 1189 MiB.
2026-09-17T14:00:28Z INFO [376/500] 02a1d9ba-34cf-4ec3-9da4-a6d09389448f: cophenetic index 624; 1.2 s; peak memory 1189 MiB.
2026-09-17T14:00:31Z INFO [377/500] 02a24b84-5179-429c-8e97-d03da5ecbcb1: cophenetic index 5473; 3.9 s; peak memory 1189 MiB.
2026-09-17T14:00:33Z INFO [378/500] 02a2d86b-f848-4846-9e29-d92b8cbc38d2: cophenetic index 2625; 1.7 s; peak memory 1189 MiB.
2026-09-17T14:00:35Z INFO [379/500] 02a32839-becd-4722-9c93-59e02da90002: cophenetic index 1949; 1.8 s; peak memory 1189 MiB.
2026-09-17T14:00:37Z INFO [380/500] 02a37861-2b09-4c07-8421-2ffa0a97102e: cophenetic index 1130; 2.4 s; peak memory 1189 MiB.
2026-09-17T14:00:39Z INFO [381/500] 02a40a80-742a-424e-8e01-7cda99237e8e: cophenetic index 624; 1.2 s; peak memory 1189 MiB.
2026-09-17T14:00:40Z INFO [382/500] 02a42b1f-1cf4-436f-9320-c7d937bad4fa: cophenetic index 624; 1.2 s; peak memory 1189 MiB.
2026-09-17T14:00:41Z INFO [383/500] 02a5842f-430f-4b12-a276-798dd69ae01a: cophenetic index 762; 0.9 s; peak memory 1189 MiB.
2026-09-17T14:00:42Z INFO [384/500] 02a6166e-28e2-4e65-b0cb-809e8a8f6cec: cophenetic index 3087; 1.3 s; peak memory 1189 MiB.
2026-09-17T14:00:43Z INFO [385/500] 02a767b0-1fb4-4989-ad41-174aafcd972e: cophenetic index 3004; 1.5 s; peak memory 1189 MiB.
2026-09-17T14:00:55Z INFO [386/500] 02a82567-39a8-4040-8860-17a550d6257d: cophenetic index 174889; 12.0 s; peak memory 1189 MiB.
2026-09-17T14:00:59Z INFO [387/500] 02a87624-9c8a-4fc5-b5a4-c595629b2717: cophenetic index 2236; 3.4 s; peak memory 1189 MiB.
2026-09-17T14:01:09Z INFO [388/500] 02a87829-cda9-4cae-a640-72d93d360e9c: cophenetic index 172242; 10.6 s; peak memory 1189 MiB.
2026-09-17T14:01:11Z INFO [389/500] 02a9596d-8286-4034-a5bb-80b902fed0ff: cophenetic index 624; 1.1 s; peak memory 1189 MiB.
2026-09-17T14:01:31Z INFO [390/500] 02a95f1a-6af7-44fa-870b-540be1598e25: cophenetic index 23883152; 20.8 s; peak memory 1189 MiB.
2026-09-17T14:01:32Z INFO [391/500] 02ab385f-0a13-4617-9241-cb80277b5f04: cophenetic index 590; 1.2 s; peak memory 1189 MiB.
2026-09-17T14:01:34Z INFO [392/500] 02ab47cd-b9ff-46f8-9ae5-f7629e230317: cophenetic index 1378; 1.8 s; peak memory 1189 MiB.
2026-09-17T14:01:38Z INFO [393/500] 02ab5f1d-b90f-4109-915f-94e39431d8fa: cophenetic index 8129; 4.0 s; peak memory 1189 MiB.
2026-09-17T14:01:39Z INFO [394/500] 02abdba1-11e3-4245-a4d7-8af2193b29a6: cophenetic index 624; 1.1 s; peak memory 1189 MiB.
2026-09-17T14:01:41Z INFO [395/500] 02ace5ca-49ef-420e-b605-64cbc69ef4de: cophenetic index 2616; 1.2 s; peak memory 1189 MiB.
2026-09-17T14:01:42Z INFO [396/500] 02acf65f-66d3-455f-880f-df80ab42894f: cophenetic index 1012; 1.5 s; peak memory 1189 MiB.
2026-09-17T14:01:43Z INFO [397/500] 02ad6340-dfcd-48e5-b161-b51f099571a1: cophenetic index 446; 0.8 s; peak memory 1189 MiB.
2026-09-17T14:01:44Z INFO [398/500] 02ae98b5-b482-4527-8733-3e786e0d2f31: cophenetic index 3004; 1.3 s; peak memory 1189 MiB.
2026-09-17T14:01:46Z INFO [399/500] 02ae9a44-bfe7-455d-8bb3-4d669cec400b: cophenetic index 3057; 1.5 s; peak memory 1189 MiB.
2026-09-17T14:01:47Z INFO [400/500] 02aea000-12b7-400d-be09-43d9e78dd4ba: cophenetic index 624; 1.2 s; peak memory 1189 MiB.
2026-09-17T14:01:47Z INFO [400/500] 02aea000-12b7-400d-be09-43d9e78dd4ba: checkpointed 47410 records.
2026-09-17T14:01:49Z INFO [401/500] 02aef313-a606-4caf-af6d-b789ad626e2a: cophenetic index 2625; 1.7 s; peak memory 1189 MiB.
2026-09-17T14:01:50Z INFO [402/500] 02aefefa-d833-4951-930b-7c8b5bb7eca1: cophenetic index 624; 1.1 s; peak memory 1189 MiB.
2026-09-17T14:01:51Z INFO [403/500] 02afb526-b429-48ab-8765-b40123a98db9: cophenetic index 3004; 1.5 s; peak memory 1189 MiB.
2026-09-17T14:01:53Z INFO [404/500] 02b10584-99ff-45a6-a9d9-878dd321bdac: cophenetic index 3087; 1.5 s; peak memory 1189 MiB.
2026-09-17T14:01:54Z INFO [405/500] 02b16757-61f2-40d3-9903-f22fe5a2f75d: cophenetic index 624; 1.1 s; peak memory 1189 MiB.
2026-09-17T14:01:55Z INFO [406/500] 02b22217-563b-410c-a30d-502f83b7f899: cophenetic index 761; 1.0 s; peak memory 1189 MiB.
2026-09-17T14:02:18Z INFO [407/500] 02b22372-1158-4c4f-9e96-54a4bbd622c6: cophenetic index 39293; 23.1 s; peak memory 1189 MiB.
2026-09-17T14:02:20Z INFO [408/500] 02b2641e-321f-4252-a2c4-d8c7b9bbd0d4: cophenetic index 2625; 1.6 s; peak memory 1189 MiB.
2026-09-17T14:02:22Z INFO [409/500] 02b2e50a-cff5-4dba-a62e-c2fe49769ad0: cophenetic index 33986; 1.9 s; peak memory 1189 MiB.
2026-09-17T14:02:22Z INFO [410/500] 02b34177-d581-4cb8-9dd8-250d4638df5f: cophenetic index 624; 1.0 s; peak memory 1189 MiB.
2026-09-17T14:02:25Z INFO [411/500] 02b34a1c-6b34-4ea9-8b11-ca286ee9b6b6: cophenetic index 3004; 2.1 s; peak memory 1189 MiB.
2026-09-17T14:02:26Z INFO [412/500] 02b36fcc-831b-47ac-b493-eefcbe929fdc: cophenetic index 3087; 1.4 s; peak memory 1189 MiB.
2026-09-17T14:02:46Z INFO [413/500] 02b3b0b7-a112-4899-9fe9-6db12ed84160: cophenetic index 58288; 20.5 s; peak memory 1189 MiB.
2026-09-17T14:02:49Z INFO [414/500] 02b4cbac-134b-4842-a931-d787465f579c: cophenetic index 1970; 3.0 s; peak memory 1189 MiB.
2026-09-17T14:02:51Z INFO [415/500] 02b526a2-cfde-443c-9394-2f3efc6ef49b: cophenetic index 649; 1.3 s; peak memory 1189 MiB.
2026-09-17T14:02:52Z INFO [416/500] 02b64f62-eecc-44ea-a09a-0f98e7005304: cophenetic index 624; 1.1 s; peak memory 1189 MiB.
2026-09-17T14:02:53Z INFO [417/500] 02b83423-05ff-4a45-98a5-c192ee57da37: cophenetic index 3004; 1.4 s; peak memory 1189 MiB.
2026-09-17T14:02:54Z INFO [418/500] 02b961c7-6f34-4998-86ed-a22bcf66f13e: cophenetic index 624; 1.2 s; peak memory 1189 MiB.
2026-09-17T14:02:57Z INFO [419/500] 02b96caa-8417-4c4c-b7c0-dc4bb21aadd0: cophenetic index 99120; 2.0 s; peak memory 1189 MiB.
2026-09-17T14:02:58Z INFO [420/500] 02ba074a-1dfc-47f0-a7c1-cbd17fb6030c: cophenetic index 490; 1.1 s; peak memory 1189 MiB.
2026-09-17T14:02:59Z INFO [421/500] 02ba2272-b4a4-4dd8-9698-001a473a379b: cophenetic index 624; 1.1 s; peak memory 1189 MiB.
2026-09-17T14:03:00Z INFO [422/500] 02ba3493-299b-4008-baff-53a7969125a0: cophenetic index 33986; 1.7 s; peak memory 1189 MiB.
2026-09-17T14:03:02Z INFO [423/500] 02bb68c9-ed47-4ac8-890f-89afe86dbea8: cophenetic index 930; 1.9 s; peak memory 1189 MiB.
2026-09-17T14:09:32Z INFO [424/500] 02bbeab5-9101-41d6-a75e-33154f1f780e: cophenetic index 535749962; 389.9 s; peak memory 1189 MiB.
2026-09-17T14:09:33Z INFO [425/500] 02bcb96d-79c6-4a44-b07b-f6c28d5e5232: cophenetic index 624; 1.2 s; peak memory 1189 MiB.
2026-09-17T14:09:37Z INFO [426/500] 02bcf7de-0a80-43ce-bebc-08becede8e02: cophenetic index 5473; 3.8 s; peak memory 1189 MiB.
2026-09-17T14:09:41Z INFO [427/500] 02bd1e75-7480-4af5-b706-1a3a2c7c5068: cophenetic index 4015; 3.6 s; peak memory 1189 MiB.
2026-09-17T14:09:42Z INFO [428/500] 02bd842b-5d0e-4c31-a136-ac15e7990254: cophenetic index 3004; 1.6 s; peak memory 1189 MiB.
2026-09-17T14:09:44Z INFO [429/500] 02bdffd3-b050-4bf6-beb2-9650c68334ed: cophenetic index 2920; 1.4 s; peak memory 1189 MiB.
2026-09-17T14:09:45Z INFO [430/500] 02be6c8b-e8d6-4b0a-a733-011b818c17c8: cophenetic index 1087; 1.6 s; peak memory 1189 MiB.
2026-09-17T14:09:47Z INFO [431/500] 02bfa38c-d3ac-48df-adb0-c5bf34e4bac3: cophenetic index 3192; 1.5 s; peak memory 1189 MiB.
2026-09-17T14:09:48Z INFO [432/500] 02bfc69e-526d-44dc-b242-5eff08c1b1f6: cophenetic index 3215; 1.2 s; peak memory 1189 MiB.
2026-09-17T14:09:50Z INFO [433/500] 02c0f83f-9a69-45ea-96d4-b2915f75a7d5: cophenetic index 2625; 2.1 s; peak memory 1189 MiB.
2026-09-17T14:10:00Z INFO [434/500] 02c1d006-3ec9-4c43-b4f1-c49f8551d2a3: cophenetic index 16875; 10.2 s; peak memory 1189 MiB.
2026-09-17T14:10:03Z INFO [435/500] 02c1d51f-5939-46a0-af2e-1ade5ff9290b: cophenetic index 33998; 2.2 s; peak memory 1189 MiB.
2026-09-17T14:10:04Z INFO [436/500] 02c22b9c-3492-4094-b862-54be671929e0: cophenetic index 23809; 1.4 s; peak memory 1189 MiB.
2026-09-17T14:10:06Z INFO [437/500] 02c23870-f2c1-4420-b773-b5372884af20: cophenetic index 6598; 1.7 s; peak memory 1189 MiB.
2026-09-17T14:10:07Z INFO [438/500] 02c2a56e-43d4-46bc-851b-1161540ff8af: cophenetic index 624; 1.1 s; peak memory 1189 MiB.
2026-09-17T14:10:12Z INFO [439/500] 02c2aa99-cac2-43e6-9458-aa4f460091bb: cophenetic index 34298; 5.0 s; peak memory 1189 MiB.
2026-09-17T14:10:13Z INFO [440/500] 02c3cba0-183f-4900-9f73-f06e14cf3827: cophenetic index 624; 1.1 s; peak memory 1189 MiB.
2026-09-17T14:10:14Z INFO [441/500] 02c42efa-e4ec-48ce-8fca-cd8f13fc78e8: cophenetic index 624; 1.2 s; peak memory 1189 MiB.
2026-09-17T14:10:16Z INFO [442/500] 02c4d5e1-4758-4fb6-9366-97a13461416c: cophenetic index 2625; 1.8 s; peak memory 1189 MiB.
2026-09-17T14:10:17Z INFO [443/500] 02c53327-b441-4910-acd6-03e40551a884: cophenetic index 2974; 1.4 s; peak memory 1189 MiB.
2026-09-17T14:10:19Z INFO [444/500] 02c54433-15c9-463d-b1de-9a4af8443ef7: cophenetic index 2782; 1.1 s; peak memory 1189 MiB.
2026-09-17T14:10:27Z INFO [445/500] 02c5f702-3f70-4e81-90e8-1910a15d5ef1: cophenetic index 167493; 8.9 s; peak memory 1189 MiB.
2026-09-17T14:10:46Z INFO [446/500] 02c5fe27-666e-4677-8f88-478463429b16: cophenetic index 594507; 18.7 s; peak memory 1189 MiB.
2026-09-17T14:10:47Z INFO [447/500] 02c6be54-8f27-4ce5-a1ee-ec5648a40b94: cophenetic index 624; 1.2 s; peak memory 1189 MiB.
2026-09-17T14:10:49Z INFO [448/500] 02c6d158-5d1c-4990-9db7-d32a8d661fbb: cophenetic index 624; 1.2 s; peak memory 1189 MiB.
2026-09-17T14:10:52Z INFO [449/500] 02c70eb0-ba42-41e3-88d9-bb0fcfb6f9a3: cophenetic index 2402; 3.0 s; peak memory 1189 MiB.
2026-09-17T14:10:53Z INFO [450/500] 02c73d6d-f642-48da-8e4b-38d78580f20f: cophenetic index 3087; 1.4 s; peak memory 1189 MiB.
2026-09-17T14:10:53Z INFO [450/500] 02c73d6d-f642-48da-8e4b-38d78580f20f: checkpointed 47460 records.
2026-09-17T14:11:07Z INFO [451/500] 02c84150-72a0-497b-9bb4-e8ceafcb8e99: cophenetic index 446649; 13.6 s; peak memory 1189 MiB.
2026-09-17T14:11:09Z INFO [452/500] 02c8e995-d570-42c6-a1ed-c825581348b4: cophenetic index 879; 2.1 s; peak memory 1189 MiB.
2026-09-17T14:11:10Z INFO [453/500] 02c9b5e8-98ac-4518-bb9b-48fbb7d1e283: cophenetic index 624; 1.2 s; peak memory 1189 MiB.
2026-09-17T14:11:11Z INFO [454/500] 02ca0691-09fe-46e9-998e-28d17115f1e4: cophenetic index 494; 1.0 s; peak memory 1189 MiB.
2026-09-17T14:11:47Z INFO [455/500] 02cc86ac-667f-49b3-87f7-424faa577def: cophenetic index 29035386; 36.1 s; peak memory 1189 MiB.
2026-09-17T14:11:56Z INFO [456/500] 02cce8ca-42f1-4492-be67-83774648de5f: cophenetic index 83498; 8.5 s; peak memory 1189 MiB.
2026-09-17T14:11:57Z INFO [457/500] 02ce26f9-0051-438a-8d72-37ab880d044b: cophenetic index 624; 1.2 s; peak memory 1189 MiB.
2026-09-17T14:12:01Z INFO [458/500] 02ce63e6-f796-4702-b3f7-364b28b450d9: cophenetic index 7052; 4.3 s; peak memory 1189 MiB.
2026-09-17T14:12:03Z INFO [459/500] 02cf352a-fb27-4ce6-ad23-40a958426755: cophenetic index 33986; 1.7 s; peak memory 1189 MiB.
2026-09-17T14:12:05Z INFO [460/500] 02d034ee-4d85-4ca6-a2b7-0172a703d6c8: cophenetic index 33998; 1.8 s; peak memory 1189 MiB.
2026-09-17T14:12:06Z INFO [461/500] 02d179ea-2c11-4cc6-b716-044d19a9394d: cophenetic index 1087; 1.6 s; peak memory 1189 MiB.
2026-09-17T14:12:08Z INFO [462/500] 02d1cc35-8795-4a56-8d48-004aa019b893: cophenetic index 624; 1.2 s; peak memory 1189 MiB.
2026-09-17T14:12:11Z INFO [463/500] 02d1e891-91c4-45d6-a951-4dd19b0f91f8: cophenetic index 2391; 3.1 s; peak memory 1189 MiB.
2026-09-17T14:12:12Z INFO [464/500] 02d27691-e21b-4a8a-8b0e-413625167cb6: cophenetic index 2625; 1.8 s; peak memory 1189 MiB.
2026-09-17T14:12:21Z INFO [465/500] 02d2d3e2-8e99-425a-8280-8d8f2996050b: cophenetic index 70510; 8.7 s; peak memory 1189 MiB.
2026-09-17T14:12:22Z INFO [466/500] 02d2ffbe-0ad7-4399-be90-c0b6f907e21e: cophenetic index 490; 0.8 s; peak memory 1189 MiB.
2026-09-17T14:12:23Z INFO [467/500] 02d347e1-5043-4d06-8c22-56914461f5b7: cophenetic index 432; 1.1 s; peak memory 1189 MiB.
2026-09-17T14:12:24Z INFO [468/500] 02d41816-e0cc-4142-a33d-3a8d40b1ca9d: cophenetic index 624; 1.2 s; peak memory 1189 MiB.
2026-09-17T14:12:25Z INFO [469/500] 02d4320d-a735-410b-947b-038f6e51ae3d: cophenetic index 729; 0.9 s; peak memory 1189 MiB.
2026-09-17T14:12:27Z INFO [470/500] 02d44d71-fa9e-494c-ba7d-7b71a0023922: cophenetic index 23206; 1.5 s; peak memory 1189 MiB.
2026-09-17T14:12:28Z INFO [471/500] 02d46ec8-d567-4552-8167-a4944232d45f: cophenetic index 766; 1.5 s; peak memory 1189 MiB.
2026-09-17T14:12:35Z INFO [472/500] 02d550da-21a4-4c8f-9d45-3623978fc9fd: cophenetic index 6715; 6.8 s; peak memory 1189 MiB.
2026-09-17T14:12:42Z INFO [473/500] 02d58357-4564-48b3-b8a9-d832c7043fbb: cophenetic index 76711; 7.6 s; peak memory 1189 MiB.
2026-09-17T14:12:44Z INFO [474/500] 02d5b29f-98cc-4088-b59f-fd1fff96b398: cophenetic index 624; 1.2 s; peak memory 1189 MiB.
2026-09-17T14:12:45Z INFO [475/500] 02d5d514-08e5-410d-9897-09bdf864c3f8: cophenetic index 624; 1.0 s; peak memory 1189 MiB.
2026-09-17T14:12:46Z INFO [476/500] 02d63deb-5c7c-4c62-842e-d3cffbfd3e1c: cophenetic index 3004; 1.4 s; peak memory 1189 MiB.
2026-09-17T14:12:54Z INFO [477/500] 02d66a59-ea85-4f72-b07b-71e8ca24e502: cophenetic index 14699; 7.9 s; peak memory 1189 MiB.
2026-09-17T14:12:56Z INFO [478/500] 02d7423e-12ea-43dd-865e-e3b1f984b107: cophenetic index 13320; 1.6 s; peak memory 1189 MiB.
2026-09-17T14:13:13Z INFO [479/500] 02d7a696-cb85-4f64-a677-38b74335c000: cophenetic index 629089; 17.3 s; peak memory 1189 MiB.
2026-09-17T14:13:14Z INFO [480/500] 02d83a5b-bf36-4682-b173-afe3a4fadf91: cophenetic index 3004; 1.5 s; peak memory 1189 MiB.
2026-09-17T14:13:16Z INFO [481/500] 02d84158-53c8-4439-87b7-a0c31f690fb6: cophenetic index 649; 1.2 s; peak memory 1189 MiB.
2026-09-17T14:13:17Z INFO [482/500] 02d8a56e-04dd-4d10-8c65-2f324943bf7f: cophenetic index 624; 1.2 s; peak memory 1189 MiB.
2026-09-17T14:13:18Z INFO [483/500] 02d8ea86-616e-4937-944f-8bcac756c43f: cophenetic index 4586; 1.4 s; peak memory 1189 MiB.
2026-09-17T14:13:36Z INFO [484/500] 02d8f88a-2643-4850-9160-a1e82a06a318: cophenetic index 42708; 17.8 s; peak memory 1189 MiB.
2026-09-17T14:13:38Z INFO [485/500] 02da0e19-260b-48f9-999d-a30270abd0f3: cophenetic index 33968; 1.9 s; peak memory 1189 MiB.
2026-09-17T14:13:39Z INFO [486/500] 02da96fc-3fd3-48b9-8f84-c5795acb8aa6: cophenetic index 624; 1.2 s; peak memory 1189 MiB.
2026-09-17T14:13:40Z INFO [487/500] 02dabfe8-6757-451c-ad62-59de4517ad2b: cophenetic index 3004; 1.3 s; peak memory 1189 MiB.
2026-09-17T14:13:41Z INFO [488/500] 02db13aa-fcd0-4442-a45c-4a9eb772768a: cophenetic index 729; 1.0 s; peak memory 1189 MiB.
2026-09-17T14:13:50Z INFO [489/500] 02db2a6f-5b0d-4f8f-8f32-c90d39d74fcf: cophenetic index 200056; 9.1 s; peak memory 1189 MiB.
2026-09-17T14:13:52Z INFO [490/500] 02db52e6-de4e-4cdf-8479-9c29e62d00e3: cophenetic index 3087; 1.4 s; peak memory 1189 MiB.
2026-09-17T14:14:04Z INFO [491/500] 02dccc33-a6cb-4b17-85ab-c549e1c75011: cophenetic index 47144; 12.6 s; peak memory 1189 MiB.
2026-09-17T14:14:06Z INFO [492/500] 02ddc403-775a-45da-a1da-dc2d4e06ae15: cophenetic index 624; 1.2 s; peak memory 1189 MiB.
2026-09-17T14:14:07Z INFO [493/500] 02de4e83-ba73-4527-8519-b8f5e8ddf284: cophenetic index 1087; 1.6 s; peak memory 1189 MiB.
2026-09-17T14:14:09Z INFO [494/500] 02de9051-45d0-4add-adf5-a38d32a8ac90: cophenetic index 605; 1.3 s; peak memory 1189 MiB.
2026-09-17T14:14:10Z INFO [495/500] 02df1da9-0537-406e-9b4e-4fb16d02d6f8: cophenetic index 3004; 1.6 s; peak memory 1189 MiB.
2026-09-17T14:14:17Z INFO [496/500] 02e0f0d2-86a3-449f-afd0-d63108249396: cophenetic index 5466; 6.7 s; peak memory 1189 MiB.
2026-09-17T14:14:18Z INFO [497/500] 02e0f154-5b0f-44d9-9072-373d6fd320bf: cophenetic index 2211; 1.2 s; peak memory 1189 MiB.
2026-09-17T14:14:27Z INFO [498/500] 02e1033f-27e9-44e4-8345-306206606873: cophenetic index 3061509; 8.6 s; peak memory 1189 MiB.
2026-09-17T14:14:29Z INFO [499/500] 02e1d369-f8b9-4c71-b071-a67349065b14: cophenetic index 2625; 2.2 s; peak memory 1189 MiB.
2026-09-17T14:14:31Z INFO [500/500] 02e1fd4e-04be-4222-80d7-df7a82d79510: cophenetic index 33986; 1.8 s; peak memory 1189 MiB.
2026-09-17T14:14:31Z INFO [500/500] 02e1fd4e-04be-4222-80d7-df7a82d79510: checkpointed 47510 records.
2026-09-17T14:14:31Z INFO Wrote 47510 records to /tmp/derivatives/valid_nwb_file_to_cophenetic_index.jsonl (499 new, 1 failed) in 67.8 min (peak memory 1189 MiB).
