2026-09-26T12:43:31Z INFO Logging to /tmp/logs/update_2026-09-26T12-43-31Z.log.
2026-09-26T12:43:31Z INFO Update valid-nwb-file-to-cophenetic-index (base directory /tmp).
2026-09-26T12:43:31Z INFO Processing 500 items (55964 already recorded).
2026-09-26T12:43:33Z WARNING 024ef50f-ac6f-49ea-806b-93ef4b5e8644: failed while reading the NWB file (KeyError: 'Unable to synchronously open object (component not found)')
2026-09-26T12:43:33Z WARNING [1/500] 024ef50f-ac6f-49ea-806b-93ef4b5e8644: leaving unrecorded for a later run to retry.
2026-09-26T12:43:34Z INFO [2/500] 025b79c5-2030-4c64-b448-8c97a46d6890: cophenetic index 625; 1.2 s; peak memory 82 MiB.
2026-09-26T12:43:36Z INFO [3/500] 03a433fb-90ab-44be-b496-6589c2d06bb4: cophenetic index 625; 1.2 s; peak memory 82 MiB.
2026-09-26T12:43:37Z WARNING 09073220-fbea-45d2-9a39-2cc61fcdc2a1: failed while reading the NWB file (KeyError: 'Unable to synchronously open object (component not found)')
2026-09-26T12:43:37Z WARNING [4/500] 09073220-fbea-45d2-9a39-2cc61fcdc2a1: leaving unrecorded for a later run to retry.
2026-09-26T12:43:39Z INFO [5/500] 0a6d3a29-492b-4845-9d91-92aa709d81ca: cophenetic index 625; 1.2 s; peak memory 83 MiB.
2026-09-26T12:43:40Z INFO [6/500] 0c766987-47c7-4791-9c3e-6ee635ac2b64: cophenetic index 625; 1.3 s; peak memory 83 MiB.
2026-09-26T12:43:41Z INFO [7/500] 0cf7de31-672c-4366-9f42-c97681945f40: cophenetic index 625; 1.2 s; peak memory 83 MiB.
2026-09-26T12:43:42Z INFO [8/500] 0d285226-e12f-4c67-ab41-848c06fbc7b8: cophenetic index 625; 1.3 s; peak memory 83 MiB.
2026-09-26T12:43:44Z WARNING 0dec427d-4db4-44c3-988a-c37959ceaff3: failed while reading the NWB file (KeyError: 'Unable to synchronously open object (component not found)')
2026-09-26T12:43:44Z WARNING [9/500] 0dec427d-4db4-44c3-988a-c37959ceaff3: leaving unrecorded for a later run to retry.
2026-09-26T12:43:46Z INFO [10/500] 0f2b3e97-3fd5-4cca-b9d7-8f988c342e8a: cophenetic index 625; 1.4 s; peak memory 84 MiB.
2026-09-26T12:43:47Z WARNING 0f7396ad-67ec-468a-b6a6-5599cb507f54: failed while reading the NWB file (KeyError: 'Unable to synchronously open object (component not found)')
2026-09-26T12:43:47Z WARNING [11/500] 0f7396ad-67ec-468a-b6a6-5599cb507f54: leaving unrecorded for a later run to retry.
2026-09-26T12:43:49Z WARNING 1066b3ba-83d9-4cb3-bfe3-ecf8539e2334: failed while reading the NWB file (KeyError: 'Unable to synchronously open object (component not found)')
2026-09-26T12:43:49Z WARNING [12/500] 1066b3ba-83d9-4cb3-bfe3-ecf8539e2334: leaving unrecorded for a later run to retry.
2026-09-26T12:43:52Z INFO [13/500] 148356c8-d877-43d2-81f8-97c2aaf9b6e1: cophenetic index 2402; 3.2 s; peak memory 90 MiB.
2026-09-26T12:43:54Z INFO [14/500] 1485a9d0-cb31-4a60-8d79-067fd9490971: cophenetic index 2625; 1.9 s; peak memory 91 MiB.
2026-09-26T12:43:56Z INFO [15/500] 1485c57f-3338-46be-ba7c-d84c1a6d8470: cophenetic index 3087; 1.5 s; peak memory 91 MiB.
2026-09-26T12:43:57Z INFO [16/500] 14868110-cc00-4719-ad1f-c9b34e0aec3e: cophenetic index 3972; 1.8 s; peak memory 92 MiB.
2026-09-26T12:44:00Z INFO [17/500] 14869e1f-c750-419e-8c4b-c95078d8fbf2: cophenetic index 99150; 2.1 s; peak memory 92 MiB.
2026-09-26T12:44:00Z INFO [18/500] 14878834-24d8-4ab5-b2d6-0ca781a053d0: cophenetic index 490; 0.9 s; peak memory 92 MiB.
2026-09-26T12:44:08Z INFO [19/500] 1487b8b6-21c8-4ba2-a44a-f18d2c770437: cophenetic index 87573; 7.4 s; peak memory 100 MiB.
2026-09-26T12:44:10Z INFO [20/500] 14889360-4312-4861-8a87-16844d2693fe: cophenetic index 2625; 1.8 s; peak memory 100 MiB.
2026-09-26T12:44:13Z INFO [21/500] 14893897-567e-4489-9862-7bd176fad1be: cophenetic index 5473; 3.7 s; peak memory 100 MiB.
2026-09-26T12:44:15Z INFO [22/500] 148975f9-a288-4482-b21c-a2b6eabd9cfa: cophenetic index 3004; 1.6 s; peak memory 100 MiB.
2026-09-26T12:44:16Z INFO [23/500] 1489d276-04e3-48bf-b551-6f1b0c3d5ecc: cophenetic index 624; 1.1 s; peak memory 100 MiB.
2026-09-26T12:44:20Z INFO [24/500] 148a2ce0-20c0-425c-a735-bcfeaeac1b9d: cophenetic index 5473; 3.6 s; peak memory 100 MiB.
2026-09-26T12:44:28Z INFO [25/500] 148a3a2e-8dc3-4e89-bdba-1e7d18e694c0: cophenetic index 16790; 8.6 s; peak memory 107 MiB.
2026-09-26T12:44:31Z INFO [26/500] 148a924e-6252-4059-b2b8-f6cb4fa7136e: cophenetic index 33998; 2.4 s; peak memory 107 MiB.
2026-09-26T12:44:33Z INFO [27/500] 148ac22e-bd6c-4729-8e5c-74ec71334d94: cophenetic index 23853; 2.0 s; peak memory 107 MiB.
2026-09-26T12:44:34Z INFO [28/500] 148bbb70-b4c0-4414-855b-114a299ee838: cophenetic index 3004; 1.3 s; peak memory 107 MiB.
2026-09-26T12:44:35Z INFO [29/500] 148c095f-a1a8-45cf-b570-a67814a0c9e7: cophenetic index 681; 1.1 s; peak memory 107 MiB.
2026-09-26T12:44:38Z INFO [30/500] 148c871d-e2b3-43a4-819a-97f032cb0f76: cophenetic index 2402; 2.6 s; peak memory 107 MiB.
2026-09-26T12:44:51Z INFO [31/500] 148cd656-cf93-4eff-b2f0-5f2608f3b1ac: cophenetic index 200691; 13.8 s; peak memory 115 MiB.
2026-09-26T12:44:55Z INFO [32/500] 148d85a3-a536-4925-92e9-80cef7d67819: cophenetic index 5473; 3.4 s; peak memory 115 MiB.
2026-09-26T12:44:56Z INFO [33/500] 148f2cbe-a85c-49b9-a850-c7cdfd3e5c11: cophenetic index 624; 1.2 s; peak memory 115 MiB.
2026-09-26T12:44:57Z INFO [34/500] 148f66e9-02b4-486d-b126-6d5aba5d3b47: cophenetic index 624; 1.2 s; peak memory 115 MiB.
2026-09-26T12:44:58Z INFO [35/500] 1490b36a-96d5-48a1-ac71-e1ce99d68adc: cophenetic index 497; 1.1 s; peak memory 115 MiB.
2026-09-26T12:45:00Z INFO [36/500] 149121d3-14c4-460e-9482-3a2f63d262d5: cophenetic index 2625; 1.4 s; peak memory 115 MiB.
2026-09-26T12:45:00Z INFO [37/500] 1491bb37-fbde-4e98-94b0-7aa7d727672f: cophenetic index 579; 0.8 s; peak memory 115 MiB.
2026-09-26T12:45:10Z INFO [38/500] 1492faff-7d7c-4b1f-a7b2-1e16b7ed5c6e: cophenetic index 34117778; 9.3 s; peak memory 176 MiB.
2026-09-26T12:45:11Z INFO [39/500] 1492fdc7-30ba-486e-a616-c5ce91ee1273: cophenetic index 1380; 1.7 s; peak memory 176 MiB.
2026-09-26T12:45:13Z INFO [40/500] 14935795-b2d7-454f-aa53-62ed08196a04: cophenetic index 624; 1.1 s; peak memory 176 MiB.
2026-09-26T12:45:14Z INFO [41/500] 1493cd81-b2b3-4298-a590-b0293f4be50e: cophenetic index 2496; 1.8 s; peak memory 176 MiB.
2026-09-26T12:45:15Z INFO [42/500] 14953399-952f-41c1-a481-34fa8cae456f: cophenetic index 401; 0.8 s; peak memory 176 MiB.
2026-09-26T12:45:22Z INFO [43/500] 14955ac9-5e06-4b41-99a5-573c39c13e7b: cophenetic index 99777; 7.2 s; peak memory 176 MiB.
2026-09-26T12:45:24Z INFO [44/500] 14960fb2-4a3a-4552-8e1a-6a1243a96b09: cophenetic index 972; 1.8 s; peak memory 176 MiB.
2026-09-26T12:45:25Z INFO [45/500] 149684e9-f3a0-43e3-ad03-9cd680cef8b4: cophenetic index 1265; 1.1 s; peak memory 176 MiB.
2026-09-26T12:45:31Z INFO [46/500] 14969e4e-3c67-4f68-8808-add72112b1b0: cophenetic index 9181; 5.5 s; peak memory 176 MiB.
2026-09-26T12:45:32Z INFO [47/500] 14983dff-b90e-48ef-ad55-cf0f03082613: cophenetic index 3004; 1.3 s; peak memory 176 MiB.
2026-09-26T12:45:49Z INFO [48/500] 14984dd1-938b-434f-9730-1d5680376f14: cophenetic index 9126938; 16.9 s; peak memory 176 MiB.
2026-09-26T12:45:51Z INFO [49/500] 14985c19-5ee2-4e18-922d-6c36a8b4f41f: cophenetic index 33968; 1.6 s; peak memory 176 MiB.
2026-09-26T12:45:52Z INFO [50/500] 1498c331-b16e-47e7-b457-b511a35b66d9: cophenetic index 2625; 1.8 s; peak memory 176 MiB.
2026-09-26T12:45:52Z INFO [50/500] 1498c331-b16e-47e7-b457-b511a35b66d9: checkpointed 56009 records.
2026-09-26T12:45:54Z INFO [51/500] 1498d544-93ca-494f-8fdc-f86d916842b1: cophenetic index 1570; 1.5 s; peak memory 176 MiB.
2026-09-26T12:45:55Z INFO [52/500] 1499459c-7455-4b72-8fa0-11e210b7c569: cophenetic index 880; 1.4 s; peak memory 176 MiB.
2026-09-26T12:45:57Z INFO [53/500] 14997598-aea4-4db4-9b42-d85b79523d71: cophenetic index 2570; 1.7 s; peak memory 176 MiB.
2026-09-26T12:46:09Z INFO [54/500] 1499b0f7-7100-427a-98fd-73b55b2efcd6: cophenetic index 46693; 11.7 s; peak memory 176 MiB.
2026-09-26T12:46:11Z INFO [55/500] 1499ee6d-bd72-4c28-a86d-3d5eead635b6: cophenetic index 33968; 1.8 s; peak memory 176 MiB.
2026-09-26T12:46:13Z INFO [56/500] 149b0a8c-d791-4c91-b0aa-e14e89f31e51: cophenetic index 99138; 2.1 s; peak memory 176 MiB.
2026-09-26T12:46:15Z INFO [57/500] 149c2489-0bf4-4798-beae-298ef4066766: cophenetic index 2402; 2.9 s; peak memory 176 MiB.
2026-09-26T12:46:17Z INFO [58/500] 149cebe4-b324-4cd2-8640-22138f846f8f: cophenetic index 2625; 1.9 s; peak memory 176 MiB.
2026-09-26T12:46:19Z INFO [59/500] 149cfff9-8632-4998-a756-227798457695: cophenetic index 3004; 1.5 s; peak memory 176 MiB.
2026-09-26T12:46:21Z INFO [60/500] 149d0173-7aad-4518-ac94-61e72ce3801e: cophenetic index 2682; 2.2 s; peak memory 176 MiB.
2026-09-26T12:46:22Z INFO [61/500] 149de050-2bca-467f-8515-38fbc36ebbba: cophenetic index 1002; 1.3 s; peak memory 176 MiB.
2026-09-26T12:46:25Z INFO [62/500] 149dfd5c-8c4e-4c76-928f-aff91e28f01f: cophenetic index 33968; 2.8 s; peak memory 176 MiB.
2026-09-26T12:46:26Z INFO [63/500] 149e09a9-fd30-492b-bffe-d6372ea05815: cophenetic index 624; 1.1 s; peak memory 176 MiB.
2026-09-26T12:46:37Z INFO [64/500] 149e0b35-f8e4-459c-8e54-08500056175d: cophenetic index 47115; 11.0 s; peak memory 176 MiB.
2026-09-26T12:46:39Z INFO [65/500] 149e3bde-923a-4fe6-9540-be7ee57d173a: cophenetic index 624; 1.1 s; peak memory 176 MiB.
2026-09-26T12:46:40Z INFO [66/500] 149e6bbb-6298-4907-968f-70bd1a5a852d: cophenetic index 33986; 1.5 s; peak memory 176 MiB.
2026-09-26T12:46:42Z INFO [67/500] 149f762a-6a8d-4255-96df-9fa22fd24c55: cophenetic index 972; 1.8 s; peak memory 176 MiB.
2026-09-26T12:46:43Z INFO [68/500] 14a0760e-a0bb-405b-9361-6dd5d3e90433: cophenetic index 3087; 1.4 s; peak memory 176 MiB.
2026-09-26T12:46:45Z INFO [69/500] 14a0f75e-8f3d-4108-85ad-a8f6bb4f9e35: cophenetic index 554; 1.5 s; peak memory 176 MiB.
2026-09-26T12:46:46Z INFO [70/500] 14a1bae3-964b-4d1b-a505-6a5b3c962a45: cophenetic index 624; 1.2 s; peak memory 176 MiB.
2026-09-26T12:46:47Z INFO [71/500] 14a205ea-306f-47fd-97e8-284a6f00626b: cophenetic index 969; 1.2 s; peak memory 176 MiB.
2026-09-26T12:46:49Z INFO [72/500] 14a29431-195f-4fa2-be65-9223543a4098: cophenetic index 23818; 1.6 s; peak memory 176 MiB.
2026-09-26T12:46:50Z INFO [73/500] 14a39e50-8b5e-4855-a935-ca88bd8c34ff: cophenetic index 2974; 1.6 s; peak memory 176 MiB.
2026-09-26T12:46:52Z INFO [74/500] 14a4d288-7eb1-4b6c-9272-e8a6e1a9e6eb: cophenetic index 608; 1.4 s; peak memory 176 MiB.
2026-09-26T12:46:54Z INFO [75/500] 14a6239a-7db2-45cc-a971-55824028c0b6: cophenetic index 99120; 2.0 s; peak memory 176 MiB.
2026-09-26T12:46:55Z INFO [76/500] 14a672c3-4012-4b91-86d1-173da3453d36: cophenetic index 624; 1.1 s; peak memory 176 MiB.
2026-09-26T12:46:56Z INFO [77/500] 14a6ac4e-bf3e-4640-8485-9a3615b047c4: cophenetic index 3004; 1.5 s; peak memory 176 MiB.
2026-09-26T12:46:58Z INFO [78/500] 14a6d1d8-b02c-4345-bd62-570c859e1936: cophenetic index 692; 1.2 s; peak memory 176 MiB.
2026-09-26T12:47:00Z INFO [79/500] 14a6f301-4e70-4c48-82bc-0b7c2aa41b15: cophenetic index 1514; 2.4 s; peak memory 176 MiB.
2026-09-26T12:47:01Z INFO [80/500] 14a72bbe-71bc-4aa5-b3bd-7b043097332b: cophenetic index 624; 1.2 s; peak memory 176 MiB.
2026-09-26T12:47:05Z INFO [81/500] 14a841e8-b7c4-4c61-8cc8-ab76ac99f810: cophenetic index 2236; 3.5 s; peak memory 176 MiB.
2026-09-26T12:47:06Z INFO [82/500] 14a919d1-ae52-47e6-8a9a-559237f73db3: cophenetic index 651; 0.9 s; peak memory 176 MiB.
2026-09-26T12:47:12Z INFO [83/500] 14ab9c66-809f-4bb2-8d9b-ee47d1cc3196: cophenetic index 9548; 6.5 s; peak memory 176 MiB.
2026-09-26T12:47:13Z INFO [84/500] 14ab9d11-2a96-421c-8d7c-3cf88c813a18: cophenetic index 762; 0.8 s; peak memory 176 MiB.
2026-09-26T12:47:15Z INFO [85/500] 14abad58-5c07-4709-8821-ead184dbcbf5: cophenetic index 33998; 2.4 s; peak memory 176 MiB.
2026-09-26T12:47:22Z INFO [86/500] 14abe456-cd4c-4c53-9cf8-966f538a2739: cophenetic index 5466; 6.4 s; peak memory 176 MiB.
2026-09-26T12:47:24Z INFO [87/500] 14ac065f-da0d-4002-8ef5-fd11430e0b3c: cophenetic index 949; 2.0 s; peak memory 176 MiB.
2026-09-26T12:47:24Z INFO [88/500] 14ac396e-ef1e-4360-afc2-8dd5a2692f04: cophenetic index 725; 0.8 s; peak memory 176 MiB.
2026-09-26T12:47:26Z INFO [89/500] 14ac9bee-7661-4344-931e-57563513418f: cophenetic index 33986; 1.7 s; peak memory 177 MiB.
2026-09-26T12:47:28Z INFO [90/500] 14ad032c-df3f-4dba-a304-d26e2f0fb8fc: cophenetic index 2015; 1.8 s; peak memory 177 MiB.
2026-09-26T12:47:29Z INFO [91/500] 14ad77ab-8db5-401c-81dc-2357d24223d9: cophenetic index 631; 0.8 s; peak memory 177 MiB.
2026-09-26T12:47:30Z INFO [92/500] 14ad9104-0a92-4d1a-8a63-241391bf5e19: cophenetic index 490; 1.1 s; peak memory 177 MiB.
2026-09-26T12:47:36Z INFO [93/500] 14ae69d0-ab59-444d-b11d-96c91d047ddc: cophenetic index 33285; 6.5 s; peak memory 177 MiB.
2026-09-26T12:47:38Z INFO [94/500] 14aff668-d696-498b-97ee-6cc93671b215: cophenetic index 766; 1.4 s; peak memory 177 MiB.
2026-09-26T12:47:39Z INFO [95/500] 14b11606-7320-4295-a246-9bf11242e610: cophenetic index 627; 1.2 s; peak memory 177 MiB.
2026-09-26T12:47:40Z INFO [96/500] 14b117d1-f6c6-457b-81db-544ed798d113: cophenetic index 490; 0.9 s; peak memory 177 MiB.
2026-09-26T12:47:41Z INFO [97/500] 14b152c2-a12d-4977-a909-f903466d859d: cophenetic index 3192; 1.5 s; peak memory 177 MiB.
2026-09-26T12:47:43Z INFO [98/500] 14b1a8b1-1d29-4e55-8213-17796072c906: cophenetic index 3004; 1.6 s; peak memory 177 MiB.
2026-09-26T12:47:44Z INFO [99/500] 14b1b46d-adfc-4e0c-90c8-ebf0e67a3fe3: cophenetic index 560; 1.1 s; peak memory 177 MiB.
2026-09-26T12:47:46Z INFO [100/500] 14b1da3e-a572-4afc-9cc2-ce1c3af8f439: cophenetic index 2570; 1.9 s; peak memory 177 MiB.
2026-09-26T12:47:46Z INFO [100/500] 14b1da3e-a572-4afc-9cc2-ce1c3af8f439: checkpointed 56059 records.
2026-09-26T12:47:51Z INFO [101/500] 14b1e226-88cf-4640-b65c-395eb7fc8b0a: cophenetic index 29944; 5.4 s; peak memory 177 MiB.
2026-09-26T12:47:53Z INFO [102/500] 14b28e5c-1071-4e96-90eb-8259bd61e6b8: cophenetic index 821; 2.0 s; peak memory 177 MiB.
2026-09-26T12:48:01Z INFO [103/500] 14b2941a-075e-4b56-a1ef-1cd41110cf8f: cophenetic index 50812; 7.5 s; peak memory 177 MiB.
2026-09-26T12:48:09Z INFO [104/500] 14b39b77-b003-4ccd-b72e-da46e118adbe: cophenetic index 131081; 8.2 s; peak memory 177 MiB.
2026-09-26T12:48:12Z INFO [105/500] 14b577ac-290a-4d1a-984f-1c84170c1eeb: cophenetic index 2625; 2.4 s; peak memory 177 MiB.
2026-09-26T12:48:13Z INFO [106/500] 14b5ab3b-9feb-40c6-9fae-7d17326e2c7a: cophenetic index 690; 1.2 s; peak memory 177 MiB.
2026-09-26T12:48:15Z INFO [107/500] 14b5e1cd-b228-4855-a554-79e2d1dd9f15: cophenetic index 879; 1.8 s; peak memory 177 MiB.
2026-09-26T12:48:16Z INFO [108/500] 14b6b242-062e-42c6-9754-b8d67c7505b3: cophenetic index 649; 1.4 s; peak memory 177 MiB.
2026-09-26T12:48:17Z INFO [109/500] 14b6e295-0949-444d-bddf-2d78e0c7ffdb: cophenetic index 2625; 1.5 s; peak memory 177 MiB.
2026-09-26T12:48:19Z INFO [110/500] 14b7ca21-d708-4e5d-9eac-6d056d9f4bee: cophenetic index 605; 1.5 s; peak memory 177 MiB.
2026-09-26T12:48:20Z INFO [111/500] 14b7fba2-2a77-41d1-a9e3-99756bcc1c88: cophenetic index 624; 1.0 s; peak memory 177 MiB.
2026-09-26T12:48:22Z INFO [112/500] 14b89456-39e7-4b40-af62-d630bdf70f7c: cophenetic index 6598; 1.8 s; peak memory 177 MiB.
2026-09-26T12:48:23Z INFO [113/500] 14b8f7f5-233e-4f6c-9d79-333db7b8856a: cophenetic index 2625; 1.5 s; peak memory 177 MiB.
2026-09-26T12:48:25Z INFO [114/500] 14b951b7-f989-4fdd-ae47-8000cf659f23: cophenetic index 3004; 1.4 s; peak memory 177 MiB.
2026-09-26T12:48:26Z INFO [115/500] 14b9aeb7-19ef-4ba6-83d4-0c35c8a96bcf: cophenetic index 1949; 1.6 s; peak memory 177 MiB.
2026-09-26T12:48:45Z INFO [116/500] 14ba2496-552d-4662-83c4-c163c738689b: cophenetic index 6305618; 18.5 s; peak memory 177 MiB.
2026-09-26T12:48:46Z INFO [117/500] 14bb50ca-ae7a-450c-9f9f-8c7512e6df34: cophenetic index 490; 0.9 s; peak memory 177 MiB.
2026-09-26T12:48:48Z INFO [118/500] 14bc533f-715e-4338-ae66-81696753c0d0: cophenetic index 2682; 2.4 s; peak memory 177 MiB.
2026-09-26T12:48:55Z INFO [119/500] 14bc8f5e-16e7-48ea-922f-203aedec34a3: cophenetic index 69741; 6.8 s; peak memory 177 MiB.
2026-09-26T12:48:56Z INFO [120/500] 14bc9b51-b185-4c4c-9602-18e0a45e51e4: cophenetic index 1848; 1.1 s; peak memory 177 MiB.
2026-09-26T12:48:57Z INFO [121/500] 14bcf3fd-57d9-477c-bbe3-b5a495cd94e2: cophenetic index 554; 1.4 s; peak memory 177 MiB.
2026-09-26T12:48:58Z INFO [122/500] 14bcfbbc-d80a-4f2e-a2e6-6fe9c0dba55a: cophenetic index 624; 1.1 s; peak memory 177 MiB.
2026-09-26T12:48:59Z INFO [123/500] 14bdb7be-9df5-425e-87a6-05e98452d47a: cophenetic index 624; 1.1 s; peak memory 177 MiB.
2026-09-26T12:49:01Z INFO [124/500] 14be3e2b-2c88-4639-a796-75689a9886fc: cophenetic index 2923; 1.4 s; peak memory 177 MiB.
2026-09-26T12:49:02Z INFO [125/500] 14c03c65-05de-4965-9e9a-93cefe088d44: cophenetic index 554; 1.4 s; peak memory 177 MiB.
2026-09-26T12:49:03Z INFO [126/500] 14c1340e-57ee-4429-b35c-821813fe52c7: cophenetic index 624; 1.0 s; peak memory 177 MiB.
2026-09-26T12:49:04Z INFO [127/500] 14c1c2f1-e3a9-4565-8d31-4fa24954667b: cophenetic index 937; 1.3 s; peak memory 177 MiB.
2026-09-26T12:49:06Z INFO [128/500] 14c2ffa4-5090-49e8-b336-dc4c8ffef620: cophenetic index 1949; 1.6 s; peak memory 177 MiB.
2026-09-26T12:49:07Z INFO [129/500] 14c3031c-77bd-4add-945f-5e81aadb2605: cophenetic index 3004; 1.3 s; peak memory 177 MiB.
2026-09-26T12:49:08Z INFO [130/500] 14c30743-3908-48fa-858f-368356d35522: cophenetic index 729; 0.9 s; peak memory 177 MiB.
2026-09-26T12:49:10Z INFO [131/500] 14c3825e-da51-48ab-b47d-726001b04bbb: cophenetic index 649; 1.3 s; peak memory 177 MiB.
2026-09-26T12:49:11Z INFO [132/500] 14c3bc9a-5e8d-4656-9b65-7a6bb080575b: cophenetic index 624; 1.1 s; peak memory 177 MiB.
2026-09-26T12:49:12Z INFO [133/500] 14c3e7c7-0bcc-47b9-be54-dadb61587de4: cophenetic index 3004; 1.4 s; peak memory 177 MiB.
2026-09-26T12:49:13Z INFO [134/500] 14c433d6-0270-4337-861c-6c89d9e829a4: cophenetic index 624; 1.2 s; peak memory 177 MiB.
2026-09-26T12:49:15Z INFO [135/500] 14c468ac-9c1b-47cd-ba59-429c0c4528d9: cophenetic index 2625; 2.0 s; peak memory 177 MiB.
2026-09-26T12:49:18Z INFO [136/500] 14c4699b-c042-43da-8b5b-80f23868205c: cophenetic index 2053; 2.3 s; peak memory 177 MiB.
2026-09-26T12:49:19Z INFO [137/500] 14c533bf-ab70-4f2f-ac77-8bac7b9b0428: cophenetic index 543; 0.9 s; peak memory 177 MiB.
2026-09-26T12:49:19Z INFO [138/500] 14c58627-e110-4953-968c-35d902632f8b: cophenetic index 490; 0.9 s; peak memory 177 MiB.
2026-09-26T12:49:21Z INFO [139/500] 14c5f55b-861b-4b0a-a9af-d93ed218ab29: cophenetic index 6435; 1.7 s; peak memory 177 MiB.
2026-09-26T12:49:22Z INFO [140/500] 14c666ea-0ae9-4f3a-ab41-386002b741bf: cophenetic index 624; 1.1 s; peak memory 177 MiB.
2026-09-26T12:49:24Z INFO [141/500] 14c6e5ab-52b8-4f4f-a314-edbf8b52112c: cophenetic index 33968; 1.6 s; peak memory 177 MiB.
2026-09-26T12:49:25Z INFO [142/500] 14c6e76b-5dad-45e9-ac4a-8354ce44251c: cophenetic index 33986; 1.6 s; peak memory 177 MiB.
2026-09-26T12:49:26Z INFO [143/500] 14c749ca-7cc9-45a8-a8db-d3f6824f91f8: cophenetic index 624; 1.1 s; peak memory 177 MiB.
2026-09-26T12:49:27Z INFO [144/500] 14c7e601-d5fd-4e39-9fc4-9098d4fcc715: cophenetic index 446; 0.8 s; peak memory 177 MiB.
2026-09-26T12:49:29Z INFO [145/500] 14c803d8-22b6-4d6c-9da7-69564aaf234d: cophenetic index 33998; 2.2 s; peak memory 177 MiB.
2026-09-26T12:49:42Z INFO [146/500] 14c80f67-12be-43ea-b0bc-296f8dac8efc: cophenetic index 49783; 12.4 s; peak memory 177 MiB.
2026-09-26T12:49:43Z INFO [147/500] 14c82125-06f3-4752-914c-8fbf116307ee: cophenetic index 2625; 1.5 s; peak memory 177 MiB.
2026-09-26T12:49:45Z INFO [148/500] 14caa02f-67fd-4cd0-9b05-9beb865e5126: cophenetic index 2625; 1.7 s; peak memory 177 MiB.
2026-09-26T12:49:46Z INFO [149/500] 14cb93a7-ea13-4f01-ac04-b830e5d46874: cophenetic index 23364; 1.4 s; peak memory 177 MiB.
2026-09-26T12:49:48Z INFO [150/500] 14cc029a-763b-4771-b2ea-5432ac529450: cophenetic index 33986; 1.8 s; peak memory 177 MiB.
2026-09-26T12:49:48Z INFO [150/500] 14cc029a-763b-4771-b2ea-5432ac529450: checkpointed 56109 records.
2026-09-26T12:49:49Z INFO [151/500] 14cc0c9e-a291-4e42-8260-7ad21e8450c1: cophenetic index 624; 1.0 s; peak memory 177 MiB.
2026-09-26T12:49:51Z INFO [152/500] 14ccce35-8c84-4949-a387-7a29bed9addf: cophenetic index 1087; 1.5 s; peak memory 177 MiB.
2026-09-26T12:49:52Z INFO [153/500] 14ce8b04-aca6-42e7-985e-c179ff3a0dd6: cophenetic index 624; 1.1 s; peak memory 177 MiB.
2026-09-26T12:49:53Z INFO [154/500] 14cef7ed-f932-4fc0-93e7-f81a12b39631: cophenetic index 649; 1.4 s; peak memory 177 MiB.
2026-09-26T12:49:56Z INFO [155/500] 14cef8d3-aa20-455a-bf33-450d7f48e377: cophenetic index 3213; 2.5 s; peak memory 177 MiB.
2026-09-26T12:49:57Z INFO [156/500] 14cf7874-3ff7-484b-bab4-88f6b5cec289: cophenetic index 1228; 1.0 s; peak memory 177 MiB.
2026-09-26T12:49:58Z INFO [157/500] 14cfc249-c943-4417-a279-98bbfb6d9a19: cophenetic index 23975; 1.5 s; peak memory 177 MiB.
2026-09-26T12:50:10Z INFO [158/500] 14d09d83-d61b-4389-911a-c760259cc4e5: cophenetic index 182516; 11.1 s; peak memory 177 MiB.
2026-09-26T12:50:10Z INFO [159/500] 14d1bd68-717d-490b-8019-6a8b420998fa: cophenetic index 433; 0.8 s; peak memory 177 MiB.
2026-09-26T12:50:12Z INFO [160/500] 14d252fd-cfd6-4733-b915-f494cc19fc53: cophenetic index 30304; 1.7 s; peak memory 177 MiB.
2026-09-26T12:50:14Z INFO [161/500] 14d277f2-29ac-4344-b788-6dc9aab1e7a7: cophenetic index 949; 1.9 s; peak memory 177 MiB.
2026-09-26T12:50:15Z INFO [162/500] 14d29f34-507b-41b7-af35-1221ff412229: cophenetic index 6186; 1.1 s; peak memory 177 MiB.
2026-09-26T12:50:17Z INFO [163/500] 14d40b73-fa98-4c11-b22c-26e74460757b: cophenetic index 9756; 2.0 s; peak memory 177 MiB.
2026-09-26T12:50:19Z INFO [164/500] 14d4965b-40e4-436f-adfd-94000360559b: cophenetic index 2625; 1.7 s; peak memory 177 MiB.
2026-09-26T12:50:20Z INFO [165/500] 14d5961f-31b8-4921-b814-911f04fcd925: cophenetic index 624; 1.1 s; peak memory 177 MiB.
2026-09-26T12:50:29Z INFO [166/500] 14d5b597-16b0-483e-a323-cf22eeca56d6: cophenetic index 162235563; 8.9 s; peak memory 260 MiB.
2026-09-26T12:50:30Z INFO [167/500] 14d6015d-602a-4a2f-b54c-30dcc74c3d8d: cophenetic index 431; 0.9 s; peak memory 260 MiB.
2026-09-26T12:50:31Z INFO [168/500] 14d6527b-ac61-4686-9209-00e6d4dd182a: cophenetic index 627; 1.1 s; peak memory 260 MiB.
2026-09-26T12:50:37Z INFO [169/500] 14d68588-2dc4-4d0f-a1b8-ec655e95b932: cophenetic index 5466; 5.8 s; peak memory 260 MiB.
2026-09-26T12:50:38Z INFO [170/500] 14d7ca55-ab1f-4ee7-90e5-b286178573b4: cophenetic index 605; 1.3 s; peak memory 260 MiB.
2026-09-26T12:50:45Z INFO [171/500] 14d8aa96-00d5-4267-9548-6bbfed1bc410: cophenetic index 80124; 7.4 s; peak memory 260 MiB.
2026-09-26T12:50:47Z INFO [172/500] 14d8af72-f0b0-4e9d-a860-95d774a9903c: cophenetic index 624; 1.2 s; peak memory 260 MiB.
2026-09-26T12:50:48Z INFO [173/500] 14d8e5a0-a11d-4b4f-bf99-7f9c6dc48c61: cophenetic index 624; 1.0 s; peak memory 260 MiB.
2026-09-26T12:50:49Z INFO [174/500] 14d8efbf-891b-4a33-985d-ecca8f13834a: cophenetic index 2625; 1.9 s; peak memory 260 MiB.
2026-09-26T12:50:51Z INFO [175/500] 14d97e46-c288-4005-a001-c87d261659f0: cophenetic index 2570; 2.0 s; peak memory 260 MiB.
2026-09-26T12:50:52Z INFO [176/500] 14d9a0cf-b578-482b-a13f-35d2a3866f96: cophenetic index 518; 0.9 s; peak memory 260 MiB.
2026-09-26T12:51:13Z INFO [177/500] 14da00c8-b5d9-441b-ab33-df3b6975ff68: cophenetic index 58288; 20.3 s; peak memory 263 MiB.
2026-09-26T12:51:19Z INFO [178/500] 14da47e8-72cf-4b8a-865c-4083f95696a7: cophenetic index 87573; 6.8 s; peak memory 263 MiB.
2026-09-26T12:51:27Z INFO [179/500] 14da7540-cf62-4bb9-84e8-43c17c0108a6: cophenetic index 42692; 7.6 s; peak memory 263 MiB.
2026-09-26T12:51:30Z INFO [180/500] 14dab921-8819-45da-889e-0194c5c551f3: cophenetic index 959; 2.6 s; peak memory 263 MiB.
2026-09-26T12:51:32Z INFO [181/500] 14db26d2-851c-420a-9c05-a1db5cb8447a: cophenetic index 2625; 2.1 s; peak memory 263 MiB.
2026-09-26T12:51:34Z INFO [182/500] 14db5778-dc6c-44ce-a106-289f9b8690db: cophenetic index 2570; 1.8 s; peak memory 263 MiB.
2026-09-26T12:51:35Z INFO [183/500] 14dc1bae-00ae-4187-b96b-b78b8142a824: cophenetic index 41788; 1.9 s; peak memory 263 MiB.
2026-09-26T12:51:36Z INFO [184/500] 14dca8ee-4694-4b7f-a739-28005b715a48: cophenetic index 543; 1.0 s; peak memory 263 MiB.
2026-09-26T12:51:38Z INFO [185/500] 14dd3038-1c82-4118-b084-256a32dad4be: cophenetic index 3004; 1.5 s; peak memory 263 MiB.
2026-09-26T12:51:41Z INFO [186/500] 14dddc3e-8170-4ed3-bbfb-6cb05beff61f: cophenetic index 2402; 2.9 s; peak memory 263 MiB.
2026-09-26T12:51:43Z INFO [187/500] 14de440d-3ea7-4646-8444-6dd17b12cd72: cophenetic index 959; 2.4 s; peak memory 263 MiB.
2026-09-26T12:51:46Z INFO [188/500] 14deacdc-b2ff-4a9a-bb3e-9eaf82df0587: cophenetic index 33998; 2.3 s; peak memory 263 MiB.
2026-09-26T12:51:56Z INFO [189/500] 14deb0c3-1c0b-4808-b10c-c35d27e27915: cophenetic index 417269; 10.2 s; peak memory 263 MiB.
2026-09-26T12:51:57Z INFO [190/500] 14df2362-3b63-4552-ae3d-06d6dfc412c7: cophenetic index 432; 1.2 s; peak memory 263 MiB.
2026-09-26T12:51:59Z INFO [191/500] 14dfac5c-ae92-40ab-b4b3-cc72c4a1d3db: cophenetic index 33986; 1.8 s; peak memory 263 MiB.
2026-09-26T12:52:00Z INFO [192/500] 14dfe41a-83c9-4691-857b-972ffd23aebb: cophenetic index 649; 1.5 s; peak memory 263 MiB.
2026-09-26T12:52:03Z INFO [193/500] 14e02bdf-f844-45ba-8dbb-a71e703de9d6: cophenetic index 959; 2.5 s; peak memory 263 MiB.
2026-09-26T12:54:02Z INFO [194/500] 14e0a246-430a-418b-a52a-463cd26631d9: cophenetic index 27189896; 119.2 s; peak memory 401 MiB.
2026-09-26T12:54:03Z INFO [195/500] 14e1824d-ffa8-4686-8aac-7a8a411efd44: cophenetic index 3215; 1.5 s; peak memory 401 MiB.
2026-09-26T12:54:05Z INFO [196/500] 14e19032-8955-4981-a154-a013e60d7770: cophenetic index 624; 1.3 s; peak memory 401 MiB.
2026-09-26T12:54:07Z INFO [197/500] 14e1f074-a780-499c-9f1a-33223c093499: cophenetic index 1255; 2.6 s; peak memory 401 MiB.
2026-09-26T12:54:25Z INFO [198/500] 14e36315-9532-49bf-8949-56a9f89f9aeb: cophenetic index 18695256; 17.9 s; peak memory 401 MiB.
2026-09-26T12:54:39Z INFO [199/500] 14e3ba7b-369c-4f98-b35b-5e10bbf23f21: cophenetic index 250957; 14.3 s; peak memory 401 MiB.
2026-09-26T12:54:41Z INFO [200/500] 14e3d007-dcc8-4bb2-b6b3-e7c70df77bfb: cophenetic index 624; 1.1 s; peak memory 401 MiB.
2026-09-26T12:54:41Z INFO [200/500] 14e3d007-dcc8-4bb2-b6b3-e7c70df77bfb: checkpointed 56159 records.
2026-09-26T12:54:42Z INFO [201/500] 14e45160-0cd6-49eb-9f08-d8e187b271d7: cophenetic index 573; 1.6 s; peak memory 401 MiB.
2026-09-26T12:54:44Z INFO [202/500] 14e4d6e0-4b8c-4fdc-8a2c-b7b25108a4f5: cophenetic index 3004; 1.3 s; peak memory 401 MiB.
2026-09-26T12:54:45Z INFO [203/500] 14e51520-a3d3-40e0-b048-65015ba6f282: cophenetic index 624; 1.1 s; peak memory 401 MiB.
2026-09-26T12:54:53Z INFO [204/500] 14e580c3-c6c3-418b-b308-951e30ee48ff: cophenetic index 15807; 8.2 s; peak memory 401 MiB.
2026-09-26T12:54:54Z INFO [205/500] 14e6128b-ab28-4045-9531-bdba21892399: cophenetic index 624; 1.2 s; peak memory 401 MiB.
2026-09-26T12:54:55Z INFO [206/500] 14e648bc-2aaf-4845-a4fd-3340f2e2a8c2: cophenetic index 624; 1.1 s; peak memory 401 MiB.
2026-09-26T12:54:56Z INFO [207/500] 14e8af25-b5d4-4084-9754-29a1ed21dfbc: cophenetic index 624; 1.2 s; peak memory 401 MiB.
2026-09-26T12:54:58Z INFO [208/500] 14e907c2-cee7-45fa-a999-06ca7006f311: cophenetic index 33968; 1.6 s; peak memory 401 MiB.
2026-09-26T12:54:59Z INFO [209/500] 14e9c297-0241-4f29-afc3-2c29c401c204: cophenetic index 937; 1.4 s; peak memory 401 MiB.
2026-09-26T12:55:01Z INFO [210/500] 14ea233b-b38c-4653-be79-9db51c198b53: cophenetic index 431; 1.1 s; peak memory 401 MiB.
2026-09-26T12:55:04Z INFO [211/500] 14ea847c-cc68-44ef-a367-2bfd5a715f60: cophenetic index 16602; 3.4 s; peak memory 401 MiB.
2026-09-26T12:55:06Z INFO [212/500] 14eb4a72-2d9b-4bfc-8b3b-9618d1f5a4c0: cophenetic index 99138; 2.2 s; peak memory 401 MiB.
2026-09-26T12:55:07Z INFO [213/500] 14eb5f99-a7f6-4560-8a39-10f5ee287f90: cophenetic index 624; 1.1 s; peak memory 401 MiB.
2026-09-26T12:55:09Z INFO [214/500] 14eb7683-e269-492f-ad35-0c093612424b: cophenetic index 809; 1.6 s; peak memory 401 MiB.
2026-09-26T12:55:11Z INFO [215/500] 14ee09a8-c29e-4b5d-9f6f-cd835e70066a: cophenetic index 2625; 1.9 s; peak memory 401 MiB.
2026-09-26T12:55:12Z INFO [216/500] 14ee6a4d-d7b8-4e46-b9f7-b76d926474a7: cophenetic index 3004; 1.5 s; peak memory 401 MiB.
2026-09-26T12:55:14Z INFO [217/500] 14ef610d-06cc-4a6c-87ed-6dadc37492ab: cophenetic index 624; 1.1 s; peak memory 401 MiB.
2026-09-26T12:55:15Z INFO [218/500] 14f05a66-5c34-40fa-a9da-4b1b76099134: cophenetic index 624; 1.1 s; peak memory 401 MiB.
2026-09-26T12:55:18Z INFO [219/500] 14f078dd-5b0b-4a77-bdbc-11d44e3cad4a: cophenetic index 2402; 2.9 s; peak memory 401 MiB.
2026-09-26T12:55:19Z INFO [220/500] 14f1af01-bf18-4904-a605-d8f1ce81dbe5: cophenetic index 490; 1.1 s; peak memory 401 MiB.
2026-09-26T12:55:20Z INFO [221/500] 14f21e19-c31a-4a82-a9f5-d2a74e15aef9: cophenetic index 23378; 1.3 s; peak memory 401 MiB.
2026-09-26T12:55:22Z INFO [222/500] 14f3304f-48cd-495d-8986-58e6953e0631: cophenetic index 33986; 1.7 s; peak memory 401 MiB.
2026-09-26T12:55:23Z INFO [223/500] 14f349e0-6c34-498d-a7d9-06e96a1a0a5d: cophenetic index 624; 1.1 s; peak memory 401 MiB.
2026-09-26T12:57:35Z INFO [224/500] 14f3507c-63c5-4e72-bca3-b004877c89bc: cophenetic index 36030552; 131.9 s; peak memory 486 MiB.
2026-09-26T12:57:37Z INFO [225/500] 14f37951-de91-42e5-b55d-a33f91fa8d6f: cophenetic index 33998; 1.8 s; peak memory 486 MiB.
2026-09-26T12:57:37Z INFO [226/500] 14f43350-639c-4508-8ef7-c3cd74357401: cophenetic index 579; 0.9 s; peak memory 486 MiB.
2026-09-26T12:57:38Z INFO [227/500] 14f4b69a-7f98-4a54-b98b-920382313995: cophenetic index 729; 0.9 s; peak memory 486 MiB.
2026-09-26T12:57:40Z INFO [228/500] 14f4e496-20d3-447d-b9cf-5e5603293175: cophenetic index 2570; 1.7 s; peak memory 486 MiB.
2026-09-26T12:57:43Z INFO [229/500] 14f5103f-d016-44eb-8277-d42f91b3199f: cophenetic index 5473; 3.2 s; peak memory 486 MiB.
2026-09-26T12:57:45Z INFO [230/500] 14f5195d-8f41-4da7-bcc3-f65d172e8972: cophenetic index 2625; 2.1 s; peak memory 486 MiB.
2026-09-26T12:57:47Z INFO [231/500] 14f53915-0607-45d1-a392-7cbd03d9f7aa: cophenetic index 624; 1.2 s; peak memory 486 MiB.
2026-09-26T12:57:49Z INFO [232/500] 14f58237-2fa1-4ba3-ac4f-61d58e916505: cophenetic index 2241; 2.8 s; peak memory 486 MiB.
2026-09-26T12:58:02Z INFO [233/500] 14f59e65-e355-4642-bb4e-43fde46814ee: cophenetic index 402149; 12.7 s; peak memory 486 MiB.
2026-09-26T12:58:03Z INFO [234/500] 14f606b5-5332-4dca-b33e-23214a232dfb: cophenetic index 624; 1.1 s; peak memory 486 MiB.
2026-09-26T12:58:15Z INFO [235/500] 14f617d9-c65b-4dea-b988-cd0979f9ea80: cophenetic index 1122189; 12.3 s; peak memory 486 MiB.
2026-09-26T12:58:17Z INFO [236/500] 14f6e60f-79c4-48ff-9da2-2546b5eceaf5: cophenetic index 3004; 1.6 s; peak memory 486 MiB.
2026-09-26T12:58:19Z INFO [237/500] 14f6e7ac-4eed-4e05-b74d-216ab7aad44d: cophenetic index 3004; 1.6 s; peak memory 486 MiB.
2026-09-26T12:58:21Z INFO [238/500] 14f70b9b-0c0a-4a1b-95ab-09061a054074: cophenetic index 2056; 2.2 s; peak memory 486 MiB.
2026-09-26T12:58:31Z INFO [239/500] 14f8374d-8842-406f-9fb6-7afeaa999c82: cophenetic index 46939; 9.9 s; peak memory 486 MiB.
2026-09-26T12:58:34Z INFO [240/500] 14f956e3-fbf5-45b9-afbf-1b4e2c8ae02b: cophenetic index 1943; 3.0 s; peak memory 486 MiB.
2026-09-26T13:00:46Z INFO [241/500] 14f969ce-d04d-4a08-a5cd-f6aa5fbd2f8f: cophenetic index 36030552; 132.2 s; peak memory 486 MiB.
2026-09-26T13:00:47Z INFO [242/500] 14f96f73-1b44-4b37-b846-7c4b811d70c3: cophenetic index 624; 1.1 s; peak memory 486 MiB.
2026-09-26T13:00:48Z INFO [243/500] 14f998fa-20d0-44c7-b7c7-c232fdbf55d8: cophenetic index 3004; 1.4 s; peak memory 486 MiB.
2026-09-26T13:00:50Z INFO [244/500] 14fa0273-1afd-42fc-a64c-421b13e97179: cophenetic index 624; 1.2 s; peak memory 486 MiB.
2026-09-26T13:00:55Z INFO [245/500] 14fa3638-809d-4ffa-b307-3a1d734d51bc: cophenetic index 9548; 5.6 s; peak memory 486 MiB.
2026-09-26T13:00:57Z INFO [246/500] 14fa5cee-0894-4100-a907-dd87053b6c2f: cophenetic index 3004; 1.4 s; peak memory 486 MiB.
2026-09-26T13:01:05Z INFO [247/500] 14fa6ab7-61de-47cd-9723-b97ba753ee08: cophenetic index 90293; 8.3 s; peak memory 486 MiB.
2026-09-26T13:01:07Z INFO [248/500] 14fb16d5-533f-4e85-a8f7-02139eee440c: cophenetic index 33998; 2.1 s; peak memory 486 MiB.
2026-09-26T13:01:31Z INFO [249/500] 14fb2415-c1c3-4fcd-b34f-5c9979075ca6: cophenetic index 92248; 24.1 s; peak memory 486 MiB.
2026-09-26T13:01:37Z INFO [250/500] 14fbc745-1545-4011-8eee-84f91e5c8108: cophenetic index 9548; 6.4 s; peak memory 486 MiB.
2026-09-26T13:01:38Z INFO [250/500] 14fbc745-1545-4011-8eee-84f91e5c8108: checkpointed 56209 records.
2026-09-26T13:01:39Z INFO [251/500] 14fc3306-e14e-4d88-a12c-5bb3093c6239: cophenetic index 2625; 1.5 s; peak memory 486 MiB.
2026-09-26T13:01:41Z INFO [252/500] 14fc6a8f-9cd4-4160-9e67-d4020cff007e: cophenetic index 2625; 1.7 s; peak memory 486 MiB.
2026-09-26T13:01:42Z INFO [253/500] 14fcae08-527f-46e8-b2f6-f388deb1a2a8: cophenetic index 431; 1.3 s; peak memory 486 MiB.
2026-09-26T13:01:51Z INFO [254/500] 14fd99b4-801e-422f-a6b1-fc95057c80c4: cophenetic index 138316; 9.4 s; peak memory 486 MiB.
2026-09-26T13:01:53Z INFO [255/500] 14fdcfde-a955-480c-b977-feb2e7b3c03a: cophenetic index 431; 1.3 s; peak memory 486 MiB.
2026-09-26T13:01:54Z INFO [256/500] 14fe20a2-98d7-49dd-8d20-17b807c0f2f7: cophenetic index 2625; 1.6 s; peak memory 486 MiB.
2026-09-26T13:02:15Z INFO [257/500] 14fe53fc-a58b-4ab0-96d9-2634591d1b36: cophenetic index 40526453; 20.7 s; peak memory 486 MiB.
2026-09-26T13:02:16Z INFO [258/500] 14ff362b-ff40-4c21-990c-39a65595f760: cophenetic index 498; 1.0 s; peak memory 486 MiB.
2026-09-26T13:02:17Z INFO [259/500] 1500e74d-24d3-4fec-9b00-b5785db97cef: cophenetic index 569; 1.2 s; peak memory 486 MiB.
2026-09-26T13:02:19Z INFO [260/500] 15011706-e6e5-4328-a81a-cb5b7a7f9ccb: cophenetic index 37616; 2.3 s; peak memory 486 MiB.
2026-09-26T13:02:21Z INFO [261/500] 15019388-0456-4246-801f-c443758b9211: cophenetic index 624; 1.1 s; peak memory 486 MiB.
2026-09-26T13:02:22Z INFO [262/500] 15019a71-c943-4bbf-bc07-d5626f8131dc: cophenetic index 490; 1.0 s; peak memory 486 MiB.
2026-09-26T13:02:23Z INFO [263/500] 1502dc4b-58fa-4142-ad0c-740e1d88a06a: cophenetic index 33986; 1.5 s; peak memory 486 MiB.
2026-09-26T13:02:25Z INFO [264/500] 1502e024-af3f-4b56-8ff3-b476d026608d: cophenetic index 3004; 1.5 s; peak memory 486 MiB.
2026-09-26T13:02:31Z INFO [265/500] 15032620-1941-4bb7-8c49-948be759f31a: cophenetic index 9548; 5.9 s; peak memory 486 MiB.
2026-09-26T13:02:32Z INFO [266/500] 15050c9b-69fd-4628-aef0-9a104fc30fa2: cophenetic index 452; 1.2 s; peak memory 486 MiB.
2026-09-26T13:02:34Z INFO [267/500] 150641d2-9058-413d-8be9-d41ded3db003: cophenetic index 2625; 2.1 s; peak memory 486 MiB.
2026-09-26T13:02:35Z INFO [268/500] 15086221-685d-41b6-a00e-6ba6e83bbda2: cophenetic index 646; 1.1 s; peak memory 486 MiB.
2026-09-26T13:02:36Z INFO [269/500] 15091a3c-9f02-41f5-917a-e5801e55fa40: cophenetic index 401; 0.8 s; peak memory 486 MiB.
2026-09-26T13:02:45Z INFO [270/500] 1509acde-171d-4048-852c-a86c7266ae28: cophenetic index 123912; 8.8 s; peak memory 486 MiB.
2026-09-26T13:02:46Z INFO [271/500] 1509fe39-6a59-425f-948f-856429c5eb93: cophenetic index 624; 1.1 s; peak memory 486 MiB.
2026-09-26T13:02:50Z INFO [272/500] 150a17f6-c2a7-45a5-a5cd-fba432eaad83: cophenetic index 14313; 4.3 s; peak memory 486 MiB.
2026-09-26T13:02:52Z INFO [273/500] 150a31c3-bb06-4f1d-b39a-13f16ba41b31: cophenetic index 2625; 2.1 s; peak memory 486 MiB.
2026-09-26T13:02:53Z INFO [274/500] 150ab095-09fd-4a1d-a3da-f19c62210443: cophenetic index 624; 1.1 s; peak memory 486 MiB.
2026-09-26T13:03:02Z INFO [275/500] 150ac56e-9724-46bb-8348-6a45583cbf40: cophenetic index 14699; 8.4 s; peak memory 486 MiB.
2026-09-26T13:03:04Z INFO [276/500] 150b2ebf-ee87-4f03-9b21-97cdd02a3c88: cophenetic index 2625; 2.1 s; peak memory 486 MiB.
2026-09-26T13:03:08Z INFO [277/500] 150c0747-51d0-426a-aae2-6f147f37edf7: cophenetic index 2320; 4.5 s; peak memory 486 MiB.
2026-09-26T13:03:09Z INFO [278/500] 150c8713-4483-409d-bd4b-80b3e41ee3d1: cophenetic index 490; 0.9 s; peak memory 486 MiB.
2026-09-26T13:03:10Z INFO [279/500] 150d60d4-7c29-4495-b13a-7062a7bd6bc6: cophenetic index 649; 1.3 s; peak memory 486 MiB.
2026-09-26T13:03:18Z INFO [280/500] 150f0f2b-ceec-42f9-8875-38b53ba52228: cophenetic index 105696; 7.8 s; peak memory 486 MiB.
2026-09-26T13:03:19Z INFO [281/500] 150fa28e-ee9a-4580-b5c2-7a3ba3104383: cophenetic index 490; 1.3 s; peak memory 486 MiB.
2026-09-26T13:03:22Z INFO [282/500] 150fcaf5-13ba-4f4a-a025-614748a6d178: cophenetic index 33998; 2.4 s; peak memory 486 MiB.
2026-09-26T13:03:23Z INFO [283/500] 15100bf1-8beb-474a-a1b6-75c496ade175: cophenetic index 751; 0.9 s; peak memory 486 MiB.
2026-09-26T13:03:25Z INFO [284/500] 1510419e-1b33-4b39-903b-1f91edfe2f8c: cophenetic index 949; 1.9 s; peak memory 486 MiB.
2026-09-26T13:03:25Z INFO [285/500] 1510a198-c24e-4ad7-a79d-b4be3d837971: cophenetic index 490; 0.9 s; peak memory 486 MiB.
2026-09-26T13:03:27Z INFO [286/500] 1510e774-4164-443b-89fe-f4242a1de29b: cophenetic index 3004; 1.4 s; peak memory 486 MiB.
2026-09-26T13:03:28Z INFO [287/500] 15112683-4e73-4da3-9819-11c97fa79950: cophenetic index 624; 1.0 s; peak memory 486 MiB.
2026-09-26T13:03:29Z INFO [288/500] 1511dbd1-0178-48e6-8a5a-f2ac04d3ba55: cophenetic index 579; 1.0 s; peak memory 486 MiB.
2026-09-26T13:03:30Z INFO [289/500] 1515e2f3-dc5d-4b86-9298-e41fcc466b8e: cophenetic index 560; 1.1 s; peak memory 486 MiB.
2026-09-26T13:03:31Z INFO [290/500] 15165ea1-187e-44a6-bc93-40071f4ea1bd: cophenetic index 624; 1.1 s; peak memory 486 MiB.
2026-09-26T13:03:33Z INFO [291/500] 151667fd-a492-4ed5-ac71-b37c61ab28ca: cophenetic index 940; 2.3 s; peak memory 486 MiB.
2026-09-26T13:03:35Z INFO [292/500] 15168203-c85e-4d6b-98ec-f19b99976e76: cophenetic index 3240; 1.8 s; peak memory 486 MiB.
2026-09-26T13:03:39Z INFO [293/500] 1516c1ad-ae95-4678-b2d6-a42c22b72c8d: cophenetic index 2236; 3.5 s; peak memory 486 MiB.
2026-09-26T13:03:40Z INFO [294/500] 15171f1a-8e39-49f2-a38c-93e008b44542: cophenetic index 624; 1.1 s; peak memory 486 MiB.
2026-09-26T13:03:41Z INFO [295/500] 15182535-175f-4995-8de8-e8dcdd1006ec: cophenetic index 490; 1.0 s; peak memory 486 MiB.
2026-09-26T13:03:42Z INFO [296/500] 1518aa21-3261-4bc6-84fa-18afa1e969c4: cophenetic index 624; 1.1 s; peak memory 486 MiB.
2026-09-26T13:03:43Z INFO [297/500] 151980b6-9942-41cb-9677-6733baf539b2: cophenetic index 431; 1.2 s; peak memory 486 MiB.
2026-09-26T13:03:44Z INFO [298/500] 1519abe5-1ef3-47ad-a94b-35b1967f7061: cophenetic index 431; 1.1 s; peak memory 486 MiB.
2026-09-26T13:03:46Z INFO [299/500] 151b270b-3bcd-4dc6-909c-d3c42ea807bc: cophenetic index 33998; 1.9 s; peak memory 486 MiB.
2026-09-26T13:03:48Z INFO [300/500] 151b4681-196e-4e90-a473-ae379428f203: cophenetic index 1423; 1.7 s; peak memory 486 MiB.
2026-09-26T13:03:48Z INFO [300/500] 151b4681-196e-4e90-a473-ae379428f203: checkpointed 56259 records.
2026-09-26T13:04:00Z INFO [301/500] 151b88c8-f512-4a0d-bd78-32906e4e0404: cophenetic index 259841; 12.4 s; peak memory 486 MiB.
2026-09-26T13:04:02Z INFO [302/500] 151c049e-8d7e-4377-8072-7f37a3568bbe: cophenetic index 2974; 1.4 s; peak memory 486 MiB.
2026-09-26T13:04:03Z INFO [303/500] 151c335c-7bba-4fb9-8a15-d245e645a571: cophenetic index 2625; 1.7 s; peak memory 486 MiB.
2026-09-26T13:04:05Z INFO [304/500] 151c87de-b334-4769-b7cc-06db2b1f6725: cophenetic index 2625; 2.2 s; peak memory 486 MiB.
2026-09-26T13:04:17Z INFO [305/500] 151caa57-ad4e-4282-ab63-131245fd0ca3: cophenetic index 48355; 11.7 s; peak memory 486 MiB.
2026-09-26T13:04:19Z INFO [306/500] 151d1651-bb93-44be-a432-f2e8eee75dbd: cophenetic index 99120; 2.2 s; peak memory 486 MiB.
2026-09-26T13:04:21Z INFO [307/500] 151d3583-48b5-4ad2-af40-25c7a63ef7a3: cophenetic index 2570; 1.8 s; peak memory 486 MiB.
2026-09-26T13:04:30Z INFO [308/500] 151e3b9e-3c32-4a01-9f46-b2c5603b066c: cophenetic index 33579; 9.0 s; peak memory 486 MiB.
2026-09-26T13:04:31Z INFO [309/500] 151e3d83-b8fa-4791-a2f3-20020b4dfc2a: cophenetic index 624; 1.2 s; peak memory 486 MiB.
2026-09-26T13:04:33Z INFO [310/500] 151f3532-5045-4e29-8327-cc247994d12f: cophenetic index 33818; 1.7 s; peak memory 486 MiB.
2026-09-26T13:04:34Z INFO [311/500] 151f3b52-65e7-4d29-9584-48482be724c0: cophenetic index 624; 1.1 s; peak memory 486 MiB.
2026-09-26T13:04:35Z INFO [312/500] 151fd0ac-8636-4d0e-99a8-4a3bb23886f9: cophenetic index 2570; 1.2 s; peak memory 486 MiB.
2026-09-26T13:04:41Z INFO [313/500] 15202d44-5003-4779-9c34-1adfa63e2c15: cophenetic index 51986; 6.0 s; peak memory 486 MiB.
2026-09-26T13:04:43Z INFO [314/500] 1520418a-b922-4b5e-86ae-b0daed515840: cophenetic index 2625; 1.7 s; peak memory 486 MiB.
2026-09-26T13:04:44Z INFO [315/500] 152049c1-27fe-4fdc-a625-9e9051d8fed4: cophenetic index 624; 1.3 s; peak memory 486 MiB.
2026-09-26T13:04:45Z INFO [316/500] 1522199d-e3ef-4bc0-8aff-957b087712bb: cophenetic index 624; 1.0 s; peak memory 486 MiB.
2026-09-26T13:04:47Z INFO [317/500] 1523c3e4-2549-4666-8430-244006651726: cophenetic index 2625; 1.7 s; peak memory 486 MiB.
2026-09-26T13:04:48Z INFO [318/500] 15241611-32e6-4e85-84f0-bb65849fc7b8: cophenetic index 624; 1.2 s; peak memory 486 MiB.
2026-09-26T13:05:06Z INFO [319/500] 152473f6-5c29-4232-a1a8-30b6068ed0f6: cophenetic index 42755; 17.9 s; peak memory 486 MiB.
2026-09-26T13:05:08Z INFO [320/500] 15249456-d735-475a-bc71-16b2b4607f32: cophenetic index 6435; 1.6 s; peak memory 486 MiB.
2026-09-26T13:05:08Z INFO [321/500] 1524af07-9bd0-44aa-9758-54fb32680c3e: cophenetic index 490; 0.9 s; peak memory 486 MiB.
2026-09-26T13:05:10Z INFO [322/500] 15250191-7927-4c92-854c-20d073d1ce23: cophenetic index 650; 1.6 s; peak memory 486 MiB.
2026-09-26T13:05:11Z INFO [323/500] 15256943-9b91-4088-8399-e3337b96f2d7: cophenetic index 605; 1.4 s; peak memory 486 MiB.
2026-09-26T13:05:15Z INFO [324/500] 152569bd-1869-44c6-9c2f-ddbbf77c47d0: cophenetic index 2402; 3.2 s; peak memory 486 MiB.
2026-09-26T13:05:16Z INFO [325/500] 15258885-47be-4eba-ba03-0d8091250b4c: cophenetic index 3004; 1.6 s; peak memory 486 MiB.
2026-09-26T13:05:28Z INFO [326/500] 15258932-e46b-4ef8-a6c3-9b8e25d69586: cophenetic index 262022; 11.4 s; peak memory 486 MiB.
2026-09-26T13:05:29Z INFO [327/500] 15268835-3ab8-415c-bc08-66a3e16e7c56: cophenetic index 624; 1.1 s; peak memory 486 MiB.
2026-09-26T13:05:31Z INFO [328/500] 1526c575-c1e5-458e-8b4e-1a3633f282cb: cophenetic index 33998; 2.4 s; peak memory 486 MiB.
2026-09-26T13:05:33Z INFO [329/500] 1527238e-8595-4950-89bd-3d42e5d7c538: cophenetic index 2056; 2.1 s; peak memory 486 MiB.
2026-09-26T13:05:35Z INFO [330/500] 1527977d-fd9a-4c9d-98f1-500958bce7d5: cophenetic index 1087; 1.5 s; peak memory 486 MiB.
2026-09-26T13:05:36Z INFO [331/500] 15284546-51c8-4243-b97b-f103c9e21041: cophenetic index 605; 1.3 s; peak memory 486 MiB.
2026-09-26T13:05:38Z INFO [332/500] 1528b6dd-d309-4094-afdb-78b344de8155: cophenetic index 2551; 2.0 s; peak memory 486 MiB.
2026-09-26T13:05:40Z INFO [333/500] 1529684a-b586-4e84-9d74-ced240a729c0: cophenetic index 99138; 2.0 s; peak memory 486 MiB.
2026-09-26T13:05:42Z INFO [334/500] 152980ab-2651-4e98-988d-13e1b0fa4902: cophenetic index 2625; 1.6 s; peak memory 486 MiB.
2026-09-26T13:05:54Z INFO [335/500] 1529a42a-9fca-4567-9b75-441e2bfb553f: cophenetic index 342722; 12.6 s; peak memory 486 MiB.
2026-09-26T13:05:55Z INFO [336/500] 1529a772-9543-4bde-b633-c103c7b2278b: cophenetic index 490; 0.9 s; peak memory 486 MiB.
2026-09-26T13:05:57Z INFO [337/500] 1529b920-c225-42a3-a6d3-b79fdaece6dd: cophenetic index 2625; 1.7 s; peak memory 486 MiB.
2026-09-26T13:06:00Z INFO [338/500] 152b1177-b004-4db0-ad68-3f89d8ea6756: cophenetic index 1458; 3.2 s; peak memory 486 MiB.
2026-09-26T13:06:01Z INFO [339/500] 152c216f-f452-4e15-8c3a-7496ba2c4bc8: cophenetic index 431; 1.1 s; peak memory 486 MiB.
2026-09-26T13:06:02Z INFO [340/500] 152d1aa3-d5af-41c9-b1e1-213e77502efa: cophenetic index 590; 1.2 s; peak memory 486 MiB.
2026-09-26T13:06:03Z INFO [341/500] 152e2a0f-b8eb-4142-ab82-84641ffcd38d: cophenetic index 994; 1.1 s; peak memory 486 MiB.
2026-09-26T13:06:06Z INFO [342/500] 152e59e1-dbd6-414f-96ae-6164845c3283: cophenetic index 2391; 3.0 s; peak memory 486 MiB.
2026-09-26T13:06:11Z INFO [343/500] 152ed911-d2d1-467d-9439-9fd568cd9bf1: cophenetic index 8285; 4.6 s; peak memory 486 MiB.
2026-09-26T13:06:12Z INFO [344/500] 152f6430-a1dd-45cd-ac3b-ed7962584674: cophenetic index 624; 1.1 s; peak memory 486 MiB.
2026-09-26T13:06:18Z INFO [345/500] 152f8832-1712-4c38-bbc8-db5edb194afc: cophenetic index 9548; 5.9 s; peak memory 486 MiB.
2026-09-26T13:06:20Z INFO [346/500] 152f8a98-cda9-43fb-bda7-793b5070a1c9: cophenetic index 99120; 1.9 s; peak memory 486 MiB.
2026-09-26T13:06:21Z INFO [347/500] 152fd97c-d2aa-45f0-ba9e-357c06189710: cophenetic index 649; 1.3 s; peak memory 486 MiB.
2026-09-26T13:06:23Z INFO [348/500] 15319bba-d437-4b72-94e2-e51ddc78fd10: cophenetic index 33986; 1.8 s; peak memory 486 MiB.
2026-09-26T13:06:24Z INFO [349/500] 15324496-3e1e-43c2-806b-3de4f48eeabd: cophenetic index 605; 1.4 s; peak memory 486 MiB.
2026-09-26T13:06:26Z INFO [350/500] 1532532f-df24-47e9-b42a-50c2f8db6841: cophenetic index 3087; 1.7 s; peak memory 486 MiB.
2026-09-26T13:06:26Z INFO [350/500] 1532532f-df24-47e9-b42a-50c2f8db6841: checkpointed 56309 records.
2026-09-26T13:06:27Z INFO [351/500] 15339f24-00f7-4e59-85a8-6942b5e1faad: cophenetic index 624; 1.1 s; peak memory 486 MiB.
2026-09-26T13:06:37Z INFO [352/500] 15342df1-e296-44e8-bb5d-345910921771: cophenetic index 19328; 10.0 s; peak memory 486 MiB.
2026-09-26T13:06:38Z INFO [353/500] 15361ae8-66fd-44e9-9890-04b921fe0827: cophenetic index 649; 1.3 s; peak memory 486 MiB.
2026-09-26T13:06:40Z INFO [354/500] 153669da-6bd8-4d6a-abbb-162b24766097: cophenetic index 23818; 1.8 s; peak memory 486 MiB.
2026-09-26T13:06:42Z INFO [355/500] 15367b4f-dab2-4350-8ce1-dd06180efe2e: cophenetic index 3004; 1.4 s; peak memory 486 MiB.
2026-09-26T13:06:44Z INFO [356/500] 1536f02c-500c-49b3-8d0e-6be0de47113c: cophenetic index 3437; 2.4 s; peak memory 486 MiB.
2026-09-26T13:06:51Z INFO [357/500] 1537aa7d-86d4-49e6-a2ab-fd591ac0a8df: cophenetic index 57515; 7.1 s; peak memory 486 MiB.
2026-09-26T13:06:59Z INFO [358/500] 15385582-582a-4408-b9c5-7ea7a8ea22c4: cophenetic index 39148; 7.5 s; peak memory 486 MiB.
2026-09-26T13:07:00Z INFO [359/500] 15390c12-a215-444a-8f8b-d3445b6dbd2b: cophenetic index 3004; 1.4 s; peak memory 486 MiB.
2026-09-26T13:07:02Z INFO [360/500] 15392088-ebda-4e21-a57c-637a44bc9c7b: cophenetic index 3087; 1.5 s; peak memory 486 MiB.
2026-09-26T13:07:03Z INFO [361/500] 15398067-e6ce-445f-9cf4-7d9d688a312e: cophenetic index 3087; 1.5 s; peak memory 486 MiB.
2026-09-26T13:07:04Z INFO [362/500] 153a6e42-8c53-4966-b550-1d2e8c087c24: cophenetic index 624; 1.2 s; peak memory 486 MiB.
2026-09-26T13:07:06Z INFO [363/500] 153a8b80-dbea-45eb-bfd0-090329f39563: cophenetic index 2625; 2.1 s; peak memory 486 MiB.
2026-09-26T13:07:08Z INFO [364/500] 153bc3b5-c05f-4604-b5fb-193821706a17: cophenetic index 3045; 1.7 s; peak memory 486 MiB.
2026-09-26T13:07:09Z INFO [365/500] 153c0922-bca2-4ebe-9933-08c2f28172e8: cophenetic index 624; 1.1 s; peak memory 486 MiB.
2026-09-26T13:07:10Z INFO [366/500] 153c4de5-4181-4dbe-8dbf-cd2995fcefbd: cophenetic index 1228; 1.0 s; peak memory 486 MiB.
2026-09-26T13:07:11Z INFO [367/500] 153cd3e3-8ef0-4ae5-9912-92284c2bc283: cophenetic index 1949; 1.2 s; peak memory 486 MiB.
2026-09-26T13:07:13Z INFO [368/500] 153cf815-c6bd-4f7f-9a74-e45bda483a48: cophenetic index 624; 1.3 s; peak memory 486 MiB.
2026-09-26T13:07:14Z INFO [369/500] 153d81be-bdd4-413b-8fcc-3a7d1489f4d5: cophenetic index 3087; 1.6 s; peak memory 486 MiB.
2026-09-26T13:07:16Z INFO [370/500] 153eb355-2309-4ac2-9b36-cd2dd71eca80: cophenetic index 3004; 1.5 s; peak memory 486 MiB.
2026-09-26T13:07:17Z INFO [371/500] 153f76ef-2501-4640-81b9-951be02c161c: cophenetic index 1470; 1.1 s; peak memory 486 MiB.
2026-09-26T13:07:18Z INFO [372/500] 153fb5d7-c53a-45a8-b34a-b15b77dc09c4: cophenetic index 2625; 1.8 s; peak memory 486 MiB.
2026-09-26T13:07:35Z INFO [373/500] 153fc0cf-78e7-4df0-a708-8911b318cd83: cophenetic index 911803; 16.7 s; peak memory 486 MiB.
2026-09-26T13:07:36Z INFO [374/500] 153ff14d-cfa9-4698-91bb-1ca82ec98881: cophenetic index 627; 1.0 s; peak memory 486 MiB.
2026-09-26T13:07:38Z INFO [375/500] 1541814a-b0da-4a6a-ab65-ff9e9537b736: cophenetic index 36406; 2.1 s; peak memory 486 MiB.
2026-09-26T13:07:39Z INFO [376/500] 1541c044-870d-4230-a6e7-df1d1d373d14: cophenetic index 624; 1.1 s; peak memory 486 MiB.
2026-09-26T13:07:41Z INFO [377/500] 15423dbb-7c52-4002-8f7e-b0ed62066008: cophenetic index 624; 1.1 s; peak memory 486 MiB.
2026-09-26T13:07:42Z INFO [378/500] 154280d8-a3ea-4100-b5ba-8c48d9b803e2: cophenetic index 2974; 1.5 s; peak memory 486 MiB.
2026-09-26T13:07:43Z INFO [379/500] 1542a9c0-2efd-467f-9952-e4fe1308d10a: cophenetic index 3004; 1.4 s; peak memory 486 MiB.
2026-09-26T13:07:45Z INFO [380/500] 1542ebf7-b686-467d-8f61-e17790c174a0: cophenetic index 624; 1.1 s; peak memory 486 MiB.
2026-09-26T13:07:57Z INFO [381/500] 15430c11-53de-4502-b248-1d4da48db99d: cophenetic index 49783; 12.4 s; peak memory 486 MiB.
2026-09-26T13:07:58Z INFO [382/500] 15431a6d-2afe-440b-b6fe-3d78547e90e3: cophenetic index 3057; 1.5 s; peak memory 486 MiB.
2026-09-26T13:08:00Z INFO [383/500] 1543f450-c52a-4ff8-96ce-8d7fbf9f338a: cophenetic index 23367; 1.5 s; peak memory 486 MiB.
2026-09-26T13:08:01Z INFO [384/500] 1545ef8d-2632-4c38-a04b-69986762836e: cophenetic index 624; 1.2 s; peak memory 486 MiB.
2026-09-26T13:08:03Z INFO [385/500] 154637db-892d-42ee-85e3-e6ab22b7584b: cophenetic index 24032; 1.5 s; peak memory 486 MiB.
2026-09-26T13:08:04Z INFO [386/500] 1546b632-8f84-4666-8aea-7cf2ed1aa473: cophenetic index 624; 1.1 s; peak memory 486 MiB.
2026-09-26T13:08:05Z INFO [387/500] 15471c37-fe4c-463f-b985-e8e164079c71: cophenetic index 2920; 1.2 s; peak memory 486 MiB.
2026-09-26T13:08:06Z INFO [388/500] 15475f15-0541-46b6-a7fe-29acd86eaed1: cophenetic index 512; 1.1 s; peak memory 486 MiB.
2026-09-26T13:08:08Z INFO [389/500] 154763cc-6c66-4a0e-b5eb-e0c69f424aaf: cophenetic index 766; 1.5 s; peak memory 486 MiB.
2026-09-26T13:08:24Z INFO [390/500] 154889a6-8d15-4dab-a0b5-e3fdb0889baf: cophenetic index 51243; 16.4 s; peak memory 486 MiB.
2026-09-26T13:08:25Z INFO [391/500] 1548d39e-4a34-4586-8c12-0ec1916e91a0: cophenetic index 3087; 1.4 s; peak memory 486 MiB.
2026-09-26T13:08:26Z INFO [392/500] 15497f35-8ddb-46f4-be17-e5a9118df933: cophenetic index 624; 1.1 s; peak memory 486 MiB.
2026-09-26T13:08:29Z INFO [393/500] 154a8e36-aa1c-4a88-88da-e8e9f20aac80: cophenetic index 33998; 2.1 s; peak memory 486 MiB.
2026-09-26T13:08:30Z INFO [394/500] 154b257a-593b-4b36-a82b-cb212c4ce587: cophenetic index 958; 1.3 s; peak memory 486 MiB.
2026-09-26T13:08:41Z INFO [395/500] 154b5ab1-5e9f-4ec2-835a-f5591aa2a146: cophenetic index 159027; 11.6 s; peak memory 486 MiB.
2026-09-26T13:08:42Z INFO [396/500] 154c94c7-b87b-4c48-9c9f-9bb570a61ebc: cophenetic index 427; 1.0 s; peak memory 486 MiB.
2026-09-26T13:08:43Z INFO [397/500] 154d17f2-f40d-47a5-a12f-4218ba40e9bb: cophenetic index 690; 1.0 s; peak memory 486 MiB.
2026-09-26T13:08:46Z INFO [398/500] 154d5ed6-01a2-4cd6-bfde-9cb4a9a136d5: cophenetic index 3844; 3.1 s; peak memory 486 MiB.
2026-09-26T13:08:48Z INFO [399/500] 154e02df-a562-402e-85c1-00fc85033677: cophenetic index 1751; 2.0 s; peak memory 486 MiB.
2026-09-26T13:08:50Z INFO [400/500] 154e496e-99ba-4cf8-a861-d41f4ef65a0d: cophenetic index 624; 1.1 s; peak memory 486 MiB.
2026-09-26T13:08:50Z INFO [400/500] 154e496e-99ba-4cf8-a861-d41f4ef65a0d: checkpointed 56359 records.
2026-09-26T13:08:53Z INFO [401/500] 154e6336-fef4-48be-9c04-7fa05093b5b5: cophenetic index 8488; 3.2 s; peak memory 486 MiB.
2026-09-26T13:08:54Z INFO [402/500] 154f1ee1-ae40-42f4-a980-6464fb6d8597: cophenetic index 605; 1.4 s; peak memory 486 MiB.
2026-09-26T13:08:55Z INFO [403/500] 154fc3be-f00f-4a52-950d-f77ccdba0568: cophenetic index 433; 0.8 s; peak memory 486 MiB.
2026-09-26T13:08:58Z INFO [404/500] 15508d90-b40d-44ab-ad87-9230db68bceb: cophenetic index 34658; 2.6 s; peak memory 486 MiB.
2026-09-26T13:08:59Z INFO [405/500] 155113ec-9206-4bc4-a557-c2de0bd27cdf: cophenetic index 401; 0.9 s; peak memory 486 MiB.
2026-09-26T13:09:00Z INFO [406/500] 15515db4-6f71-41a5-91e1-8e6c8bcbb075: cophenetic index 624; 1.1 s; peak memory 486 MiB.
2026-09-26T13:09:01Z INFO [407/500] 1551b282-df5b-49cf-ad67-3740bfa56f04: cophenetic index 624; 1.2 s; peak memory 486 MiB.
2026-09-26T13:09:09Z INFO [408/500] 1551df2a-8c2d-409f-a351-d6c4fc89c76a: cophenetic index 14389; 7.8 s; peak memory 486 MiB.
2026-09-26T13:09:11Z INFO [409/500] 1553ac05-4a4a-4cfc-b348-64a560264c48: cophenetic index 33998; 2.0 s; peak memory 486 MiB.
2026-09-26T13:09:12Z INFO [410/500] 15544404-1345-4251-aeee-cc4474cabd44: cophenetic index 2625; 1.8 s; peak memory 486 MiB.
2026-09-26T13:09:14Z INFO [411/500] 155558bf-8c2b-4aed-9517-3f296b7cbf00: cophenetic index 624; 1.2 s; peak memory 486 MiB.
2026-09-26T13:11:08Z INFO [412/500] 1556eb4a-404b-4496-a71d-0b415fd5d075: cophenetic index 869000199; 114.7 s; peak memory 605 MiB.
2026-09-26T13:11:10Z INFO [413/500] 15573533-9917-4362-9965-53f0afbeff09: cophenetic index 624; 1.1 s; peak memory 605 MiB.
2026-09-26T13:11:11Z INFO [414/500] 1557adc1-5085-49db-93dd-ba120c30ca72: cophenetic index 949; 2.0 s; peak memory 605 MiB.
2026-09-26T13:11:13Z INFO [415/500] 1557c175-db72-417d-9415-f869c7f1d5a1: cophenetic index 624; 1.2 s; peak memory 605 MiB.
2026-09-26T13:11:16Z INFO [416/500] 1558c60a-93ec-449a-aa78-37653e511703: cophenetic index 3243; 2.9 s; peak memory 605 MiB.
2026-09-26T13:11:16Z INFO [417/500] 15592185-49a1-45a6-b3d2-61da3af9bf51: cophenetic index 739; 0.9 s; peak memory 605 MiB.
2026-09-26T13:11:18Z INFO [418/500] 15592aa9-ee4c-4302-91e2-b8ba05fda37b: cophenetic index 624; 1.2 s; peak memory 605 MiB.
2026-09-26T13:11:19Z INFO [419/500] 155934ca-dc1a-4893-9890-61d5159c5b6c: cophenetic index 23379; 1.4 s; peak memory 605 MiB.
2026-09-26T13:11:34Z INFO [420/500] 1559d345-b934-44d1-ac6c-ad544ba4090d: cophenetic index 49996; 14.9 s; peak memory 605 MiB.
2026-09-26T13:11:37Z INFO [421/500] 1559fa9a-2ef3-4e2a-902c-3523e3509f25: cophenetic index 2236; 3.5 s; peak memory 605 MiB.
2026-09-26T13:11:49Z INFO [422/500] 155af451-0e10-4521-8480-0ef569877d6f: cophenetic index 219204; 11.8 s; peak memory 605 MiB.
2026-09-26T13:11:50Z INFO [423/500] 155b3a1c-9405-4e36-8bee-c09b245586e6: cophenetic index 490; 1.0 s; peak memory 605 MiB.
2026-09-26T13:11:59Z INFO [424/500] 155ba689-80ce-4c74-ae23-7cf33c08ca6e: cophenetic index 24818; 8.8 s; peak memory 605 MiB.
2026-09-26T13:12:00Z INFO [425/500] 155c7b00-0be1-49b1-9b95-c44d813730c6: cophenetic index 624; 1.1 s; peak memory 605 MiB.
2026-09-26T13:12:02Z INFO [426/500] 155cd435-1ce9-442e-ab04-8687c06b99cf: cophenetic index 972; 1.9 s; peak memory 605 MiB.
2026-09-26T13:12:06Z INFO [427/500] 155d2fc4-0ad4-48d4-8b4d-4b09b62c2732: cophenetic index 5473; 3.7 s; peak memory 605 MiB.
2026-09-26T13:12:08Z INFO [428/500] 155d9cd9-038b-4ead-824e-6e90f351e5fa: cophenetic index 2402; 2.9 s; peak memory 605 MiB.
2026-09-26T13:12:10Z INFO [429/500] 155da5de-a912-41ec-b0f4-215e8566f2be: cophenetic index 3087; 1.5 s; peak memory 605 MiB.
2026-09-26T13:12:12Z INFO [430/500] 155dff14-a561-43e3-ab05-3287b5d11790: cophenetic index 33998; 2.2 s; peak memory 605 MiB.
2026-09-26T13:12:13Z INFO [431/500] 155e17c9-ad05-435b-bb1c-6c3dd38f6080: cophenetic index 490; 0.8 s; peak memory 605 MiB.
2026-09-26T13:12:14Z INFO [432/500] 155e3ff3-bf7a-4f95-9e62-5e7b4881418c: cophenetic index 690; 1.2 s; peak memory 605 MiB.
2026-09-26T13:12:15Z INFO [433/500] 155e41d0-ebd7-47ac-bd0c-890c99b0b7e8: cophenetic index 490; 1.0 s; peak memory 605 MiB.
2026-09-26T13:12:17Z INFO [434/500] 155e571a-9e76-440e-8fc3-3ec8e821187b: cophenetic index 1751; 1.8 s; peak memory 605 MiB.
2026-09-26T13:12:23Z INFO [435/500] 155f17d5-0f27-4fb5-9119-cad27af7f7df: cophenetic index 9548; 5.9 s; peak memory 605 MiB.
2026-09-26T13:12:26Z INFO [436/500] 155ff7f6-391a-4402-990d-dc8377d971c0: cophenetic index 4015; 3.5 s; peak memory 605 MiB.
2026-09-26T13:12:30Z INFO [437/500] 1560c5ae-e3ed-44fd-b3fc-0a7fc779ed1a: cophenetic index 2236; 3.5 s; peak memory 605 MiB.
2026-09-26T13:12:31Z INFO [438/500] 15613159-0611-4b1c-92f5-b972728691e8: cophenetic index 729; 1.0 s; peak memory 605 MiB.
2026-09-26T13:12:38Z INFO [439/500] 156188fb-ccd8-41a8-85a3-aad5c5b0b7d0: cophenetic index 54264; 7.5 s; peak memory 605 MiB.
2026-09-26T13:12:41Z INFO [440/500] 1561b7d0-9087-49fa-936c-8194fd7ee9a1: cophenetic index 2402; 2.6 s; peak memory 605 MiB.
2026-09-26T13:12:44Z INFO [441/500] 1561e131-c645-461e-b8a0-98ba9bb1d647: cophenetic index 2402; 2.9 s; peak memory 605 MiB.
2026-09-26T13:12:52Z INFO [442/500] 1561f093-0e46-4549-8c58-7dca913ea28d: cophenetic index 87573; 8.2 s; peak memory 605 MiB.
2026-09-26T13:12:53Z INFO [443/500] 15634ffa-a0db-4d2b-8082-9c7517f04ac5: cophenetic index 624; 1.1 s; peak memory 605 MiB.
2026-09-26T13:12:55Z INFO [444/500] 1563a91b-eca2-4156-a3f8-024a783bcea4: cophenetic index 33968; 1.6 s; peak memory 605 MiB.
2026-09-26T13:12:56Z INFO [445/500] 1563f278-0836-4483-81f0-3c33e5f473f8: cophenetic index 2551; 1.7 s; peak memory 605 MiB.
2026-09-26T13:12:58Z INFO [446/500] 1564b6cb-d382-4704-ab24-4ca609fbd688: cophenetic index 1534; 1.5 s; peak memory 605 MiB.
2026-09-26T13:12:59Z INFO [447/500] 15661d06-22d5-4163-b504-4a88053b3159: cophenetic index 1025; 1.3 s; peak memory 605 MiB.
2026-09-26T13:13:01Z INFO [448/500] 156673c8-c392-45ed-a179-37129adb21bb: cophenetic index 26986; 1.8 s; peak memory 605 MiB.
2026-09-26T13:13:03Z INFO [449/500] 1566c20e-c21f-4546-a276-d28b07f8f6cb: cophenetic index 33986; 1.8 s; peak memory 605 MiB.
2026-09-26T13:13:04Z INFO [450/500] 15673a74-5c51-4700-ae33-6bb122c9c508: cophenetic index 624; 1.1 s; peak memory 605 MiB.
2026-09-26T13:13:04Z INFO [450/500] 15673a74-5c51-4700-ae33-6bb122c9c508: checkpointed 56409 records.
2026-09-26T13:13:10Z INFO [451/500] 1568094d-d386-49de-b08e-aa20d21f35a8: cophenetic index 33285; 6.1 s; peak memory 605 MiB.
2026-09-26T13:13:12Z INFO [452/500] 15682545-aea4-4dd3-98f3-ecc00c76e6cd: cophenetic index 23400; 1.5 s; peak memory 605 MiB.
2026-09-26T13:13:13Z INFO [453/500] 15686c53-3ef8-48eb-82e9-def1d206e9eb: cophenetic index 2844; 1.4 s; peak memory 605 MiB.
2026-09-26T13:13:14Z INFO [454/500] 1569dd2e-4c2f-4810-b212-9a41adc47095: cophenetic index 649; 1.3 s; peak memory 605 MiB.
2026-09-26T13:13:15Z INFO [455/500] 156b6ce9-d335-47aa-bbf0-6ed0aec0ef26: cophenetic index 624; 1.2 s; peak memory 605 MiB.
2026-09-26T13:13:17Z INFO [456/500] 156c0016-f012-4df5-a121-69e6c3bb5ab3: cophenetic index 605; 1.3 s; peak memory 605 MiB.
2026-09-26T13:13:19Z INFO [457/500] 156c8333-df70-4b3c-bdb9-5fcd38319fbb: cophenetic index 2682; 2.4 s; peak memory 605 MiB.
2026-09-26T13:13:21Z INFO [458/500] 156cae23-b854-40ba-ae56-914651dca6c8: cophenetic index 2625; 1.6 s; peak memory 605 MiB.
2026-09-26T13:13:23Z INFO [459/500] 156de6a4-73cc-43c6-ba6b-d02d0877726c: cophenetic index 33998; 2.0 s; peak memory 605 MiB.
2026-09-26T13:13:24Z INFO [460/500] 156e63e5-f43c-41c1-870a-110d014adf71: cophenetic index 2625; 1.6 s; peak memory 605 MiB.
2026-09-26T13:13:26Z INFO [461/500] 156f78c3-6fe8-48f7-a02a-76e4f8b8a896: cophenetic index 3004; 1.5 s; peak memory 605 MiB.
2026-09-26T13:13:27Z INFO [462/500] 156f7e99-f9bc-4156-a24c-50d8a2ee328f: cophenetic index 3087; 1.4 s; peak memory 605 MiB.
2026-09-26T13:13:29Z INFO [463/500] 15703b60-8d25-4e47-bbbb-e85b982708ca: cophenetic index 543; 1.6 s; peak memory 605 MiB.
2026-09-26T13:13:31Z INFO [464/500] 15704d33-ca63-4bff-9a87-a026985ca7f8: cophenetic index 2625; 1.7 s; peak memory 605 MiB.
2026-09-26T13:13:36Z INFO [465/500] 15708453-209a-4097-8a07-ae3604f74897: cophenetic index 15476; 5.2 s; peak memory 605 MiB.
2026-09-26T13:13:38Z INFO [466/500] 1571d1b0-f1ed-4d33-bab1-bc424c1c8902: cophenetic index 2551; 1.9 s; peak memory 605 MiB.
2026-09-26T13:13:39Z INFO [467/500] 15731187-574f-4443-8b5d-bd0f8e0f12a9: cophenetic index 754; 1.6 s; peak memory 605 MiB.
2026-09-26T13:13:42Z INFO [468/500] 15731b22-1512-4550-af75-730e956f9d3c: cophenetic index 2069; 2.9 s; peak memory 605 MiB.
2026-09-26T13:13:45Z INFO [469/500] 157387ee-24e9-447c-a100-ef3f7f3cdce7: cophenetic index 662; 2.5 s; peak memory 605 MiB.
2026-09-26T13:13:46Z INFO [470/500] 1573d0ca-05ee-4f41-908a-cb6364f7c9e4: cophenetic index 624; 1.1 s; peak memory 605 MiB.
2026-09-26T13:13:47Z INFO [471/500] 157426b5-fac8-448e-8fdc-a3b7d2440e93: cophenetic index 624; 1.2 s; peak memory 605 MiB.
2026-09-26T13:13:48Z INFO [472/500] 157441c1-54d7-43ae-844c-0f77e6931b54: cophenetic index 907; 1.3 s; peak memory 605 MiB.
2026-09-26T13:13:56Z INFO [473/500] 15748152-ea50-46d3-bab5-bf540d68c275: cophenetic index 93419; 7.8 s; peak memory 605 MiB.
2026-09-26T13:13:59Z INFO [474/500] 1574a992-fae0-472d-a284-c7112be91547: cophenetic index 1514; 2.4 s; peak memory 605 MiB.
2026-09-26T13:14:03Z INFO [475/500] 1574f950-c66c-443d-b85f-775800dbfb92: cophenetic index 18611; 4.6 s; peak memory 605 MiB.
2026-09-26T13:14:07Z INFO [476/500] 157569a0-e247-4037-a3d9-86ff639e8bad: cophenetic index 2236; 3.7 s; peak memory 605 MiB.
2026-09-26T13:14:09Z INFO [477/500] 1576356e-9b61-48bf-a48d-29c02389ddf1: cophenetic index 23206; 1.6 s; peak memory 605 MiB.
2026-09-26T13:14:10Z INFO [478/500] 157764f3-23ad-4a94-b182-be04a36adb67: cophenetic index 490; 1.2 s; peak memory 605 MiB.
2026-09-26T13:14:11Z INFO [479/500] 1578962d-a93f-4aa8-8e0a-19ec3de72ec0: cophenetic index 624; 1.1 s; peak memory 605 MiB.
2026-09-26T13:14:13Z INFO [480/500] 1578d824-aed3-408d-a73d-dd35886ca335: cophenetic index 99120; 1.8 s; peak memory 605 MiB.
2026-09-26T13:14:15Z INFO [481/500] 15791cda-a6e4-45d2-be06-9b18cdd6ec57: cophenetic index 895; 2.3 s; peak memory 605 MiB.
2026-09-26T13:14:16Z INFO [482/500] 157a1381-264d-4dc8-b4f7-f66d9a4fc864: cophenetic index 2974; 1.4 s; peak memory 605 MiB.
2026-09-26T13:14:18Z INFO [483/500] 157a2112-e49f-4295-bcc1-2f2042984060: cophenetic index 2625; 1.7 s; peak memory 605 MiB.
2026-09-26T13:14:19Z INFO [484/500] 157af223-d8e8-412c-b488-9c4e171d4237: cophenetic index 3004; 1.5 s; peak memory 605 MiB.
2026-09-26T13:14:21Z INFO [485/500] 157af456-6443-4c65-beca-139754b69055: cophenetic index 624; 1.3 s; peak memory 605 MiB.
2026-09-26T13:14:22Z INFO [486/500] 157b3cfc-a11d-4660-be15-4f15571c4ab3: cophenetic index 3087; 1.3 s; peak memory 605 MiB.
2026-09-26T13:14:24Z INFO [487/500] 157b47f9-9f03-4f35-8275-e8d3eaefb92b: cophenetic index 2570; 1.7 s; peak memory 605 MiB.
2026-09-26T13:14:27Z INFO [488/500] 157b71f7-cb12-4370-a736-ddf4ff886fbe: cophenetic index 6490; 2.9 s; peak memory 605 MiB.
2026-09-26T13:14:29Z INFO [489/500] 157b8a2d-2155-4b54-b2f3-ed5cff4c2db7: cophenetic index 99120; 2.2 s; peak memory 605 MiB.
2026-09-26T13:14:30Z INFO [490/500] 157c32e2-cd30-436c-9690-3b710a0ca085: cophenetic index 729; 1.0 s; peak memory 605 MiB.
2026-09-26T13:14:36Z INFO [491/500] 157c801c-1fd7-470e-bbd4-8518f4e27d91: cophenetic index 6800; 5.8 s; peak memory 605 MiB.
2026-09-26T13:14:37Z INFO [492/500] 157dab3a-ffc7-439e-9c3c-1f2a3bc9c897: cophenetic index 490; 1.0 s; peak memory 605 MiB.
2026-09-26T13:14:49Z INFO [493/500] 157db580-5c02-4528-80c3-a276a4560783: cophenetic index 48665; 12.1 s; peak memory 605 MiB.
2026-09-26T13:14:50Z INFO [494/500] 157ea22a-157c-4fbd-8629-fd01cfe4c7a8: cophenetic index 2570; 1.6 s; peak memory 605 MiB.
2026-09-26T13:14:52Z INFO [495/500] 157fb118-2c0e-4fec-b841-868a79afa067: cophenetic index 23379; 1.4 s; peak memory 605 MiB.
2026-09-26T13:14:53Z INFO [496/500] 1580228d-feb4-45de-9f9c-2b28c6bf705e: cophenetic index 729; 1.0 s; peak memory 605 MiB.
2026-09-26T13:14:54Z INFO [497/500] 1581760e-6e30-447e-af5c-f569d863f1ab: cophenetic index 23250; 1.5 s; peak memory 605 MiB.
2026-09-26T13:14:55Z INFO [498/500] 1581e000-13f1-470e-8fff-01a7ba0b14e7: cophenetic index 630; 1.1 s; peak memory 605 MiB.
2026-09-26T13:14:56Z INFO [499/500] 1581e060-3f8d-4bdf-aa2d-a56bbfcf0aec: cophenetic index 649; 1.2 s; peak memory 605 MiB.
2026-09-26T13:14:58Z INFO [500/500] 1581e6f2-2f44-47fa-80e5-ce4de108b39e: cophenetic index 624; 1.1 s; peak memory 605 MiB.
2026-09-26T13:14:58Z INFO [500/500] 1581e6f2-2f44-47fa-80e5-ce4de108b39e: checkpointed 56459 records.
2026-09-26T13:14:58Z INFO Wrote 56459 records to /tmp/derivatives/valid_nwb_file_to_cophenetic_index.jsonl (495 new, 5 failed) in 31.4 min (peak memory 605 MiB).
