2026-09-30T23:32:10Z INFO Logging to /tmp/logs/update_2026-09-30T23-32-10Z.log.
2026-09-30T23:32:10Z INFO Update valid-nwb-file-to-cophenetic-index (base directory /tmp).
2026-09-30T23:32:10Z INFO Processing 500 items (60402 already recorded).
2026-09-30T23:32:11Z WARNING 024ef50f-ac6f-49ea-806b-93ef4b5e8644: failed while reading the NWB file (KeyError: 'Unable to synchronously open object (component not found)')
2026-09-30T23:32:11Z WARNING [1/500] 024ef50f-ac6f-49ea-806b-93ef4b5e8644: leaving unrecorded for a later run to retry.
2026-09-30T23:32:12Z WARNING 09073220-fbea-45d2-9a39-2cc61fcdc2a1: failed while reading the NWB file (KeyError: 'Unable to synchronously open object (component not found)')
2026-09-30T23:32:12Z WARNING [2/500] 09073220-fbea-45d2-9a39-2cc61fcdc2a1: leaving unrecorded for a later run to retry.
2026-09-30T23:32:13Z WARNING 0dec427d-4db4-44c3-988a-c37959ceaff3: failed while reading the NWB file (KeyError: 'Unable to synchronously open object (component not found)')
2026-09-30T23:32:13Z WARNING [3/500] 0dec427d-4db4-44c3-988a-c37959ceaff3: leaving unrecorded for a later run to retry.
2026-09-30T23:32:14Z WARNING 0f7396ad-67ec-468a-b6a6-5599cb507f54: failed while reading the NWB file (KeyError: 'Unable to synchronously open object (component not found)')
2026-09-30T23:32:14Z WARNING [4/500] 0f7396ad-67ec-468a-b6a6-5599cb507f54: leaving unrecorded for a later run to retry.
2026-09-30T23:32:15Z WARNING 1066b3ba-83d9-4cb3-bfe3-ecf8539e2334: failed while reading the NWB file (KeyError: 'Unable to synchronously open object (component not found)')
2026-09-30T23:32:15Z WARNING [5/500] 1066b3ba-83d9-4cb3-bfe3-ecf8539e2334: leaving unrecorded for a later run to retry.
2026-09-30T23:32:16Z WARNING 17a546c4-6425-4c56-a43e-9f9f272d299c: failed while reading the NWB file (KeyError: 'Unable to synchronously open object (component not found)')
2026-09-30T23:32:16Z WARNING [6/500] 17a546c4-6425-4c56-a43e-9f9f272d299c: leaving unrecorded for a later run to retry.
2026-09-30T23:32:16Z WARNING 19998990-d06f-40db-8d07-c5121b317b6a: failed while reading the NWB file (KeyError: 'Unable to synchronously open object (component not found)')
2026-09-30T23:32:16Z WARNING [7/500] 19998990-d06f-40db-8d07-c5121b317b6a: leaving unrecorded for a later run to retry.
2026-09-30T23:32:17Z WARNING 1a18ed31-9155-4512-919f-b6875d14b9f3: failed while reading the NWB file (KeyError: 'Unable to synchronously open object (component not found)')
2026-09-30T23:32:17Z WARNING [8/500] 1a18ed31-9155-4512-919f-b6875d14b9f3: leaving unrecorded for a later run to retry.
2026-09-30T23:32:18Z WARNING 1c2fff6f-f3a7-43fb-b7e2-a33218d41614: failed while reading the NWB file (KeyError: 'Unable to synchronously open object (component not found)')
2026-09-30T23:32:18Z WARNING [9/500] 1c2fff6f-f3a7-43fb-b7e2-a33218d41614: leaving unrecorded for a later run to retry.
2026-09-30T23:32:19Z INFO [10/500] 1d98b9ba-16d7-48d0-8ed1-37c0f03b68c7: cophenetic index 949; 1.3 s; peak memory 97 MiB.
2026-09-30T23:32:20Z INFO [11/500] 1d9908f5-fbb6-4bfe-8a47-5c57a4be4a64: cophenetic index 3004; 0.9 s; peak memory 97 MiB.
2026-09-30T23:32:21Z INFO [12/500] 1d996bc2-de44-43f9-baf6-3277d5a6e05c: cophenetic index 624; 0.7 s; peak memory 97 MiB.
2026-09-30T23:32:26Z INFO [13/500] 1d9ad242-b3ba-4538-9e03-1a1b3359f9b7: cophenetic index 461328; 4.7 s; peak memory 116 MiB.
2026-09-30T23:32:32Z INFO [14/500] 1d9b02df-c3df-4e6e-b12d-71972b1e973a: cophenetic index 323257; 6.0 s; peak memory 118 MiB.
2026-09-30T23:32:32Z INFO [15/500] 1d9b96fd-631d-4949-9ca7-89345836eb37: cophenetic index 907; 0.6 s; peak memory 118 MiB.
2026-09-30T23:32:33Z INFO [16/500] 1d9befb5-79e1-4aff-b99e-f799ea31b19c: cophenetic index 3004; 1.1 s; peak memory 118 MiB.
2026-09-30T23:32:37Z INFO [17/500] 1d9c6081-9f6c-404d-a5b2-d6847dc473e1: cophenetic index 87573; 3.8 s; peak memory 118 MiB.
2026-09-30T23:32:38Z INFO [18/500] 1d9c6a09-ede2-4f3f-bb90-ff77e6555b23: cophenetic index 1087; 1.1 s; peak memory 118 MiB.
2026-09-30T23:32:39Z INFO [19/500] 1d9cd60a-2d9f-47dc-8a3a-8c29006120c8: cophenetic index 2625; 1.1 s; peak memory 118 MiB.
2026-09-30T23:32:50Z INFO [20/500] 1d9ce6c5-6b74-4ea3-84d0-bef08402f465: cophenetic index 142987; 11.0 s; peak memory 123 MiB.
2026-09-30T23:32:51Z INFO [21/500] 1d9d1445-1930-4860-80ef-cf9ef614e3c5: cophenetic index 624; 0.6 s; peak memory 123 MiB.
2026-09-30T23:32:52Z INFO [22/500] 1d9d6405-d307-4dad-8cbb-68536afee9e6: cophenetic index 2625; 0.6 s; peak memory 123 MiB.
2026-09-30T23:32:52Z INFO [23/500] 1d9e8652-b927-44dc-82d3-26b3e911ecb6: cophenetic index 624; 0.8 s; peak memory 123 MiB.
2026-09-30T23:32:57Z INFO [24/500] 1d9e970b-8c15-471e-bf25-9d39bcad9cf4: cophenetic index 5466; 4.1 s; peak memory 123 MiB.
2026-09-30T23:33:01Z INFO [25/500] 1d9f7668-c1d8-4203-8ae6-77548994a2a6: cophenetic index 110758; 4.7 s; peak memory 123 MiB.
2026-09-30T23:33:02Z INFO [26/500] 1da02dbb-09d5-45d9-bd29-0b48fcb70480: cophenetic index 624; 0.6 s; peak memory 123 MiB.
2026-09-30T23:33:02Z INFO [27/500] 1da089ed-ea48-417c-b7ed-48853073a0b0: cophenetic index 624; 0.6 s; peak memory 123 MiB.
2026-09-30T23:33:04Z INFO [28/500] 1da0ab11-0640-44cf-bc1d-7eb871de8577: cophenetic index 33986; 1.1 s; peak memory 123 MiB.
2026-09-30T23:33:04Z INFO [29/500] 1da0cf91-e2cd-4e63-88a1-a0cb8875517a: cophenetic index 2625; 0.9 s; peak memory 123 MiB.
2026-09-30T23:33:09Z INFO [30/500] 1da25bc1-a39a-4c4d-a4c5-452a00d416c2: cophenetic index 87573; 4.0 s; peak memory 123 MiB.
2026-09-30T23:33:14Z INFO [31/500] 1da279fe-62a5-46ff-b88b-7c880466ad9a: cophenetic index 170880; 5.6 s; peak memory 123 MiB.
2026-09-30T23:33:20Z INFO [32/500] 1da2ddec-0bd6-4a74-b981-90d3504b4e62: cophenetic index 120433; 5.6 s; peak memory 123 MiB.
2026-09-30T23:33:20Z INFO [33/500] 1da33e6a-f58e-4f5a-80be-f623fc707a8d: cophenetic index 490; 0.3 s; peak memory 123 MiB.
2026-09-30T23:33:21Z INFO [34/500] 1da4db93-bf2e-4724-90f8-13a5e8ea1012: cophenetic index 624; 0.5 s; peak memory 123 MiB.
2026-09-30T23:33:22Z INFO [35/500] 1da5be43-6c13-4a71-b322-21bbd672b67c: cophenetic index 1144; 1.4 s; peak memory 123 MiB.
2026-09-30T23:33:23Z INFO [36/500] 1da68a17-aded-4de8-ac46-dbbd484ebcde: cophenetic index 2974; 0.9 s; peak memory 123 MiB.
2026-09-30T23:33:24Z INFO [37/500] 1da7766e-d2a2-4cb7-9e3c-6f1f5e8c59d8: cophenetic index 2402; 1.6 s; peak memory 123 MiB.
2026-09-30T23:33:25Z INFO [38/500] 1da7cc59-7346-45c8-a48d-3998570e7e9e: cophenetic index 3087; 0.8 s; peak memory 123 MiB.
2026-09-30T23:33:27Z INFO [39/500] 1da7e589-8987-46cb-96dc-19ee6916b975: cophenetic index 5473; 2.3 s; peak memory 123 MiB.
2026-09-30T23:33:31Z INFO [40/500] 1da7ed1d-1800-4066-b03d-194ce509a9d9: cophenetic index 68710; 4.0 s; peak memory 123 MiB.
2026-09-30T23:33:32Z INFO [41/500] 1da81064-c71c-4d01-be78-723e0074b1c2: cophenetic index 3004; 0.7 s; peak memory 123 MiB.
2026-09-30T23:33:33Z INFO [42/500] 1da868d1-2622-49ec-91ec-80e2096fc04d: cophenetic index 624; 0.7 s; peak memory 123 MiB.
2026-09-30T23:33:41Z INFO [43/500] 1da8b38b-5d41-4dfe-9525-61f85bb39c89: cophenetic index 64690346; 8.4 s; peak memory 230 MiB.
2026-09-30T23:33:43Z INFO [44/500] 1da9a708-d0f6-44bf-aab8-6dd09170777e: cophenetic index 2402; 1.6 s; peak memory 230 MiB.
2026-09-30T23:33:44Z INFO [45/500] 1da9f0d1-9994-4892-b416-b06ca8afb321: cophenetic index 624; 0.8 s; peak memory 230 MiB.
2026-09-30T23:33:44Z INFO [46/500] 1daa4d84-d052-4e8f-a481-aa515f8714a1: cophenetic index 3087; 0.7 s; peak memory 230 MiB.
2026-09-30T23:33:48Z INFO [47/500] 1daa510b-af8a-4fbe-bd8e-32dc5f0b944f: cophenetic index 2333; 3.2 s; peak memory 230 MiB.
2026-09-30T23:33:48Z INFO [48/500] 1dab5281-63bf-4955-b4db-3541076e9628: cophenetic index 624; 0.7 s; peak memory 230 MiB.
2026-09-30T23:33:49Z INFO [49/500] 1dab7faa-0f50-4a48-b290-e5224331ced3: cophenetic index 490; 0.4 s; peak memory 230 MiB.
2026-09-30T23:33:50Z INFO [50/500] 1dac599f-471e-4975-9343-31004e41ec25: cophenetic index 624; 0.8 s; peak memory 230 MiB.
2026-09-30T23:33:50Z INFO [50/500] 1dac599f-471e-4975-9343-31004e41ec25: checkpointed 60443 records.
2026-09-30T23:33:53Z INFO [51/500] 1dad1f81-34b9-4d72-9905-5e4d695b8faa: cophenetic index 50726; 3.0 s; peak memory 230 MiB.
2026-09-30T23:33:53Z INFO [52/500] 1dad4e80-3660-4017-a079-40aff450866f: cophenetic index 563; 0.9 s; peak memory 230 MiB.
2026-09-30T23:33:54Z INFO [53/500] 1dad5899-f742-4f37-818a-f1a571c5c7a5: cophenetic index 624; 0.6 s; peak memory 230 MiB.
2026-09-30T23:33:55Z INFO [54/500] 1dadb1a5-4e3b-42b5-99ab-d048305da156: cophenetic index 687; 0.7 s; peak memory 230 MiB.
2026-09-30T23:33:55Z INFO [55/500] 1dadc056-6e41-40e2-a000-f8fba6a23ee6: cophenetic index 2570; 0.7 s; peak memory 230 MiB.
2026-09-30T23:33:56Z INFO [56/500] 1dadfc09-3571-466a-903d-8967a67f4262: cophenetic index 3087; 0.8 s; peak memory 230 MiB.
2026-09-30T23:33:57Z INFO [57/500] 1daec292-d9bb-4aed-b851-78d7af34e7d6: cophenetic index 624; 0.7 s; peak memory 230 MiB.
2026-09-30T23:33:58Z INFO [58/500] 1dafe7db-1f6b-4c8d-aabc-23c92f3acb72: cophenetic index 3004; 0.6 s; peak memory 230 MiB.
2026-09-30T23:33:59Z INFO [59/500] 1db00230-eeaf-48b1-872e-17589f693e5a: cophenetic index 33968; 1.1 s; peak memory 230 MiB.
2026-09-30T23:33:59Z INFO [60/500] 1db0293e-ebd7-4f03-998f-727f1dde3501: cophenetic index 3087; 0.6 s; peak memory 230 MiB.
2026-09-30T23:34:00Z INFO [61/500] 1db104b5-f819-4537-981e-3e27cfd89282: cophenetic index 3004; 0.7 s; peak memory 230 MiB.
2026-09-30T23:34:01Z INFO [62/500] 1db180d6-095f-442b-8329-ec7748e31ee4: cophenetic index 624; 0.7 s; peak memory 230 MiB.
2026-09-30T23:34:04Z INFO [63/500] 1db38ba7-77fb-4747-b60c-75d11305f65f: cophenetic index 20899; 3.7 s; peak memory 230 MiB.
2026-09-30T23:34:05Z INFO [64/500] 1db3be7c-04ef-4d5f-922a-1c31c3657006: cophenetic index 3004; 0.7 s; peak memory 230 MiB.
2026-09-30T23:34:06Z INFO [65/500] 1db68184-d2e1-46c8-8bb2-48483bf6e391: cophenetic index 1087; 0.9 s; peak memory 230 MiB.
2026-09-30T23:34:07Z INFO [66/500] 1db6f60c-61be-4beb-a472-ed49816a2d3d: cophenetic index 612; 0.6 s; peak memory 230 MiB.
2026-09-30T23:34:07Z INFO [67/500] 1db757be-5a74-42a2-9aae-01d27b83832f: cophenetic index 624; 0.7 s; peak memory 230 MiB.
2026-09-30T23:34:09Z INFO [68/500] 1db84ccb-657e-4174-9b26-157044f25645: cophenetic index 2402; 1.4 s; peak memory 230 MiB.
2026-09-30T23:34:09Z INFO [69/500] 1db8a8f7-4691-4cb8-997f-086bd0664e37: cophenetic index 624; 0.7 s; peak memory 230 MiB.
2026-09-30T23:34:10Z INFO [70/500] 1db8de94-0672-4ab5-b084-33df3274d60f: cophenetic index 2974; 0.7 s; peak memory 230 MiB.
2026-09-30T23:34:11Z INFO [71/500] 1dba8211-3af1-4c97-b672-bd868102e7e6: cophenetic index 613; 1.1 s; peak memory 230 MiB.
2026-09-30T23:34:13Z INFO [72/500] 1dbaa11a-73b8-4184-900a-686cf560fe28: cophenetic index 5473; 2.1 s; peak memory 230 MiB.
2026-09-30T23:34:15Z INFO [73/500] 1dbb0207-31d5-4549-bb19-eae1b57c7494: cophenetic index 2236; 2.1 s; peak memory 230 MiB.
2026-09-30T23:34:40Z INFO [74/500] 1dbb24ef-8e74-48d4-a07a-dee8090f9fb5: cophenetic index 18641867; 25.2 s; peak memory 230 MiB.
2026-09-30T23:34:41Z INFO [75/500] 1dbcc9aa-baa9-4ffb-b34a-3d845ecc801a: cophenetic index 2923; 0.8 s; peak memory 230 MiB.
2026-09-30T23:34:43Z INFO [76/500] 1dbe1169-c952-4fc9-914d-8e1a6cd02687: cophenetic index 4617; 2.3 s; peak memory 230 MiB.
2026-09-30T23:34:44Z INFO [77/500] 1dbe7250-2e1c-46ae-84c2-7a42e26e176a: cophenetic index 624; 0.8 s; peak memory 230 MiB.
2026-09-30T23:34:47Z INFO [78/500] 1dbf074d-1a00-4c86-b5df-2ac4710ed7ba: cophenetic index 24754; 2.9 s; peak memory 230 MiB.
2026-09-30T23:34:48Z INFO [79/500] 1dbf96de-8f98-46d5-ba1b-082cd535324f: cophenetic index 2570; 0.8 s; peak memory 230 MiB.
2026-09-30T23:34:49Z INFO [80/500] 1dbf98da-8d10-4894-a412-f820b59ac1f7: cophenetic index 33986; 0.9 s; peak memory 230 MiB.
2026-09-30T23:34:50Z INFO [81/500] 1dc18584-95d6-46a8-9e3b-ac56230c97b7: cophenetic index 431; 0.7 s; peak memory 230 MiB.
2026-09-30T23:34:50Z INFO [82/500] 1dc186c1-8ff9-4801-9e77-1a8e8cd91416: cophenetic index 26986; 0.9 s; peak memory 230 MiB.
2026-09-30T23:34:51Z INFO [83/500] 1dc1a23b-df98-4597-8ade-705c829a1ecb: cophenetic index 494; 0.6 s; peak memory 230 MiB.
2026-09-30T23:34:55Z INFO [84/500] 1dc1dad9-3d72-4343-9bf8-0d2a007d34c0: cophenetic index 79339; 3.9 s; peak memory 230 MiB.
2026-09-30T23:34:56Z INFO [85/500] 1dc1eb3c-e4f0-417c-b88f-de6cd3d34e48: cophenetic index 3004; 0.7 s; peak memory 230 MiB.
2026-09-30T23:34:56Z INFO [86/500] 1dc22adb-39d4-4e28-9dcc-a03df621ef08: cophenetic index 624; 0.6 s; peak memory 230 MiB.
2026-09-30T23:34:57Z INFO [87/500] 1dc24d72-0d0f-43c8-8b24-8bae85931528: cophenetic index 517; 0.5 s; peak memory 230 MiB.
2026-09-30T23:34:57Z INFO [88/500] 1dc2e9a9-ae6d-471e-b7b7-4b684731b3de: cophenetic index 1228; 0.5 s; peak memory 230 MiB.
2026-09-30T23:34:59Z INFO [89/500] 1dc357df-f832-4bb7-98f9-047807f980bc: cophenetic index 3620; 1.9 s; peak memory 230 MiB.
2026-09-30T23:35:00Z INFO [90/500] 1dc372e0-ee9d-4cc6-9f58-1089e6dbf2ed: cophenetic index 572; 0.7 s; peak memory 230 MiB.
2026-09-30T23:35:05Z INFO [91/500] 1dc389f7-c2ef-43b6-935a-ba75dcee8b6e: cophenetic index 131809; 5.2 s; peak memory 230 MiB.
2026-09-30T23:35:06Z INFO [92/500] 1dc45975-bae1-4c65-919b-714fdf606de2: cophenetic index 2625; 0.9 s; peak memory 230 MiB.
2026-09-30T23:35:07Z INFO [93/500] 1dc48393-fa5d-4ba0-b5b2-c731e754a7d7: cophenetic index 3004; 0.9 s; peak memory 230 MiB.
2026-09-30T23:35:10Z INFO [94/500] 1dc4c9fd-62e8-47d9-9fb0-ffb6ccee6c82: cophenetic index 36823; 3.0 s; peak memory 230 MiB.
2026-09-30T23:35:12Z INFO [95/500] 1dc4e6cf-cc9d-46e1-92b5-eb659429682a: cophenetic index 2402; 1.6 s; peak memory 230 MiB.
2026-09-30T23:35:12Z INFO [96/500] 1dc5c5d8-16a0-41f1-bc89-08fd22640bc3: cophenetic index 627; 0.5 s; peak memory 230 MiB.
2026-09-30T23:35:13Z INFO [97/500] 1dc5e9cc-9ba5-4b90-ae9a-1553a5c8b7cc: cophenetic index 3004; 0.7 s; peak memory 230 MiB.
2026-09-30T23:35:14Z INFO [98/500] 1dc6e51f-b75d-47fb-85d5-3a92b25dc2c2: cophenetic index 33998; 1.1 s; peak memory 230 MiB.
2026-09-30T23:35:15Z INFO [99/500] 1dc6fa63-b60c-4f5c-a8c5-198e898243d8: cophenetic index 2974; 0.7 s; peak memory 230 MiB.
2026-09-30T23:36:16Z INFO [100/500] 1dc70f18-fb71-4bd0-9214-d7564c11619d: cophenetic index 31464212; 61.6 s; peak memory 310 MiB.
2026-09-30T23:36:16Z INFO [100/500] 1dc70f18-fb71-4bd0-9214-d7564c11619d: checkpointed 60493 records.
2026-09-30T23:36:20Z INFO [101/500] 1dc7342e-a57b-431a-8452-99eede7e142d: cophenetic index 9548; 3.7 s; peak memory 310 MiB.
2026-09-30T23:36:21Z INFO [102/500] 1dc7caf1-875b-43a3-b507-8dbd6cb78a26: cophenetic index 624; 0.6 s; peak memory 310 MiB.
2026-09-30T23:36:21Z INFO [103/500] 1dc8151f-89fe-426b-928e-e8c7e036f037: cophenetic index 3004; 0.6 s; peak memory 310 MiB.
2026-09-30T23:36:22Z INFO [104/500] 1dc982a8-e200-44e2-9761-a48f67ce3cce: cophenetic index 1025; 0.6 s; peak memory 310 MiB.
2026-09-30T23:36:23Z INFO [105/500] 1dc989b1-af97-45b2-a42d-d36345e41227: cophenetic index 3004; 0.9 s; peak memory 310 MiB.
2026-09-30T23:36:24Z INFO [106/500] 1dc9c469-60ac-44ac-a078-35c245b135f1: cophenetic index 4586; 1.0 s; peak memory 310 MiB.
2026-09-30T23:36:24Z INFO [107/500] 1dca1073-fdae-41e7-aae9-6854e4e2d202: cophenetic index 446; 0.4 s; peak memory 310 MiB.
2026-09-30T23:36:26Z INFO [108/500] 1dcb4083-0308-4a14-b7cb-5ffd02b024b9: cophenetic index 3644; 1.6 s; peak memory 310 MiB.
2026-09-30T23:36:29Z INFO [109/500] 1dcc97f7-d376-4382-8f2d-74639eb18400: cophenetic index 87573; 3.1 s; peak memory 310 MiB.
2026-09-30T23:36:31Z INFO [110/500] 1dcc9d00-8d64-4acd-843f-34988cef12b5: cophenetic index 8129; 1.6 s; peak memory 310 MiB.
2026-09-30T23:36:33Z INFO [111/500] 1dcc9d95-4fc4-4e3f-b332-24d8cedf2cb9: cophenetic index 2236; 2.2 s; peak memory 310 MiB.
2026-09-30T23:36:36Z INFO [112/500] 1dcd89c6-bc8c-4473-8e24-0a09d7261170: cophenetic index 998498; 3.0 s; peak memory 310 MiB.
2026-09-30T23:36:36Z INFO [113/500] 1dceb257-5b25-47ee-a26c-7c005c9edac4: cophenetic index 3087; 0.7 s; peak memory 310 MiB.
2026-09-30T23:36:37Z INFO [114/500] 1dceba6a-1772-45e5-b5cc-76ed4ee1f72d: cophenetic index 624; 0.8 s; peak memory 310 MiB.
2026-09-30T23:36:38Z INFO [115/500] 1dcf4f9b-98dd-461c-aa6c-8c05b46193d7: cophenetic index 649; 0.7 s; peak memory 310 MiB.
2026-09-30T23:36:38Z INFO [116/500] 1dcf5961-4d48-4044-87ab-f682216ca46d: cophenetic index 681; 0.6 s; peak memory 310 MiB.
2026-09-30T23:36:39Z INFO [117/500] 1dcf59c8-f74b-419a-b455-9e55016e7755: cophenetic index 33968; 0.9 s; peak memory 310 MiB.
2026-09-30T23:36:40Z INFO [118/500] 1dcf8bd2-0a79-4046-9523-0740794bf6e1: cophenetic index 605; 0.7 s; peak memory 310 MiB.
2026-09-30T23:36:45Z INFO [119/500] 1dcf8d9e-d746-473e-bde8-bc277cfa0f3b: cophenetic index 104973; 4.9 s; peak memory 310 MiB.
2026-09-30T23:36:51Z INFO [120/500] 1dd1a439-db4b-47ab-bb03-126642380907: cophenetic index 165701; 6.0 s; peak memory 310 MiB.
2026-09-30T23:36:53Z INFO [121/500] 1dd1b867-baaa-4fec-ac58-67e13e5b224b: cophenetic index 3243; 2.1 s; peak memory 310 MiB.
2026-09-30T23:36:54Z INFO [122/500] 1dd22b19-ca7e-42ae-8a1e-480b6ff4baab: cophenetic index 624; 0.6 s; peak memory 310 MiB.
2026-09-30T23:36:54Z INFO [123/500] 1dd240c1-5a78-4a70-b656-93428d8ead19: cophenetic index 490; 0.4 s; peak memory 310 MiB.
2026-09-30T23:36:56Z INFO [124/500] 1dd3b9ed-f002-4a45-8096-e9d187769108: cophenetic index 2391; 1.6 s; peak memory 310 MiB.
2026-09-30T23:36:56Z INFO [125/500] 1dd4582a-7524-41a1-8bba-a0b62ca9ac92: cophenetic index 1848; 0.5 s; peak memory 310 MiB.
2026-09-30T23:36:57Z INFO [126/500] 1dd561af-0d9b-421c-81f4-dcb54ec87a2c: cophenetic index 3004; 0.8 s; peak memory 310 MiB.
2026-09-30T23:36:58Z INFO [127/500] 1dd56bf1-c687-4dc8-a69a-e0f652b1b9c4: cophenetic index 2625; 0.8 s; peak memory 310 MiB.
2026-09-30T23:36:59Z INFO [128/500] 1dd57812-1967-407c-a371-6c15b963eca8: cophenetic index 2701; 0.8 s; peak memory 310 MiB.
2026-09-30T23:36:59Z INFO [129/500] 1dd60ac8-16c1-4194-bcf9-e2482d971429: cophenetic index 3087; 0.7 s; peak memory 310 MiB.
2026-09-30T23:37:06Z INFO [130/500] 1dd84b50-4393-495f-a1cc-ccbe6de354da: cophenetic index 298119; 6.8 s; peak memory 310 MiB.
2026-09-30T23:37:06Z INFO [131/500] 1dd8cd25-636d-4043-bcb0-790efee6aa32: cophenetic index 490; 0.5 s; peak memory 310 MiB.
2026-09-30T23:37:08Z INFO [132/500] 1dd9cdfa-769e-4915-b2bc-fd500c4dc596: cophenetic index 1970; 2.0 s; peak memory 310 MiB.
2026-09-30T23:37:09Z INFO [133/500] 1dda8ab2-f97b-4053-8f8e-d83b2400823f: cophenetic index 649; 0.9 s; peak memory 310 MiB.
2026-09-30T23:37:10Z INFO [134/500] 1ddaaa7a-c34a-4680-8496-0c63cbd077b4: cophenetic index 33998; 1.2 s; peak memory 310 MiB.
2026-09-30T23:37:11Z INFO [135/500] 1ddac4f9-9a62-4373-9813-6e92fb50afd0: cophenetic index 3087; 0.7 s; peak memory 310 MiB.
2026-09-30T23:37:16Z INFO [136/500] 1ddae124-56e9-438e-825a-b6247f9cdfc9: cophenetic index 220344; 4.7 s; peak memory 310 MiB.
2026-09-30T23:37:17Z INFO [137/500] 1ddafc25-b3da-4fd4-89ef-6a7ce23dd617: cophenetic index 33998; 1.6 s; peak memory 310 MiB.
2026-09-30T23:37:18Z INFO [138/500] 1ddc4dcf-b92c-4d4c-b3b2-ccedbcd8df7b: cophenetic index 624; 0.8 s; peak memory 310 MiB.
2026-09-30T23:37:19Z INFO [139/500] 1ddcd323-eda3-4075-bf86-de19c987d029: cophenetic index 2034; 1.0 s; peak memory 310 MiB.
2026-09-30T23:37:20Z INFO [140/500] 1dddbc1f-4d82-4c47-8520-0249f370b03b: cophenetic index 1380; 0.9 s; peak memory 310 MiB.
2026-09-30T23:37:21Z INFO [141/500] 1dde0497-cc44-49e9-b550-e187e171d961: cophenetic index 624; 0.8 s; peak memory 310 MiB.
2026-09-30T23:37:21Z INFO [142/500] 1dde2260-fbfa-4675-a101-4a7703473d88: cophenetic index 413; 0.4 s; peak memory 310 MiB.
2026-09-30T23:37:29Z INFO [143/500] 1dde658c-382f-4302-9df6-816c871815c6: cophenetic index 353926; 7.7 s; peak memory 311 MiB.
2026-09-30T23:37:32Z INFO [144/500] 1ddedd46-bc2b-483e-bb6a-0ede4968e8aa: cophenetic index 15104; 2.8 s; peak memory 311 MiB.
2026-09-30T23:37:34Z INFO [145/500] 1ddf412f-83b5-49d4-8f2e-b280c8897197: cophenetic index 2236; 2.1 s; peak memory 311 MiB.
2026-09-30T23:37:38Z INFO [146/500] 1ddf4ab0-d990-4d77-ae84-9def4c852722: cophenetic index 60565; 4.0 s; peak memory 311 MiB.
2026-09-30T23:37:39Z INFO [147/500] 1ddfd9fa-a83f-411b-8dfc-6654eef85f56: cophenetic index 809; 1.5 s; peak memory 311 MiB.
2026-09-30T23:37:45Z INFO [148/500] 1ddfe9dc-c09e-439e-a47d-de05dcd317c8: cophenetic index 168251; 5.6 s; peak memory 311 MiB.
2026-09-30T23:37:46Z INFO [149/500] 1de0ef30-5dcf-4e26-b423-7b348464e5ac: cophenetic index 761; 0.5 s; peak memory 311 MiB.
2026-09-30T23:37:46Z INFO [150/500] 1de15a59-4601-4878-9f72-da064402a080: cophenetic index 624; 0.6 s; peak memory 311 MiB.
2026-09-30T23:37:46Z INFO [150/500] 1de15a59-4601-4878-9f72-da064402a080: checkpointed 60543 records.
2026-09-30T23:37:47Z INFO [151/500] 1de1befa-a40a-4e11-b293-73f285dacd3b: cophenetic index 624; 0.7 s; peak memory 311 MiB.
2026-09-30T23:37:52Z INFO [152/500] 1de1c19c-8bfa-48d8-9bd6-aa7d770b7cea: cophenetic index 195172714; 5.5 s; peak memory 311 MiB.
2026-09-30T23:37:53Z INFO [153/500] 1de1ee20-fd3b-410f-9e10-7ab5b3d8ef23: cophenetic index 1904; 0.7 s; peak memory 311 MiB.
2026-09-30T23:37:54Z INFO [154/500] 1de2a8fd-c7d1-4045-b9bb-3750a447f765: cophenetic index 99120; 0.9 s; peak memory 311 MiB.
2026-09-30T23:37:55Z INFO [155/500] 1de2eb69-97ea-444c-8e29-5e70b4b20e2a: cophenetic index 3004; 0.8 s; peak memory 311 MiB.
2026-09-30T23:37:56Z INFO [156/500] 1de31f8d-d9ba-4109-b3f5-5902b32bab3c: cophenetic index 3215; 0.8 s; peak memory 311 MiB.
2026-09-30T23:37:56Z INFO [157/500] 1de3da57-41d3-4cc5-92fd-03e4b841fe28: cophenetic index 23809; 0.7 s; peak memory 311 MiB.
2026-09-30T23:38:03Z INFO [158/500] 1de4488c-b72c-4eb3-b148-70d85a8dc8e7: cophenetic index 258270; 6.3 s; peak memory 311 MiB.
2026-09-30T23:38:08Z INFO [159/500] 1de4692f-c260-4e09-bb1b-48ec5ffdb261: cophenetic index 16035; 5.9 s; peak memory 311 MiB.
2026-09-30T23:38:12Z INFO [160/500] 1de4cc25-2609-4fa9-ae36-be251c09a03a: cophenetic index 20638; 3.5 s; peak memory 311 MiB.
2026-09-30T23:38:13Z INFO [161/500] 1de4cdcb-2574-4cef-8ca5-d6f3d3724481: cophenetic index 99138; 1.2 s; peak memory 311 MiB.
2026-09-30T23:38:15Z INFO [162/500] 1de4de4f-a483-48c8-a599-a52127c7119c: cophenetic index 6079; 1.9 s; peak memory 311 MiB.
2026-09-30T23:38:16Z INFO [163/500] 1de4eb28-fd98-4252-8e46-3f184983ca05: cophenetic index 625; 0.6 s; peak memory 311 MiB.
2026-09-30T23:38:17Z INFO [164/500] 1de52f8c-84f0-4f6c-9e7f-913b146e2c57: cophenetic index 638; 1.1 s; peak memory 311 MiB.
2026-09-30T23:38:17Z INFO [165/500] 1de52fca-94ad-497b-b040-c5d50d2b5ddf: cophenetic index 624; 0.7 s; peak memory 311 MiB.
2026-09-30T23:38:20Z INFO [166/500] 1de59614-bf2c-4c14-8d35-4dbf4e6666eb: cophenetic index 2822; 2.6 s; peak memory 311 MiB.
2026-09-30T23:38:21Z INFO [167/500] 1de5cd23-f92b-4f0e-be96-eddec7c11f2a: cophenetic index 1380; 1.1 s; peak memory 311 MiB.
2026-09-30T23:38:22Z INFO [168/500] 1de65eef-f198-4d06-8da5-d4de3b8c9c7b: cophenetic index 3004; 0.6 s; peak memory 311 MiB.
2026-09-30T23:38:25Z INFO [169/500] 1de696d2-1685-4ce6-83aa-79aa44ed999e: cophenetic index 74188; 3.4 s; peak memory 311 MiB.
2026-09-30T23:38:26Z INFO [170/500] 1de6a973-830b-4b3c-9d78-820c5d7d14bb: cophenetic index 554; 0.9 s; peak memory 311 MiB.
2026-09-30T23:38:27Z INFO [171/500] 1de78b63-27f1-4fbd-b25f-73745cfd1df9: cophenetic index 624; 0.6 s; peak memory 311 MiB.
2026-09-30T23:38:29Z INFO [172/500] 1de7a298-0e83-49f3-9c54-f01dbd905902: cophenetic index 1410; 2.7 s; peak memory 311 MiB.
2026-09-30T23:38:30Z INFO [173/500] 1de85b31-09cf-42db-873a-1d74f7409b56: cophenetic index 2625; 0.8 s; peak memory 311 MiB.
2026-09-30T23:38:31Z INFO [174/500] 1de897d7-698f-43f9-b740-b2df8909a4f1: cophenetic index 791; 1.0 s; peak memory 311 MiB.
2026-09-30T23:38:32Z INFO [175/500] 1de9f3d0-50e2-41d1-a7ae-efed2cb5ddd3: cophenetic index 624; 0.7 s; peak memory 311 MiB.
2026-09-30T23:38:32Z INFO [176/500] 1dea9d9a-b1a0-4a50-93fc-d1363b9aa4b5: cophenetic index 1228; 0.5 s; peak memory 311 MiB.
2026-09-30T23:38:33Z INFO [177/500] 1deb7667-7e53-436a-bb28-5cc1594f577c: cophenetic index 3004; 0.7 s; peak memory 311 MiB.
2026-09-30T23:38:34Z INFO [178/500] 1decaf6d-4955-47c7-9c3b-bc11f2bdf8e7: cophenetic index 626; 0.8 s; peak memory 311 MiB.
2026-09-30T23:38:35Z INFO [179/500] 1ded849b-0015-4649-b9c4-74e918da6d0b: cophenetic index 3004; 0.9 s; peak memory 311 MiB.
2026-09-30T23:38:36Z INFO [180/500] 1ded84a8-3625-4f6e-8ef4-932a085096b0: cophenetic index 1380; 1.0 s; peak memory 311 MiB.
2026-09-30T23:38:37Z INFO [181/500] 1df06060-5dfd-40ab-8e0e-b820b483a27f: cophenetic index 2162; 1.7 s; peak memory 311 MiB.
2026-09-30T23:38:39Z INFO [182/500] 1df0de7a-b1dc-433b-9a07-78abb2451c14: cophenetic index 1087; 1.4 s; peak memory 311 MiB.
2026-09-30T23:38:39Z INFO [183/500] 1df1b164-80da-4b4d-8041-1ad2011369bf: cophenetic index 3192; 0.8 s; peak memory 311 MiB.
2026-09-30T23:38:40Z INFO [184/500] 1df2832e-ede5-43a3-9461-e1e8be5397f8: cophenetic index 649; 0.8 s; peak memory 311 MiB.
2026-09-30T23:38:43Z INFO [185/500] 1df2baf3-692b-41cd-a469-b6d218adeca5: cophenetic index 30441; 3.1 s; peak memory 311 MiB.
2026-09-30T23:38:44Z INFO [186/500] 1df30151-791b-4d5e-894c-25955cb38d46: cophenetic index 2974; 0.8 s; peak memory 311 MiB.
2026-09-30T23:38:45Z INFO [187/500] 1df33b65-943a-4c09-841f-9305f5fbaa12: cophenetic index 627; 0.6 s; peak memory 311 MiB.
2026-09-30T23:38:45Z INFO [188/500] 1df4c501-204a-4da0-8e8c-370617134d44: cophenetic index 624; 0.8 s; peak memory 311 MiB.
2026-09-30T23:38:47Z INFO [189/500] 1df5ba14-2678-4268-af4d-56ddf2eae9c4: cophenetic index 1087; 1.1 s; peak memory 311 MiB.
2026-09-30T23:38:48Z INFO [190/500] 1df5f154-b893-4a94-aee0-c0c07b91267d: cophenetic index 2570; 1.2 s; peak memory 311 MiB.
2026-09-30T23:38:49Z INFO [191/500] 1df64e60-6e83-4bfd-b910-14fda906464a: cophenetic index 2625; 0.9 s; peak memory 311 MiB.
2026-09-30T23:38:49Z INFO [192/500] 1df6ae16-7cef-4747-b0bc-8177698693dc: cophenetic index 23272; 0.7 s; peak memory 311 MiB.
2026-09-30T23:38:53Z INFO [193/500] 1df8ff0e-c737-4a07-a729-d70dc1ba8dc9: cophenetic index 6800; 3.5 s; peak memory 311 MiB.
2026-09-30T23:38:58Z INFO [194/500] 1df961e3-5a8e-4287-8678-bc96c47d5c1f: cophenetic index 162235563; 4.9 s; peak memory 311 MiB.
2026-09-30T23:39:02Z INFO [195/500] 1df9ac5f-4839-4b2d-b3e1-211db6832404: cophenetic index 127377; 4.6 s; peak memory 311 MiB.
2026-09-30T23:39:03Z INFO [196/500] 1dfa1144-24bb-4e8c-8d12-4d156cce8c2e: cophenetic index 624; 0.7 s; peak memory 311 MiB.
2026-09-30T23:39:04Z INFO [197/500] 1dfae295-4f4b-4cd3-8f7f-7f5097655b2e: cophenetic index 895; 1.2 s; peak memory 311 MiB.
2026-09-30T23:39:05Z INFO [198/500] 1dfc4e61-a5fd-46cb-8e86-817a1d19ef89: cophenetic index 1558; 0.7 s; peak memory 311 MiB.
2026-09-30T23:39:06Z INFO [199/500] 1dfd661a-1571-446f-b7d4-3d75079050da: cophenetic index 624; 0.8 s; peak memory 311 MiB.
2026-09-30T23:39:06Z INFO [200/500] 1dfe2c21-6518-438f-ab02-5394a32ad797: cophenetic index 690; 0.5 s; peak memory 311 MiB.
2026-09-30T23:39:06Z INFO [200/500] 1dfe2c21-6518-438f-ab02-5394a32ad797: checkpointed 60593 records.
2026-09-30T23:39:07Z INFO [201/500] 1dfe90ff-50f2-40d7-b52a-6da95f550fb8: cophenetic index 490; 0.4 s; peak memory 311 MiB.
2026-09-30T23:39:08Z INFO [202/500] 1dfee4d9-0a7a-4265-97e6-3074997bc5ff: cophenetic index 624; 0.8 s; peak memory 311 MiB.
2026-09-30T23:39:10Z INFO [203/500] 1dff7cc3-2dcf-4ba1-a603-c7c911b69b58: cophenetic index 5473; 2.4 s; peak memory 311 MiB.
2026-09-30T23:39:13Z INFO [204/500] 1dff7fdb-1206-4e5f-ae77-d75f68e6f6d0: cophenetic index 18319; 2.6 s; peak memory 311 MiB.
2026-09-30T23:39:16Z INFO [205/500] 1e005262-fbb9-47bf-85cc-d364706934c5: cophenetic index 15380; 2.9 s; peak memory 311 MiB.
2026-09-30T23:39:17Z INFO [206/500] 1e005f20-2caf-48ff-8a62-1b3d99176fb6: cophenetic index 33986; 1.1 s; peak memory 311 MiB.
2026-09-30T23:39:17Z INFO [207/500] 1e0068a8-e463-4361-8117-46021336ee02: cophenetic index 2625; 0.8 s; peak memory 311 MiB.
2026-09-30T23:39:20Z INFO [208/500] 1e0082be-043c-4b62-a58e-8ad405365f3b: cophenetic index 9806; 2.5 s; peak memory 311 MiB.
2026-09-30T23:39:21Z INFO [209/500] 1e018c19-f223-4cec-b9a2-462056e52588: cophenetic index 624; 0.7 s; peak memory 311 MiB.
2026-09-30T23:39:22Z INFO [210/500] 1e01dab4-7705-4b13-8db3-0a9f20d4dc10: cophenetic index 2625; 0.9 s; peak memory 311 MiB.
2026-09-30T23:39:23Z INFO [211/500] 1e028e7a-ccca-454c-9e6c-9e9e73ec5baf: cophenetic index 2682; 1.5 s; peak memory 311 MiB.
2026-09-30T23:39:24Z INFO [212/500] 1e0309fe-ae6f-421d-acb1-06fe7f1be15e: cophenetic index 2682; 1.3 s; peak memory 311 MiB.
2026-09-30T23:39:25Z INFO [213/500] 1e0358df-afcc-4dcc-b724-fb1e3cddf537: cophenetic index 624; 0.6 s; peak memory 311 MiB.
2026-09-30T23:39:26Z INFO [214/500] 1e03f127-7796-4312-acb8-b61ae5bb8c20: cophenetic index 2609; 1.2 s; peak memory 311 MiB.
2026-09-30T23:39:27Z INFO [215/500] 1e057bc6-090d-4679-9e15-82fff5d08662: cophenetic index 431; 0.5 s; peak memory 311 MiB.
2026-09-30T23:39:27Z INFO [216/500] 1e05f77e-a420-4bf1-aa89-f5076e431755: cophenetic index 539; 0.7 s; peak memory 311 MiB.
2026-09-30T23:39:28Z INFO [217/500] 1e073306-1753-4c26-9958-18569e3fd2a6: cophenetic index 2625; 1.1 s; peak memory 311 MiB.
2026-09-30T23:39:29Z INFO [218/500] 1e07e26c-470d-43bb-87a9-08a0ab511450: cophenetic index 33968; 0.9 s; peak memory 311 MiB.
2026-09-30T23:39:30Z INFO [219/500] 1e0801d2-dad6-46ef-a2ee-cb6f3863f8b8: cophenetic index 624; 0.7 s; peak memory 311 MiB.
2026-09-30T23:39:32Z INFO [220/500] 1e08172d-1110-4492-8d5c-7d6e416023d4: cophenetic index 5473; 2.2 s; peak memory 311 MiB.
2026-09-30T23:39:33Z INFO [221/500] 1e086a42-8857-4a8c-af30-7907a0a0320e: cophenetic index 2570; 0.7 s; peak memory 311 MiB.
2026-09-30T23:39:34Z INFO [222/500] 1e08a14a-3b85-49c7-a40d-9dada025a610: cophenetic index 624; 0.7 s; peak memory 311 MiB.
2026-09-30T23:39:35Z INFO [223/500] 1e093b21-c479-47fb-8656-e059813c448e: cophenetic index 2625; 1.2 s; peak memory 311 MiB.
2026-09-30T23:39:35Z INFO [224/500] 1e0a9ec6-bf63-40c7-b13a-557ad0328397: cophenetic index 1993; 0.7 s; peak memory 311 MiB.
2026-09-30T23:39:36Z INFO [225/500] 1e0abbd4-bfe3-4d5e-a4d1-8902ec3ad842: cophenetic index 2625; 0.7 s; peak memory 311 MiB.
2026-09-30T23:39:37Z INFO [226/500] 1e0b7be5-8d76-4577-a01d-3cbb39f2744c: cophenetic index 3004; 0.7 s; peak memory 311 MiB.
2026-09-30T23:39:38Z INFO [227/500] 1e0c0329-72a4-45b4-9b48-5681032c226a: cophenetic index 13320; 0.8 s; peak memory 311 MiB.
2026-09-30T23:39:38Z INFO [228/500] 1e0c68d5-45cc-4232-93fe-2e1a9fa7b2fb: cophenetic index 23788; 0.6 s; peak memory 311 MiB.
2026-09-30T23:39:39Z INFO [229/500] 1e0c6abc-37e6-4c04-b38f-4b070ec7c9c9: cophenetic index 690; 0.5 s; peak memory 311 MiB.
2026-09-30T23:39:40Z INFO [230/500] 1e0d1816-7435-4a76-8a9a-5bbeba83c2c5: cophenetic index 2625; 1.0 s; peak memory 311 MiB.
2026-09-30T23:39:41Z INFO [231/500] 1e0d8f23-0580-4956-bab1-6b2793988f96: cophenetic index 2496; 1.1 s; peak memory 311 MiB.
2026-09-30T23:39:41Z INFO [232/500] 1e0e29c2-c72c-4dca-9872-7faf21d1b69d: cophenetic index 624; 0.6 s; peak memory 311 MiB.
2026-09-30T23:39:42Z INFO [233/500] 1e0e3b1e-0293-4025-9fb7-a563450e9a40: cophenetic index 624; 0.7 s; peak memory 311 MiB.
2026-09-30T23:39:43Z INFO [234/500] 1e0f46aa-0a8e-430a-b1be-4f38c59c4f18: cophenetic index 3087; 0.7 s; peak memory 311 MiB.
2026-09-30T23:39:44Z INFO [235/500] 1e0fb6f3-6cbe-4984-8b5c-a1b1f8c9cfc1: cophenetic index 2625; 1.0 s; peak memory 311 MiB.
2026-09-30T23:39:52Z INFO [236/500] 1e10c127-d510-4de6-bead-84b57ee0e381: cophenetic index 399630; 7.9 s; peak memory 311 MiB.
2026-09-30T23:39:53Z INFO [237/500] 1e1128fb-df62-4a27-ab8a-9d9500b095bc: cophenetic index 2570; 1.0 s; peak memory 311 MiB.
2026-09-30T23:39:56Z INFO [238/500] 1e127b84-aad4-4348-a258-e831ce1087a7: cophenetic index 5466; 3.5 s; peak memory 311 MiB.
2026-09-30T23:40:18Z INFO [239/500] 1e13c09e-a93b-4abb-950a-823f6968beb0: cophenetic index 4774712; 21.5 s; peak memory 311 MiB.
2026-09-30T23:40:18Z INFO [240/500] 1e13c8d7-c0ae-4cd6-be9a-bd65284a95bb: cophenetic index 624; 0.7 s; peak memory 311 MiB.
2026-09-30T23:40:19Z INFO [241/500] 1e147146-a591-4223-8ed6-69abfdc65c30: cophenetic index 729; 0.4 s; peak memory 311 MiB.
2026-09-30T23:40:20Z INFO [242/500] 1e14ad34-d2d1-4e46-b25c-dfd18062610c: cophenetic index 605; 0.8 s; peak memory 311 MiB.
2026-09-30T23:40:20Z INFO [243/500] 1e174913-06b3-4d39-b72a-f8385b23f837: cophenetic index 2974; 0.7 s; peak memory 311 MiB.
2026-09-30T23:40:24Z INFO [244/500] 1e17606d-982d-4bcf-a4b8-8ee1c6b1a150: cophenetic index 3460097; 3.9 s; peak memory 311 MiB.
2026-09-30T23:40:25Z INFO [245/500] 1e177b3e-f161-4d7a-b832-b8cdd7a58ffc: cophenetic index 624; 0.6 s; peak memory 311 MiB.
2026-09-30T23:40:25Z INFO [246/500] 1e186077-83f8-4ecb-89b2-521a128e471a: cophenetic index 1993; 0.7 s; peak memory 311 MiB.
2026-09-30T23:40:26Z INFO [247/500] 1e19186e-5408-4e67-977f-496c37e4f693: cophenetic index 624; 0.7 s; peak memory 311 MiB.
2026-09-30T23:40:27Z INFO [248/500] 1e192fc6-74cd-4fef-a1a2-3d27b9c680d7: cophenetic index 624; 0.7 s; peak memory 311 MiB.
2026-09-30T23:40:28Z INFO [249/500] 1e194299-ae1f-4c1f-bb6a-590792f047b8: cophenetic index 3004; 0.9 s; peak memory 311 MiB.
2026-09-30T23:40:29Z INFO [250/500] 1e195fe5-2280-4f97-a1cd-33e343e90f92: cophenetic index 2654; 1.4 s; peak memory 311 MiB.
2026-09-30T23:40:29Z INFO [250/500] 1e195fe5-2280-4f97-a1cd-33e343e90f92: checkpointed 60643 records.
2026-09-30T23:40:34Z INFO [251/500] 1e19c4f0-df8a-41be-a3d2-a7d11e090a1b: cophenetic index 187473; 5.3 s; peak memory 311 MiB.
2026-09-30T23:40:36Z INFO [252/500] 1e19f300-9188-411d-bf8e-f63d406c08f0: cophenetic index 766; 1.3 s; peak memory 311 MiB.
2026-09-30T23:40:36Z INFO [253/500] 1e1a5f81-6f7f-4b51-8166-0cfaef684ce9: cophenetic index 624; 0.8 s; peak memory 311 MiB.
2026-09-30T23:40:42Z INFO [254/500] 1e1aea52-80f6-4dca-8235-09f5366134b2: cophenetic index 14389; 5.7 s; peak memory 311 MiB.
2026-09-30T23:40:45Z INFO [255/500] 1e1ba423-3598-4685-a1b7-d06fa0686a03: cophenetic index 9181; 3.2 s; peak memory 311 MiB.
2026-09-30T23:40:46Z INFO [256/500] 1e1bac21-5041-44e3-b2ae-0c4e2383546f: cophenetic index 2923; 0.7 s; peak memory 311 MiB.
2026-09-30T23:40:47Z INFO [257/500] 1e1baeb6-1de6-436b-918f-e6c5921508a3: cophenetic index 605; 0.9 s; peak memory 311 MiB.
2026-09-30T23:40:49Z INFO [258/500] 1e1c0690-7f7d-41f5-833d-ff96674ff803: cophenetic index 1504; 1.7 s; peak memory 311 MiB.
2026-09-30T23:40:49Z INFO [259/500] 1e1ca36b-b7e8-4bb5-8ade-55090c0cf4da: cophenetic index 624; 0.8 s; peak memory 311 MiB.
2026-09-30T23:40:50Z INFO [260/500] 1e1ce87f-5641-40b9-9329-2cccce41122b: cophenetic index 1080; 0.7 s; peak memory 311 MiB.
2026-09-30T23:40:52Z INFO [261/500] 1e1d284b-4473-4e04-ad36-a9c554449eb0: cophenetic index 5473; 1.8 s; peak memory 311 MiB.
2026-09-30T23:40:53Z INFO [262/500] 1e1d2d46-b28a-422f-b9e7-1f5255903ee4: cophenetic index 3045; 1.3 s; peak memory 311 MiB.
2026-09-30T23:40:57Z INFO [263/500] 1e1d4a3d-3ae8-4193-8eae-34587e5134ed: cophenetic index 5466; 4.1 s; peak memory 311 MiB.
2026-09-30T23:40:58Z INFO [264/500] 1e1dd4a3-66f6-4f3f-8d58-36c2eeb2e561: cophenetic index 23272; 0.6 s; peak memory 311 MiB.
2026-09-30T23:41:04Z INFO [265/500] 1e1df2e7-1a74-443e-b664-035f2befa5a2: cophenetic index 233133; 6.2 s; peak memory 311 MiB.
2026-09-30T23:41:05Z INFO [266/500] 1e1e6a49-c92f-4261-8551-8d367af522c0: cophenetic index 1470; 0.7 s; peak memory 311 MiB.
2026-09-30T23:41:06Z INFO [267/500] 1e1e6f19-09e6-45fd-a077-99dedd631e6f: cophenetic index 605; 1.0 s; peak memory 311 MiB.
2026-09-30T23:41:07Z INFO [268/500] 1e1f76f8-fc8b-436a-ad52-86799aa0d33a: cophenetic index 624; 0.8 s; peak memory 311 MiB.
2026-09-30T23:41:07Z INFO [269/500] 1e204adb-0911-4898-a32e-4b3402abe86c: cophenetic index 624; 0.7 s; peak memory 311 MiB.
2026-09-30T23:41:08Z INFO [270/500] 1e210a7b-c9d5-496a-941b-da8dfa4c2c8a: cophenetic index 3004; 0.6 s; peak memory 311 MiB.
2026-09-30T23:41:09Z INFO [271/500] 1e211710-3d7c-4bd1-8aca-a7380fa194cd: cophenetic index 33998; 1.5 s; peak memory 311 MiB.
2026-09-30T23:41:11Z INFO [272/500] 1e215518-a646-403f-8c4d-c531696d3d71: cophenetic index 2469; 1.7 s; peak memory 311 MiB.
2026-09-30T23:41:11Z INFO [273/500] 1e228482-94cb-4967-a477-0c139cc06d5c: cophenetic index 490; 0.4 s; peak memory 311 MiB.
2026-09-30T23:41:18Z INFO [274/500] 1e22e711-29b2-4a7c-a196-eed02276bf73: cophenetic index 227095; 7.0 s; peak memory 311 MiB.
2026-09-30T23:41:19Z INFO [275/500] 1e23b9b5-6855-49f5-b2be-6026886cfbec: cophenetic index 762; 0.4 s; peak memory 311 MiB.
2026-09-30T23:41:24Z INFO [276/500] 1e23ee79-b8a5-4661-a05e-1d2c8ad3f1a1: cophenetic index 14389; 4.9 s; peak memory 311 MiB.
2026-09-30T23:41:25Z INFO [277/500] 1e23f939-1c0b-4fe0-b9ed-22f7ce9f2e12: cophenetic index 33998; 1.3 s; peak memory 311 MiB.
2026-09-30T23:41:26Z INFO [278/500] 1e247d3f-1688-429a-a50f-6a5347f3846e: cophenetic index 33986; 0.9 s; peak memory 311 MiB.
2026-09-30T23:41:35Z INFO [279/500] 1e24eb2b-7c3f-4a31-9e9e-d61f039b37a6: cophenetic index 279266; 8.8 s; peak memory 311 MiB.
2026-09-30T23:41:36Z INFO [280/500] 1e2541f8-6ac4-4178-951f-00620fcc1cea: cophenetic index 33968; 1.0 s; peak memory 311 MiB.
2026-09-30T23:41:37Z INFO [281/500] 1e255c23-72e9-41dc-b1b9-ccc70efc6625: cophenetic index 624; 0.7 s; peak memory 311 MiB.
2026-09-30T23:41:44Z INFO [282/500] 1e2649bf-2567-460f-8d18-8f6f040b84f5: cophenetic index 85636; 7.3 s; peak memory 311 MiB.
2026-09-30T23:41:48Z INFO [283/500] 1e26edcf-cebf-4e14-80ea-ddee49de41aa: cophenetic index 9548; 4.5 s; peak memory 311 MiB.
2026-09-30T23:41:50Z INFO [284/500] 1e271096-a8bc-4b93-a3f0-547fb452e000: cophenetic index 34658; 1.8 s; peak memory 311 MiB.
2026-09-30T23:41:52Z INFO [285/500] 1e271596-681c-4921-8bd0-94c6ac5b7c9e: cophenetic index 5473; 1.8 s; peak memory 311 MiB.
2026-09-30T23:41:53Z INFO [286/500] 1e27b33c-e72a-4a42-a901-18b5e56b6a36: cophenetic index 649; 0.6 s; peak memory 311 MiB.
2026-09-30T23:41:53Z INFO [287/500] 1e27e58d-b132-4dbe-be99-c822f039458b: cophenetic index 624; 0.7 s; peak memory 311 MiB.
2026-09-30T23:41:54Z INFO [288/500] 1e284f27-8708-4c10-8562-163e8bcd0a69: cophenetic index 1087; 0.8 s; peak memory 311 MiB.
2026-09-30T23:41:55Z INFO [289/500] 1e29f453-7794-4e38-936e-562bff26756e: cophenetic index 624; 0.6 s; peak memory 311 MiB.
2026-09-30T23:41:55Z INFO [290/500] 1e2a4ba3-01ed-4e54-9dbd-a00ae3a20fe9: cophenetic index 624; 0.6 s; peak memory 311 MiB.
2026-09-30T23:42:03Z INFO [291/500] 1e2aaca5-1e9d-482f-8995-54f23bc59105: cophenetic index 49974; 8.2 s; peak memory 311 MiB.
2026-09-30T23:42:04Z INFO [292/500] 1e2c24ea-8a71-4e87-8742-0225f67ab3a5: cophenetic index 624; 0.7 s; peak memory 311 MiB.
2026-09-30T23:42:05Z INFO [293/500] 1e2cbacf-67c8-491d-be26-e7ac8e3a1d36: cophenetic index 624; 0.7 s; peak memory 311 MiB.
2026-09-30T23:42:07Z INFO [294/500] 1e2d693c-fd2e-4901-821b-4b5e2c95e8b3: cophenetic index 3800; 2.1 s; peak memory 311 MiB.
2026-09-30T23:42:13Z INFO [295/500] 1e2e93a8-f5f1-4480-bd04-c65433fff35d: cophenetic index 195172702; 6.0 s; peak memory 311 MiB.
2026-09-30T23:42:14Z INFO [296/500] 1e2f7be3-a628-456e-ab9a-22f2f4cfc418: cophenetic index 99150; 1.6 s; peak memory 311 MiB.
2026-09-30T23:42:20Z INFO [297/500] 1e3025a2-517d-4286-84a7-c508f62e0691: cophenetic index 185325; 5.8 s; peak memory 311 MiB.
2026-09-30T23:42:22Z INFO [298/500] 1e304ef0-7898-48d5-b991-7f22e8a484eb: cophenetic index 3243; 1.6 s; peak memory 311 MiB.
2026-09-30T23:42:23Z INFO [299/500] 1e31786b-8526-4ca0-83d7-ed93578eb826: cophenetic index 4013; 1.4 s; peak memory 311 MiB.
2026-09-30T23:42:24Z INFO [300/500] 1e32d012-64bf-42ea-b49b-5a10a34c5c9a: cophenetic index 649; 0.7 s; peak memory 311 MiB.
2026-09-30T23:42:24Z INFO [300/500] 1e32d012-64bf-42ea-b49b-5a10a34c5c9a: checkpointed 60693 records.
2026-09-30T23:42:30Z INFO [301/500] 1e3322d3-fde2-41de-bff1-171e671267bf: cophenetic index 47144; 6.1 s; peak memory 311 MiB.
2026-09-30T23:42:31Z INFO [302/500] 1e339e54-38a2-4fa8-84a0-ff289b67c345: cophenetic index 3004; 0.7 s; peak memory 311 MiB.
2026-09-30T23:42:32Z INFO [303/500] 1e339f86-1456-463c-a5fe-b2450719cbe6: cophenetic index 624; 0.7 s; peak memory 311 MiB.
2026-09-30T23:42:32Z INFO [304/500] 1e356f67-7804-4522-a404-6fb0ccb3e2cb: cophenetic index 543; 0.5 s; peak memory 311 MiB.
2026-09-30T23:42:33Z INFO [305/500] 1e366974-5f23-4af5-bffc-16856b9be818: cophenetic index 624; 0.6 s; peak memory 311 MiB.
2026-09-30T23:42:34Z INFO [306/500] 1e38fbf1-825f-4d06-94ba-0476f505d655: cophenetic index 2974; 0.9 s; peak memory 311 MiB.
2026-09-30T23:42:34Z INFO [307/500] 1e3917d3-cc83-44f6-b062-e44ebeebb948: cophenetic index 2625; 0.7 s; peak memory 311 MiB.
2026-09-30T23:42:36Z INFO [308/500] 1e3a46b3-e389-4e00-9c07-e4c90cdc8de9: cophenetic index 700; 1.8 s; peak memory 311 MiB.
2026-09-30T23:42:42Z INFO [309/500] 1e3a619b-9623-406d-9825-e8d29e4a1e43: cophenetic index 7554; 5.4 s; peak memory 311 MiB.
2026-09-30T23:42:46Z INFO [310/500] 1e3b3bef-b821-49b0-9d56-d85b5366257d: cophenetic index 520159; 4.6 s; peak memory 311 MiB.
2026-09-30T23:42:47Z INFO [311/500] 1e3c355b-8569-4f85-98e3-d7d4cad253ef: cophenetic index 431; 0.7 s; peak memory 311 MiB.
2026-09-30T23:42:48Z INFO [312/500] 1e3c6947-305d-4b7c-8be3-d1fa6edc7b17: cophenetic index 99114; 1.3 s; peak memory 311 MiB.
2026-09-30T23:42:51Z INFO [313/500] 1e3cd55a-0b7c-442a-bae7-10686af0c4aa: cophenetic index 5473; 2.3 s; peak memory 311 MiB.
2026-09-30T23:42:55Z INFO [314/500] 1e3d2ec3-780a-419e-be89-f7ae7b034f30: cophenetic index 54115; 4.2 s; peak memory 311 MiB.
2026-09-30T23:42:56Z INFO [315/500] 1e3e5d53-4075-4c47-a7f5-1582e64c0f03: cophenetic index 2402; 1.6 s; peak memory 311 MiB.
2026-09-30T23:42:57Z INFO [316/500] 1e3e918d-0cf0-4cd7-b962-a365052fdb20: cophenetic index 2114; 1.1 s; peak memory 311 MiB.
2026-09-30T23:42:58Z INFO [317/500] 1e3f3e9a-e28a-4e13-91a2-0fddbbc2c243: cophenetic index 1087; 1.0 s; peak memory 311 MiB.
2026-09-30T23:42:59Z INFO [318/500] 1e3fec36-73d8-443d-ae23-a0d72a5f7102: cophenetic index 2923; 0.7 s; peak memory 311 MiB.
2026-09-30T23:43:02Z INFO [319/500] 1e400bdd-c947-48b9-a7c4-3ba57551bc21: cophenetic index 1733; 2.6 s; peak memory 311 MiB.
2026-09-30T23:43:02Z INFO [320/500] 1e402798-f5bf-456e-8e32-1f011fff3909: cophenetic index 3057; 0.7 s; peak memory 311 MiB.
2026-09-30T23:43:03Z INFO [321/500] 1e40484b-0ac6-4a2d-895e-8162bb1156cc: cophenetic index 490; 0.5 s; peak memory 311 MiB.
2026-09-30T23:43:04Z INFO [322/500] 1e4089e1-36c2-4c8f-8ff2-249a1b9b3130: cophenetic index 530; 0.6 s; peak memory 311 MiB.
2026-09-30T23:43:05Z INFO [323/500] 1e40a079-6fcf-4274-982a-9210b65beb1b: cophenetic index 2625; 0.9 s; peak memory 311 MiB.
2026-09-30T23:43:05Z INFO [324/500] 1e40cf43-d1bf-47f2-9727-86f847467635: cophenetic index 427; 0.8 s; peak memory 311 MiB.
2026-09-30T23:43:06Z INFO [325/500] 1e40f6f2-6569-41b0-9c3f-2f0f36447dd4: cophenetic index 581; 0.6 s; peak memory 311 MiB.
2026-09-30T23:43:06Z INFO [326/500] 1e414afc-32e4-4d8d-86e8-cd3ae077db23: cophenetic index 497; 0.6 s; peak memory 311 MiB.
2026-09-30T23:43:07Z INFO [327/500] 1e41fa62-8169-4a1e-87c0-ba9bd41b112d: cophenetic index 3004; 0.7 s; peak memory 311 MiB.
2026-09-30T23:43:11Z INFO [328/500] 1e4262f4-6676-4002-8a1b-80c04421b59b: cophenetic index 15817; 4.1 s; peak memory 311 MiB.
2026-09-30T23:43:12Z INFO [329/500] 1e43912e-a575-4855-b588-6c3da0739f87: cophenetic index 3087; 0.6 s; peak memory 311 MiB.
2026-09-30T23:43:17Z INFO [330/500] 1e43d96a-80e3-4819-ba16-6d8e62d9b7b3: cophenetic index 91003; 5.5 s; peak memory 311 MiB.
2026-09-30T23:43:18Z INFO [331/500] 1e43dc32-16fe-4005-b0e4-62fc7f25f79d: cophenetic index 3004; 0.9 s; peak memory 311 MiB.
2026-09-30T23:43:19Z INFO [332/500] 1e44823a-9941-4eb9-846b-6144b66468ba: cophenetic index 627; 0.6 s; peak memory 311 MiB.
2026-09-30T23:43:22Z INFO [333/500] 1e4530b5-223d-40f5-a1a6-963f5b380225: cophenetic index 9181; 3.3 s; peak memory 311 MiB.
2026-09-30T23:43:23Z INFO [334/500] 1e4545ae-64da-413b-901a-26783890f1ff: cophenetic index 3004; 0.7 s; peak memory 311 MiB.
2026-09-30T23:43:23Z INFO [335/500] 1e45500f-f86e-4b8e-a010-f407f24c97ac: cophenetic index 2974; 0.6 s; peak memory 311 MiB.
2026-09-30T23:43:28Z INFO [336/500] 1e45847e-da40-44a8-9eaa-0a72695f74ac: cophenetic index 87573; 4.7 s; peak memory 311 MiB.
2026-09-30T23:43:31Z INFO [337/500] 1e45ff05-3222-452f-b464-ed06541a0105: cophenetic index 60871; 2.9 s; peak memory 311 MiB.
2026-09-30T23:43:32Z INFO [338/500] 1e4641d9-576b-4569-b934-9c2bc5a0a2d1: cophenetic index 624; 0.6 s; peak memory 311 MiB.
2026-09-30T23:43:32Z INFO [339/500] 1e464acd-3930-4eeb-a1ac-66ce72809306: cophenetic index 624; 0.7 s; peak memory 311 MiB.
2026-09-30T23:43:33Z INFO [340/500] 1e466f94-b85d-4dfd-82bf-b5d264430bd2: cophenetic index 33998; 0.9 s; peak memory 311 MiB.
2026-09-30T23:43:34Z INFO [341/500] 1e471860-37c3-4d57-92f9-aa030ac075e2: cophenetic index 490; 0.4 s; peak memory 311 MiB.
2026-09-30T23:43:34Z INFO [342/500] 1e483306-c597-4433-9b89-8933bc7e4964: cophenetic index 431; 0.5 s; peak memory 311 MiB.
2026-09-30T23:43:35Z INFO [343/500] 1e488bf4-8a04-4278-b91b-98b21cd7cc7e: cophenetic index 433; 0.4 s; peak memory 311 MiB.
2026-09-30T23:43:36Z INFO [344/500] 1e48a4f7-b028-4b5c-8dbc-ef2fb1727fc4: cophenetic index 581; 0.9 s; peak memory 311 MiB.
2026-09-30T23:43:36Z INFO [345/500] 1e48d3c9-09e0-4d5b-8009-4d63bc8d528c: cophenetic index 413; 0.6 s; peak memory 311 MiB.
2026-09-30T23:43:37Z INFO [346/500] 1e49806c-efe7-46db-ad1f-4c041f2e5181: cophenetic index 452; 0.6 s; peak memory 311 MiB.
2026-09-30T23:43:37Z INFO [347/500] 1e4a5c88-d748-407e-b2a9-ad245a661657: cophenetic index 3087; 0.8 s; peak memory 311 MiB.
2026-09-30T23:43:38Z INFO [348/500] 1e4b00da-00f6-49fd-b78b-ef3e70cf78ea: cophenetic index 624; 0.6 s; peak memory 311 MiB.
2026-09-30T23:43:39Z INFO [349/500] 1e4c43b6-9a11-44bd-abcd-1a64bbe0565b: cophenetic index 2974; 0.6 s; peak memory 311 MiB.
2026-09-30T23:43:39Z INFO [350/500] 1e4c8b01-fa49-4a4a-827c-483f4b7d9b64: cophenetic index 490; 0.3 s; peak memory 311 MiB.
2026-09-30T23:43:39Z INFO [350/500] 1e4c8b01-fa49-4a4a-827c-483f4b7d9b64: checkpointed 60743 records.
2026-09-30T23:43:40Z INFO [351/500] 1e4d1112-5b19-41d1-af2e-b0c3ff59208e: cophenetic index 99138; 1.0 s; peak memory 311 MiB.
2026-09-30T23:43:42Z INFO [352/500] 1e4fcb2f-f5d9-4fc2-b672-da84189189f8: cophenetic index 14460; 2.4 s; peak memory 311 MiB.
2026-09-30T23:43:44Z INFO [353/500] 1e500055-5b6e-4226-a653-28231ab41ecc: cophenetic index 33998; 1.6 s; peak memory 311 MiB.
2026-09-30T23:43:45Z INFO [354/500] 1e51186d-f55a-4e15-a629-4c06dbe92cff: cophenetic index 624; 0.8 s; peak memory 311 MiB.
2026-09-30T23:43:46Z INFO [355/500] 1e5127c7-76ff-4f04-bd4f-a3b3aa41be0d: cophenetic index 624; 0.7 s; peak memory 311 MiB.
2026-09-30T23:43:46Z INFO [356/500] 1e52dcf3-ef98-4faf-8ca5-27bb57018bf6: cophenetic index 446; 0.3 s; peak memory 311 MiB.
2026-09-30T23:43:47Z INFO [357/500] 1e534020-8f2f-4cc7-b217-08433c4a9769: cophenetic index 581; 1.1 s; peak memory 311 MiB.
2026-09-30T23:43:48Z INFO [358/500] 1e53576d-9a82-481a-94d2-5c371f4a583c: cophenetic index 2974; 0.7 s; peak memory 311 MiB.
2026-09-30T23:43:48Z INFO [359/500] 1e53a89a-8c34-454f-bbd6-22e356e2183b: cophenetic index 490; 0.4 s; peak memory 311 MiB.
2026-09-30T23:43:53Z INFO [360/500] 1e5438d1-df9f-400f-ad62-0638fa8a3535: cophenetic index 9548; 4.6 s; peak memory 311 MiB.
2026-09-30T23:43:54Z INFO [361/500] 1e543953-781b-4bfb-ba56-c8cda7a5c068: cophenetic index 624; 0.7 s; peak memory 311 MiB.
2026-09-30T23:43:54Z INFO [362/500] 1e558d59-0846-487c-9f2c-5d43f3438a3a: cophenetic index 452; 0.7 s; peak memory 311 MiB.
2026-09-30T23:43:55Z INFO [363/500] 1e56f275-347b-47ef-805a-7a7b8a69c8d2: cophenetic index 2506; 1.2 s; peak memory 311 MiB.
2026-09-30T23:43:56Z INFO [364/500] 1e571312-17c1-41cc-81f9-064f0bc676ed: cophenetic index 1228; 0.5 s; peak memory 311 MiB.
2026-09-30T23:43:56Z INFO [365/500] 1e574716-3c5e-48ca-8694-21079f2a149a: cophenetic index 447; 0.5 s; peak memory 311 MiB.
2026-09-30T23:44:00Z INFO [366/500] 1e57e261-e6bf-4833-9632-2788e08a652b: cophenetic index 87573; 3.7 s; peak memory 311 MiB.
2026-09-30T23:44:01Z INFO [367/500] 1e5a6b0f-e6c9-4178-890b-99cb63167675: cophenetic index 624; 0.7 s; peak memory 311 MiB.
2026-09-30T23:44:02Z INFO [368/500] 1e5aa986-9f56-4ed2-882c-4e2d01f7a431: cophenetic index 33958; 1.0 s; peak memory 311 MiB.
2026-09-30T23:44:02Z INFO [369/500] 1e5b5788-92bb-4366-91ac-3a5f6d13abaf: cophenetic index 643; 0.4 s; peak memory 311 MiB.
2026-09-30T23:44:03Z INFO [370/500] 1e5b85e3-d362-4e01-8a05-4a040595a165: cophenetic index 2920; 0.6 s; peak memory 311 MiB.
2026-09-30T23:44:06Z INFO [371/500] 1e5bc793-78c5-4977-8168-769d27ba3103: cophenetic index 9548; 3.6 s; peak memory 311 MiB.
2026-09-30T23:44:08Z INFO [372/500] 1e5bd5f1-73d9-47be-b053-79a7a6a3f2cf: cophenetic index 33998; 1.6 s; peak memory 311 MiB.
2026-09-30T23:44:10Z INFO [373/500] 1e5ccd53-8c0a-4c8b-acb0-5e6b185f0542: cophenetic index 34658; 1.7 s; peak memory 311 MiB.
2026-09-30T23:44:10Z INFO [374/500] 1e5d3466-9c64-4715-a93b-c1b51efb40ee: cophenetic index 643; 0.4 s; peak memory 311 MiB.
2026-09-30T23:44:10Z INFO [375/500] 1e5d39d7-0f81-4213-93d7-dce0c4bf9418: cophenetic index 635; 0.4 s; peak memory 311 MiB.
2026-09-30T23:44:12Z INFO [376/500] 1e5d59f4-91bd-49f3-8d9c-6b5abfcd6d4b: cophenetic index 2005; 1.1 s; peak memory 311 MiB.
2026-09-30T23:44:13Z INFO [377/500] 1e5f244c-c388-4cc0-ad7d-64aee6ed269d: cophenetic index 1751; 1.2 s; peak memory 311 MiB.
2026-09-30T23:44:15Z INFO [378/500] 1e5f37b2-3aee-4f85-b027-8390c879c10c: cophenetic index 1733; 2.4 s; peak memory 311 MiB.
2026-09-30T23:44:16Z INFO [379/500] 1e5fec5d-f30a-4516-858a-ce4b405fe4c6: cophenetic index 624; 0.7 s; peak memory 311 MiB.
2026-09-30T23:44:17Z INFO [380/500] 1e602f26-e203-4ade-b72b-7504dcfaa1ab: cophenetic index 13320; 0.7 s; peak memory 311 MiB.
2026-09-30T23:44:17Z INFO [381/500] 1e62d6b3-bd12-4c14-ac95-2b5bf8a8f590: cophenetic index 23794; 0.8 s; peak memory 311 MiB.
2026-09-30T23:44:22Z INFO [382/500] 1e636078-974c-4168-bfc5-6b4fb162597f: cophenetic index 162165; 4.3 s; peak memory 311 MiB.
2026-09-30T23:44:22Z INFO [383/500] 1e649a5a-f2ee-4e31-ab15-9a58633cda4b: cophenetic index 3004; 0.6 s; peak memory 311 MiB.
2026-09-30T23:44:23Z INFO [384/500] 1e64cc09-47e8-4d7e-8e15-bee52ddc944e: cophenetic index 627; 0.7 s; peak memory 311 MiB.
2026-09-30T23:44:25Z INFO [385/500] 1e64da14-45a5-4062-acb3-5889b2f07682: cophenetic index 5473; 2.4 s; peak memory 311 MiB.
2026-09-30T23:44:26Z INFO [386/500] 1e64fefa-d213-4f41-8bca-a9b30b9af72d: cophenetic index 624; 0.6 s; peak memory 311 MiB.
2026-09-30T23:44:26Z INFO [387/500] 1e65f574-31cb-448d-9db1-81ed69ad1860: cophenetic index 3215; 0.5 s; peak memory 311 MiB.
2026-09-30T23:44:27Z INFO [388/500] 1e66acd6-9e47-49e1-9910-c5a3e7bc4ea9: cophenetic index 687; 0.6 s; peak memory 311 MiB.
2026-09-30T23:44:31Z INFO [389/500] 1e67281f-ad16-4509-953b-e8b056fea8ff: cophenetic index 46770; 3.8 s; peak memory 311 MiB.
2026-09-30T23:44:31Z INFO [390/500] 1e6750d3-f130-4107-9a7b-9ade83f045ad: cophenetic index 590; 0.6 s; peak memory 311 MiB.
2026-09-30T23:44:32Z INFO [391/500] 1e6757a3-97fa-49dc-b77b-ebdb56a226be: cophenetic index 624; 0.7 s; peak memory 311 MiB.
2026-09-30T23:44:33Z INFO [392/500] 1e67ce39-544d-4e34-ad0f-2c55449b1287: cophenetic index 624; 0.6 s; peak memory 311 MiB.
2026-09-30T23:44:33Z INFO [393/500] 1e67edad-17d6-43d5-8f8d-2c5988c862f7: cophenetic index 624; 0.7 s; peak memory 311 MiB.
2026-09-30T23:44:34Z INFO [394/500] 1e681784-00ad-46f5-8cbb-b988d23c0cff: cophenetic index 1949; 0.6 s; peak memory 311 MiB.
2026-09-30T23:44:35Z INFO [395/500] 1e692071-56d4-4ed9-a369-c86b28539c7c: cophenetic index 33968; 1.0 s; peak memory 311 MiB.
2026-09-30T23:44:36Z INFO [396/500] 1e692c1f-2417-4707-ba01-c2c93b054d82: cophenetic index 797; 1.3 s; peak memory 311 MiB.
2026-09-30T23:44:37Z INFO [397/500] 1e6977cd-59ed-42aa-8d49-1ec52beaeeed: cophenetic index 2570; 0.8 s; peak memory 311 MiB.
2026-09-30T23:44:39Z INFO [398/500] 1e69997c-351a-4036-a318-1dfa8b360955: cophenetic index 5473; 1.9 s; peak memory 311 MiB.
2026-09-30T23:44:40Z INFO [399/500] 1e699dae-5ea3-41ea-9327-afdaa079b2ae: cophenetic index 624; 0.7 s; peak memory 311 MiB.
2026-09-30T23:44:40Z INFO [400/500] 1e69a87f-70f2-40e7-bc0a-b55651fa552b: cophenetic index 624; 0.5 s; peak memory 311 MiB.
2026-09-30T23:44:40Z INFO [400/500] 1e69a87f-70f2-40e7-bc0a-b55651fa552b: checkpointed 60793 records.
2026-09-30T23:44:41Z INFO [401/500] 1e69bca7-7d53-49d4-8ae1-d1ca5a3c4520: cophenetic index 3004; 0.7 s; peak memory 311 MiB.
2026-09-30T23:44:42Z INFO [402/500] 1e6a8d35-6259-4fd9-9d60-ec663abed3c2: cophenetic index 2402; 1.4 s; peak memory 311 MiB.
2026-09-30T23:44:43Z INFO [403/500] 1e6ade6c-d313-4f02-b215-107c760faafe: cophenetic index 3004; 0.9 s; peak memory 311 MiB.
2026-09-30T23:44:44Z INFO [404/500] 1e6b7c75-04ca-4ace-9f0d-e6b71803393d: cophenetic index 490; 0.5 s; peak memory 311 MiB.
2026-09-30T23:44:44Z INFO [405/500] 1e6b9856-ca08-4242-b80a-ceff6f356d80: cophenetic index 624; 0.8 s; peak memory 311 MiB.
2026-09-30T23:44:45Z INFO [406/500] 1e6c1032-d8dd-45ae-922d-c2f94eb81431: cophenetic index 33986; 0.8 s; peak memory 311 MiB.
2026-09-30T23:44:46Z INFO [407/500] 1e6c23b6-61ab-45bb-a2d7-2ffe7819f2a4: cophenetic index 2625; 0.8 s; peak memory 311 MiB.
2026-09-30T23:44:47Z INFO [408/500] 1e6c3de3-74d8-4a33-9d5d-32b6bb6b5af2: cophenetic index 624; 0.8 s; peak memory 311 MiB.
2026-09-30T23:44:47Z INFO [409/500] 1e6cc801-264d-4904-93ac-2051eac0323d: cophenetic index 431; 0.5 s; peak memory 311 MiB.
2026-09-30T23:44:48Z INFO [410/500] 1e6cc83c-fb8c-42fd-8850-cee7b49c6d55: cophenetic index 431; 0.7 s; peak memory 311 MiB.
2026-09-30T23:44:49Z INFO [411/500] 1e6d0b6f-1a55-486f-89c8-42eb4d035f66: cophenetic index 624; 0.6 s; peak memory 311 MiB.
2026-09-30T23:44:49Z INFO [412/500] 1e6d7e61-d9a3-45a7-a519-86936f83f515: cophenetic index 624; 0.7 s; peak memory 311 MiB.
2026-09-30T23:44:50Z INFO [413/500] 1e6e1c4c-7ecc-4dd0-a694-9f2e79045b5e: cophenetic index 2625; 1.0 s; peak memory 311 MiB.
2026-09-30T23:44:53Z INFO [414/500] 1e6e62a0-4c88-45f9-8a94-7a6ac10120e7: cophenetic index 9548; 2.9 s; peak memory 311 MiB.
2026-09-30T23:44:54Z INFO [415/500] 1e6f1c27-e4c3-435c-a46d-f5440cf961ec: cophenetic index 651; 0.5 s; peak memory 311 MiB.
2026-09-30T23:44:57Z INFO [416/500] 1e6f3b21-0cb2-41a3-9619-8308438a3caf: cophenetic index 13983; 2.7 s; peak memory 311 MiB.
2026-09-30T23:44:57Z INFO [417/500] 1e6f4215-9b87-40a2-97c6-965b161c1146: cophenetic index 1265; 0.6 s; peak memory 311 MiB.
2026-09-30T23:44:58Z INFO [418/500] 1e703247-0d41-417e-9d78-aa38d9c8d59f: cophenetic index 33968; 1.0 s; peak memory 311 MiB.
2026-09-30T23:44:59Z INFO [419/500] 1e70532b-240b-4ae1-8f28-d9ca120f4d06: cophenetic index 2625; 1.0 s; peak memory 311 MiB.
2026-09-30T23:45:03Z INFO [420/500] 1e70c574-3344-4f22-bb58-8b1049da8478: cophenetic index 72747; 3.4 s; peak memory 311 MiB.
2026-09-30T23:45:03Z INFO [421/500] 1e7139da-1d6d-41cc-a148-9fd5c3731d87: cophenetic index 23206; 0.7 s; peak memory 311 MiB.
2026-09-30T23:45:04Z INFO [422/500] 1e71550d-5547-4827-8f15-76a7269815da: cophenetic index 733; 0.5 s; peak memory 311 MiB.
2026-09-30T23:45:11Z INFO [423/500] 1e727ea1-fd70-4889-affd-685ab00fb8c2: cophenetic index 48024; 7.6 s; peak memory 311 MiB.
2026-09-30T23:45:12Z INFO [424/500] 1e72dc4f-d328-40a4-8374-23b1b2efd4e1: cophenetic index 539; 0.8 s; peak memory 311 MiB.
2026-09-30T23:45:13Z INFO [425/500] 1e73724e-bd49-487d-984a-204af8a46b86: cophenetic index 33986; 1.1 s; peak memory 311 MiB.
2026-09-30T23:45:14Z INFO [426/500] 1e7379a8-77e7-4041-8125-43bc344d6e33: cophenetic index 3192; 0.6 s; peak memory 311 MiB.
2026-09-30T23:45:15Z INFO [427/500] 1e73e49f-a635-4fe2-9ef9-cd463aaa1f04: cophenetic index 33998; 1.4 s; peak memory 311 MiB.
2026-09-30T23:45:16Z INFO [428/500] 1e74b3f1-f853-400b-b9a2-20b427e3fdba: cophenetic index 3004; 0.6 s; peak memory 311 MiB.
2026-09-30T23:45:17Z INFO [429/500] 1e7568ee-b21f-452b-8cc9-58f78469a7c4: cophenetic index 33962; 1.0 s; peak memory 311 MiB.
2026-09-30T23:45:17Z INFO [430/500] 1e762bb3-93de-4cf1-838e-044989bc2c1a: cophenetic index 624; 0.5 s; peak memory 311 MiB.
2026-09-30T23:45:18Z INFO [431/500] 1e76893c-8e37-476d-88c3-17a3061f8b0d: cophenetic index 1544; 0.7 s; peak memory 311 MiB.
2026-09-30T23:45:19Z INFO [432/500] 1e7735a5-6eaf-4cb8-b0a1-b7d9b59308e2: cophenetic index 494; 0.5 s; peak memory 311 MiB.
2026-09-30T23:45:19Z INFO [433/500] 1e77c352-fd91-4724-b255-0707276698df: cophenetic index 3087; 0.7 s; peak memory 311 MiB.
2026-09-30T23:45:20Z INFO [434/500] 1e784fbd-443d-434a-8442-f67e90f17e52: cophenetic index 605; 0.8 s; peak memory 311 MiB.
2026-09-30T23:45:21Z INFO [435/500] 1e796b7f-53a6-4716-998b-63037a43d59a: cophenetic index 61143; 0.5 s; peak memory 311 MiB.
2026-09-30T23:45:21Z INFO [436/500] 1e798893-2475-42ca-82c3-f31bc963e8ce: cophenetic index 2625; 0.7 s; peak memory 311 MiB.
2026-09-30T23:45:23Z INFO [437/500] 1e79c27b-a25b-4127-92b9-d5e3811feeed: cophenetic index 107822; 1.6 s; peak memory 311 MiB.
2026-09-30T23:45:24Z INFO [438/500] 1e7a19e2-681b-4518-be20-4a59298ec2ef: cophenetic index 2625; 0.8 s; peak memory 311 MiB.
2026-09-30T23:45:26Z INFO [439/500] 1e7a5910-cb99-4c8a-a101-56f35345be7a: cophenetic index 3429; 2.1 s; peak memory 311 MiB.
2026-09-30T23:45:26Z INFO [440/500] 1e7b4691-2f14-4f3b-97da-937b48194fca: cophenetic index 624; 0.6 s; peak memory 311 MiB.
2026-09-30T23:45:27Z INFO [441/500] 1e7bd3bb-d069-4e8f-8012-a5a5db706573: cophenetic index 729; 0.4 s; peak memory 311 MiB.
2026-09-30T23:45:27Z INFO [442/500] 1e7c4881-a36a-4fd1-8166-af496ea5a746: cophenetic index 643; 0.4 s; peak memory 311 MiB.
2026-09-30T23:45:30Z INFO [443/500] 1e7c6066-e03b-45e3-8174-b642f7630fa3: cophenetic index 43164; 2.8 s; peak memory 311 MiB.
2026-09-30T23:45:32Z INFO [444/500] 1e7cf9bd-163d-4d6e-81bf-f2c0d27b8b29: cophenetic index 2402; 1.5 s; peak memory 311 MiB.
2026-09-30T23:45:33Z INFO [445/500] 1e7dac9e-c4f7-4081-ba68-5f20552dcc77: cophenetic index 2625; 1.0 s; peak memory 311 MiB.
2026-09-30T23:45:33Z INFO [446/500] 1e7e15ae-4650-4795-9005-0b5c903b5ae8: cophenetic index 624; 0.7 s; peak memory 311 MiB.
2026-09-30T23:45:34Z INFO [447/500] 1e7e868e-203e-4a7c-bba6-ec7ec313e1a8: cophenetic index 2354; 0.7 s; peak memory 311 MiB.
2026-09-30T23:45:34Z INFO [448/500] 1e7ec239-c795-4c56-bd8a-547b1ebe96f2: cophenetic index 433; 0.3 s; peak memory 311 MiB.
2026-09-30T23:46:38Z INFO [449/500] 1e7f6caa-73ba-45cc-bb72-78c225813330: cophenetic index 439920536; 64.0 s; peak memory 547 MiB.
2026-09-30T23:46:41Z INFO [450/500] 1e809958-43c1-4dc1-95f3-e09092998ddb: cophenetic index 44224; 2.9 s; peak memory 547 MiB.
2026-09-30T23:46:41Z INFO [450/500] 1e809958-43c1-4dc1-95f3-e09092998ddb: checkpointed 60843 records.
2026-09-30T23:46:44Z INFO [451/500] 1e80b2fa-7afc-48ae-9b70-631cdcbf0b53: cophenetic index 4797; 2.6 s; peak memory 547 MiB.
2026-09-30T23:46:50Z INFO [452/500] 1e80ba99-cd44-4217-852d-888bb39ef773: cophenetic index 181231; 6.0 s; peak memory 547 MiB.
2026-09-30T23:46:51Z INFO [453/500] 1e80f391-ae08-4c54-9ab8-c2ce89aef698: cophenetic index 2625; 1.2 s; peak memory 547 MiB.
2026-09-30T23:46:52Z INFO [454/500] 1e8194a9-81df-469f-a793-b7ffe11ae009: cophenetic index 41788; 1.4 s; peak memory 547 MiB.
2026-09-30T23:46:54Z INFO [455/500] 1e81e8fc-5125-4877-9554-c2c9822cb762: cophenetic index 2609; 1.6 s; peak memory 547 MiB.
2026-09-30T23:46:55Z INFO [456/500] 1e821763-ea8e-44d8-9c1f-41d573c1600b: cophenetic index 1504; 0.6 s; peak memory 547 MiB.
2026-09-30T23:46:56Z INFO [457/500] 1e82f29b-248f-4440-b673-17957b0b31de: cophenetic index 33986; 1.1 s; peak memory 547 MiB.
2026-09-30T23:46:56Z INFO [458/500] 1e833a08-bd0c-41cb-ba17-cf09cec1c541: cophenetic index 3004; 0.7 s; peak memory 547 MiB.
2026-09-30T23:47:04Z INFO [459/500] 1e8463e1-a338-445a-b95c-bb0d1a5f15ef: cophenetic index 431431; 7.6 s; peak memory 547 MiB.
2026-09-30T23:47:06Z INFO [460/500] 1e86e783-3812-4c0f-bae6-635f4fa1ecf1: cophenetic index 1733; 2.1 s; peak memory 547 MiB.
2026-09-30T23:47:07Z INFO [461/500] 1e86f827-e3e8-4fdc-8e19-29f200ad8cb2: cophenetic index 2724; 0.9 s; peak memory 547 MiB.
2026-09-30T23:47:08Z INFO [462/500] 1e870aab-1103-411d-93e9-b709113e189e: cophenetic index 624; 0.8 s; peak memory 547 MiB.
2026-09-30T23:47:09Z INFO [463/500] 1e876e57-e22b-44e4-b0e4-1dd194294ace: cophenetic index 2625; 0.8 s; peak memory 547 MiB.
2026-09-30T23:47:09Z INFO [464/500] 1e87a614-3409-497a-afbd-d78b1020e037: cophenetic index 2625; 0.8 s; peak memory 547 MiB.
2026-09-30T23:47:10Z INFO [465/500] 1e87d3f5-1a5a-4e34-a582-24940416d1c2: cophenetic index 30304; 0.9 s; peak memory 547 MiB.
2026-09-30T23:47:11Z INFO [466/500] 1e87f4d3-c411-47a7-a722-4e759c6a3903: cophenetic index 661; 0.4 s; peak memory 547 MiB.
2026-09-30T23:47:11Z INFO [467/500] 1e881cf4-c90e-447d-8c79-16f0b0e5a884: cophenetic index 466; 0.8 s; peak memory 547 MiB.
2026-09-30T23:47:14Z INFO [468/500] 1e8898f4-dbc3-40b2-b46b-a5b5f2d155cb: cophenetic index 5473; 2.1 s; peak memory 547 MiB.
2026-09-30T23:47:14Z INFO [469/500] 1e88e326-a75a-4984-9140-787bd8e37773: cophenetic index 3004; 0.9 s; peak memory 547 MiB.
2026-09-30T23:47:15Z INFO [470/500] 1e895afb-2eb8-49b3-a796-cf0cab50623e: cophenetic index 624; 0.6 s; peak memory 547 MiB.
2026-09-30T23:47:22Z INFO [471/500] 1e89f521-b220-47c8-82d3-488c855bac23: cophenetic index 192981; 7.0 s; peak memory 547 MiB.
2026-09-30T23:47:22Z INFO [472/500] 1e89f61d-8b69-4503-addf-fd56fa10f6ef: cophenetic index 490; 0.4 s; peak memory 547 MiB.
2026-09-30T23:47:23Z INFO [473/500] 1e8bcb0c-d7e1-41c4-813b-e8f63c0a3689: cophenetic index 624; 0.9 s; peak memory 547 MiB.
2026-09-30T23:47:24Z INFO [474/500] 1e8c08e6-cef4-4cfd-8140-b601f786ae94: cophenetic index 624; 0.7 s; peak memory 547 MiB.
2026-09-30T23:47:25Z INFO [475/500] 1e8e5c0a-fe92-44fc-9a19-1aef776cd543: cophenetic index 431; 0.5 s; peak memory 547 MiB.
2026-09-30T23:47:26Z INFO [476/500] 1e8e7891-30b5-4429-b72a-841775224ac5: cophenetic index 2625; 1.1 s; peak memory 547 MiB.
2026-09-30T23:47:26Z INFO [477/500] 1e8fb67d-7b8b-4055-8bf9-c5792c77b8b6: cophenetic index 2625; 0.7 s; peak memory 547 MiB.
2026-09-30T23:47:28Z INFO [478/500] 1e909ae5-e457-4682-9b26-db066c70d59e: cophenetic index 107822; 1.2 s; peak memory 547 MiB.
2026-09-30T23:47:28Z INFO [479/500] 1e90ab45-bbf9-4139-8699-d98af802a80f: cophenetic index 651; 0.5 s; peak memory 547 MiB.
2026-09-30T23:47:30Z INFO [480/500] 1e90ad57-2cee-484a-b20a-e36fb2a2f277: cophenetic index 33998; 1.6 s; peak memory 547 MiB.
2026-09-30T23:47:34Z INFO [481/500] 1e90fbdc-ab86-4515-9ad1-ebdac6aa31b4: cophenetic index 138573; 4.3 s; peak memory 547 MiB.
2026-09-30T23:47:35Z INFO [482/500] 1e9221bc-bb8b-4d6b-bf2f-492bdeb99f2d: cophenetic index 3087; 0.9 s; peak memory 547 MiB.
2026-09-30T23:47:36Z INFO [483/500] 1e92246a-d63c-40ed-974e-9a56533174e2: cophenetic index 33968; 0.9 s; peak memory 547 MiB.
2026-09-30T23:47:36Z INFO [484/500] 1e9238e8-3739-4b4a-8174-563ca2c05707: cophenetic index 3004; 0.6 s; peak memory 547 MiB.
2026-09-30T23:47:37Z INFO [485/500] 1e9267c2-f947-48b4-987e-f8d05d4fa3d2: cophenetic index 1602; 0.7 s; peak memory 547 MiB.
2026-09-30T23:47:38Z INFO [486/500] 1e935329-a13c-4c24-9ff2-47b6ba2f9f60: cophenetic index 2625; 0.8 s; peak memory 547 MiB.
2026-09-30T23:47:39Z INFO [487/500] 1e938da6-b94a-40e9-9758-c9e033bcf70e: cophenetic index 2570; 0.8 s; peak memory 547 MiB.
2026-09-30T23:47:40Z INFO [488/500] 1e93cc92-a2ce-43dd-9848-9ba147d091b5: cophenetic index 2625; 1.1 s; peak memory 547 MiB.
2026-09-30T23:47:46Z INFO [489/500] 1e9431ce-960c-4a94-acce-fdff6a29b3a9: cophenetic index 16035; 6.2 s; peak memory 547 MiB.
2026-09-30T23:47:47Z INFO [490/500] 1e9459be-884f-4481-bb6c-1319fc7a8121: cophenetic index 605; 0.8 s; peak memory 547 MiB.
2026-09-30T23:47:48Z INFO [491/500] 1e961981-a6f1-407d-9b4b-d6fb2b87f515: cophenetic index 649; 0.9 s; peak memory 547 MiB.
2026-09-30T23:47:48Z INFO [492/500] 1e961da5-0686-47cb-8c39-1b8b9fa51db1: cophenetic index 431; 0.5 s; peak memory 547 MiB.
2026-09-30T23:47:49Z INFO [493/500] 1e96b39b-c266-4c99-9605-0bbbfc6a72f4: cophenetic index 624; 0.8 s; peak memory 547 MiB.
2026-09-30T23:47:56Z INFO [494/500] 1e96e5a5-1ab8-4c11-ae71-9bbd638bd7e5: cophenetic index 49912; 6.8 s; peak memory 547 MiB.
2026-09-30T23:47:56Z INFO [495/500] 1e9781de-b0b1-4af9-a7a6-8e3ab54b308a: cophenetic index 1148; 0.8 s; peak memory 547 MiB.
2026-09-30T23:47:57Z INFO [496/500] 1e97d4c3-0063-4a2a-b5ec-1001a95caec1: cophenetic index 624; 0.7 s; peak memory 547 MiB.
2026-09-30T23:47:58Z INFO [497/500] 1e98df76-7f85-44d9-958c-c6793bef1c10: cophenetic index 605; 0.8 s; peak memory 547 MiB.
2026-09-30T23:47:59Z INFO [498/500] 1e994196-dd7d-45b2-ba52-894a67b7c239: cophenetic index 3087; 0.6 s; peak memory 547 MiB.
2026-09-30T23:48:00Z INFO [499/500] 1e99f970-901e-4f16-a734-4f99aac71af5: cophenetic index 2609; 1.1 s; peak memory 547 MiB.
2026-09-30T23:48:05Z INFO [500/500] 1e9a2a7d-8544-4daf-a974-fe52f0eaffd8: cophenetic index 87573; 4.9 s; peak memory 547 MiB.
2026-09-30T23:48:05Z INFO [500/500] 1e9a2a7d-8544-4daf-a974-fe52f0eaffd8: checkpointed 60893 records.
2026-09-30T23:48:05Z INFO Wrote 60893 records to /tmp/derivatives/valid_nwb_file_to_cophenetic_index.jsonl (491 new, 9 failed) in 15.9 min (peak memory 547 MiB).
