2026-10-01T23:43:50Z INFO Logging to /tmp/logs/update_2026-10-01T23-43-50Z.log.
2026-10-01T23:43:50Z INFO Update valid-nwb-file-to-cophenetic-index (base directory /tmp).
2026-10-01T23:43:51Z INFO Processing 500 items (61384 already recorded).
2026-10-01T23:43:52Z WARNING 024ef50f-ac6f-49ea-806b-93ef4b5e8644: failed while reading the NWB file (KeyError: 'Unable to synchronously open object (component not found)')
2026-10-01T23:43:52Z WARNING [1/500] 024ef50f-ac6f-49ea-806b-93ef4b5e8644: leaving unrecorded for a later run to retry.
2026-10-01T23:43:52Z WARNING 09073220-fbea-45d2-9a39-2cc61fcdc2a1: failed while reading the NWB file (KeyError: 'Unable to synchronously open object (component not found)')
2026-10-01T23:43:52Z WARNING [2/500] 09073220-fbea-45d2-9a39-2cc61fcdc2a1: leaving unrecorded for a later run to retry.
2026-10-01T23:43:53Z WARNING 0dec427d-4db4-44c3-988a-c37959ceaff3: failed while reading the NWB file (KeyError: 'Unable to synchronously open object (component not found)')
2026-10-01T23:43:53Z WARNING [3/500] 0dec427d-4db4-44c3-988a-c37959ceaff3: leaving unrecorded for a later run to retry.
2026-10-01T23:43:54Z WARNING 0f7396ad-67ec-468a-b6a6-5599cb507f54: failed while reading the NWB file (KeyError: 'Unable to synchronously open object (component not found)')
2026-10-01T23:43:54Z WARNING [4/500] 0f7396ad-67ec-468a-b6a6-5599cb507f54: leaving unrecorded for a later run to retry.
2026-10-01T23:43:55Z WARNING 1066b3ba-83d9-4cb3-bfe3-ecf8539e2334: failed while reading the NWB file (KeyError: 'Unable to synchronously open object (component not found)')
2026-10-01T23:43:55Z WARNING [5/500] 1066b3ba-83d9-4cb3-bfe3-ecf8539e2334: leaving unrecorded for a later run to retry.
2026-10-01T23:43:56Z WARNING 17a546c4-6425-4c56-a43e-9f9f272d299c: failed while reading the NWB file (KeyError: 'Unable to synchronously open object (component not found)')
2026-10-01T23:43:56Z WARNING [6/500] 17a546c4-6425-4c56-a43e-9f9f272d299c: leaving unrecorded for a later run to retry.
2026-10-01T23:43:57Z WARNING 19998990-d06f-40db-8d07-c5121b317b6a: failed while reading the NWB file (KeyError: 'Unable to synchronously open object (component not found)')
2026-10-01T23:43:57Z WARNING [7/500] 19998990-d06f-40db-8d07-c5121b317b6a: leaving unrecorded for a later run to retry.
2026-10-01T23:43:58Z WARNING 1a18ed31-9155-4512-919f-b6875d14b9f3: failed while reading the NWB file (KeyError: 'Unable to synchronously open object (component not found)')
2026-10-01T23:43:58Z WARNING [8/500] 1a18ed31-9155-4512-919f-b6875d14b9f3: leaving unrecorded for a later run to retry.
2026-10-01T23:43:58Z WARNING 1c2fff6f-f3a7-43fb-b7e2-a33218d41614: failed while reading the NWB file (KeyError: 'Unable to synchronously open object (component not found)')
2026-10-01T23:43:58Z WARNING [9/500] 1c2fff6f-f3a7-43fb-b7e2-a33218d41614: leaving unrecorded for a later run to retry.
2026-10-01T23:43:59Z INFO [10/500] 1f912b21-6ea2-4f70-a42d-353097c3d215: cophenetic index 446; 0.3 s; peak memory 96 MiB.
2026-10-01T23:43:59Z INFO [11/500] 1f9136f0-86d0-4058-9154-bab12e948557: cophenetic index 3004; 0.7 s; peak memory 96 MiB.
2026-10-01T23:44:00Z INFO [12/500] 1f918818-4a06-4dbd-b57e-1d48da613a33: cophenetic index 624; 0.8 s; peak memory 96 MiB.
2026-10-01T23:44:01Z INFO [13/500] 1f91c9d4-e7fe-4986-86ef-ebf8ceedbd2a: cophenetic index 2625; 1.1 s; peak memory 96 MiB.
2026-10-01T23:44:02Z INFO [14/500] 1f91e233-6c46-428d-850f-c4ce796f5aa1: cophenetic index 2974; 0.8 s; peak memory 96 MiB.
2026-10-01T23:44:02Z INFO [15/500] 1f92658d-f290-44c4-9b57-63a056f21ebc: cophenetic index 729; 0.3 s; peak memory 96 MiB.
2026-10-01T23:44:04Z INFO [16/500] 1f926b1f-3e6e-4c1a-8882-c93ffdb513af: cophenetic index 5573; 1.7 s; peak memory 96 MiB.
2026-10-01T23:44:05Z INFO [17/500] 1f92a77e-3407-41c6-ac5e-96d81aed4cbe: cophenetic index 649; 0.6 s; peak memory 96 MiB.
2026-10-01T23:44:09Z INFO [18/500] 1f94520e-2bd3-45b2-8f4a-206ba18a43b4: cophenetic index 13178; 4.2 s; peak memory 100 MiB.
2026-10-01T23:44:11Z INFO [19/500] 1f94eb92-89fc-457d-b44b-038295ddd204: cophenetic index 1733; 2.1 s; peak memory 100 MiB.
2026-10-01T23:44:12Z INFO [20/500] 1f96c8b6-4dda-4e18-aaf0-6d311b3b39be: cophenetic index 2701; 0.9 s; peak memory 100 MiB.
2026-10-01T23:44:13Z INFO [21/500] 1f97385a-ce47-4981-a52a-0886a722e49c: cophenetic index 624; 0.6 s; peak memory 100 MiB.
2026-10-01T23:44:13Z INFO [22/500] 1f99174b-8518-4b1f-a507-5744a656b254: cophenetic index 624; 0.5 s; peak memory 100 MiB.
2026-10-01T23:44:14Z INFO [23/500] 1f99b24f-be7a-423c-8182-587b141e3c3b: cophenetic index 649; 0.6 s; peak memory 100 MiB.
2026-10-01T23:44:16Z INFO [24/500] 1f9a0ba8-3f88-41f5-a393-a6952f2c6ff2: cophenetic index 5473; 2.0 s; peak memory 100 MiB.
2026-10-01T23:44:17Z INFO [25/500] 1f9a8c9a-9ba4-45cb-914b-dd12bcf54ada: cophenetic index 6636; 1.5 s; peak memory 100 MiB.
2026-10-01T23:44:23Z INFO [26/500] 1f9bb2af-6367-44b9-84e1-27b914428bf2: cophenetic index 47144; 6.2 s; peak memory 103 MiB.
2026-10-01T23:44:24Z INFO [27/500] 1f9c5517-359a-4fe3-b255-794bf2afcbd9: cophenetic index 762; 0.3 s; peak memory 103 MiB.
2026-10-01T23:44:24Z INFO [28/500] 1f9c84a8-ea77-4dd1-b278-1d451e47b1f5: cophenetic index 413; 0.6 s; peak memory 103 MiB.
2026-10-01T23:44:24Z INFO [29/500] 1f9cbe6c-bf4d-4cc1-9d8f-320ac1f146b0: cophenetic index 579; 0.3 s; peak memory 103 MiB.
2026-10-01T23:44:28Z INFO [30/500] 1f9d1760-7dae-4903-b414-fd65dd09d543: cophenetic index 57132; 3.2 s; peak memory 103 MiB.
2026-10-01T23:44:28Z INFO [31/500] 1f9d79a8-d8cf-4c05-98fb-22b988fa3079: cophenetic index 624; 0.6 s; peak memory 103 MiB.
2026-10-01T23:44:29Z INFO [32/500] 1f9db0c4-5b46-4731-b180-c45442eaa733: cophenetic index 23364; 0.8 s; peak memory 103 MiB.
2026-10-01T23:44:31Z INFO [33/500] 1f9e8e87-f21f-4cac-bfef-ac81b93999b9: cophenetic index 11777; 1.8 s; peak memory 103 MiB.
2026-10-01T23:44:32Z INFO [34/500] 1f9f4ef5-6c43-4f9f-9e6d-4c27ed9e542e: cophenetic index 624; 0.7 s; peak memory 103 MiB.
2026-10-01T23:44:32Z INFO [35/500] 1fa0e330-359c-4369-93a6-756218333c33: cophenetic index 490; 0.3 s; peak memory 103 MiB.
2026-10-01T23:44:32Z INFO [36/500] 1fa24695-5343-44cd-b798-eb64003a3193: cophenetic index 624; 0.6 s; peak memory 103 MiB.
2026-10-01T23:44:33Z INFO [37/500] 1fa2a741-6879-40a5-949a-d3432f6bcea6: cophenetic index 646; 0.4 s; peak memory 103 MiB.
2026-10-01T23:44:33Z INFO [38/500] 1fa2df4d-a5f8-4c6f-80ea-2ef6ca251a8c: cophenetic index 2551; 0.6 s; peak memory 103 MiB.
2026-10-01T23:44:34Z INFO [39/500] 1fa2e8d4-0a47-4fbf-ba2d-912b084aaf65: cophenetic index 2625; 0.7 s; peak memory 103 MiB.
2026-10-01T23:44:36Z INFO [40/500] 1fa3239a-4d77-4b65-b275-70ece297c93d: cophenetic index 5473; 2.0 s; peak memory 103 MiB.
2026-10-01T23:44:37Z INFO [41/500] 1fa348f7-f595-4c57-a117-234bb26f514b: cophenetic index 2701; 0.9 s; peak memory 103 MiB.
2026-10-01T23:44:41Z INFO [42/500] 1fa494b4-423d-4719-a6d8-b809615ba55d: cophenetic index 87103; 4.3 s; peak memory 106 MiB.
2026-10-01T23:44:42Z INFO [43/500] 1fa4ceb2-cb1a-484e-826d-5b685db6293f: cophenetic index 2724; 0.7 s; peak memory 106 MiB.
2026-10-01T23:44:47Z INFO [44/500] 1fa5916c-d183-4854-b88e-60b57f1ef1d8: cophenetic index 12573; 5.2 s; peak memory 106 MiB.
2026-10-01T23:44:48Z INFO [45/500] 1fa65a43-a26d-41f0-96a1-3b19f42951bd: cophenetic index 624; 0.7 s; peak memory 106 MiB.
2026-10-01T23:44:49Z INFO [46/500] 1fa6862c-ef27-4128-ba1b-844e9cf98471: cophenetic index 624; 1.0 s; peak memory 106 MiB.
2026-10-01T23:44:50Z INFO [47/500] 1fa6ac37-e8a9-4708-9aa5-11f4b3a472f2: cophenetic index 42002; 1.2 s; peak memory 106 MiB.
2026-10-01T23:44:51Z INFO [48/500] 1fa7e2e0-a36b-403f-9492-1c91899d5f29: cophenetic index 3004; 0.7 s; peak memory 106 MiB.
2026-10-01T23:44:52Z INFO [49/500] 1fa8c4d9-30c6-4e5b-ba2b-83636d99a3f1: cophenetic index 2625; 0.7 s; peak memory 106 MiB.
2026-10-01T23:44:56Z INFO [50/500] 1faa2478-0c98-42ba-ba8e-9d9c01c36e5d: cophenetic index 12100; 4.8 s; peak memory 106 MiB.
2026-10-01T23:44:57Z INFO [50/500] 1faa2478-0c98-42ba-ba8e-9d9c01c36e5d: checkpointed 61425 records.
2026-10-01T23:44:57Z INFO [51/500] 1fab31b9-d0d4-48f5-8979-5ba59d3fa7aa: cophenetic index 605; 0.9 s; peak memory 106 MiB.
2026-10-01T23:44:58Z INFO [52/500] 1facdb24-7383-48c7-9134-5c2a9facd05a: cophenetic index 661; 0.3 s; peak memory 106 MiB.
2026-10-01T23:44:59Z INFO [53/500] 1fadbadc-6b19-4d1d-acd2-fb7b4d0df3d3: cophenetic index 33986; 0.9 s; peak memory 106 MiB.
2026-10-01T23:44:59Z INFO [54/500] 1fade9ed-9fec-45bb-88d9-1f4b55c3c6c2: cophenetic index 649; 0.7 s; peak memory 106 MiB.
2026-10-01T23:45:00Z INFO [55/500] 1fae5c19-7f3c-458b-9bcd-8072f88bd9f6: cophenetic index 624; 0.6 s; peak memory 106 MiB.
2026-10-01T23:45:04Z INFO [56/500] 1faf73f8-d5fa-4813-8c29-5ac1f19a9175: cophenetic index 79416; 3.8 s; peak memory 106 MiB.
2026-10-01T23:45:05Z INFO [57/500] 1fafc2ca-faa6-4126-84e4-f385c11f8264: cophenetic index 2402; 1.7 s; peak memory 106 MiB.
2026-10-01T23:45:06Z INFO [58/500] 1fb01c9c-798f-423f-8b5a-d6d4d951ceb7: cophenetic index 624; 0.7 s; peak memory 106 MiB.
2026-10-01T23:45:08Z INFO [59/500] 1fb04600-d1bf-446f-badc-bb3abf517592: cophenetic index 4677; 1.7 s; peak memory 106 MiB.
2026-10-01T23:45:09Z INFO [60/500] 1fb126bd-7549-4f24-a94c-45d651c3af8a: cophenetic index 624; 0.7 s; peak memory 106 MiB.
2026-10-01T23:45:10Z INFO [61/500] 1fb14fb6-04b2-4d0f-a159-1487a54250a7: cophenetic index 326077; 1.2 s; peak memory 106 MiB.
2026-10-01T23:45:13Z INFO [62/500] 1fb16782-2020-4310-a722-332163596ff6: cophenetic index 42547; 3.0 s; peak memory 106 MiB.
2026-10-01T23:45:14Z INFO [63/500] 1fb2e89d-4ee0-410c-ab3f-009a68daedbf: cophenetic index 33998; 0.9 s; peak memory 106 MiB.
2026-10-01T23:45:14Z INFO [64/500] 1fb327d1-c21e-4187-900a-bd0a724d31a7: cophenetic index 581; 0.6 s; peak memory 106 MiB.
2026-10-01T23:45:15Z INFO [65/500] 1fb41534-bbc0-43c2-8a68-fada7c6d5dca: cophenetic index 624; 0.7 s; peak memory 106 MiB.
2026-10-01T23:45:16Z INFO [66/500] 1fb592f8-6874-49b2-ac5f-bd2b3ef79c73: cophenetic index 1087; 1.0 s; peak memory 106 MiB.
2026-10-01T23:45:17Z INFO [67/500] 1fb62730-11af-4597-b002-c90ddc8c9979: cophenetic index 33998; 1.0 s; peak memory 106 MiB.
2026-10-01T23:45:17Z INFO [68/500] 1fb65aed-0197-49f8-89a9-708eaf193fab: cophenetic index 651; 0.4 s; peak memory 106 MiB.
2026-10-01T23:45:18Z INFO [69/500] 1fb6c578-186c-40a6-ac6f-7bd6855a53ec: cophenetic index 2211; 0.4 s; peak memory 106 MiB.
2026-10-01T23:45:18Z INFO [70/500] 1fb6fc22-05d9-4508-9734-8c559b77fcc1: cophenetic index 624; 0.6 s; peak memory 106 MiB.
2026-10-01T23:45:22Z INFO [71/500] 1fb71485-a03a-4a56-a60e-c381db8e7104: cophenetic index 85492; 4.0 s; peak memory 106 MiB.
2026-10-01T23:45:26Z INFO [72/500] 1fb92f66-0a51-4be3-8e64-fe8e537aff4a: cophenetic index 9298; 4.0 s; peak memory 106 MiB.
2026-10-01T23:45:27Z INFO [73/500] 1fb99752-f468-4e19-9b69-462e33e3954c: cophenetic index 494; 0.5 s; peak memory 106 MiB.
2026-10-01T23:45:28Z INFO [74/500] 1fb99d19-3ba7-4797-84e2-088a9986a7a1: cophenetic index 2625; 0.7 s; peak memory 106 MiB.
2026-10-01T23:45:28Z INFO [75/500] 1fbac68e-3c50-447f-a048-7546c253f6c1: cophenetic index 690; 0.5 s; peak memory 106 MiB.
2026-10-01T23:45:29Z INFO [76/500] 1fbae131-2672-4cae-9bdc-8a45f73021f8: cophenetic index 99120; 1.0 s; peak memory 106 MiB.
2026-10-01T23:45:41Z INFO [77/500] 1fbb253d-7d00-4f9a-8e1b-ada010bb27fc: cophenetic index 17302172; 12.1 s; peak memory 173 MiB.
2026-10-01T23:45:42Z INFO [78/500] 1fbb88e2-6e51-400d-a4db-bd1f15385fea: cophenetic index 2625; 1.0 s; peak memory 173 MiB.
2026-10-01T23:45:43Z INFO [79/500] 1fbb8a04-954d-41a7-a01c-5c47a1378877: cophenetic index 3004; 1.0 s; peak memory 173 MiB.
2026-10-01T23:45:44Z INFO [80/500] 1fbc43b2-5249-4fbe-be60-b5abe39f4b54: cophenetic index 37616; 1.1 s; peak memory 173 MiB.
2026-10-01T23:45:48Z INFO [81/500] 1fbc50ce-62af-4694-ba3a-a9d924c1d084: cophenetic index 90799; 3.9 s; peak memory 173 MiB.
2026-10-01T23:45:53Z INFO [82/500] 1fbc809d-8871-4f2f-a00a-413a08fbb82f: cophenetic index 119545; 4.5 s; peak memory 173 MiB.
2026-10-01T23:45:54Z INFO [83/500] 1fbdd097-9c72-48e8-941e-cbf7190f0bab: cophenetic index 3087; 0.8 s; peak memory 173 MiB.
2026-10-01T23:45:54Z INFO [84/500] 1fbe3de8-54e9-4966-9bff-e1e489da082e: cophenetic index 624; 0.6 s; peak memory 173 MiB.
2026-10-01T23:45:57Z INFO [85/500] 1fbfc8e7-9fcf-44ab-8c9c-4baea03b57d8: cophenetic index 87573; 3.1 s; peak memory 173 MiB.
2026-10-01T23:45:58Z INFO [86/500] 1fc06ca8-fdac-4db4-a0ca-86f728a0b79d: cophenetic index 431; 0.9 s; peak memory 173 MiB.
2026-10-01T23:45:59Z INFO [87/500] 1fc0bc26-055c-4c8d-9e64-e01bf4fa3ec6: cophenetic index 624; 0.6 s; peak memory 173 MiB.
2026-10-01T23:46:00Z INFO [88/500] 1fc14bee-9623-431f-895c-d8120710321a: cophenetic index 2974; 0.7 s; peak memory 173 MiB.
2026-10-01T23:46:00Z INFO [89/500] 1fc1c72d-9929-4920-a5a5-71b457f83865: cophenetic index 624; 0.7 s; peak memory 173 MiB.
2026-10-01T23:46:01Z INFO [90/500] 1fc25e1d-8d72-4808-93b9-d2c76e8d738f: cophenetic index 3004; 0.7 s; peak memory 173 MiB.
2026-10-01T23:46:01Z INFO [91/500] 1fc2e058-033e-403f-84fd-62627b6bd0a4: cophenetic index 490; 0.3 s; peak memory 173 MiB.
2026-10-01T23:46:02Z INFO [92/500] 1fc2f73f-cbcd-4d52-8656-2a3866d0dff4: cophenetic index 624; 0.6 s; peak memory 173 MiB.
2026-10-01T23:46:02Z INFO [93/500] 1fc30a10-1293-4f92-9cc7-54743de7f1a5: cophenetic index 729; 0.4 s; peak memory 173 MiB.
2026-10-01T23:46:04Z INFO [94/500] 1fc44339-e15d-4256-9870-1d1ab35eba02: cophenetic index 2402; 1.7 s; peak memory 173 MiB.
2026-10-01T23:46:06Z INFO [95/500] 1fc446ee-2560-40b7-9e6c-449343ff9574: cophenetic index 3571; 1.7 s; peak memory 173 MiB.
2026-10-01T23:46:07Z INFO [96/500] 1fc48ed4-e64b-4682-8849-75359fe13f30: cophenetic index 33968; 0.9 s; peak memory 173 MiB.
2026-10-01T23:46:07Z INFO [97/500] 1fc4caa1-cb16-40d6-ae42-de12a130d906: cophenetic index 762; 0.4 s; peak memory 173 MiB.
2026-10-01T23:46:08Z INFO [98/500] 1fc4e2ea-5f25-44a3-ab8e-578eeea3d2f7: cophenetic index 605; 0.9 s; peak memory 173 MiB.
2026-10-01T23:46:09Z INFO [99/500] 1fc56598-7bcb-494d-bb65-cabcbd3de09b: cophenetic index 624; 0.8 s; peak memory 173 MiB.
2026-10-01T23:46:09Z INFO [100/500] 1fc63ffe-2e0d-48e2-bec6-6676a99407af: cophenetic index 1012; 0.6 s; peak memory 173 MiB.
2026-10-01T23:46:09Z INFO [100/500] 1fc63ffe-2e0d-48e2-bec6-6676a99407af: checkpointed 61475 records.
2026-10-01T23:46:13Z INFO [101/500] 1fc655d3-e4b9-41a0-8f56-08ef864e1f60: cophenetic index 58668; 3.5 s; peak memory 173 MiB.
2026-10-01T23:46:15Z INFO [102/500] 1fc6b3c6-db04-4e6b-bfa2-37b6913b5934: cophenetic index 1733; 1.7 s; peak memory 173 MiB.
2026-10-01T23:46:15Z INFO [103/500] 1fc777ca-6466-49d8-a723-3eb8a99919a1: cophenetic index 624; 0.8 s; peak memory 173 MiB.
2026-10-01T23:46:16Z INFO [104/500] 1fc88a4a-0c59-469d-ae62-ac392a239aac: cophenetic index 2625; 0.8 s; peak memory 173 MiB.
2026-10-01T23:46:17Z INFO [105/500] 1fc8dc61-c179-4b5e-a887-304dc2d9c3ca: cophenetic index 23194; 0.7 s; peak memory 173 MiB.
2026-10-01T23:46:17Z INFO [106/500] 1fc9b044-2a4e-4691-82c9-0b8e99b43ae7: cophenetic index 497; 0.7 s; peak memory 173 MiB.
2026-10-01T23:46:18Z INFO [107/500] 1fca37ae-b03a-4b79-92f3-85f05d682bbf: cophenetic index 494; 0.5 s; peak memory 173 MiB.
2026-10-01T23:46:20Z INFO [108/500] 1fcbdd77-6f36-4df1-8193-683ad006c165: cophenetic index 901; 1.9 s; peak memory 173 MiB.
2026-10-01T23:46:22Z INFO [109/500] 1fcc2df5-3e09-42c4-8f70-a5e14c6776f7: cophenetic index 2469; 1.9 s; peak memory 173 MiB.
2026-10-01T23:46:22Z INFO [110/500] 1fce44c0-545f-4467-955d-b544d14c6e7c: cophenetic index 494; 0.5 s; peak memory 173 MiB.
2026-10-01T23:46:26Z INFO [111/500] 1fcfad7a-1b5a-4a49-bfde-df0f4b3fd088: cophenetic index 9548; 4.2 s; peak memory 173 MiB.
2026-10-01T23:46:27Z INFO [112/500] 1fd04c64-e808-4352-8919-48e7aec83fae: cophenetic index 624; 0.7 s; peak memory 173 MiB.
2026-10-01T23:46:28Z INFO [113/500] 1fd074ea-52d7-43d0-9275-08d254badaab: cophenetic index 624; 0.6 s; peak memory 173 MiB.
2026-10-01T23:46:29Z INFO [114/500] 1fd0860e-f80d-4a4f-bc1c-3f9f3d2b7aa2: cophenetic index 2625; 0.8 s; peak memory 173 MiB.
2026-10-01T23:46:35Z INFO [115/500] 1fd0bc46-4f8a-4700-85a0-ee47360367b6: cophenetic index 622591; 6.1 s; peak memory 173 MiB.
2026-10-01T23:46:35Z INFO [116/500] 1fd1016c-35d9-4dca-866d-40b712a7fb0c: cophenetic index 3087; 0.7 s; peak memory 173 MiB.
2026-10-01T23:46:36Z INFO [117/500] 1fd1f74d-2a41-4e50-b53c-ef313a3b4c2c: cophenetic index 624; 0.5 s; peak memory 173 MiB.
2026-10-01T23:46:37Z INFO [118/500] 1fd227b1-ffd4-4017-b266-005abfbd9244: cophenetic index 2974; 0.8 s; peak memory 173 MiB.
2026-10-01T23:46:37Z INFO [119/500] 1fd2bb6a-af39-4457-a775-adb9846b6e99: cophenetic index 624; 0.6 s; peak memory 173 MiB.
2026-10-01T23:46:38Z INFO [120/500] 1fd2e833-c7e6-4083-9631-21f40c745033: cophenetic index 2974; 0.8 s; peak memory 173 MiB.
2026-10-01T23:46:39Z INFO [121/500] 1fd2f216-5333-4943-8a7b-af7f2c4c5f79: cophenetic index 649; 0.9 s; peak memory 173 MiB.
2026-10-01T23:46:41Z INFO [122/500] 1fd43314-be21-44a8-a74f-0f51bf25272a: cophenetic index 33998; 1.5 s; peak memory 173 MiB.
2026-10-01T23:46:41Z INFO [123/500] 1fd6af98-bd1f-4a55-ab8a-48102fb78b89: cophenetic index 3004; 0.6 s; peak memory 173 MiB.
2026-10-01T23:46:42Z INFO [124/500] 1fd6fc3a-7d46-4308-9a93-e9872299d7f9: cophenetic index 33968; 1.1 s; peak memory 173 MiB.
2026-10-01T23:46:46Z INFO [125/500] 1fd7760e-f3e1-4087-aa45-295d58d2d6c3: cophenetic index 57337; 3.3 s; peak memory 173 MiB.
2026-10-01T23:46:47Z INFO [126/500] 1fd91533-cf0b-417a-ad85-779fdca32343: cophenetic index 8784; 1.3 s; peak memory 173 MiB.
2026-10-01T23:46:47Z INFO [127/500] 1fd9904b-5595-44fe-927d-316e134dc2f6: cophenetic index 624; 0.7 s; peak memory 173 MiB.
2026-10-01T23:46:48Z INFO [128/500] 1fdb177b-bc61-48cf-ba84-167a6aaa75eb: cophenetic index 1228; 0.5 s; peak memory 173 MiB.
2026-10-01T23:46:49Z INFO [129/500] 1fdb2609-b32e-4d03-8d5d-7d208298e06f: cophenetic index 1376; 1.2 s; peak memory 173 MiB.
2026-10-01T23:46:51Z INFO [130/500] 1fdd96b7-ffc6-44d1-a9fa-51da8aac4b2a: cophenetic index 99810; 2.0 s; peak memory 173 MiB.
2026-10-01T23:46:58Z INFO [131/500] 1fddab5d-e5af-494d-be09-20c7e13a9a20: cophenetic index 201902; 6.9 s; peak memory 173 MiB.
2026-10-01T23:46:59Z INFO [132/500] 1fe03027-8ab5-42b8-920a-8724e8e38e54: cophenetic index 624; 0.8 s; peak memory 173 MiB.
2026-10-01T23:47:03Z INFO [133/500] 1fe078f3-92fa-4253-9dd0-bc0365ac77b5: cophenetic index 6715; 4.6 s; peak memory 173 MiB.
2026-10-01T23:47:04Z INFO [134/500] 1fe191f0-46f3-448e-a5e3-54eac09749ff: cophenetic index 624; 0.5 s; peak memory 173 MiB.
2026-10-01T23:47:05Z INFO [135/500] 1fe1ec6a-c867-4ff6-978d-5e1bd8d4f89c: cophenetic index 1570; 0.7 s; peak memory 173 MiB.
2026-10-01T23:47:05Z INFO [136/500] 1fe3959d-94f2-4298-a0c8-71e3d96f0160: cophenetic index 490; 0.4 s; peak memory 173 MiB.
2026-10-01T23:47:06Z INFO [137/500] 1fe40430-25f2-408b-9415-147324f26f8c: cophenetic index 1172; 1.3 s; peak memory 173 MiB.
2026-10-01T23:47:07Z INFO [138/500] 1fe45591-4f34-4250-b279-c72589991d7f: cophenetic index 560; 0.6 s; peak memory 173 MiB.
2026-10-01T23:47:08Z INFO [139/500] 1fe49912-cbe8-4c2b-8e66-257ab686f8cc: cophenetic index 581; 0.6 s; peak memory 173 MiB.
2026-10-01T23:47:10Z INFO [140/500] 1fe61176-740f-4070-8db4-08350d6d15ab: cophenetic index 111238; 2.9 s; peak memory 173 MiB.
2026-10-01T23:47:11Z INFO [141/500] 1fe6d7d8-ce8a-4824-890d-5ba7d56d0573: cophenetic index 624; 0.7 s; peak memory 173 MiB.
2026-10-01T23:47:13Z INFO [142/500] 1fe71eb4-ada2-409a-a03a-fd03f3b4df16: cophenetic index 5473; 1.9 s; peak memory 173 MiB.
2026-10-01T23:47:15Z INFO [143/500] 1fe73f97-24d0-4f03-874d-4338c48df77d: cophenetic index 2391; 1.8 s; peak memory 173 MiB.
2026-10-01T23:47:17Z INFO [144/500] 1fe747dc-af15-464b-a054-4363ec7d6689: cophenetic index 1733; 2.5 s; peak memory 173 MiB.
2026-10-01T23:47:21Z INFO [145/500] 1fe76608-12ee-4a50-98c6-319aeca5e0a2: cophenetic index 125864; 3.8 s; peak memory 173 MiB.
2026-10-01T23:47:22Z INFO [146/500] 1fe7b211-f9a3-4b29-86ba-73cedb4884af: cophenetic index 433; 0.3 s; peak memory 173 MiB.
2026-10-01T23:47:22Z INFO [147/500] 1fe82907-3c06-4051-9e32-efe9c3a1ed0e: cophenetic index 3004; 0.6 s; peak memory 173 MiB.
2026-10-01T23:47:23Z INFO [148/500] 1fe8ebb3-a5ad-4877-a20b-220126921332: cophenetic index 2625; 1.2 s; peak memory 173 MiB.
2026-10-01T23:47:24Z INFO [149/500] 1feb42dc-e657-40da-9a1a-0dec74db3167: cophenetic index 729; 0.4 s; peak memory 173 MiB.
2026-10-01T23:47:24Z INFO [150/500] 1febaecc-c251-43b3-83d3-028f89084d40: cophenetic index 2625; 0.8 s; peak memory 173 MiB.
2026-10-01T23:47:25Z INFO [150/500] 1febaecc-c251-43b3-83d3-028f89084d40: checkpointed 61525 records.
2026-10-01T23:47:25Z INFO [151/500] 1febde2e-6ba4-4272-b5b9-e76e399548f4: cophenetic index 2974; 0.7 s; peak memory 173 MiB.
2026-10-01T23:47:29Z INFO [152/500] 1fec08b9-3ac3-4183-b047-a88a5ab17361: cophenetic index 9548; 3.7 s; peak memory 173 MiB.
2026-10-01T23:47:30Z INFO [153/500] 1fec09a1-b697-4e7e-ad6d-f36fa1444d31: cophenetic index 2625; 0.8 s; peak memory 173 MiB.
2026-10-01T23:47:31Z INFO [154/500] 1fecb3e8-dc65-4dae-9969-b5dc76c6b13b: cophenetic index 2625; 1.0 s; peak memory 173 MiB.
2026-10-01T23:47:36Z INFO [155/500] 1fecd655-9bb6-4041-9e56-59084ba4c228: cophenetic index 47115; 5.3 s; peak memory 173 MiB.
2026-10-01T23:47:37Z INFO [156/500] 1fed74da-ccb1-4e62-af4d-ec29616c79ee: cophenetic index 2625; 1.0 s; peak memory 173 MiB.
2026-10-01T23:47:38Z INFO [157/500] 1fedc22e-7382-4cc2-87a2-42eb13656b8f: cophenetic index 1380; 0.8 s; peak memory 173 MiB.
2026-10-01T23:47:39Z INFO [158/500] 1fedebcf-c5f4-4506-b541-0a31cf60548e: cophenetic index 2653; 1.0 s; peak memory 173 MiB.
2026-10-01T23:47:40Z INFO [159/500] 1fedffdd-4ea5-48d2-a725-37ecbebe6ea4: cophenetic index 33998; 1.1 s; peak memory 173 MiB.
2026-10-01T23:47:41Z INFO [160/500] 1fef0eac-81db-4e8e-91be-edf0868700d1: cophenetic index 662; 1.4 s; peak memory 173 MiB.
2026-10-01T23:47:42Z INFO [161/500] 1fef2755-6eb3-418c-8dbb-f9963b021388: cophenetic index 3004; 0.7 s; peak memory 173 MiB.
2026-10-01T23:47:43Z INFO [162/500] 1fefc859-c3f9-42cc-afc5-aec192480553: cophenetic index 761; 1.3 s; peak memory 173 MiB.
2026-10-01T23:47:45Z INFO [163/500] 1ff0cb34-def7-4c6e-b9ec-2123c8879328: cophenetic index 457; 1.5 s; peak memory 173 MiB.
2026-10-01T23:47:46Z INFO [164/500] 1ff10a1a-f5fd-433f-9c5f-852d2f2c8a8c: cophenetic index 452; 0.7 s; peak memory 173 MiB.
2026-10-01T23:47:46Z INFO [165/500] 1ff20638-2dee-43fd-bedf-bfca5d0dcab4: cophenetic index 624; 0.6 s; peak memory 173 MiB.
2026-10-01T23:47:47Z INFO [166/500] 1ff28da0-ba1c-4787-8763-bf552779b281: cophenetic index 624; 0.6 s; peak memory 173 MiB.
2026-10-01T23:47:47Z INFO [167/500] 1ff306bb-d872-4527-baff-7c0c2b5131ce: cophenetic index 543; 0.6 s; peak memory 173 MiB.
2026-10-01T23:47:48Z INFO [168/500] 1ff372ac-0e96-43bc-9d20-bb6d2013d0d7: cophenetic index 1002; 0.6 s; peak memory 173 MiB.
2026-10-01T23:48:00Z INFO [169/500] 1ff37e29-3a4a-4063-af4d-63d7edc886a2: cophenetic index 14507294; 11.9 s; peak memory 173 MiB.
2026-10-01T23:48:01Z INFO [170/500] 1ff3f8b7-88b8-44bd-b568-d1499238b016: cophenetic index 2625; 1.2 s; peak memory 173 MiB.
2026-10-01T23:48:01Z INFO [171/500] 1ff49b28-ba04-4936-a73e-8ff683446545: cophenetic index 661; 0.3 s; peak memory 173 MiB.
2026-10-01T23:49:15Z INFO [172/500] 1ff4f589-c331-4b8a-be6c-35bd430af343: cophenetic index 36030552; 74.1 s; peak memory 383 MiB.
2026-10-01T23:49:22Z INFO [173/500] 1ff5cafa-f120-4590-9e92-21ffa52f8c1f: cophenetic index 23005; 7.0 s; peak memory 383 MiB.
2026-10-01T23:49:23Z INFO [174/500] 1ff69145-7c9e-4b6a-9ef0-9f89b07654a1: cophenetic index 1661; 0.7 s; peak memory 383 MiB.
2026-10-01T23:49:28Z INFO [175/500] 1ff6b7e4-d1a3-435f-a0e3-3fd9d7254eef: cophenetic index 216863; 5.3 s; peak memory 383 MiB.
2026-10-01T23:49:29Z INFO [176/500] 1ff71596-5803-4a54-8413-d818705a5036: cophenetic index 624; 0.6 s; peak memory 383 MiB.
2026-10-01T23:49:30Z INFO [177/500] 1ff7ae3d-859f-4851-802a-acf39c8570f2: cophenetic index 3004; 0.7 s; peak memory 383 MiB.
2026-10-01T23:49:30Z INFO [178/500] 1ff94b4f-7e89-42da-a1dd-d7c5602c6487: cophenetic index 624; 0.6 s; peak memory 383 MiB.
2026-10-01T23:49:31Z INFO [179/500] 1ff974ac-d321-4bc0-bf45-bb34f0f65525: cophenetic index 2974; 0.7 s; peak memory 383 MiB.
2026-10-01T23:49:36Z INFO [180/500] 1ffa332d-8796-432a-917d-742299db42b0: cophenetic index 55332; 5.0 s; peak memory 383 MiB.
2026-10-01T23:49:37Z INFO [181/500] 1ffafe2d-4aeb-4daf-af6c-0c12168e3438: cophenetic index 624; 0.7 s; peak memory 383 MiB.
2026-10-01T23:49:42Z INFO [182/500] 1ffb8ad3-8277-42f5-937b-e6e28f8e2f8b: cophenetic index 32988; 5.2 s; peak memory 383 MiB.
2026-10-01T23:49:42Z INFO [183/500] 1ffb8ced-c13d-4a8b-9ee7-6e8cc27b9b0c: cophenetic index 646; 0.5 s; peak memory 383 MiB.
2026-10-01T23:49:43Z INFO [184/500] 1ffba8be-b672-40e6-8725-0fbd4738f786: cophenetic index 23809; 0.7 s; peak memory 383 MiB.
2026-10-01T23:49:44Z INFO [185/500] 1ffbe1fe-edca-4d5f-a669-9d6e788ba125: cophenetic index 23788; 0.6 s; peak memory 383 MiB.
2026-10-01T23:49:45Z INFO [186/500] 1ffc471f-afe7-4895-a65b-deddcc8ef963: cophenetic index 2551; 0.9 s; peak memory 383 MiB.
2026-10-01T23:49:45Z INFO [187/500] 1ffcd120-c69c-48d9-9637-2bfa4dc59d6b: cophenetic index 649; 0.7 s; peak memory 383 MiB.
2026-10-01T23:49:46Z INFO [188/500] 1ffd2737-59f0-43f9-b764-3d79ad4f9237: cophenetic index 2625; 0.9 s; peak memory 383 MiB.
2026-10-01T23:49:52Z INFO [189/500] 1ffea4f3-70e8-49b6-bab0-ca692fb8c28e: cophenetic index 182671; 6.3 s; peak memory 383 MiB.
2026-10-01T23:49:53Z INFO [190/500] 1fff68ce-b963-45fb-963c-e11caa409046: cophenetic index 624; 0.7 s; peak memory 383 MiB.
2026-10-01T23:49:54Z INFO [191/500] 1fffa2fb-a820-4800-b27b-14ef62eac8f5: cophenetic index 2701; 0.7 s; peak memory 383 MiB.
2026-10-01T23:49:54Z INFO [192/500] 20015c75-2dd0-4c1a-bc2e-7ce03dec113c: cophenetic index 490; 0.4 s; peak memory 383 MiB.
2026-10-01T23:49:55Z INFO [193/500] 2001b224-5d97-4f08-9535-2ae9ce5adaa7: cophenetic index 33968; 1.1 s; peak memory 383 MiB.
2026-10-01T23:49:56Z INFO [194/500] 2001f44d-c169-4e9b-b692-0eb4df6776f0: cophenetic index 2974; 0.6 s; peak memory 383 MiB.
2026-10-01T23:50:00Z INFO [195/500] 2001ff93-fe58-45b2-8354-57eee7890d31: cophenetic index 9548; 3.5 s; peak memory 383 MiB.
2026-10-01T23:50:00Z INFO [196/500] 20028123-f7a9-4f10-9e3a-296976c27ba6: cophenetic index 30304; 0.9 s; peak memory 383 MiB.
2026-10-01T23:50:01Z INFO [197/500] 20029adc-9bad-4997-ba99-bc4d48543dd6: cophenetic index 230; 0.5 s; peak memory 383 MiB.
2026-10-01T23:50:02Z INFO [198/500] 2002ab0e-7cf0-4c85-8579-b5fd5787dbd6: cophenetic index 2974; 0.7 s; peak memory 383 MiB.
2026-10-01T23:50:02Z INFO [199/500] 2003afb4-1840-47dc-aebc-961d9f487fc1: cophenetic index 3087; 0.8 s; peak memory 383 MiB.
2026-10-01T23:50:03Z INFO [200/500] 2004975e-d577-4dc6-a1a9-83178c4a2bb5: cophenetic index 441; 0.8 s; peak memory 383 MiB.
2026-10-01T23:50:03Z INFO [200/500] 2004975e-d577-4dc6-a1a9-83178c4a2bb5: checkpointed 61575 records.
2026-10-01T23:50:05Z INFO [201/500] 2004ac18-7e76-4499-be14-ef271015cd40: cophenetic index 2402; 1.6 s; peak memory 383 MiB.
2026-10-01T23:50:06Z INFO [202/500] 2005a905-72a2-44a4-9949-941c02133c8d: cophenetic index 490; 0.5 s; peak memory 383 MiB.
2026-10-01T23:50:10Z INFO [203/500] 20061e2b-f24d-4630-ad39-92f3b8d7a1a4: cophenetic index 5466; 4.1 s; peak memory 383 MiB.
2026-10-01T23:50:11Z INFO [204/500] 20076d0f-7ddb-4f69-ab88-8de1c88f1384: cophenetic index 2056; 1.2 s; peak memory 383 MiB.
2026-10-01T23:50:11Z INFO [205/500] 2007e6a2-3f90-4051-8aef-f5e458173105: cophenetic index 498; 0.6 s; peak memory 383 MiB.
2026-10-01T23:50:18Z INFO [206/500] 20092d8c-e511-4b1d-8573-f81c2e509a79: cophenetic index 210090; 6.2 s; peak memory 383 MiB.
2026-10-01T23:50:21Z INFO [207/500] 20093fd1-8035-4d16-8ef6-d1a77a5bd551: cophenetic index 9181; 3.5 s; peak memory 383 MiB.
2026-10-01T23:50:22Z INFO [208/500] 20098498-b01d-4477-a456-0196cd599fa7: cophenetic index 3087; 0.6 s; peak memory 383 MiB.
2026-10-01T23:50:22Z INFO [209/500] 2009be63-c3aa-42d9-918e-2c430d211e66: cophenetic index 624; 0.7 s; peak memory 383 MiB.
2026-10-01T23:50:23Z INFO [210/500] 200ab949-2e1f-4571-9b15-269d1665e693: cophenetic index 692; 0.7 s; peak memory 383 MiB.
2026-10-01T23:50:24Z INFO [211/500] 200b645f-da53-4015-bc89-74dbb810d0a9: cophenetic index 431; 0.9 s; peak memory 383 MiB.
2026-10-01T23:50:29Z INFO [212/500] 200b882b-7d12-49e2-acaa-e1eca6723fde: cophenetic index 15817; 4.9 s; peak memory 383 MiB.
2026-10-01T23:50:30Z INFO [213/500] 200c1b6f-0816-43ef-9b6a-0292777d3f86: cophenetic index 624; 0.7 s; peak memory 383 MiB.
2026-10-01T23:50:31Z INFO [214/500] 200d51a7-b516-49bd-9d07-063eb3581ac0: cophenetic index 2056; 1.1 s; peak memory 383 MiB.
2026-10-01T23:50:32Z INFO [215/500] 200d7c33-49fa-4fb1-bf00-b45aad1d557f: cophenetic index 2105; 1.2 s; peak memory 383 MiB.
2026-10-01T23:50:33Z INFO [216/500] 200dc1cd-63a4-48a4-b5a3-beba5ed11eae: cophenetic index 99150; 1.6 s; peak memory 383 MiB.
2026-10-01T23:50:34Z INFO [217/500] 200dfb94-0c91-4f2b-82f7-6ae6c20b060e: cophenetic index 624; 0.7 s; peak memory 383 MiB.
2026-10-01T23:50:35Z INFO [218/500] 200f0041-4557-4d77-b880-3b578a4449f0: cophenetic index 766; 1.0 s; peak memory 383 MiB.
2026-10-01T23:50:36Z INFO [219/500] 200f20f0-dac1-4325-a7f0-e5339891d3d7: cophenetic index 624; 0.7 s; peak memory 383 MiB.
2026-10-01T23:50:37Z INFO [220/500] 200f72a9-2427-4580-b5e7-45baec06aba7: cophenetic index 497; 0.7 s; peak memory 383 MiB.
2026-10-01T23:50:37Z INFO [221/500] 200ff42b-0e3f-4bc1-b868-5eb1eddb573e: cophenetic index 624; 0.7 s; peak memory 383 MiB.
2026-10-01T23:50:38Z INFO [222/500] 2010bda5-3d79-461c-b318-9bf62a46dca4: cophenetic index 490; 0.3 s; peak memory 383 MiB.
2026-10-01T23:50:38Z INFO [223/500] 2010d337-add6-41fe-8125-d96e736c26fd: cophenetic index 413; 0.6 s; peak memory 383 MiB.
2026-10-01T23:50:39Z INFO [224/500] 2011e809-d095-4a96-8331-57f716aabedc: cophenetic index 8788; 0.9 s; peak memory 383 MiB.
2026-10-01T23:50:40Z INFO [225/500] 201211fe-68d3-496e-8ce6-b401e9d78e76: cophenetic index 448; 0.5 s; peak memory 383 MiB.
2026-10-01T23:50:41Z INFO [226/500] 20126d6f-f8f3-401d-bdb4-9bea5906bdf1: cophenetic index 33998; 1.4 s; peak memory 383 MiB.
2026-10-01T23:50:42Z INFO [227/500] 201278cd-c754-4bbf-8b2d-5aaa4fc4ac54: cophenetic index 3004; 0.8 s; peak memory 383 MiB.
2026-10-01T23:50:50Z INFO [228/500] 201297bd-8052-4936-9821-819e47f2065c: cophenetic index 246037; 7.6 s; peak memory 383 MiB.
2026-10-01T23:50:52Z INFO [229/500] 20142602-eb04-443b-aec2-0a3d5da0818e: cophenetic index 34658; 2.2 s; peak memory 383 MiB.
2026-10-01T23:50:52Z INFO [230/500] 20144c13-7ff1-4a6c-9905-9e10f5d2a472: cophenetic index 624; 0.7 s; peak memory 383 MiB.
2026-10-01T23:50:59Z INFO [231/500] 20150ac7-c4fc-4d27-8c57-b7212a51b5ae: cophenetic index 295173; 6.2 s; peak memory 383 MiB.
2026-10-01T23:50:59Z INFO [232/500] 20152d19-0384-4e63-ba06-a2dbad21cd4c: cophenetic index 164; 0.5 s; peak memory 383 MiB.
2026-10-01T23:51:15Z INFO [233/500] 2015555f-ad5d-4d10-95e9-878dffce65f4: cophenetic index 12461098; 16.1 s; peak memory 383 MiB.
2026-10-01T23:51:16Z INFO [234/500] 201570f4-d4b5-4979-88a1-56c4afdad08d: cophenetic index 624; 0.7 s; peak memory 383 MiB.
2026-10-01T23:51:16Z INFO [235/500] 2016818f-164b-480f-b5b7-351cf5dd8d26: cophenetic index 490; 0.4 s; peak memory 383 MiB.
2026-10-01T23:51:17Z INFO [236/500] 2016a3be-9ab1-4b8d-8e07-2f6a74dd3301: cophenetic index 567; 0.4 s; peak memory 383 MiB.
2026-10-01T23:51:17Z INFO [237/500] 2016d201-176d-4ce1-b70d-3b588cf46598: cophenetic index 560; 0.6 s; peak memory 383 MiB.
2026-10-01T23:51:18Z INFO [238/500] 2016e696-6548-4f2c-b233-9c3b495f74f8: cophenetic index 651; 0.4 s; peak memory 383 MiB.
2026-10-01T23:51:18Z INFO [239/500] 2016fb22-5c88-43cd-85d7-b4ed5aed3be4: cophenetic index 624; 0.7 s; peak memory 383 MiB.
2026-10-01T23:51:19Z INFO [240/500] 201783a2-6bb8-462a-adfd-6e42ebe36f60: cophenetic index 624; 0.8 s; peak memory 383 MiB.
2026-10-01T23:51:20Z INFO [241/500] 2019d816-7851-4557-9730-28a8c62662b7: cophenetic index 490; 0.5 s; peak memory 383 MiB.
2026-10-01T23:51:26Z INFO [242/500] 201a9a06-eb15-4dd6-bd33-232b1b07f99e: cophenetic index 198889; 6.0 s; peak memory 383 MiB.
2026-10-01T23:51:26Z INFO [243/500] 201af012-270f-4cd2-90e6-add09a6c9af1: cophenetic index 624; 0.8 s; peak memory 383 MiB.
2026-10-01T23:51:33Z INFO [244/500] 201b01c0-5b57-469f-9d7f-67d587e9611b: cophenetic index 1366351; 7.0 s; peak memory 383 MiB.
2026-10-01T23:51:34Z INFO [245/500] 201c1345-26dc-45a5-a953-c7d44cd3b58c: cophenetic index 624; 0.7 s; peak memory 383 MiB.
2026-10-01T23:51:35Z INFO [246/500] 201c5cf8-8a34-4241-83e3-7270283efce2: cophenetic index 2570; 0.8 s; peak memory 383 MiB.
2026-10-01T23:51:37Z INFO [247/500] 201c6be2-c629-4baf-81de-306bb0fef6ff: cophenetic index 959; 2.0 s; peak memory 383 MiB.
2026-10-01T23:51:39Z INFO [248/500] 201d77ce-e6be-4c25-b995-e3d0c96b1b87: cophenetic index 2402; 2.2 s; peak memory 383 MiB.
2026-10-01T23:51:40Z INFO [249/500] 201e981b-0b67-4e5c-9159-0d69bc35be7b: cophenetic index 569; 0.6 s; peak memory 383 MiB.
2026-10-01T23:51:45Z INFO [250/500] 201f73c7-03e0-41df-ad93-42fbf789f621: cophenetic index 6715; 5.0 s; peak memory 383 MiB.
2026-10-01T23:51:45Z INFO [250/500] 201f73c7-03e0-41df-ad93-42fbf789f621: checkpointed 61625 records.
2026-10-01T23:51:46Z INFO [251/500] 201fd4d8-65a8-4d74-be32-8ff8e7232efd: cophenetic index 3087; 0.7 s; peak memory 383 MiB.
2026-10-01T23:51:46Z INFO [252/500] 202035d8-a4ab-4d28-a9c7-a25728e9a9c8: cophenetic index 719; 0.4 s; peak memory 383 MiB.
2026-10-01T23:51:47Z INFO [253/500] 20204cec-c83f-4ab0-bc22-51ab6224cb0e: cophenetic index 439; 0.7 s; peak memory 383 MiB.
2026-10-01T23:51:47Z INFO [254/500] 2020717e-d595-4a20-9596-1ff5b3e8e810: cophenetic index 490; 0.4 s; peak memory 383 MiB.
2026-10-01T23:51:48Z INFO [255/500] 20219d3c-30dc-456a-a019-6f0d741770f2: cophenetic index 624; 0.7 s; peak memory 383 MiB.
2026-10-01T23:51:48Z INFO [256/500] 2021b048-3f27-4ac9-b49f-85400d25c5cd: cophenetic index 3087; 0.6 s; peak memory 383 MiB.
2026-10-01T23:51:50Z INFO [257/500] 2021b15c-24b3-4811-a4b8-98550037bbd8: cophenetic index 2496; 1.1 s; peak memory 383 MiB.
2026-10-01T23:51:50Z INFO [258/500] 2021e7e9-3869-4791-acd8-3c766b543979: cophenetic index 431; 0.8 s; peak memory 383 MiB.
2026-10-01T23:51:51Z INFO [259/500] 202246f0-2a09-48d8-834a-0f77970042d4: cophenetic index 490; 0.4 s; peak memory 383 MiB.
2026-10-01T23:51:52Z INFO [260/500] 20236a84-d9f1-4fc2-858f-148bfdf0013a: cophenetic index 2469; 1.8 s; peak memory 383 MiB.
2026-10-01T23:51:53Z INFO [261/500] 20239474-bcf4-426f-b35d-8ba56d1bbff2: cophenetic index 490; 0.4 s; peak memory 383 MiB.
2026-10-01T23:51:56Z INFO [262/500] 2023b40a-ee9c-4d5a-8c58-0d3edee3a76a: cophenetic index 9548; 3.3 s; peak memory 383 MiB.
2026-10-01T23:51:57Z INFO [263/500] 2023bfc5-da08-421a-a45e-0cb514641962: cophenetic index 26986; 0.8 s; peak memory 383 MiB.
2026-10-01T23:51:58Z INFO [264/500] 20243af7-5d83-4fde-b969-fbe4abbcc645: cophenetic index 624; 0.7 s; peak memory 383 MiB.
2026-10-01T23:51:58Z INFO [265/500] 202465d4-eb82-4216-84de-7d429650d432: cophenetic index 3004; 0.6 s; peak memory 383 MiB.
2026-10-01T23:51:59Z INFO [266/500] 20256a04-e1e7-4a2a-9aa7-9880a889ee1a: cophenetic index 649; 0.7 s; peak memory 383 MiB.
2026-10-01T23:52:02Z INFO [267/500] 2025a30e-caf0-4e05-9419-8c1dd1bf9a7d: cophenetic index 34572; 2.7 s; peak memory 383 MiB.
2026-10-01T23:52:03Z INFO [268/500] 20260354-ca84-477f-bbae-b3713962bae3: cophenetic index 937; 0.9 s; peak memory 383 MiB.
2026-10-01T23:52:04Z INFO [269/500] 202625bb-4df9-4e68-9230-a3b794f953e8: cophenetic index 1087; 1.1 s; peak memory 383 MiB.
2026-10-01T23:52:05Z INFO [270/500] 2026b593-48d8-4483-81b0-a3b0fccb913e: cophenetic index 2974; 0.8 s; peak memory 383 MiB.
2026-10-01T23:52:06Z INFO [271/500] 2026db95-f4a3-476a-8c75-2ef5620bdd76: cophenetic index 2402; 1.8 s; peak memory 383 MiB.
2026-10-01T23:52:07Z INFO [272/500] 202790dc-cf7c-46d3-8f93-249127037a26: cophenetic index 624; 0.8 s; peak memory 383 MiB.
2026-10-01T23:52:08Z INFO [273/500] 2027e2b0-6137-468a-87cb-7d5f5e8c52ea: cophenetic index 33986; 0.9 s; peak memory 383 MiB.
2026-10-01T23:52:09Z INFO [274/500] 2027f982-5fa0-4391-a049-67a9e77230c8: cophenetic index 3004; 0.7 s; peak memory 383 MiB.
2026-10-01T23:52:10Z INFO [275/500] 20288338-f858-4b16-8d2b-08329d191a56: cophenetic index 2625; 1.2 s; peak memory 383 MiB.
2026-10-01T23:52:17Z INFO [276/500] 202917ca-edff-49cf-988c-a9dcfa7245f3: cophenetic index 87865; 7.3 s; peak memory 383 MiB.
2026-10-01T23:52:18Z INFO [277/500] 2029c1e8-2e53-4ca6-82f3-b3f85670b69d: cophenetic index 624; 0.8 s; peak memory 383 MiB.
2026-10-01T23:52:19Z INFO [278/500] 2029eb32-e5fa-49e3-8f4a-df73f2b6f88f: cophenetic index 3004; 0.8 s; peak memory 383 MiB.
2026-10-01T23:52:20Z INFO [279/500] 202f0001-2af2-4b22-9267-151cdeba07bb: cophenetic index 2974; 0.7 s; peak memory 383 MiB.
2026-10-01T23:52:20Z INFO [280/500] 202f015b-8642-4845-8756-c345e0527400: cophenetic index 624; 0.9 s; peak memory 383 MiB.
2026-10-01T23:52:21Z INFO [281/500] 202fd187-470d-4f63-a028-e991023b9e25: cophenetic index 3004; 0.6 s; peak memory 383 MiB.
2026-10-01T23:52:22Z INFO [282/500] 202fdea6-98b4-43fa-8a9a-67e23d7eaae1: cophenetic index 1309; 1.0 s; peak memory 383 MiB.
2026-10-01T23:52:23Z INFO [283/500] 20306cc5-e159-4f22-93c4-55179e654c1c: cophenetic index 3004; 0.6 s; peak memory 383 MiB.
2026-10-01T23:52:24Z INFO [284/500] 20307aa0-deea-4e82-8059-5528ed1b550d: cophenetic index 1378; 1.5 s; peak memory 383 MiB.
2026-10-01T23:52:25Z INFO [285/500] 20308bd4-f4db-4fae-a284-d1c9d2799553: cophenetic index 710; 1.2 s; peak memory 383 MiB.
2026-10-01T23:52:26Z INFO [286/500] 2030a0ff-a42a-4f2b-bdaa-98a2ebbb333e: cophenetic index 2625; 1.0 s; peak memory 383 MiB.
2026-10-01T23:52:28Z INFO [287/500] 2030b65e-20da-4b09-a1f4-051203dd5bb1: cophenetic index 99150; 1.6 s; peak memory 383 MiB.
2026-10-01T23:52:31Z INFO [288/500] 20313b2f-434a-457b-a5b5-b0ea749ae3c9: cophenetic index 51921; 3.1 s; peak memory 383 MiB.
2026-10-01T23:52:32Z INFO [289/500] 20314acb-64c2-42bd-a248-358b17b17856: cophenetic index 431; 0.7 s; peak memory 383 MiB.
2026-10-01T23:52:32Z INFO [290/500] 2031cfff-35b7-479c-8476-2e676b39674e: cophenetic index 2923; 0.6 s; peak memory 383 MiB.
2026-10-01T23:52:34Z INFO [291/500] 2031fc57-f791-41e4-9179-ebe39ad3f205: cophenetic index 99150; 1.7 s; peak memory 383 MiB.
2026-10-01T23:52:35Z INFO [292/500] 2032a3f6-f75d-4db2-9850-533673a89d46: cophenetic index 649; 0.6 s; peak memory 383 MiB.
2026-10-01T23:52:36Z INFO [293/500] 203439c8-de6c-414d-ad0b-1846d725f774: cophenetic index 624; 0.8 s; peak memory 383 MiB.
2026-10-01T23:52:36Z INFO [294/500] 203447e7-0e7b-4c7f-b957-0dccf4473443: cophenetic index 624; 0.9 s; peak memory 383 MiB.
2026-10-01T23:52:37Z INFO [295/500] 203582d2-c68d-43cb-9d95-ee18765469c6: cophenetic index 490; 0.4 s; peak memory 383 MiB.
2026-10-01T23:52:37Z INFO [296/500] 203594f7-864e-4acd-b2ad-1181c759bb4a: cophenetic index 624; 0.7 s; peak memory 383 MiB.
2026-10-01T23:52:41Z INFO [297/500] 20364ec2-4d1e-4dc0-9b67-eb6e865fcc11: cophenetic index 63642; 3.5 s; peak memory 383 MiB.
2026-10-01T23:52:42Z INFO [298/500] 2036786f-6b50-437e-a12a-c3cdf4f8c503: cophenetic index 18208; 0.9 s; peak memory 383 MiB.
2026-10-01T23:52:44Z INFO [299/500] 20375507-d31c-4dd1-bff2-99d23d7de818: cophenetic index 99810; 2.2 s; peak memory 383 MiB.
2026-10-01T23:52:46Z INFO [300/500] 203797a1-8c24-4d97-a6a9-d78e1e4761df: cophenetic index 2391; 2.1 s; peak memory 383 MiB.
2026-10-01T23:52:46Z INFO [300/500] 203797a1-8c24-4d97-a6a9-d78e1e4761df: checkpointed 61675 records.
2026-10-01T23:52:47Z INFO [301/500] 2037ae1d-1398-4ad4-96d2-bd32c85ae51b: cophenetic index 624; 0.8 s; peak memory 383 MiB.
2026-10-01T23:52:48Z INFO [302/500] 2037cf86-5043-43a7-9427-a7bb07d00b0f: cophenetic index 626; 1.0 s; peak memory 383 MiB.
2026-10-01T23:52:54Z INFO [303/500] 203902b6-51dc-490f-8155-8af2ce0cbeaf: cophenetic index 34862; 5.8 s; peak memory 383 MiB.
2026-10-01T23:52:55Z INFO [304/500] 20393534-cb5c-4c68-8bce-6bfcae1c9a91: cophenetic index 554; 0.8 s; peak memory 383 MiB.
2026-10-01T23:52:55Z INFO [305/500] 2039d379-4498-43d1-8e51-74242c9239ce: cophenetic index 490; 0.7 s; peak memory 383 MiB.
2026-10-01T23:52:56Z INFO [306/500] 203b32d4-5523-44b4-81c3-882061443ab8: cophenetic index 624; 0.8 s; peak memory 383 MiB.
2026-10-01T23:52:57Z INFO [307/500] 203c6599-aedd-423f-837b-d08f88d391af: cophenetic index 624; 0.8 s; peak memory 383 MiB.
2026-10-01T23:52:58Z INFO [308/500] 203c7fae-8b50-4298-9697-d1638facc267: cophenetic index 33962; 1.2 s; peak memory 383 MiB.
2026-10-01T23:52:59Z INFO [309/500] 203cd54c-c843-43d1-9322-87adcbda9842: cophenetic index 2625; 0.7 s; peak memory 383 MiB.
2026-10-01T23:52:59Z INFO [310/500] 203d56e3-4525-47f4-a2d5-6076b203a4b3: cophenetic index 490; 0.5 s; peak memory 383 MiB.
2026-10-01T23:53:03Z INFO [311/500] 203d6b48-2d7a-4831-b8ed-0fdb21e0d1a1: cophenetic index 87573; 3.5 s; peak memory 383 MiB.
2026-10-01T23:53:04Z INFO [312/500] 203dc6eb-ae67-4dc7-a4b2-d0ddc7f4cc08: cophenetic index 2923; 0.6 s; peak memory 383 MiB.
2026-10-01T23:53:04Z INFO [313/500] 203df233-eaca-4f45-ab11-8b5842f7fad0: cophenetic index 624; 0.7 s; peak memory 383 MiB.
2026-10-01T23:53:05Z INFO [314/500] 203e9dc7-b56e-4283-9b79-8f74fe57fc9c: cophenetic index 2932; 0.8 s; peak memory 383 MiB.
2026-10-01T23:53:06Z INFO [315/500] 203eb9b4-d2d2-44a6-9bbe-ad28bb8008d0: cophenetic index 490; 0.5 s; peak memory 383 MiB.
2026-10-01T23:53:06Z INFO [316/500] 203f3987-8c3f-4611-b4e2-a7e071024079: cophenetic index 624; 0.6 s; peak memory 383 MiB.
2026-10-01T23:53:07Z INFO [317/500] 20406238-fdd2-4744-9f0e-c006e6e2abd8: cophenetic index 624; 0.6 s; peak memory 383 MiB.
2026-10-01T23:53:10Z INFO [318/500] 20407de7-0066-4590-ae1c-1bffc44a0490: cophenetic index 33674; 2.8 s; peak memory 383 MiB.
2026-10-01T23:53:10Z INFO [319/500] 2040d2af-91ee-46bf-bdac-8f3083928ce5: cophenetic index 1904; 0.8 s; peak memory 383 MiB.
2026-10-01T23:53:11Z INFO [320/500] 204153d7-8de2-4088-a58e-e80f450ca403: cophenetic index 624; 0.7 s; peak memory 383 MiB.
2026-10-01T23:53:12Z INFO [321/500] 2043fc46-45be-49b0-a14e-ef7618132819: cophenetic index 3057; 0.8 s; peak memory 383 MiB.
2026-10-01T23:53:12Z INFO [322/500] 20444315-4680-49e8-8c1c-5a7f3c519b46: cophenetic index 2625; 0.6 s; peak memory 383 MiB.
2026-10-01T23:53:13Z INFO [323/500] 2044bc3b-d2c4-46c1-8e16-7d78e8884770: cophenetic index 1002; 0.8 s; peak memory 383 MiB.
2026-10-01T23:53:14Z INFO [324/500] 2044d7dc-ca9c-4daa-b126-7d12fea6ee2b: cophenetic index 649; 0.7 s; peak memory 383 MiB.
2026-10-01T23:53:15Z INFO [325/500] 2044e3cb-ed0b-4e97-8a8a-a6d244c739d4: cophenetic index 624; 0.7 s; peak memory 383 MiB.
2026-10-01T23:53:15Z INFO [326/500] 20454c2b-406b-4f99-8f06-b8193aa31a4d: cophenetic index 907; 0.6 s; peak memory 383 MiB.
2026-10-01T23:53:16Z INFO [327/500] 204566f6-4eba-4997-b5e0-9392814c4659: cophenetic index 624; 0.8 s; peak memory 383 MiB.
2026-10-01T23:53:20Z INFO [328/500] 204632a0-52f6-41c8-ada2-f0251e678e15: cophenetic index 66948; 3.5 s; peak memory 383 MiB.
2026-10-01T23:53:20Z INFO [329/500] 20463720-5ac1-4cd7-9067-52ebcd5e69ea: cophenetic index 624; 0.7 s; peak memory 383 MiB.
2026-10-01T23:53:23Z INFO [330/500] 20464a16-cf7c-4069-a52e-8877b89b6111: cophenetic index 3890; 2.3 s; peak memory 383 MiB.
2026-10-01T23:53:23Z INFO [331/500] 20465271-7513-4c8d-af01-059a27ebc923: cophenetic index 3004; 0.8 s; peak memory 383 MiB.
2026-10-01T23:53:24Z INFO [332/500] 20467e57-d60a-43e4-89d7-2c8b7832f40d: cophenetic index 23794; 0.7 s; peak memory 383 MiB.
2026-10-01T23:53:25Z INFO [333/500] 2046fac3-173b-4768-80fe-cff6a1b5ff8e: cophenetic index 1310; 1.0 s; peak memory 383 MiB.
2026-10-01T23:53:26Z INFO [334/500] 20476015-10c3-4c90-9d42-d9816ba1c864: cophenetic index 2625; 1.1 s; peak memory 383 MiB.
2026-10-01T23:53:27Z INFO [335/500] 20480087-7c8d-4fb3-8399-b61c50c40960: cophenetic index 3057; 0.7 s; peak memory 383 MiB.
2026-10-01T23:53:27Z INFO [336/500] 2048d53b-d41a-4761-8425-3fd0c1904f15: cophenetic index 690; 0.6 s; peak memory 383 MiB.
2026-10-01T23:53:28Z INFO [337/500] 2048f323-ade4-430e-ad2c-5c936ca2396a: cophenetic index 490; 0.4 s; peak memory 383 MiB.
2026-10-01T23:53:30Z INFO [338/500] 204982b5-d148-4d3c-abca-4c966d17c1b4: cophenetic index 2391; 1.9 s; peak memory 383 MiB.
2026-10-01T23:53:30Z INFO [339/500] 20499306-0dd1-408d-99d3-66fab884d133: cophenetic index 3004; 0.7 s; peak memory 383 MiB.
2026-10-01T23:53:31Z INFO [340/500] 204a7247-6737-4b37-a7d6-131edb43a807: cophenetic index 2646; 0.9 s; peak memory 383 MiB.
2026-10-01T23:53:32Z INFO [341/500] 204ad1d0-edd5-4971-83db-d69531a84d35: cophenetic index 581; 0.6 s; peak memory 383 MiB.
2026-10-01T23:53:33Z INFO [342/500] 204bf96d-6367-4631-bd06-29af924a8841: cophenetic index 1851; 0.8 s; peak memory 383 MiB.
2026-10-01T23:53:33Z INFO [343/500] 204d80ff-76df-47f4-82ef-6036fd62c64b: cophenetic index 643; 0.4 s; peak memory 383 MiB.
2026-10-01T23:53:34Z INFO [344/500] 204e2583-922c-4bc5-a30f-b2ef8a26150d: cophenetic index 1544; 0.6 s; peak memory 383 MiB.
2026-10-01T23:53:36Z INFO [345/500] 204e2df9-51c1-45db-bf9f-e45ef81ba3da: cophenetic index 6636; 1.9 s; peak memory 383 MiB.
2026-10-01T23:53:36Z INFO [346/500] 204eb818-2a1b-4937-9029-c6df7209834b: cophenetic index 431; 0.5 s; peak memory 383 MiB.
2026-10-01T23:53:37Z INFO [347/500] 204eca07-1bdf-4df8-9ee4-82ab6a068511: cophenetic index 3004; 0.7 s; peak memory 383 MiB.
2026-10-01T23:53:37Z INFO [348/500] 204f5a98-6843-47c4-97a8-055f1cb1cb1e: cophenetic index 3004; 0.6 s; peak memory 383 MiB.
2026-10-01T23:53:41Z INFO [349/500] 20501a6b-2ae5-47b3-9aea-14e873a43d15: cophenetic index 89636; 3.9 s; peak memory 383 MiB.
2026-10-01T23:53:43Z INFO [350/500] 205062a4-7ff0-4709-bd2d-b669e3bbd8c1: cophenetic index 2625; 1.2 s; peak memory 383 MiB.
2026-10-01T23:53:43Z INFO [350/500] 205062a4-7ff0-4709-bd2d-b669e3bbd8c1: checkpointed 61725 records.
2026-10-01T23:53:45Z INFO [351/500] 2050ac1b-ae04-4435-8c85-ceec3f107aae: cophenetic index 2402; 2.0 s; peak memory 383 MiB.
2026-10-01T23:53:46Z INFO [352/500] 2050d6b2-bc42-4a95-ac0a-1b478d5d74c2: cophenetic index 6641; 1.7 s; peak memory 383 MiB.
2026-10-01T23:53:47Z INFO [353/500] 2051839b-98cb-4220-b6e6-50a346492367: cophenetic index 624; 0.7 s; peak memory 383 MiB.
2026-10-01T23:53:48Z INFO [354/500] 2052fb31-15f0-4292-9c2d-80c512d0fd8e: cophenetic index 2570; 0.8 s; peak memory 383 MiB.
2026-10-01T23:53:50Z INFO [355/500] 20532cb6-838c-47c6-8dda-2cdd4a9a2472: cophenetic index 2402; 1.7 s; peak memory 383 MiB.
2026-10-01T23:53:51Z INFO [356/500] 2053a1b3-078a-4821-a46f-66e6511a9f39: cophenetic index 1087; 1.1 s; peak memory 383 MiB.
2026-10-01T23:53:52Z INFO [357/500] 2053bd29-2de1-4038-837e-48f69a2ade42: cophenetic index 2625; 1.1 s; peak memory 383 MiB.
2026-10-01T23:53:52Z INFO [358/500] 205407a7-3d93-4ec1-85a7-0e449aed8571: cophenetic index 729; 0.5 s; peak memory 383 MiB.
2026-10-01T23:53:53Z INFO [359/500] 2054446c-a9fd-433c-a54f-129d57ed04c0: cophenetic index 624; 0.7 s; peak memory 383 MiB.
2026-10-01T23:53:57Z INFO [360/500] 20547bcd-5f4c-4d1d-82a4-e8bdcc49b401: cophenetic index 5466; 3.9 s; peak memory 383 MiB.
2026-10-01T23:54:02Z INFO [361/500] 20551047-37dc-4f6f-9652-07864cb6fb1d: cophenetic index 9548; 4.5 s; peak memory 383 MiB.
2026-10-01T23:54:02Z INFO [362/500] 2055843e-5327-4c13-ba1f-83c6fad65c6d: cophenetic index 3004; 0.7 s; peak memory 383 MiB.
2026-10-01T23:54:07Z INFO [363/500] 205617f0-5b53-40e5-b472-cf72abd582e0: cophenetic index 33579; 5.1 s; peak memory 383 MiB.
2026-10-01T23:54:08Z INFO [364/500] 2056f2c6-eacb-4a4d-b80e-bcd27ee2ec0a: cophenetic index 2974; 0.7 s; peak memory 383 MiB.
2026-10-01T23:54:15Z INFO [365/500] 2057229d-3d05-4b73-b07e-611c12345803: cophenetic index 520042; 6.6 s; peak memory 383 MiB.
2026-10-01T23:54:16Z INFO [366/500] 2057d785-9d56-4232-84c9-2435d761be01: cophenetic index 3004; 0.8 s; peak memory 383 MiB.
2026-10-01T23:54:16Z INFO [367/500] 20589c0e-f11a-4c74-84b8-e4f16fadb153: cophenetic index 466; 0.7 s; peak memory 383 MiB.
2026-10-01T23:54:26Z INFO [368/500] 2058c101-95cc-458b-8795-6171fdd36716: cophenetic index 13756666; 9.3 s; peak memory 383 MiB.
2026-10-01T23:54:26Z INFO [369/500] 205995b6-3dd5-4123-9ca0-d622122e780e: cophenetic index 2625; 0.8 s; peak memory 383 MiB.
2026-10-01T23:54:30Z INFO [370/500] 205a2b17-476b-464d-af02-2adbe1bce913: cophenetic index 9548; 3.6 s; peak memory 383 MiB.
2026-10-01T23:54:38Z INFO [371/500] 205ca96b-b009-438a-92fb-9d4a45ee36c6: cophenetic index 352819; 7.5 s; peak memory 383 MiB.
2026-10-01T23:54:38Z INFO [372/500] 205cd5ad-6334-4771-b5ca-3af9dfac66ce: cophenetic index 624; 0.7 s; peak memory 383 MiB.
2026-10-01T23:54:40Z INFO [373/500] 205d0627-550c-41b5-9873-b46fc271e410: cophenetic index 2402; 1.7 s; peak memory 383 MiB.
2026-10-01T23:54:41Z INFO [374/500] 205d73db-bbc7-4ca2-8400-26c0f3b12419: cophenetic index 581; 0.6 s; peak memory 383 MiB.
2026-10-01T23:54:42Z INFO [375/500] 205fea38-87d9-4ccc-997a-2c6c0848d003: cophenetic index 1430; 1.6 s; peak memory 383 MiB.
2026-10-01T23:54:43Z INFO [376/500] 206053f5-0ada-4549-ae0a-cf7ad7162a7c: cophenetic index 624; 0.7 s; peak memory 383 MiB.
2026-10-01T23:54:43Z INFO [377/500] 20608100-2b61-4051-8c00-bb6f008fcd77: cophenetic index 446; 0.3 s; peak memory 383 MiB.
2026-10-01T23:54:44Z INFO [378/500] 2061a426-1d0c-4174-bf6e-f8f24878b994: cophenetic index 624; 0.7 s; peak memory 383 MiB.
2026-10-01T23:54:45Z INFO [379/500] 2061ad33-fff2-4c10-a2ab-0ff88755fabb: cophenetic index 441; 0.8 s; peak memory 383 MiB.
2026-10-01T23:54:46Z INFO [380/500] 20620afa-142d-4478-883c-4638914df772: cophenetic index 5473; 1.8 s; peak memory 383 MiB.
2026-10-01T23:54:47Z INFO [381/500] 2063d9e0-7226-47b2-8144-10f48753bbb6: cophenetic index 23364; 0.8 s; peak memory 383 MiB.
2026-10-01T23:54:48Z INFO [382/500] 20655caf-f734-42d0-9f0b-d1f1f442d958: cophenetic index 3087; 0.7 s; peak memory 383 MiB.
2026-10-01T23:54:48Z INFO [383/500] 2065ab79-7d3b-4fdd-9b67-932c2a82698b: cophenetic index 624; 0.6 s; peak memory 383 MiB.
2026-10-01T23:54:49Z INFO [384/500] 206603d8-f8f8-44c0-98ae-339e90c4e006: cophenetic index 497; 0.8 s; peak memory 383 MiB.
2026-10-01T23:54:51Z INFO [385/500] 2066bb72-7c97-4762-997e-214a4fd21ccb: cophenetic index 8258; 1.8 s; peak memory 383 MiB.
2026-10-01T23:54:52Z INFO [386/500] 206734c4-61ab-49c0-9206-d83898669d92: cophenetic index 1736; 0.7 s; peak memory 383 MiB.
2026-10-01T23:54:52Z INFO [387/500] 2067360f-7163-4d40-a61e-5f1579f36b75: cophenetic index 624; 0.6 s; peak memory 383 MiB.
2026-10-01T23:54:53Z INFO [388/500] 206821ed-0909-4654-89f9-0b28541ca057: cophenetic index 33986; 1.0 s; peak memory 383 MiB.
2026-10-01T23:54:55Z INFO [389/500] 206842ad-7106-412c-8ebc-5101f2f17fee: cophenetic index 6490; 1.4 s; peak memory 383 MiB.
2026-10-01T23:55:10Z INFO [390/500] 2068b939-153f-4d6e-a8ab-806771ae4bd4: cophenetic index 29000651; 14.9 s; peak memory 383 MiB.
2026-10-01T23:55:10Z INFO [391/500] 20693b27-388f-4bcb-b01a-09f14137de4b: cophenetic index 2570; 0.8 s; peak memory 383 MiB.
2026-10-01T23:55:12Z INFO [392/500] 2069439e-bf39-4d3d-9422-d78ff2435d2a: cophenetic index 3333; 1.3 s; peak memory 383 MiB.
2026-10-01T23:55:12Z INFO [393/500] 2069ae01-16f3-4dd4-9403-a224e77e5a34: cophenetic index 624; 0.7 s; peak memory 383 MiB.
2026-10-01T23:55:13Z INFO [394/500] 2069bf45-7051-4717-845d-08db380a9430: cophenetic index 490; 0.3 s; peak memory 383 MiB.
2026-10-01T23:55:13Z INFO [395/500] 2069f4c1-29a4-42f6-979a-1fbd27d12c94: cophenetic index 2570; 0.8 s; peak memory 383 MiB.
2026-10-01T23:55:22Z INFO [396/500] 206c4c96-7fa8-47d9-894c-45ca6d03cd29: cophenetic index 15753458; 8.7 s; peak memory 383 MiB.
2026-10-01T23:55:23Z INFO [397/500] 206d0e34-6c5c-4b0f-af98-4d545a401e83: cophenetic index 624; 0.6 s; peak memory 383 MiB.
2026-10-01T23:55:24Z INFO [398/500] 206d7a81-d148-4808-b366-9900d6f5d000: cophenetic index 2625; 0.8 s; peak memory 383 MiB.
2026-10-01T23:55:25Z INFO [399/500] 206e12d3-27a1-4d29-9012-4a0795bc7e95: cophenetic index 4015; 1.8 s; peak memory 383 MiB.
2026-10-01T23:55:26Z INFO [400/500] 206eeeec-44e1-4dee-8720-c9bcd74ce56f: cophenetic index 3087; 0.9 s; peak memory 383 MiB.
2026-10-01T23:55:26Z INFO [400/500] 206eeeec-44e1-4dee-8720-c9bcd74ce56f: checkpointed 61775 records.
2026-10-01T23:55:27Z INFO [401/500] 206f6634-baf8-4995-b428-9216a6abdd96: cophenetic index 3192; 0.7 s; peak memory 383 MiB.
2026-10-01T23:55:31Z INFO [402/500] 206f870b-7f74-465f-bc3a-6f03cd516036: cophenetic index 67850; 3.8 s; peak memory 383 MiB.
2026-10-01T23:55:32Z INFO [403/500] 206f905b-fa87-4099-87da-d7e728a57ae4: cophenetic index 33998; 1.0 s; peak memory 383 MiB.
2026-10-01T23:55:32Z INFO [404/500] 206fe122-e174-486c-af1d-7187d5340582: cophenetic index 431; 0.6 s; peak memory 383 MiB.
2026-10-01T23:55:33Z INFO [405/500] 206feb02-6388-4fef-9aa5-4a654b865be3: cophenetic index 624; 0.8 s; peak memory 383 MiB.
2026-10-01T23:55:34Z INFO [406/500] 20702c27-5d19-4db3-948e-a530284ae1d8: cophenetic index 1006; 0.9 s; peak memory 383 MiB.
2026-10-01T23:55:35Z INFO [407/500] 20704302-130c-4b71-adc4-7fa68e3b18cf: cophenetic index 2932; 0.7 s; peak memory 383 MiB.
2026-10-01T23:55:36Z INFO [408/500] 20711286-f694-46e9-a3ba-0e90dc929815: cophenetic index 3087; 0.8 s; peak memory 383 MiB.
2026-10-01T23:55:37Z INFO [409/500] 20728762-d5d0-4261-981e-ef2fc60f054a: cophenetic index 2132; 1.0 s; peak memory 383 MiB.
2026-10-01T23:55:37Z INFO [410/500] 2072b41d-f987-4fb0-ab0e-baf4c9776896: cophenetic index 624; 0.8 s; peak memory 383 MiB.
2026-10-01T23:55:40Z INFO [411/500] 2073a741-47b7-4d9e-a063-e12478b608f7: cophenetic index 35612; 2.9 s; peak memory 383 MiB.
2026-10-01T23:55:41Z INFO [412/500] 2073eb3a-4522-4ae5-a6aa-ed1e5b56f3df: cophenetic index 624; 0.7 s; peak memory 383 MiB.
2026-10-01T23:55:42Z INFO [413/500] 20750227-745c-4e68-8e2f-55eccf1270a4: cophenetic index 2625; 0.8 s; peak memory 383 MiB.
2026-10-01T23:55:43Z INFO [414/500] 2075756f-7a4f-437b-8fd5-bf28b0a2db2e: cophenetic index 624; 0.8 s; peak memory 383 MiB.
2026-10-01T23:55:45Z INFO [415/500] 2076369a-747d-4cef-93ca-0f17f60ddd71: cophenetic index 3571; 1.9 s; peak memory 383 MiB.
2026-10-01T23:55:48Z INFO [416/500] 20767ee0-0250-4a1d-9283-45f07c724d92: cophenetic index 10045; 3.7 s; peak memory 383 MiB.
2026-10-01T23:55:49Z INFO [417/500] 2076aa5f-4c86-4608-b86f-903352046046: cophenetic index 2625; 0.8 s; peak memory 383 MiB.
2026-10-01T23:55:50Z INFO [418/500] 2076c3d6-2788-47ff-b477-e7d049eb7e7e: cophenetic index 2625; 0.8 s; peak memory 383 MiB.
2026-10-01T23:55:51Z INFO [419/500] 20783248-03ec-4a89-bd80-0723eadd34e3: cophenetic index 33998; 1.1 s; peak memory 383 MiB.
2026-10-01T23:55:55Z INFO [420/500] 2078794c-b9b4-432b-9e21-79689307aaaf: cophenetic index 124312; 4.0 s; peak memory 383 MiB.
2026-10-01T23:55:56Z INFO [421/500] 2078c28b-00a5-45f1-abd6-e0cef36e7da4: cophenetic index 2625; 0.9 s; peak memory 383 MiB.
2026-10-01T23:55:57Z INFO [422/500] 207a1616-1960-45cf-a680-d5bb2b88f89a: cophenetic index 766; 0.8 s; peak memory 383 MiB.
2026-10-01T23:55:57Z INFO [423/500] 207a19d2-1673-494f-ba6b-b1bafee60fc2: cophenetic index 3004; 0.8 s; peak memory 383 MiB.
2026-10-01T23:55:58Z INFO [424/500] 207a4e08-ff6f-4bea-a7b8-79fa855aa9e6: cophenetic index 624; 0.8 s; peak memory 383 MiB.
2026-10-01T23:55:59Z INFO [425/500] 207aba2b-4c0e-4bd7-a3e0-91dfa4608afe: cophenetic index 624; 0.7 s; peak memory 383 MiB.
2026-10-01T23:56:00Z INFO [426/500] 207ad8e0-1f21-4d7e-979b-90f520caa9cf: cophenetic index 2625; 1.0 s; peak memory 383 MiB.
2026-10-01T23:56:00Z INFO [427/500] 207af058-c48d-4e03-87b1-35f69d44713f: cophenetic index 579; 0.5 s; peak memory 383 MiB.
2026-10-01T23:56:01Z INFO [428/500] 207b1d86-f563-4fea-af73-64c892f26ffd: cophenetic index 624; 0.7 s; peak memory 383 MiB.
2026-10-01T23:56:02Z INFO [429/500] 207bb2e2-cdd1-4497-b514-7da5177f9dda: cophenetic index 433; 0.7 s; peak memory 383 MiB.
2026-10-01T23:56:03Z INFO [430/500] 207c0a8e-47b8-42ab-8a19-219f958c6eba: cophenetic index 2682; 1.7 s; peak memory 383 MiB.
2026-10-01T23:56:04Z INFO [431/500] 207d0c1d-ecaf-44f7-8f84-e4ce9ba52791: cophenetic index 3004; 0.7 s; peak memory 383 MiB.
2026-10-01T23:56:05Z INFO [432/500] 207de00f-b4a2-4606-9cb8-e1c01939932c: cophenetic index 690; 0.6 s; peak memory 383 MiB.
2026-10-01T23:56:06Z INFO [433/500] 207eedcd-5058-43fc-ac68-3d5ba83b3f7e: cophenetic index 3045; 1.4 s; peak memory 383 MiB.
2026-10-01T23:56:07Z INFO [434/500] 207f60f3-4c34-49c1-86f9-658b8443efae: cophenetic index 623; 0.9 s; peak memory 383 MiB.
2026-10-01T23:56:08Z INFO [435/500] 207f6263-bff2-4aae-9b37-259577199d2d: cophenetic index 937; 0.8 s; peak memory 383 MiB.
2026-10-01T23:56:09Z INFO [436/500] 207f8b33-f695-4924-b36c-b4ddd1003dfd: cophenetic index 3972; 0.9 s; peak memory 383 MiB.
2026-10-01T23:56:10Z INFO [437/500] 20812a01-7102-45d9-b702-b9d984af6b1c: cophenetic index 3296; 1.6 s; peak memory 383 MiB.
2026-10-01T23:56:11Z INFO [438/500] 20821f39-16d9-49f7-9566-10f5aded2b28: cophenetic index 30304; 0.8 s; peak memory 383 MiB.
2026-10-01T23:56:12Z INFO [439/500] 208220a5-8501-4a99-ab3b-69ecba3627fb: cophenetic index 624; 0.7 s; peak memory 383 MiB.
2026-10-01T23:56:12Z INFO [440/500] 208276d9-84c2-4827-9b46-02a60cea5ef9: cophenetic index 431; 0.7 s; peak memory 383 MiB.
2026-10-01T23:56:17Z INFO [441/500] 20835ae8-c99e-4c3f-9e85-3ed008883447: cophenetic index 124093; 4.2 s; peak memory 383 MiB.
2026-10-01T23:56:18Z INFO [442/500] 2083cd01-1090-4885-af44-922ac62b887e: cophenetic index 2625; 1.0 s; peak memory 383 MiB.
2026-10-01T23:56:20Z INFO [443/500] 2084609f-afb5-4dc4-80f4-7eee4c11f102: cophenetic index 5473; 2.0 s; peak memory 383 MiB.
2026-10-01T23:56:20Z INFO [444/500] 20853f16-592e-4b8d-98e9-6eba951bca71: cophenetic index 1949; 0.8 s; peak memory 383 MiB.
2026-10-01T23:56:30Z INFO [445/500] 20856110-83a9-4746-9a78-dad754f12064: cophenetic index 391309; 9.8 s; peak memory 383 MiB.
2026-10-01T23:56:31Z INFO [446/500] 2085720e-75c8-4045-b46c-bb3b991d0da6: cophenetic index 1265; 0.7 s; peak memory 383 MiB.
2026-10-01T23:56:32Z INFO [447/500] 2085e157-5f38-4f99-8b59-9d6832ea1da6: cophenetic index 2625; 0.8 s; peak memory 383 MiB.
2026-10-01T23:56:32Z INFO [448/500] 2085ed7e-770a-4da5-9891-de963274a9aa: cophenetic index 729; 0.5 s; peak memory 383 MiB.
2026-10-01T23:56:41Z INFO [449/500] 2086fa10-46bb-486a-8646-7adb0cda92c8: cophenetic index 357047; 8.7 s; peak memory 383 MiB.
2026-10-01T23:56:41Z INFO [450/500] 208847ad-0dad-44ff-9ceb-14a6a09eedd3: cophenetic index 739; 0.4 s; peak memory 383 MiB.
2026-10-01T23:56:41Z INFO [450/500] 208847ad-0dad-44ff-9ceb-14a6a09eedd3: checkpointed 61825 records.
2026-10-01T23:56:42Z INFO [451/500] 20884be9-214e-4e0b-bde2-3333ce4354f4: cophenetic index 2625; 0.8 s; peak memory 383 MiB.
2026-10-01T23:56:43Z INFO [452/500] 20895b90-d1d7-44cb-8fff-06ee5048b31f: cophenetic index 1949; 1.0 s; peak memory 383 MiB.
2026-10-01T23:56:44Z INFO [453/500] 208967cc-8181-4ef5-b2bf-12e97008cd99: cophenetic index 624; 0.7 s; peak memory 383 MiB.
2026-10-02T00:00:41Z INFO [454/500] 2089de89-83c1-4bc8-830c-b7d737fe170b: cophenetic index 315701; 237.6 s; peak memory 383 MiB.
2026-10-02T00:00:42Z INFO [455/500] 208abab4-7734-4373-81a9-82d68a5c35f9: cophenetic index 624; 0.8 s; peak memory 383 MiB.
2026-10-02T00:00:46Z INFO [456/500] 208b16b6-93a8-46ef-bac1-1bc99a951090: cophenetic index 47712; 3.5 s; peak memory 383 MiB.
2026-10-02T00:00:46Z INFO [457/500] 208b2c71-48f5-4dd4-9af9-d49b944f7a1e: cophenetic index 624; 0.7 s; peak memory 383 MiB.
2026-10-02T00:00:48Z INFO [458/500] 208b92a0-c1d8-4683-96b8-8019769ffb3a: cophenetic index 33998; 1.2 s; peak memory 383 MiB.
2026-10-02T00:00:49Z INFO [459/500] 208ba5c4-f29c-4faa-bfb5-28a371412ca0: cophenetic index 34658; 1.9 s; peak memory 383 MiB.
2026-10-02T00:00:50Z INFO [460/500] 208c9e16-146a-4e7c-98d4-a3da515976ac: cophenetic index 3004; 0.8 s; peak memory 383 MiB.
2026-10-02T00:00:51Z INFO [461/500] 208dd029-e43a-470c-a05f-1879d4b89822: cophenetic index 2625; 0.9 s; peak memory 383 MiB.
2026-10-02T00:00:52Z INFO [462/500] 208e263e-16d8-4d23-8237-be1787bb1799: cophenetic index 441; 0.9 s; peak memory 383 MiB.
2026-10-02T00:00:54Z INFO [463/500] 208e822f-5aa8-461f-8122-8a5d479bb5a5: cophenetic index 33998; 1.5 s; peak memory 383 MiB.
2026-10-02T00:00:54Z INFO [464/500] 208f1094-dd56-4be6-8627-28972b367ad1: cophenetic index 2119; 0.5 s; peak memory 383 MiB.
2026-10-02T00:00:58Z INFO [465/500] 20902427-07a2-4bb3-9c3e-c69bfbf0d99e: cophenetic index 90523; 3.6 s; peak memory 383 MiB.
2026-10-02T00:00:59Z INFO [466/500] 20908db3-ba85-4469-99ff-1dab08289f84: cophenetic index 3004; 0.9 s; peak memory 383 MiB.
2026-10-02T00:00:59Z INFO [467/500] 2091157f-d7d8-4215-8564-1e21f21891a8: cophenetic index 649; 0.8 s; peak memory 383 MiB.
2026-10-02T00:01:06Z INFO [468/500] 20919bcb-3693-4f99-8cbc-342ebd150d31: cophenetic index 195172714; 6.2 s; peak memory 385 MiB.
2026-10-02T00:01:09Z INFO [469/500] 209428e1-08f7-4c05-afbc-36f7bf6f74f1: cophenetic index 11399; 3.1 s; peak memory 385 MiB.
2026-10-02T00:01:09Z INFO [470/500] 2095117e-b3cf-42f3-9197-9edb20ba557d: cophenetic index 3004; 0.7 s; peak memory 385 MiB.
2026-10-02T00:01:10Z INFO [471/500] 20959f3b-ad98-4564-8517-bb099c289501: cophenetic index 605; 1.0 s; peak memory 385 MiB.
2026-10-02T00:01:11Z INFO [472/500] 2095c5a8-17a3-4446-b3dc-7235e2dd4e9f: cophenetic index 624; 0.8 s; peak memory 385 MiB.
2026-10-02T00:01:12Z INFO [473/500] 2096e471-a575-4988-bf56-e61d8d98f295: cophenetic index 624; 0.7 s; peak memory 385 MiB.
2026-10-02T00:01:13Z INFO [474/500] 20970ea7-ccdb-40e8-95e8-25a8c409dd8d: cophenetic index 3004; 0.8 s; peak memory 385 MiB.
2026-10-02T00:01:13Z INFO [475/500] 209780e9-6192-436c-9f3f-997be23120cb: cophenetic index 431; 0.8 s; peak memory 385 MiB.
2026-10-02T00:01:14Z INFO [476/500] 2098d1c5-98d6-4566-83aa-e38da6113ebf: cophenetic index 755; 0.4 s; peak memory 385 MiB.
2026-10-02T00:01:14Z INFO [477/500] 20990b79-d6b9-49fa-b95e-e051c930a76b: cophenetic index 427; 0.5 s; peak memory 385 MiB.
2026-10-02T00:01:15Z INFO [478/500] 209976fa-0465-422b-8c1e-a878bbf4e153: cophenetic index 1570; 1.1 s; peak memory 385 MiB.
2026-10-02T00:01:20Z INFO [479/500] 209a7259-c5c6-42bd-b21c-dfd7613390ca: cophenetic index 6715; 5.0 s; peak memory 385 MiB.
2026-10-02T00:01:24Z INFO [480/500] 209aaaea-ddfd-4f31-8d5d-4b79ccb1fc39: cophenetic index 48910; 3.3 s; peak memory 385 MiB.
2026-10-02T00:01:25Z INFO [481/500] 209ad3d0-0fff-408d-9426-85a8752a8553: cophenetic index 3087; 0.8 s; peak memory 385 MiB.
2026-10-02T00:01:26Z INFO [482/500] 209b794b-15b8-4bd0-9868-d22c0d4d8e47: cophenetic index 2236; 1.9 s; peak memory 385 MiB.
2026-10-02T00:01:27Z INFO [483/500] 209be6d0-f24e-4181-8354-ed671a150235: cophenetic index 1949; 0.7 s; peak memory 385 MiB.
2026-10-02T00:01:29Z INFO [484/500] 209ca129-d21c-42b2-933e-9210bcbb9623: cophenetic index 2402; 1.6 s; peak memory 385 MiB.
2026-10-02T00:01:30Z INFO [485/500] 209cfcd4-f9b7-4dab-9955-9d4c1593ae2d: cophenetic index 1087; 1.2 s; peak memory 385 MiB.
2026-10-02T00:01:30Z INFO [486/500] 209d786c-2ca0-4c7c-94fe-8ef6c854175d: cophenetic index 490; 0.5 s; peak memory 385 MiB.
2026-10-02T00:01:31Z INFO [487/500] 209d7dd1-4efe-4e20-8610-05a1e99944fb: cophenetic index 624; 0.9 s; peak memory 385 MiB.
2026-10-02T00:01:33Z INFO [488/500] 209eb427-e3c1-4b25-a3ff-47866165763d: cophenetic index 2402; 1.4 s; peak memory 385 MiB.
2026-10-02T00:01:33Z INFO [489/500] 209fba6f-f30c-4957-b611-405800ad2962: cophenetic index 624; 0.7 s; peak memory 385 MiB.
2026-10-02T00:01:34Z INFO [490/500] 209fca75-07e3-4ae4-8625-21681dbcf30e: cophenetic index 3004; 0.8 s; peak memory 385 MiB.
2026-10-02T00:01:35Z INFO [491/500] 20a0af9a-a16f-4e08-84b5-1825960d6a63: cophenetic index 431; 0.8 s; peak memory 385 MiB.
2026-10-02T00:01:36Z INFO [492/500] 20a0bf25-c827-4f64-9c2e-6c13f228bb99: cophenetic index 624; 0.8 s; peak memory 385 MiB.
2026-10-02T00:01:36Z INFO [493/500] 20a1a965-c75d-4984-94a5-541f37d768e2: cophenetic index 2920; 0.6 s; peak memory 385 MiB.
2026-10-02T00:01:39Z INFO [494/500] 20a1d4a3-12c0-4d3c-9851-67297f5d5a3e: cophenetic index 2241; 2.4 s; peak memory 385 MiB.
2026-10-02T00:01:39Z INFO [495/500] 20a2761c-5ccb-4f88-a353-d52c53909859: cophenetic index 3087; 0.6 s; peak memory 385 MiB.
2026-10-02T00:01:41Z INFO [496/500] 20a2a816-f21e-4e11-aa73-00c866bd43dd: cophenetic index 33998; 1.1 s; peak memory 385 MiB.
2026-10-02T00:01:41Z INFO [497/500] 20a34b22-380f-48de-9f25-8167b9d956de: cophenetic index 379; 0.4 s; peak memory 385 MiB.
2026-10-02T00:01:42Z INFO [498/500] 20a419ef-2a4c-47c5-8cdc-10604343acfc: cophenetic index 102768; 1.1 s; peak memory 385 MiB.
2026-10-02T00:01:43Z INFO [499/500] 20a543df-c723-4813-a010-e2d7b5138499: cophenetic index 30304; 1.0 s; peak memory 385 MiB.
2026-10-02T00:01:44Z INFO [500/500] 20a55384-769c-4c15-bf67-b1013572c869: cophenetic index 33977; 0.8 s; peak memory 385 MiB.
2026-10-02T00:01:44Z INFO [500/500] 20a55384-769c-4c15-bf67-b1013572c869: checkpointed 61875 records.
2026-10-02T00:01:44Z INFO Wrote 61875 records to /tmp/derivatives/valid_nwb_file_to_cophenetic_index.jsonl (491 new, 9 failed) in 17.9 min (peak memory 385 MiB).
