2026-09-21T23:03:12Z INFO Logging to /tmp/logs/update_2026-09-21T23-03-12Z.log.
2026-09-21T23:03:12Z INFO Update valid-nwb-file-to-cophenetic-index (base directory /tmp).
2026-09-21T23:03:12Z INFO Processing 500 items (51499 already recorded).
2026-09-21T23:03:13Z WARNING 024ef50f-ac6f-49ea-806b-93ef4b5e8644: failed while reading the NWB file (KeyError: 'Unable to synchronously open object (component not found)')
2026-09-21T23:03:13Z WARNING [1/500] 024ef50f-ac6f-49ea-806b-93ef4b5e8644: leaving unrecorded for a later run to retry.
2026-09-21T23:03:14Z WARNING 09073220-fbea-45d2-9a39-2cc61fcdc2a1: failed while reading the NWB file (KeyError: 'Unable to synchronously open object (component not found)')
2026-09-21T23:03:14Z WARNING [2/500] 09073220-fbea-45d2-9a39-2cc61fcdc2a1: leaving unrecorded for a later run to retry.
2026-09-21T23:03:17Z INFO [3/500] 0b58ae3b-e4b9-4708-9aeb-79635eccbbce: cophenetic index 87573; 3.1 s; peak memory 92 MiB.
2026-09-21T23:03:20Z INFO [4/500] 0b58ffb9-0c33-4c24-b376-ce14e7410c8f: cophenetic index 160330; 3.6 s; peak memory 99 MiB.
2026-09-21T23:03:21Z INFO [5/500] 0b59310d-3d0c-49ee-910d-0db31f6d93ac: cophenetic index 2570; 0.6 s; peak memory 99 MiB.
2026-09-21T23:03:26Z INFO [6/500] 0b599b0b-411a-4d6c-854c-355df753ebd1: cophenetic index 89238; 4.9 s; peak memory 101 MiB.
2026-09-21T23:03:26Z INFO [7/500] 0b59da59-b4c8-430e-83c5-75f3af756e8a: cophenetic index 490; 0.3 s; peak memory 101 MiB.
2026-09-21T23:03:27Z INFO [8/500] 0b5a5155-035b-4762-9292-e832c13ce718: cophenetic index 624; 0.4 s; peak memory 101 MiB.
2026-09-21T23:03:27Z INFO [9/500] 0b5ad7a4-e520-460d-81f5-dad14f04ab31: cophenetic index 624; 0.5 s; peak memory 101 MiB.
2026-09-21T23:03:29Z INFO [10/500] 0b5bb620-19dc-494a-8aba-697fce76c7a8: cophenetic index 38460; 1.6 s; peak memory 101 MiB.
2026-09-21T23:03:30Z INFO [11/500] 0b5bf2a0-6e1d-4a44-a80e-f165d98e495f: cophenetic index 5473; 1.6 s; peak memory 101 MiB.
2026-09-21T23:03:31Z INFO [12/500] 0b5d01fd-38fd-465f-bcb6-a51abe2f2405: cophenetic index 33962; 1.0 s; peak memory 101 MiB.
2026-09-21T23:03:32Z INFO [13/500] 0b5d3280-19f1-4757-be1e-71c5f2cfc699: cophenetic index 624; 0.5 s; peak memory 101 MiB.
2026-09-21T23:03:32Z INFO [14/500] 0b5e0512-ed0d-40ad-a7ef-94ade1d447b1: cophenetic index 490; 0.4 s; peak memory 101 MiB.
2026-09-21T23:03:33Z INFO [15/500] 0b5e1c0e-ff4b-4835-a120-1eba09f5ab02: cophenetic index 1470; 0.5 s; peak memory 101 MiB.
2026-09-21T23:03:34Z INFO [16/500] 0b5f2f7b-d698-417a-99ec-b65554b210f4: cophenetic index 1130; 1.0 s; peak memory 101 MiB.
2026-09-21T23:03:34Z INFO [17/500] 0b603f9b-5d80-4f86-b911-ccc735e3ded3: cophenetic index 23975; 0.5 s; peak memory 101 MiB.
2026-09-21T23:03:35Z INFO [18/500] 0b613280-c877-47f9-8153-e86b86c9a55b: cophenetic index 99138; 0.8 s; peak memory 101 MiB.
2026-09-21T23:03:36Z INFO [19/500] 0b614824-62c0-46aa-b1f1-e889b9225e13: cophenetic index 33998; 1.4 s; peak memory 101 MiB.
2026-09-21T23:03:39Z INFO [20/500] 0b616eed-1b64-4f35-bcc1-ae670df9b5e3: cophenetic index 2822; 2.2 s; peak memory 101 MiB.
2026-09-21T23:03:39Z INFO [21/500] 0b61705d-ecc2-408d-8429-629168f40988: cophenetic index 937; 0.6 s; peak memory 101 MiB.
2026-09-21T23:03:40Z INFO [22/500] 0b6182a5-958f-40b9-9ca5-f2edf2f8078d: cophenetic index 3087; 0.5 s; peak memory 101 MiB.
2026-09-21T23:03:40Z INFO [23/500] 0b61dcc5-a904-439f-a930-6d46308aa0ec: cophenetic index 3004; 0.6 s; peak memory 101 MiB.
2026-09-21T23:03:41Z INFO [24/500] 0b62044e-b3aa-4803-80ea-be0eaf70c770: cophenetic index 3135; 0.4 s; peak memory 101 MiB.
2026-09-21T23:03:41Z INFO [25/500] 0b6349ce-2ee4-4ae3-afa8-f311e198c027: cophenetic index 624; 0.4 s; peak memory 101 MiB.
2026-09-21T23:03:44Z INFO [26/500] 0b640a6e-336d-43dd-a08a-a46a0c7b024e: cophenetic index 87573; 3.3 s; peak memory 101 MiB.
2026-09-21T23:03:45Z INFO [27/500] 0b64b9d9-e596-4a07-a9bb-4773a7e04d2e: cophenetic index 3087; 0.7 s; peak memory 101 MiB.
2026-09-21T23:03:52Z INFO [28/500] 0b657ba7-905c-4e9f-9317-3c8ffff7b2de: cophenetic index 226906; 6.9 s; peak memory 107 MiB.
2026-09-21T23:03:53Z INFO [29/500] 0b65f3d8-721b-42f1-beaa-f08b946bc82d: cophenetic index 1430; 0.8 s; peak memory 107 MiB.
2026-09-21T23:03:53Z INFO [30/500] 0b66b318-d18e-40be-88f4-e779b1310831: cophenetic index 624; 0.5 s; peak memory 107 MiB.
2026-09-21T23:03:54Z INFO [31/500] 0b66d777-d24f-4608-9c94-8a619602c60f: cophenetic index 624; 0.7 s; peak memory 107 MiB.
2026-09-21T23:03:54Z INFO [32/500] 0b675e34-d705-4652-bb94-893f62313c42: cophenetic index 624; 0.5 s; peak memory 107 MiB.
2026-09-21T23:03:55Z INFO [33/500] 0b67f46a-48c6-498c-a1cb-9e3d8d1eccbf: cophenetic index 579; 0.3 s; peak memory 107 MiB.
2026-09-21T23:03:55Z INFO [34/500] 0b689776-01b3-42fc-a051-4889b81a4913: cophenetic index 624; 0.5 s; peak memory 107 MiB.
2026-09-21T23:03:56Z INFO [35/500] 0b689c10-201f-416e-8eee-0eeb8a0f093e: cophenetic index 3004; 0.5 s; peak memory 107 MiB.
2026-09-21T23:03:56Z INFO [36/500] 0b68ba79-9d50-4d5f-99a0-dd40f18dd83a: cophenetic index 690; 0.4 s; peak memory 107 MiB.
2026-09-21T23:03:56Z INFO [37/500] 0b68e9c0-71d7-4740-81cc-08849eea04c5: cophenetic index 479; 0.4 s; peak memory 107 MiB.
2026-09-21T23:04:01Z INFO [38/500] 0b690596-58ec-4936-8d57-64ae7fd2c548: cophenetic index 386158; 4.4 s; peak memory 108 MiB.
2026-09-21T23:04:02Z INFO [39/500] 0b6971ab-fee4-4331-81ae-b8efd24a227d: cophenetic index 99138; 1.2 s; peak memory 108 MiB.
2026-09-21T23:04:03Z INFO [40/500] 0b6aefac-2c7a-4600-9981-07cb99993067: cophenetic index 2570; 0.6 s; peak memory 108 MiB.
2026-09-21T23:04:06Z INFO [41/500] 0b6b57ee-6770-400d-bc83-9846a121ae4b: cophenetic index 12100; 3.5 s; peak memory 108 MiB.
2026-09-21T23:04:08Z INFO [42/500] 0b6b7362-b5ac-40c6-8ca3-7f66b662e269: cophenetic index 2391; 1.5 s; peak memory 108 MiB.
2026-09-21T23:04:11Z INFO [43/500] 0b6b9c26-7db8-4550-9e8e-efef71397fa3: cophenetic index 85330; 3.5 s; peak memory 109 MiB.
2026-09-21T23:04:12Z INFO [44/500] 0b6c6a33-f400-4f68-bca2-e8297f647599: cophenetic index 554; 0.6 s; peak memory 109 MiB.
2026-09-21T23:04:15Z INFO [45/500] 0b6de141-5af5-4d19-9536-d22cb9ee9621: cophenetic index 13267; 3.6 s; peak memory 109 MiB.
2026-09-21T23:04:16Z INFO [46/500] 0b6e2a14-138c-4c60-aa53-1e0a55cef5c2: cophenetic index 624; 0.4 s; peak memory 109 MiB.
2026-09-21T23:04:17Z INFO [47/500] 0b6f2098-f103-414d-8ef1-b1fbc32c54eb: cophenetic index 2609; 1.0 s; peak memory 109 MiB.
2026-09-21T23:04:17Z INFO [48/500] 0b6fd0e9-b5dd-4fe4-b51d-8b1e645e1623: cophenetic index 624; 0.5 s; peak memory 109 MiB.
2026-09-21T23:04:23Z INFO [49/500] 0b700897-cb53-49eb-89f1-fbaea9894c1e: cophenetic index 118369; 5.3 s; peak memory 109 MiB.
2026-09-21T23:04:24Z INFO [50/500] 0b703e93-1d7f-4d99-9331-472b7c528156: cophenetic index 2402; 1.4 s; peak memory 109 MiB.
2026-09-21T23:04:24Z INFO [50/500] 0b703e93-1d7f-4d99-9331-472b7c528156: checkpointed 51547 records.
2026-09-21T23:04:25Z INFO [51/500] 0b70791e-752e-47aa-a3b5-56daab030ab5: cophenetic index 684; 0.8 s; peak memory 109 MiB.
2026-09-21T23:04:25Z INFO [52/500] 0b718911-e114-47c8-85a5-8cf7be84a2c6: cophenetic index 641; 0.3 s; peak memory 109 MiB.
2026-09-21T23:04:30Z INFO [53/500] 0b71a3f1-213f-4719-9b64-db3a97b26444: cophenetic index 245635; 5.2 s; peak memory 109 MiB.
2026-09-21T23:04:32Z INFO [54/500] 0b722f97-7ffe-48d2-a8fc-895d8b68b3bc: cophenetic index 2391; 1.4 s; peak memory 109 MiB.
2026-09-21T23:04:32Z INFO [55/500] 0b7265ff-abf4-4800-986f-e6b310ca261a: cophenetic index 729; 0.3 s; peak memory 109 MiB.
2026-09-21T23:04:33Z INFO [56/500] 0b72fecf-9cac-4775-8171-09f6520e983d: cophenetic index 3004; 0.5 s; peak memory 109 MiB.
2026-09-21T23:04:33Z INFO [57/500] 0b738676-5a2e-4035-8b5d-387f951983cd: cophenetic index 624; 0.5 s; peak memory 109 MiB.
2026-09-21T23:04:34Z INFO [58/500] 0b7392bd-7771-448a-a051-e3bdab2e88c4: cophenetic index 581; 0.5 s; peak memory 109 MiB.
2026-09-21T23:04:35Z INFO [59/500] 0b73a2ac-8ee3-4f8e-8a43-aee5e4464819: cophenetic index 33307; 1.6 s; peak memory 109 MiB.
2026-09-21T23:04:40Z INFO [60/500] 0b73cc22-f34e-418e-b968-e7b9b8e62138: cophenetic index 48337; 5.2 s; peak memory 109 MiB.
2026-09-21T23:04:41Z INFO [61/500] 0b742ffd-9b52-4869-9ca3-9c7aed48b5bd: cophenetic index 624; 0.6 s; peak memory 109 MiB.
2026-09-21T23:04:46Z INFO [62/500] 0b743d42-89d1-4030-b9c7-efe487b4eba4: cophenetic index 33602; 5.1 s; peak memory 109 MiB.
2026-09-21T23:04:47Z INFO [63/500] 0b78033f-e5f5-42be-a299-70f31a836155: cophenetic index 2570; 0.6 s; peak memory 109 MiB.
2026-09-21T23:04:47Z INFO [64/500] 0b785289-bf44-4e7a-94ce-8d4840ab1fc5: cophenetic index 490; 0.3 s; peak memory 109 MiB.
2026-09-21T23:04:50Z INFO [65/500] 0b792779-58af-4eb3-b0f8-618084df71ce: cophenetic index 63589; 3.0 s; peak memory 109 MiB.
2026-09-21T23:04:51Z INFO [66/500] 0b79434c-b4a9-482f-a19e-41e630a895c4: cophenetic index 3004; 0.6 s; peak memory 109 MiB.
2026-09-21T23:04:51Z INFO [67/500] 0b7a8868-108c-4b8b-a67d-28108c81cc4e: cophenetic index 490; 0.3 s; peak memory 109 MiB.
2026-09-21T23:04:51Z INFO [68/500] 0b7a8aa3-d8cf-4329-b190-297c3c5b1046: cophenetic index 2974; 0.5 s; peak memory 109 MiB.
2026-09-21T23:04:52Z INFO [69/500] 0b7b0560-61c1-4b64-8caf-907d1bfbd09d: cophenetic index 2974; 0.5 s; peak memory 109 MiB.
2026-09-21T23:04:53Z INFO [70/500] 0b7c36e8-c6b4-46dd-90bc-663d5ab167b3: cophenetic index 99150; 0.8 s; peak memory 109 MiB.
2026-09-21T23:04:53Z INFO [71/500] 0b7c9bcb-8d9f-41fe-85e3-b02f262fb1fd: cophenetic index 624; 0.5 s; peak memory 109 MiB.
2026-09-21T23:04:53Z INFO [72/500] 0b7d7fd2-e57b-4b68-a52f-8a2e3ef61fa3: cophenetic index 651; 0.3 s; peak memory 109 MiB.
2026-09-21T23:04:54Z INFO [73/500] 0b7d90ed-39c1-4db2-83f5-23307077d420: cophenetic index 3087; 0.6 s; peak memory 109 MiB.
2026-09-21T23:04:54Z INFO [74/500] 0b7df8df-d9fe-4dc4-addf-c4f850c700d6: cophenetic index 739; 0.3 s; peak memory 109 MiB.
2026-09-21T23:04:55Z INFO [75/500] 0b7e078a-daea-42fc-842e-87cdbff06dc4: cophenetic index 3004; 0.6 s; peak memory 109 MiB.
2026-09-21T23:04:55Z INFO [76/500] 0b7e1394-028a-4847-871e-6a42b7ae317d: cophenetic index 624; 0.4 s; peak memory 109 MiB.
2026-09-21T23:04:57Z INFO [77/500] 0b7ebed6-64cf-4977-b03b-ed45367e0100: cophenetic index 2241; 1.3 s; peak memory 109 MiB.
2026-09-21T23:04:57Z INFO [78/500] 0b7efbf7-1983-4951-bf7d-f91ce756ee9c: cophenetic index 33968; 0.8 s; peak memory 109 MiB.
2026-09-21T23:04:58Z INFO [79/500] 0b7f03a2-3f36-4a4f-80de-652124a3249e: cophenetic index 2570; 0.7 s; peak memory 109 MiB.
2026-09-21T23:04:59Z INFO [80/500] 0b7f2a5c-363f-4ec0-8d4a-09589b51b9b7: cophenetic index 33968; 1.0 s; peak memory 109 MiB.
2026-09-21T23:05:00Z INFO [81/500] 0b7f6f7b-c08a-4aef-92eb-1329d8b82cfd: cophenetic index 490; 0.3 s; peak memory 109 MiB.
2026-09-21T23:05:02Z INFO [82/500] 0b7fc2b5-4b1e-487f-a11a-872f2d39f4bb: cophenetic index 47027; 2.4 s; peak memory 109 MiB.
2026-09-21T23:05:03Z INFO [83/500] 0b8001ec-83dc-45ea-9fd4-7ef9448c0033: cophenetic index 33962; 0.9 s; peak memory 109 MiB.
2026-09-21T23:05:09Z INFO [84/500] 0b804af3-2ef9-4045-9ff3-309844490c4c: cophenetic index 656873; 6.5 s; peak memory 117 MiB.
2026-09-21T23:05:15Z INFO [85/500] 0b808108-c583-41fc-a536-7fc6eee5cb43: cophenetic index 37234901; 5.2 s; peak memory 180 MiB.
2026-09-21T23:05:15Z INFO [86/500] 0b8142f3-3e97-4e03-81d9-4dc1a485d9a9: cophenetic index 494; 0.4 s; peak memory 180 MiB.
2026-09-21T23:05:16Z INFO [87/500] 0b81a9fb-4f09-4b7c-94f9-fc1b87cca9a2: cophenetic index 33998; 0.9 s; peak memory 180 MiB.
2026-09-21T23:05:16Z INFO [88/500] 0b829f6e-7172-4536-b106-23cddd9d3847: cophenetic index 3087; 0.5 s; peak memory 180 MiB.
2026-09-21T23:05:17Z INFO [89/500] 0b83e688-6016-47f2-8189-f32e8fd2feca: cophenetic index 2625; 0.9 s; peak memory 180 MiB.
2026-09-21T23:05:18Z INFO [90/500] 0b83ff71-5f75-455b-8724-a4880ffe4858: cophenetic index 33986; 0.7 s; peak memory 180 MiB.
2026-09-21T23:05:20Z INFO [91/500] 0b849e94-e4fd-4c11-a3b5-956d2028b3dc: cophenetic index 5473; 1.6 s; peak memory 180 MiB.
2026-09-21T23:05:20Z INFO [92/500] 0b84aa0b-216d-4b46-8e05-02e563038782: cophenetic index 2974; 0.7 s; peak memory 180 MiB.
2026-09-21T23:05:21Z INFO [93/500] 0b84dd45-d75c-4edd-86d5-8521479ff72f: cophenetic index 2974; 0.5 s; peak memory 180 MiB.
2026-09-21T23:05:21Z INFO [94/500] 0b855181-cab4-4e81-bd48-e8cfa4c93616: cophenetic index 1006; 0.5 s; peak memory 180 MiB.
2026-09-21T23:05:22Z INFO [95/500] 0b857fae-5fef-4ddf-8726-e4f85d1a1e97: cophenetic index 466; 0.7 s; peak memory 180 MiB.
2026-09-21T23:05:23Z INFO [96/500] 0b8620ae-47a5-4966-92de-80b15f750f26: cophenetic index 33998; 1.0 s; peak memory 180 MiB.
2026-09-21T23:05:24Z INFO [97/500] 0b866595-76c7-4940-b336-7cdf760e4b40: cophenetic index 33986; 0.9 s; peak memory 180 MiB.
2026-09-21T23:05:24Z INFO [98/500] 0b8665e2-5e17-4135-9a88-b7440814dfaa: cophenetic index 447; 0.5 s; peak memory 180 MiB.
2026-09-21T23:05:25Z INFO [99/500] 0b86cca3-f54d-4a62-926c-3819822e7043: cophenetic index 2625; 0.6 s; peak memory 180 MiB.
2026-09-21T23:05:25Z INFO [100/500] 0b86d09c-cc9f-4de4-9ae4-56ca0875a3ba: cophenetic index 490; 0.4 s; peak memory 180 MiB.
2026-09-21T23:05:25Z INFO [100/500] 0b86d09c-cc9f-4de4-9ae4-56ca0875a3ba: checkpointed 51597 records.
2026-09-21T23:05:26Z INFO [101/500] 0b875c0e-f757-4edd-8a73-ee590caae411: cophenetic index 2625; 0.6 s; peak memory 180 MiB.
2026-09-21T23:05:26Z INFO [102/500] 0b87d7ea-3784-4bfd-be44-018ed6ae6abf: cophenetic index 624; 0.5 s; peak memory 180 MiB.
2026-09-21T23:05:28Z INFO [103/500] 0b88dc4a-a190-49ec-bdfc-d3db764e091c: cophenetic index 6490; 1.2 s; peak memory 180 MiB.
2026-09-21T23:05:31Z INFO [104/500] 0b89257d-d804-4b41-85fd-77eb4efe20bd: cophenetic index 5466; 2.9 s; peak memory 180 MiB.
2026-09-21T23:05:31Z INFO [105/500] 0b89ccc5-cff2-4eda-b1dd-7d80d0ec60ec: cophenetic index 3004; 0.5 s; peak memory 180 MiB.
2026-09-21T23:05:32Z INFO [106/500] 0b8a47e7-e67c-46d7-b5b5-c3410fa611dd: cophenetic index 624; 0.5 s; peak memory 180 MiB.
2026-09-21T23:05:32Z INFO [107/500] 0b8bcc97-1661-494f-82d5-e9ef1223ed3b: cophenetic index 1087; 0.6 s; peak memory 180 MiB.
2026-09-21T23:05:33Z INFO [108/500] 0b8beb50-3715-46ef-8998-13646ecc0a35: cophenetic index 624; 0.5 s; peak memory 180 MiB.
2026-09-21T23:05:33Z INFO [109/500] 0b8c0c9a-ae38-442e-8142-089459f65222: cophenetic index 624; 0.5 s; peak memory 180 MiB.
2026-09-21T23:05:34Z INFO [110/500] 0b8c2e90-08bd-4e9e-980c-773f892ff297: cophenetic index 2570; 0.6 s; peak memory 180 MiB.
2026-09-21T23:05:34Z INFO [111/500] 0b8cc4d9-5a24-463e-a08b-abbb78e308b7: cophenetic index 624; 0.4 s; peak memory 180 MiB.
2026-09-21T23:05:35Z INFO [112/500] 0b8dece2-3d23-406a-868c-0fb98753f828: cophenetic index 2862; 0.7 s; peak memory 180 MiB.
2026-09-21T23:05:36Z INFO [113/500] 0b8ebe40-f21b-4ff7-941e-7b36fef46943: cophenetic index 23393; 0.6 s; peak memory 180 MiB.
2026-09-21T23:05:36Z INFO [114/500] 0b8f8155-cb7e-4eba-b8ab-83987dc068c0: cophenetic index 99120; 0.9 s; peak memory 180 MiB.
2026-09-21T23:05:37Z INFO [115/500] 0b8fbbe9-76e0-45a6-a47c-375e3c5fb1c8: cophenetic index 2625; 0.7 s; peak memory 180 MiB.
2026-09-21T23:05:37Z INFO [116/500] 0b8ffc33-db90-401a-ad8f-e99d68157ffc: cophenetic index 579; 0.3 s; peak memory 180 MiB.
2026-09-21T23:05:38Z INFO [117/500] 0b90a54a-20cf-4413-b1a6-7b262e7af07b: cophenetic index 33986; 0.8 s; peak memory 180 MiB.
2026-09-21T23:05:39Z INFO [118/500] 0b911112-0e92-4404-b66c-3137c3637fd8: cophenetic index 560; 0.4 s; peak memory 180 MiB.
2026-09-21T23:05:39Z INFO [119/500] 0b919100-c0a7-453c-a1b9-7517df9e6e6a: cophenetic index 1346; 0.8 s; peak memory 180 MiB.
2026-09-21T23:05:40Z INFO [120/500] 0b931f68-643e-4188-9bf9-a448461439ee: cophenetic index 1739; 0.7 s; peak memory 180 MiB.
2026-09-21T23:05:42Z INFO [121/500] 0b94130e-234e-45c8-8a22-d3b66d8a94ae: cophenetic index 37165; 2.4 s; peak memory 180 MiB.
2026-09-21T23:05:43Z INFO [122/500] 0b952897-2fd4-4b59-bcc7-0f9d856509f7: cophenetic index 624; 0.6 s; peak memory 180 MiB.
2026-09-21T23:05:44Z INFO [123/500] 0b9574d6-9651-4514-9b38-51dc90b9618b: cophenetic index 624; 0.6 s; peak memory 180 MiB.
2026-09-21T23:05:47Z INFO [124/500] 0b95f825-360a-410d-a65c-f5537e332122: cophenetic index 66950; 3.2 s; peak memory 180 MiB.
2026-09-21T23:05:47Z INFO [125/500] 0b964b35-dbf7-4dc1-8edb-3cfa7e20a4ef: cophenetic index 624; 0.5 s; peak memory 180 MiB.
2026-09-21T23:06:07Z INFO [126/500] 0b9783fc-5bef-4281-a37e-f59afadfb074: cophenetic index 25746476; 19.8 s; peak memory 207 MiB.
2026-09-21T23:06:08Z INFO [127/500] 0b98682f-5d50-43de-ad6a-7351858a867e: cophenetic index 2625; 0.8 s; peak memory 207 MiB.
2026-09-21T23:06:08Z INFO [128/500] 0b98cfe5-0a4c-429b-b9b3-e49cc58ba18b: cophenetic index 1993; 0.5 s; peak memory 207 MiB.
2026-09-21T23:06:12Z INFO [129/500] 0b98d36a-8182-4809-ae7d-841332b08161: cophenetic index 6715; 3.8 s; peak memory 207 MiB.
2026-09-21T23:06:13Z INFO [130/500] 0b9a0062-8919-423a-ae32-8b54a772f03a: cophenetic index 2654; 0.8 s; peak memory 207 MiB.
2026-09-21T23:06:14Z INFO [131/500] 0b9a214b-a75a-4839-83ac-e57a1f7633e1: cophenetic index 809; 1.2 s; peak memory 207 MiB.
2026-09-21T23:06:15Z INFO [132/500] 0b9a2873-9c81-4705-bfe9-d58a920e5fa5: cophenetic index 33962; 0.7 s; peak memory 207 MiB.
2026-09-21T23:06:15Z INFO [133/500] 0b9a42b0-f774-4967-9c96-347d3c81dd33: cophenetic index 649; 0.5 s; peak memory 207 MiB.
2026-09-21T23:06:19Z INFO [134/500] 0b9a8224-d822-4a86-b2a8-dd6545fe9de4: cophenetic index 14371; 3.8 s; peak memory 207 MiB.
2026-09-21T23:06:20Z INFO [135/500] 0b9b1aa6-65ce-4227-906e-dcd131517da4: cophenetic index 3004; 0.5 s; peak memory 207 MiB.
2026-09-21T23:06:20Z INFO [136/500] 0b9b1d2d-cc9a-4fa3-9950-50eeef64c8d2: cophenetic index 2625; 0.5 s; peak memory 207 MiB.
2026-09-21T23:06:22Z INFO [137/500] 0b9b6fd9-930b-49bc-89da-a1c8c0e90e92: cophenetic index 6309; 1.9 s; peak memory 207 MiB.
2026-09-21T23:06:24Z INFO [138/500] 0b9bafd1-eeca-4ca6-b5c9-a2d11892fd97: cophenetic index 1458; 1.2 s; peak memory 207 MiB.
2026-09-21T23:06:24Z INFO [139/500] 0b9c1e3b-e914-4f5e-9177-82650ab5ac86: cophenetic index 624; 0.5 s; peak memory 207 MiB.
2026-09-21T23:06:24Z INFO [140/500] 0b9d056c-2b47-4acc-88f3-dd59eb8a0938: cophenetic index 624; 0.5 s; peak memory 207 MiB.
2026-09-21T23:06:25Z INFO [141/500] 0b9d1bb0-3762-4352-8f4a-ef181bf42330: cophenetic index 2570; 0.9 s; peak memory 207 MiB.
2026-09-21T23:06:26Z INFO [142/500] 0b9d437f-7ade-4b08-a7a4-be53e34cce98: cophenetic index 624; 0.6 s; peak memory 207 MiB.
2026-09-21T23:06:26Z INFO [143/500] 0b9e8768-8bf1-4ad2-a440-63daad7ee8cf: cophenetic index 3004; 0.5 s; peak memory 207 MiB.
2026-09-21T23:06:30Z INFO [144/500] 0b9f0de0-1cfc-49a0-a2c8-2466a77e72ba: cophenetic index 140786; 3.6 s; peak memory 207 MiB.
2026-09-21T23:06:31Z INFO [145/500] 0b9fbf85-3bca-4d0c-9c87-1ba79cb84700: cophenetic index 2844; 0.5 s; peak memory 207 MiB.
2026-09-21T23:06:31Z INFO [146/500] 0ba068d9-617b-40e0-8f7f-64ad446c04d3: cophenetic index 3004; 0.6 s; peak memory 207 MiB.
2026-09-21T23:06:33Z INFO [147/500] 0ba06b47-23cf-4237-9318-69526489e139: cophenetic index 5473; 1.5 s; peak memory 207 MiB.
2026-09-21T23:06:33Z INFO [148/500] 0ba15b00-c1f1-499b-85c2-91f1ac65f52d: cophenetic index 791; 0.6 s; peak memory 207 MiB.
2026-09-21T23:06:34Z INFO [149/500] 0ba24c9e-9f53-416c-b6b8-5558dde2e8b9: cophenetic index 3004; 0.5 s; peak memory 207 MiB.
2026-09-21T23:06:34Z INFO [150/500] 0ba28f30-b3ea-448a-94c3-b9c732d56fdf: cophenetic index 605; 0.6 s; peak memory 207 MiB.
2026-09-21T23:06:35Z INFO [150/500] 0ba28f30-b3ea-448a-94c3-b9c732d56fdf: checkpointed 51647 records.
2026-09-21T23:06:37Z INFO [151/500] 0ba2a566-3f71-4747-bfa8-8e88fd1399ff: cophenetic index 13983; 2.0 s; peak memory 207 MiB.
2026-09-21T23:06:37Z INFO [152/500] 0ba4436e-9156-4717-b58a-96a611378013: cophenetic index 3077; 0.3 s; peak memory 207 MiB.
2026-09-21T23:06:42Z INFO [153/500] 0ba4d17d-c9cc-4e88-9927-e476e9bb738d: cophenetic index 218587; 4.9 s; peak memory 207 MiB.
2026-09-21T23:06:46Z INFO [154/500] 0ba5ae8d-e370-4112-830b-f6d15d5f6d0c: cophenetic index 149125; 4.0 s; peak memory 207 MiB.
2026-09-21T23:06:50Z INFO [155/500] 0ba6d73b-7ad2-4e65-97ab-7361a9a59e05: cophenetic index 99960; 3.8 s; peak memory 207 MiB.
2026-09-21T23:06:53Z INFO [156/500] 0ba78944-3f6c-491a-a5cb-623822b4d8d8: cophenetic index 87573; 3.2 s; peak memory 207 MiB.
2026-09-21T23:06:53Z INFO [157/500] 0ba87013-650d-4269-8407-fcac6f5c219f: cophenetic index 431; 0.7 s; peak memory 207 MiB.
2026-09-21T23:06:54Z INFO [158/500] 0ba873d0-6316-4248-acfd-7c6f1fd3f165: cophenetic index 3087; 0.5 s; peak memory 207 MiB.
2026-09-21T23:07:00Z INFO [159/500] 0ba88c46-dcc3-4b00-9152-38b585b013a8: cophenetic index 66509; 6.3 s; peak memory 207 MiB.
2026-09-21T23:07:01Z INFO [160/500] 0ba8aca6-7b84-411d-af32-1a4ab2fec58a: cophenetic index 2625; 0.8 s; peak memory 207 MiB.
2026-09-21T23:07:02Z INFO [161/500] 0ba9657d-38c2-4f7b-910a-759253f4aa29: cophenetic index 33962; 0.8 s; peak memory 207 MiB.
2026-09-21T23:07:02Z INFO [162/500] 0ba9f7c2-f61d-40cf-9c67-8ab243847651: cophenetic index 624; 0.6 s; peak memory 207 MiB.
2026-09-21T23:07:05Z INFO [163/500] 0baa096a-bbbd-4529-8a80-7688949854eb: cophenetic index 9548; 2.8 s; peak memory 207 MiB.
2026-09-21T23:07:06Z INFO [164/500] 0baa3698-391f-4262-a75d-ebe6b1a1866e: cophenetic index 2570; 0.7 s; peak memory 207 MiB.
2026-09-21T23:07:07Z INFO [165/500] 0baa5d80-820b-4d63-a55c-35195677ebbb: cophenetic index 2625; 0.7 s; peak memory 207 MiB.
2026-09-21T23:07:07Z INFO [166/500] 0bab122e-7b88-4520-b60a-0d227a483b82: cophenetic index 681; 0.3 s; peak memory 207 MiB.
2026-09-21T23:07:08Z INFO [167/500] 0bab16bd-65a1-4aed-927d-865034ceb998: cophenetic index 34658; 1.3 s; peak memory 207 MiB.
2026-09-21T23:07:13Z INFO [168/500] 0bab38ee-e4a6-4a4c-958e-11346cf12bd5: cophenetic index 216040; 5.2 s; peak memory 207 MiB.
2026-09-21T23:07:14Z INFO [169/500] 0bac7466-3f6f-49bf-8cb4-b9f205fe0b13: cophenetic index 2625; 0.8 s; peak memory 207 MiB.
2026-09-21T23:07:15Z INFO [170/500] 0bac7833-7316-4aae-b418-9f8f09f3ede9: cophenetic index 42542; 1.0 s; peak memory 207 MiB.
2026-09-21T23:07:17Z INFO [171/500] 0baca61d-eb8f-4642-a715-b2fe2892fb3f: cophenetic index 2391; 1.4 s; peak memory 207 MiB.
2026-09-21T23:07:17Z INFO [172/500] 0bad15d5-62c5-4a19-a289-b75ccd9ff676: cophenetic index 3004; 0.5 s; peak memory 207 MiB.
2026-09-21T23:07:18Z INFO [173/500] 0badfc74-5698-41d3-aca2-733a0763196e: cophenetic index 624; 0.5 s; peak memory 207 MiB.
2026-09-21T23:07:18Z INFO [174/500] 0bae61c7-2b37-41e1-b617-5e437a88836d: cophenetic index 1949; 0.6 s; peak memory 207 MiB.
2026-09-21T23:07:19Z INFO [175/500] 0bafb133-2f60-44e0-b62f-93a7abd2d409: cophenetic index 777; 1.2 s; peak memory 207 MiB.
2026-09-21T23:07:20Z INFO [176/500] 0bb031bb-d0ae-4d83-915f-89ed1046b7f3: cophenetic index 33958; 0.5 s; peak memory 207 MiB.
2026-09-21T23:07:20Z INFO [177/500] 0bb03fe0-a7b5-4347-92b5-d36ec157b7ff: cophenetic index 2923; 0.5 s; peak memory 207 MiB.
2026-09-21T23:07:21Z INFO [178/500] 0bb185ba-5f1e-4e12-9173-95c0bf0438ff: cophenetic index 3004; 0.5 s; peak memory 207 MiB.
2026-09-21T23:07:21Z INFO [179/500] 0bb2fae8-9d0d-4561-945f-e68d101e23b3: cophenetic index 624; 0.6 s; peak memory 207 MiB.
2026-09-21T23:07:22Z INFO [180/500] 0bb3bbfe-538b-4ed3-b683-c436b42366da: cophenetic index 624; 0.5 s; peak memory 207 MiB.
2026-09-21T23:07:22Z INFO [181/500] 0bb3e9e2-cc62-4a05-8368-725eb107f03b: cophenetic index 739; 0.3 s; peak memory 207 MiB.
2026-09-21T23:07:23Z INFO [182/500] 0bb401f6-f820-4932-964a-f30a84bdf353: cophenetic index 2883; 0.5 s; peak memory 207 MiB.
2026-09-21T23:07:23Z INFO [183/500] 0bb43f23-8d15-4c1e-94b0-fef2faf77590: cophenetic index 766; 0.6 s; peak memory 207 MiB.
2026-09-21T23:07:26Z INFO [184/500] 0bb44ecf-20de-41ba-ba9a-beea340a36cb: cophenetic index 19953; 2.8 s; peak memory 209 MiB.
2026-09-21T23:07:27Z INFO [185/500] 0bb4805d-9f73-4e21-a713-25ed1a0ed788: cophenetic index 624; 0.4 s; peak memory 209 MiB.
2026-09-21T23:07:27Z INFO [186/500] 0bb4bb71-c105-45d2-bb78-e37eea20056a: cophenetic index 3004; 0.4 s; peak memory 209 MiB.
2026-09-21T23:07:28Z INFO [187/500] 0bb4d459-f849-4c6d-933a-9ddc34745d3c: cophenetic index 3004; 0.5 s; peak memory 209 MiB.
2026-09-21T23:07:28Z INFO [188/500] 0bb4ff1d-6fa4-4fbb-a2b4-a84146b79056: cophenetic index 2625; 0.6 s; peak memory 209 MiB.
2026-09-21T23:07:29Z INFO [189/500] 0bb52018-feaf-4f97-bc9f-9ea043a82ef1: cophenetic index 2974; 0.5 s; peak memory 209 MiB.
2026-09-21T23:07:29Z INFO [190/500] 0bb59fd1-3e9c-4bdc-89d5-7f597e6b04b7: cophenetic index 1470; 0.4 s; peak memory 209 MiB.
2026-09-21T23:07:30Z INFO [191/500] 0bb7841a-96a8-49de-a9ea-b4b74cc79d90: cophenetic index 624; 0.5 s; peak memory 209 MiB.
2026-09-21T23:07:30Z INFO [192/500] 0bb7dc38-7e44-46d3-8ead-518ddf010186: cophenetic index 624; 0.4 s; peak memory 209 MiB.
2026-09-21T23:07:31Z INFO [193/500] 0bb87306-ff51-4af3-be35-61288b2dc801: cophenetic index 581; 0.6 s; peak memory 209 MiB.
2026-09-21T23:07:31Z INFO [194/500] 0bb8a18d-ed79-4f17-806f-5359895e4218: cophenetic index 624; 0.4 s; peak memory 209 MiB.
2026-09-21T23:07:32Z INFO [195/500] 0bb9e2c1-629c-4e44-838b-ee6ab2698503: cophenetic index 413; 0.5 s; peak memory 209 MiB.
2026-09-21T23:07:32Z INFO [196/500] 0bbb3b87-f438-4d78-9a28-0fb0baed8ada: cophenetic index 624; 0.5 s; peak memory 209 MiB.
2026-09-21T23:07:33Z INFO [197/500] 0bbb8a75-ea84-4c98-be1b-949a15803310: cophenetic index 30304; 0.9 s; peak memory 209 MiB.
2026-09-21T23:07:33Z INFO [198/500] 0bbc7582-0430-47b4-a628-73242d4f2112: cophenetic index 3004; 0.6 s; peak memory 209 MiB.
2026-09-21T23:07:34Z INFO [199/500] 0bbc9d1f-8061-49e2-a20b-46841bf16cb8: cophenetic index 605; 0.7 s; peak memory 209 MiB.
2026-09-21T23:07:35Z INFO [200/500] 0bbcab52-c8cd-4081-9e75-9a6d2f661e37: cophenetic index 2496; 0.7 s; peak memory 209 MiB.
2026-09-21T23:07:35Z INFO [200/500] 0bbcab52-c8cd-4081-9e75-9a6d2f661e37: checkpointed 51697 records.
2026-09-21T23:07:36Z INFO [201/500] 0bbcdb26-a817-4116-9d67-8f959f7aba52: cophenetic index 624; 0.6 s; peak memory 209 MiB.
2026-09-21T23:07:38Z INFO [202/500] 0bbcea62-4814-424c-8235-a91142dfcfec: cophenetic index 25682; 2.6 s; peak memory 209 MiB.
2026-09-21T23:07:39Z INFO [203/500] 0bbd1683-6581-49ac-82e1-c84eab485531: cophenetic index 2570; 0.6 s; peak memory 209 MiB.
2026-09-21T23:07:39Z INFO [204/500] 0bbd6962-0ba4-4a61-94b4-161a3d4a5efb: cophenetic index 2923; 0.5 s; peak memory 209 MiB.
2026-09-21T23:07:40Z INFO [205/500] 0bbf052e-3878-46a3-a14d-57df85586f72: cophenetic index 3004; 0.6 s; peak memory 209 MiB.
2026-09-21T23:07:45Z INFO [206/500] 0bbf8c8e-a200-4f9b-9edc-3b12a6033178: cophenetic index 70752; 4.9 s; peak memory 209 MiB.
2026-09-21T23:07:46Z INFO [207/500] 0bc1a430-05a1-4a8a-a541-d5726602326c: cophenetic index 791; 0.8 s; peak memory 209 MiB.
2026-09-21T23:07:47Z INFO [208/500] 0bc1d8d2-92ff-4324-86b8-2699a1980ad0: cophenetic index 99114; 1.0 s; peak memory 209 MiB.
2026-09-21T23:07:47Z INFO [209/500] 0bc20038-2aa0-4089-8940-6b4d988457ab: cophenetic index 766; 0.6 s; peak memory 209 MiB.
2026-09-21T23:07:48Z INFO [210/500] 0bc34c6e-b471-4c8c-9e72-72ec064b4a37: cophenetic index 624; 0.4 s; peak memory 209 MiB.
2026-09-21T23:07:50Z INFO [211/500] 0bc3cd29-cbe4-4c8b-8319-328890f73918: cophenetic index 76886; 2.5 s; peak memory 209 MiB.
2026-09-21T23:07:51Z INFO [212/500] 0bc52c99-bf98-47d6-a856-e05133a2751d: cophenetic index 2654; 0.8 s; peak memory 209 MiB.
2026-09-21T23:07:52Z INFO [213/500] 0bc5a608-7e35-4511-82d5-c333916c3a32: cophenetic index 2625; 0.9 s; peak memory 209 MiB.
2026-09-21T23:07:52Z INFO [214/500] 0bc5f9f4-c30e-454e-9cb1-bbf8aed651c9: cophenetic index 624; 0.5 s; peak memory 209 MiB.
2026-09-21T23:07:53Z INFO [215/500] 0bc6ed24-1620-4f22-bf77-0e8af77f2a7d: cophenetic index 490; 0.4 s; peak memory 209 MiB.
2026-09-21T23:07:53Z INFO [216/500] 0bc71404-b447-40c2-a6cf-200646978f6c: cophenetic index 624; 0.4 s; peak memory 209 MiB.
2026-09-21T23:07:54Z INFO [217/500] 0bc802cf-682e-4859-abc5-f3cf159b3c42: cophenetic index 624; 0.6 s; peak memory 209 MiB.
2026-09-21T23:07:54Z INFO [218/500] 0bc868d2-7e80-44be-b450-8d6acbfa1fe0: cophenetic index 490; 0.2 s; peak memory 209 MiB.
2026-09-21T23:07:55Z INFO [219/500] 0bc9d397-c0d9-45be-a3ed-cc668becca7c: cophenetic index 1087; 0.8 s; peak memory 209 MiB.
2026-09-21T23:07:55Z INFO [220/500] 0bcabc6b-7110-49e5-bf4a-5fcf279f27c3: cophenetic index 33986; 0.6 s; peak memory 209 MiB.
2026-09-21T23:07:56Z INFO [221/500] 0bcc3ff1-3109-4980-a980-93244175dc86: cophenetic index 1430; 0.9 s; peak memory 209 MiB.
2026-09-21T23:07:57Z INFO [222/500] 0bcc781d-1da7-45bf-b8e2-26028deb4a22: cophenetic index 23364; 0.6 s; peak memory 209 MiB.
2026-09-21T23:07:58Z INFO [223/500] 0bcdf64b-04d1-4031-ba0a-52115cfba457: cophenetic index 2402; 1.3 s; peak memory 209 MiB.
2026-09-21T23:07:58Z INFO [224/500] 0bce13d4-d38d-47a7-8140-64403104e7b7: cophenetic index 431; 0.3 s; peak memory 209 MiB.
2026-09-21T23:07:59Z INFO [225/500] 0bce704c-2716-46eb-8323-6d481f9d28cf: cophenetic index 33986; 0.5 s; peak memory 209 MiB.
2026-09-21T23:07:59Z INFO [226/500] 0bce8b8a-1351-436d-9059-5e5af7133fdf: cophenetic index 762; 0.3 s; peak memory 209 MiB.
2026-09-21T23:08:00Z INFO [227/500] 0bced898-a6cb-4b74-a680-718b5f70ae23: cophenetic index 3004; 0.5 s; peak memory 209 MiB.
2026-09-21T23:08:00Z INFO [228/500] 0bcefb1f-b534-4275-ad68-fed0ae35e43e: cophenetic index 624; 0.5 s; peak memory 209 MiB.
2026-09-21T23:08:03Z INFO [229/500] 0bcf3a53-8598-411f-9575-7e0f905c1371: cophenetic index 9548; 2.9 s; peak memory 209 MiB.
2026-09-21T23:08:04Z INFO [230/500] 0bcfde87-1431-4b9a-b359-e7d0a4426b34: cophenetic index 33998; 0.7 s; peak memory 209 MiB.
2026-09-21T23:08:05Z INFO [231/500] 0bcff009-ec8c-4060-a214-132e66aeda93: cophenetic index 30304; 0.7 s; peak memory 209 MiB.
2026-09-21T23:08:05Z INFO [232/500] 0bd0e18d-db46-40db-94e4-6326a019e6c7: cophenetic index 33968; 0.6 s; peak memory 209 MiB.
2026-09-21T23:08:06Z INFO [233/500] 0bd172d4-eafc-4575-be62-903787f57485: cophenetic index 624; 0.6 s; peak memory 209 MiB.
2026-09-21T23:08:06Z INFO [234/500] 0bd1fa67-a538-45d6-84eb-2d36abd19471: cophenetic index 3004; 0.5 s; peak memory 209 MiB.
2026-09-21T23:08:07Z INFO [235/500] 0bd2bda9-6858-4e94-bfb9-b6758dd0322e: cophenetic index 624; 0.4 s; peak memory 209 MiB.
2026-09-21T23:08:07Z INFO [236/500] 0bd31b03-7918-4150-bda2-087cc8b3e14a: cophenetic index 2625; 0.8 s; peak memory 209 MiB.
2026-09-21T23:08:09Z INFO [237/500] 0bd36935-95e5-4e4d-ad1f-39966eaa06b8: cophenetic index 5473; 1.5 s; peak memory 209 MiB.
2026-09-21T23:08:09Z INFO [238/500] 0bd40234-a176-4928-94d8-8da531f0f595: cophenetic index 624; 0.5 s; peak memory 209 MiB.
2026-09-21T23:08:10Z INFO [239/500] 0bd4c714-54a7-4037-a340-74930d0b581e: cophenetic index 624; 0.6 s; peak memory 209 MiB.
2026-09-21T23:08:10Z INFO [240/500] 0bd5c22c-21a9-434c-a899-f5f658bb0413: cophenetic index 3004; 0.5 s; peak memory 209 MiB.
2026-09-21T23:08:11Z INFO [241/500] 0bd689c6-8085-4f00-848d-55ec8dc3e76f: cophenetic index 1949; 0.6 s; peak memory 209 MiB.
2026-09-21T23:08:12Z INFO [242/500] 0bd723d1-19b6-467f-8022-f1dbc32c4b43: cophenetic index 624; 0.5 s; peak memory 209 MiB.
2026-09-21T23:08:13Z INFO [243/500] 0bd774c0-db6d-49a6-86c9-39356ebacc4d: cophenetic index 5419; 1.7 s; peak memory 209 MiB.
2026-09-21T23:08:14Z INFO [244/500] 0bd77fbd-e33f-4363-92ef-adfbc104d939: cophenetic index 3004; 0.5 s; peak memory 209 MiB.
2026-09-21T23:08:14Z INFO [245/500] 0bd7b8ca-5f3a-4006-a80c-0ccaa10ee260: cophenetic index 624; 0.5 s; peak memory 209 MiB.
2026-09-21T23:08:15Z INFO [246/500] 0bd8a181-8f54-4aa7-beb5-d6c066d7fe19: cophenetic index 1042; 0.5 s; peak memory 209 MiB.
2026-09-21T23:08:15Z INFO [247/500] 0bd98929-2cdb-4fc6-a7e4-8eaeac2ea978: cophenetic index 431; 0.5 s; peak memory 209 MiB.
2026-09-21T23:08:16Z INFO [248/500] 0bd9d269-df68-4864-883f-3bcb15551fc7: cophenetic index 23864; 0.8 s; peak memory 209 MiB.
2026-09-21T23:08:17Z INFO [249/500] 0bda658b-44e1-440b-b57a-773509d7a5ee: cophenetic index 41788; 1.0 s; peak memory 209 MiB.
2026-09-21T23:08:17Z INFO [250/500] 0bda89c4-99a8-47fd-9322-fe4c3af9fce6: cophenetic index 448; 0.3 s; peak memory 209 MiB.
2026-09-21T23:08:17Z INFO [250/500] 0bda89c4-99a8-47fd-9322-fe4c3af9fce6: checkpointed 51747 records.
2026-09-21T23:08:18Z INFO [251/500] 0bdb5005-a976-4724-b1d6-8d85d9755053: cophenetic index 605; 0.5 s; peak memory 209 MiB.
2026-09-21T23:08:18Z INFO [252/500] 0bdb884b-79a5-4290-abc4-9448098db9d1: cophenetic index 3004; 0.4 s; peak memory 209 MiB.
2026-09-21T23:08:19Z INFO [253/500] 0bdc44aa-d27a-4935-a3fe-60f302fa798e: cophenetic index 2005; 0.8 s; peak memory 209 MiB.
2026-09-21T23:08:20Z INFO [254/500] 0bdc4685-162c-4ede-ae70-5424ca2f549c: cophenetic index 2682; 1.2 s; peak memory 209 MiB.
2026-09-21T23:08:21Z INFO [255/500] 0bdd04b3-0270-4289-a8e9-0a50898cf708: cophenetic index 3004; 0.5 s; peak memory 209 MiB.
2026-09-21T23:08:22Z INFO [256/500] 0bdd54c4-f1b7-4d4b-8680-693c9077917f: cophenetic index 2625; 0.7 s; peak memory 209 MiB.
2026-09-21T23:08:22Z INFO [257/500] 0bde8a3e-7ce7-4e76-a67c-b85b4faed006: cophenetic index 2974; 0.5 s; peak memory 209 MiB.
2026-09-21T23:08:23Z INFO [258/500] 0bded34a-db3f-46bf-a4f8-cf8147a4d337: cophenetic index 649; 0.5 s; peak memory 209 MiB.
2026-09-21T23:08:23Z INFO [259/500] 0bdee252-beff-450b-94d2-3551dcbca431: cophenetic index 624; 0.4 s; peak memory 209 MiB.
2026-09-21T23:08:23Z INFO [260/500] 0be04d93-44a9-46bb-b29e-9b2ff36744d9: cophenetic index 3004; 0.5 s; peak memory 209 MiB.
2026-09-21T23:08:24Z INFO [261/500] 0be051ee-8a61-4261-9bf4-f469e11fcbe4: cophenetic index 624; 0.5 s; peak memory 209 MiB.
2026-09-21T23:08:24Z INFO [262/500] 0be0746d-3ed4-4bf9-95ed-6aa392c0239b: cophenetic index 624; 0.4 s; peak memory 209 MiB.
2026-09-21T23:08:30Z INFO [263/500] 0be08bea-389a-4daf-a90c-acc311e9a6c0: cophenetic index 205454; 5.2 s; peak memory 209 MiB.
2026-09-21T23:08:30Z INFO [264/500] 0be0a808-d09d-466e-ac8b-3de399d48cdc: cophenetic index 441; 0.5 s; peak memory 209 MiB.
2026-09-21T23:08:30Z INFO [265/500] 0be1b660-0217-4bd8-9733-72807129e6a4: cophenetic index 624; 0.4 s; peak memory 209 MiB.
2026-09-21T23:08:32Z INFO [266/500] 0be1c9f1-a074-482b-beaf-8035fafe307e: cophenetic index 1733; 1.3 s; peak memory 209 MiB.
2026-09-21T23:08:33Z INFO [267/500] 0be23455-a494-4d6b-89d2-4a52ca720b57: cophenetic index 2625; 1.0 s; peak memory 209 MiB.
2026-09-21T23:08:33Z INFO [268/500] 0be3f5f4-5629-4dd4-acea-aceb0a8d31a3: cophenetic index 624; 0.4 s; peak memory 209 MiB.
2026-09-21T23:08:34Z INFO [269/500] 0be52d2b-6db6-49c9-a7d4-ca06b5726a91: cophenetic index 3087; 0.6 s; peak memory 209 MiB.
2026-09-21T23:08:34Z INFO [270/500] 0be595e1-acb1-433d-b50b-e860c8f70be9: cophenetic index 99120; 0.6 s; peak memory 209 MiB.
2026-09-21T23:08:36Z INFO [271/500] 0be5dc3b-eae7-406c-ad48-3f09389267ff: cophenetic index 5473; 1.3 s; peak memory 209 MiB.
2026-09-21T23:08:36Z INFO [272/500] 0be60064-ba6c-4a9f-95a8-0b1e1f7a3ce9: cophenetic index 624; 0.4 s; peak memory 209 MiB.
2026-09-21T23:08:41Z INFO [273/500] 0be719c1-00c0-4756-823b-08f15b40391b: cophenetic index 191282; 5.2 s; peak memory 209 MiB.
2026-09-21T23:08:42Z INFO [274/500] 0be93f18-8608-4df2-a594-97c67759ffff: cophenetic index 23425; 0.6 s; peak memory 209 MiB.
2026-09-21T23:08:42Z INFO [275/500] 0be940c2-8c26-47da-9947-889855e1918d: cophenetic index 3004; 0.5 s; peak memory 209 MiB.
2026-09-21T23:08:43Z INFO [276/500] 0be95fc6-b2f9-446b-87ee-2a47175b127c: cophenetic index 1087; 0.4 s; peak memory 209 MiB.
2026-09-21T23:08:43Z INFO [277/500] 0be999a5-81a1-45cb-83d3-198b6a32ab60: cophenetic index 629; 0.3 s; peak memory 209 MiB.
2026-09-21T23:08:48Z INFO [278/500] 0bea007c-0c61-4de2-b33b-5e2d3a13923b: cophenetic index 195172714; 4.8 s; peak memory 209 MiB.
2026-09-21T23:08:49Z INFO [279/500] 0beabc9c-0c5c-4890-a145-ab85be33897f: cophenetic index 2625; 0.8 s; peak memory 209 MiB.
2026-09-21T23:08:49Z INFO [280/500] 0beb5b14-3df6-4ec4-837b-9ccaded562c7: cophenetic index 539; 0.5 s; peak memory 209 MiB.
2026-09-21T23:08:50Z INFO [281/500] 0bebd8db-4ad3-4d35-b60a-b85931f34f15: cophenetic index 33998; 1.2 s; peak memory 209 MiB.
2026-09-21T23:08:51Z INFO [282/500] 0beca01a-54bd-4714-9b64-f4fcd92c9dcc: cophenetic index 624; 0.5 s; peak memory 209 MiB.
2026-09-21T23:08:52Z INFO [283/500] 0bed09d6-f58a-4715-9f5b-d87f3f43b501: cophenetic index 624; 0.6 s; peak memory 209 MiB.
2026-09-21T23:08:52Z INFO [284/500] 0bee4f44-a071-44b7-a6a9-0c562f8d92c7: cophenetic index 2625; 0.7 s; peak memory 209 MiB.
2026-09-21T23:08:53Z INFO [285/500] 0bee5ab4-db69-4f92-a5f5-dd7a20ed91df: cophenetic index 33998; 0.7 s; peak memory 209 MiB.
2026-09-21T23:08:56Z INFO [286/500] 0bee8a84-5d66-4337-a23e-9bb555b415cd: cophenetic index 9548; 2.7 s; peak memory 209 MiB.
2026-09-21T23:08:57Z INFO [287/500] 0beea927-1d05-4951-b370-5d0df14cbcba: cophenetic index 33998; 0.9 s; peak memory 209 MiB.
2026-09-21T23:08:57Z INFO [288/500] 0bef848c-7a1d-423f-8f66-dae0a33c8b0a: cophenetic index 624; 0.6 s; peak memory 209 MiB.
2026-09-21T23:08:58Z INFO [289/500] 0bf03275-5079-4594-bee4-4858fc3bf2d2: cophenetic index 605; 0.5 s; peak memory 209 MiB.
2026-09-21T23:08:58Z INFO [290/500] 0bf03b84-2593-439e-9ea9-965d3762846d: cophenetic index 624; 0.5 s; peak memory 209 MiB.
2026-09-21T23:08:59Z INFO [291/500] 0bf0a692-94b5-4149-8eeb-8344431d8c0d: cophenetic index 2625; 0.8 s; peak memory 209 MiB.
2026-09-21T23:08:59Z INFO [292/500] 0bf1bcb2-c64a-45d3-b40b-ad4fa6b79f58: cophenetic index 490; 0.4 s; peak memory 209 MiB.
2026-09-21T23:09:00Z INFO [293/500] 0bf202ee-0bf6-43e4-b3fe-d14c83898694: cophenetic index 2974; 0.5 s; peak memory 209 MiB.
2026-09-21T23:09:04Z INFO [294/500] 0bf20ba6-3809-417e-a3af-a8b7156fe10d: cophenetic index 12100; 3.8 s; peak memory 209 MiB.
2026-09-21T23:09:04Z INFO [295/500] 0bf22d77-708e-4291-aa74-4e75379cd50e: cophenetic index 624; 0.5 s; peak memory 209 MiB.
2026-09-21T23:09:08Z INFO [296/500] 0bf23b1a-82bd-43f9-ae05-b7599ff7fd26: cophenetic index 82216; 3.6 s; peak memory 209 MiB.
2026-09-21T23:09:08Z INFO [297/500] 0bf26de9-8ca8-4331-982a-e27a709aca9a: cophenetic index 2814; 0.7 s; peak memory 209 MiB.
2026-09-21T23:09:09Z INFO [298/500] 0bf353bf-6c3f-47d7-b438-a21cab303c12: cophenetic index 624; 0.5 s; peak memory 209 MiB.
2026-09-21T23:09:09Z INFO [299/500] 0bf47f3a-2b67-44c7-a298-51c260d9ae47: cophenetic index 3004; 0.6 s; peak memory 209 MiB.
2026-09-21T23:09:13Z INFO [300/500] 0bf49b27-f4e6-4008-9d37-fb48dfd4ebc0: cophenetic index 115348; 3.7 s; peak memory 209 MiB.
2026-09-21T23:09:13Z INFO [300/500] 0bf49b27-f4e6-4008-9d37-fb48dfd4ebc0: checkpointed 51797 records.
2026-09-21T23:09:14Z INFO [301/500] 0bf4a089-1ea1-47b6-9bcb-b52b844e7701: cophenetic index 624; 0.5 s; peak memory 209 MiB.
2026-09-21T23:09:15Z INFO [302/500] 0bf6026d-f890-474c-8ee7-6ab80e95bb00: cophenetic index 99150; 1.2 s; peak memory 209 MiB.
2026-09-21T23:09:16Z INFO [303/500] 0bf71dd5-b42d-4773-a39e-45c764aa08f6: cophenetic index 624; 0.7 s; peak memory 209 MiB.
2026-09-21T23:09:19Z INFO [304/500] 0bf7bf21-e55f-4072-a589-0554640d196b: cophenetic index 33579; 3.8 s; peak memory 209 MiB.
2026-09-21T23:09:22Z INFO [305/500] 0bf88989-2452-4f92-9471-25b7c30f5844: cophenetic index 72224; 3.0 s; peak memory 209 MiB.
2026-09-21T23:09:23Z INFO [306/500] 0bf8be3f-b74b-4b3b-8111-1f6385598eba: cophenetic index 2105; 1.1 s; peak memory 209 MiB.
2026-09-21T23:09:24Z INFO [307/500] 0bf950da-e9b8-4185-ae2b-1a153db299ea: cophenetic index 624; 0.4 s; peak memory 209 MiB.
2026-09-21T23:09:25Z INFO [308/500] 0bf97fe4-9258-4985-8974-117918874f90: cophenetic index 23975; 0.7 s; peak memory 209 MiB.
2026-09-21T23:09:25Z INFO [309/500] 0bfaf92c-a454-4a4d-a112-a6b22ec7321a: cophenetic index 2625; 0.6 s; peak memory 209 MiB.
2026-09-21T23:09:26Z INFO [310/500] 0bfb384e-9d4d-40db-bffb-b3dbb69bd189: cophenetic index 3004; 0.7 s; peak memory 209 MiB.
2026-09-21T23:09:28Z INFO [311/500] 0bfbd075-9b6f-455d-94c1-4de5324913fd: cophenetic index 9548; 2.2 s; peak memory 209 MiB.
2026-09-21T23:09:29Z INFO [312/500] 0bfc1b50-42be-403e-ba76-73eb2a9d6439: cophenetic index 431; 0.6 s; peak memory 209 MiB.
2026-09-21T23:09:29Z INFO [313/500] 0bfc3322-7d9e-453b-8d53-e54c0c5d6eb9: cophenetic index 624; 0.4 s; peak memory 209 MiB.
2026-09-21T23:09:30Z INFO [314/500] 0bfcac95-a1f8-433d-b727-ff1f636939b9: cophenetic index 2625; 0.9 s; peak memory 209 MiB.
2026-09-21T23:09:40Z INFO [315/500] 0bfcc967-d709-4ea1-b982-0c61ae7a58f2: cophenetic index 947855; 10.0 s; peak memory 223 MiB.
2026-09-21T23:09:41Z INFO [316/500] 0bfd45a4-99c1-4941-90d7-4e9bf3d8f42b: cophenetic index 624; 0.5 s; peak memory 223 MiB.
2026-09-21T23:09:41Z INFO [317/500] 0bfd6a65-129a-4865-9af6-dc2fdd45a2c2: cophenetic index 33968; 0.7 s; peak memory 223 MiB.
2026-09-21T23:09:42Z INFO [318/500] 0bfd9050-c49d-42a3-9067-d8b6c3aa7e4c: cophenetic index 1087; 0.9 s; peak memory 223 MiB.
2026-09-21T23:09:44Z INFO [319/500] 0bfd9ae1-7e17-4221-848a-4f6d558494bb: cophenetic index 1733; 1.8 s; peak memory 223 MiB.
2026-09-21T23:09:44Z INFO [320/500] 0bfe049c-bb8b-4007-83c0-bf6d8df01702: cophenetic index 2923; 0.6 s; peak memory 223 MiB.
2026-09-21T23:09:45Z INFO [321/500] 0bfe656d-5275-451c-a1c5-15b57e4e922e: cophenetic index 627; 0.4 s; peak memory 223 MiB.
2026-09-21T23:09:45Z INFO [322/500] 0bfe9c7a-a991-41f3-a5cd-85737a14ae52: cophenetic index 624; 0.5 s; peak memory 223 MiB.
2026-09-21T23:09:46Z INFO [323/500] 0bfef0d4-8219-4432-a3dc-44cac6fbce48: cophenetic index 3087; 0.6 s; peak memory 223 MiB.
2026-09-21T23:09:49Z INFO [324/500] 0bfefd5b-ad99-4e48-973e-d440d5458645: cophenetic index 9181; 2.8 s; peak memory 223 MiB.
2026-09-21T23:09:53Z INFO [325/500] 0c0086e2-bf72-4dae-8de6-2c317816fea8: cophenetic index 377961; 4.3 s; peak memory 223 MiB.
2026-09-21T23:09:54Z INFO [326/500] 0c01c2e2-c0d7-4375-945e-9abd47741968: cophenetic index 624; 0.5 s; peak memory 223 MiB.
2026-09-21T23:09:57Z INFO [327/500] 0c01db87-564c-49eb-b459-e48b0867216c: cophenetic index 33285; 3.1 s; peak memory 223 MiB.
2026-09-21T23:09:58Z INFO [328/500] 0c0244aa-10cc-40dd-a189-819cb2bd20b5: cophenetic index 8258; 1.6 s; peak memory 223 MiB.
2026-09-21T23:09:59Z INFO [329/500] 0c02d440-5747-4207-bf75-726b8966e231: cophenetic index 33968; 0.8 s; peak memory 223 MiB.
2026-09-21T23:10:00Z INFO [330/500] 0c033e16-687b-483b-a370-a4b25d7eefcb: cophenetic index 33968; 0.7 s; peak memory 223 MiB.
2026-09-21T23:10:00Z INFO [331/500] 0c036435-f5e1-4b02-8cee-61edbf7790cf: cophenetic index 624; 0.5 s; peak memory 223 MiB.
2026-09-21T23:10:03Z INFO [332/500] 0c03d995-e16f-4a8a-b14e-61f65a4102d6: cophenetic index 9548; 3.0 s; peak memory 223 MiB.
2026-09-21T23:10:04Z INFO [333/500] 0c056b43-6267-48ae-b2bf-0ec117c12194: cophenetic index 605; 0.6 s; peak memory 223 MiB.
2026-09-21T23:10:04Z INFO [334/500] 0c05f8d7-4db4-4e87-8197-025322337f19: cophenetic index 624; 0.5 s; peak memory 223 MiB.
2026-09-21T23:10:05Z INFO [335/500] 0c06ba2d-380c-4171-82d5-0c5f075e7b3b: cophenetic index 624; 0.5 s; peak memory 223 MiB.
2026-09-21T23:10:05Z INFO [336/500] 0c073c33-97f8-4353-be2c-b2fe76aa6fc5: cophenetic index 624; 0.5 s; peak memory 223 MiB.
2026-09-21T23:10:09Z INFO [337/500] 0c079a8b-4343-4566-ac18-af39d1bca5dc: cophenetic index 27356; 4.2 s; peak memory 223 MiB.
2026-09-21T23:10:10Z INFO [338/500] 0c0873ee-8af0-40af-90c6-913fbcbc1f93: cophenetic index 646; 0.5 s; peak memory 223 MiB.
2026-09-21T23:10:10Z INFO [339/500] 0c08e2b1-efc9-473f-8b05-6131a84a1936: cophenetic index 624; 0.5 s; peak memory 223 MiB.
2026-09-21T23:10:13Z INFO [340/500] 0c09694b-0f96-4e65-aaf1-af1f7f4a3187: cophenetic index 19526; 2.2 s; peak memory 223 MiB.
2026-09-21T23:10:13Z INFO [341/500] 0c0a789b-c523-4280-a8fe-93225d9277d7: cophenetic index 624; 0.5 s; peak memory 223 MiB.
2026-09-21T23:10:14Z INFO [342/500] 0c0a837a-849f-4d35-b2d6-f1bc992dbe1d: cophenetic index 624; 0.5 s; peak memory 223 MiB.
2026-09-21T23:10:17Z INFO [343/500] 0c0ad8a8-60c1-4148-a1b3-666f36fc16aa: cophenetic index 320837; 3.6 s; peak memory 223 MiB.
2026-09-21T23:10:18Z INFO [344/500] 0c0c20fd-c4ca-43c0-b103-8ba372f3a7d7: cophenetic index 3004; 0.7 s; peak memory 223 MiB.
2026-09-21T23:10:19Z INFO [345/500] 0c0c5077-0950-451d-8c9f-448165156bf7: cophenetic index 3243; 1.4 s; peak memory 223 MiB.
2026-09-21T23:10:24Z INFO [346/500] 0c0dbb76-efe6-4339-8b1b-c09a84b384c5: cophenetic index 156815; 4.9 s; peak memory 223 MiB.
2026-09-21T23:10:25Z INFO [347/500] 0c0dce25-3030-42f5-ae76-81fd98a7b7c5: cophenetic index 3004; 0.5 s; peak memory 223 MiB.
2026-09-21T23:10:26Z INFO [348/500] 0c0e0290-843e-44c4-861e-f33a7346f108: cophenetic index 3233776; 1.7 s; peak memory 223 MiB.
2026-09-21T23:10:27Z INFO [349/500] 0c0e67e4-7f3c-449f-a18e-2b5577a9ff71: cophenetic index 33968; 0.9 s; peak memory 223 MiB.
2026-09-21T23:10:28Z INFO [350/500] 0c0e784f-95ac-4835-a11b-937ac1344eb1: cophenetic index 729; 0.4 s; peak memory 223 MiB.
2026-09-21T23:10:28Z INFO [350/500] 0c0e784f-95ac-4835-a11b-937ac1344eb1: checkpointed 51847 records.
2026-09-21T23:10:29Z INFO [351/500] 0c0ea99d-f66a-41a5-b905-8332196e402f: cophenetic index 33998; 0.7 s; peak memory 223 MiB.
2026-09-21T23:10:29Z INFO [352/500] 0c0f3236-b508-42c9-93dd-6ef403f97a7e: cophenetic index 23364; 0.6 s; peak memory 223 MiB.
2026-09-21T23:10:30Z INFO [353/500] 0c0f91f5-7cf7-4e84-be71-35bec34d05a0: cophenetic index 2625; 0.7 s; peak memory 223 MiB.
2026-09-21T23:10:32Z INFO [354/500] 0c102576-35cd-40ca-9780-64e6bfc18e6f: cophenetic index 4797; 2.1 s; peak memory 223 MiB.
2026-09-21T23:10:33Z INFO [355/500] 0c10ebf2-ee30-4df4-b78e-e2b3fead1ff6: cophenetic index 2105; 0.8 s; peak memory 223 MiB.
2026-09-21T23:10:33Z INFO [356/500] 0c115bca-a458-4138-b185-40a39089a2c6: cophenetic index 3004; 0.5 s; peak memory 223 MiB.
2026-09-21T23:10:34Z INFO [357/500] 0c122516-de0b-4f6a-b25e-637936b38f1b: cophenetic index 624; 0.6 s; peak memory 223 MiB.
2026-09-21T23:10:35Z INFO [358/500] 0c125d2c-6908-435e-abed-6000af90c265: cophenetic index 23864; 0.7 s; peak memory 223 MiB.
2026-09-21T23:10:43Z INFO [359/500] 0c12e027-075f-4baf-b3ea-c1d666f2e83b: cophenetic index 161775; 8.6 s; peak memory 223 MiB.
2026-09-21T23:10:44Z INFO [360/500] 0c12fb8d-0a95-4dab-9330-49901190edf9: cophenetic index 2682; 1.1 s; peak memory 223 MiB.
2026-09-21T23:10:49Z INFO [361/500] 0c1307af-2500-40e4-b57d-2b121af63801: cophenetic index 162235563; 4.6 s; peak memory 262 MiB.
2026-09-21T23:10:50Z INFO [362/500] 0c1346ca-c08f-45fb-8c53-6a31863dbb9f: cophenetic index 1781; 0.6 s; peak memory 262 MiB.
2026-09-21T23:10:50Z INFO [363/500] 0c135bf5-edec-45aa-b4d2-10c84f441c4f: cophenetic index 624; 0.5 s; peak memory 262 MiB.
2026-09-21T23:10:51Z INFO [364/500] 0c137387-db8e-4ff4-8d0e-f47390dc1b3a: cophenetic index 3057; 0.6 s; peak memory 262 MiB.
2026-09-21T23:10:52Z INFO [365/500] 0c15757f-c7d3-4f46-9968-fca05f2d83ff: cophenetic index 33998; 1.0 s; peak memory 262 MiB.
2026-09-21T23:10:52Z INFO [366/500] 0c15f4dd-1915-41d0-935a-762313e2361c: cophenetic index 23788; 0.5 s; peak memory 262 MiB.
2026-09-21T23:10:53Z INFO [367/500] 0c161373-8c7b-41c1-94ba-149bcac86151: cophenetic index 605; 0.6 s; peak memory 262 MiB.
2026-09-21T23:10:53Z INFO [368/500] 0c165511-5cd7-4ada-b4e3-e7cd704ff6fc: cophenetic index 579; 0.3 s; peak memory 262 MiB.
2026-09-21T23:10:54Z INFO [369/500] 0c175264-ac4f-4899-8874-2e9dd65fbe2c: cophenetic index 624; 0.6 s; peak memory 262 MiB.
2026-09-21T23:10:57Z INFO [370/500] 0c17bd42-c80b-487a-abec-118c3fcdfff6: cophenetic index 5466; 2.9 s; peak memory 262 MiB.
2026-09-21T23:10:58Z INFO [371/500] 0c185c30-4a76-4d9f-95f8-d0c845ed335d: cophenetic index 5473; 1.7 s; peak memory 262 MiB.
2026-09-21T23:11:00Z INFO [372/500] 0c188a9f-0d21-4db2-9287-2eb0a899629f: cophenetic index 2391; 1.4 s; peak memory 262 MiB.
2026-09-21T23:11:01Z INFO [373/500] 0c189b85-4d97-4e25-8a55-f40acc35c8ad: cophenetic index 2402; 1.4 s; peak memory 262 MiB.
2026-09-21T23:11:02Z INFO [374/500] 0c18f685-e0d0-4b06-894a-6e0c4d46a5fd: cophenetic index 8258; 1.5 s; peak memory 262 MiB.
2026-09-21T23:11:03Z INFO [375/500] 0c19531f-3dfa-456c-94dd-5869cae76b07: cophenetic index 543; 0.3 s; peak memory 262 MiB.
2026-09-21T23:11:03Z INFO [376/500] 0c1964db-af3e-45f2-ad71-fc6f203d8a5e: cophenetic index 431; 0.6 s; peak memory 262 MiB.
2026-09-21T23:11:04Z INFO [377/500] 0c1995ad-8ace-4f19-9db1-a3d1d3b9ef92: cophenetic index 624; 0.5 s; peak memory 262 MiB.
2026-09-21T23:11:04Z INFO [378/500] 0c19eb56-475a-4e66-a744-d3f009f6c89a: cophenetic index 624; 0.5 s; peak memory 262 MiB.
2026-09-21T23:11:05Z INFO [379/500] 0c1a64bb-ce45-48a2-9046-5a09a96857e2: cophenetic index 661; 0.4 s; peak memory 262 MiB.
2026-09-21T23:11:05Z INFO [380/500] 0c1bbf44-ea24-4034-b7db-c48cb0117ce9: cophenetic index 624; 0.4 s; peak memory 262 MiB.
2026-09-21T23:11:06Z INFO [381/500] 0c1d18c6-4fbd-483b-a941-ec6ff93c56b6: cophenetic index 624; 0.5 s; peak memory 262 MiB.
2026-09-21T23:11:06Z INFO [382/500] 0c1d3186-f133-4c85-bfd2-608e674f094f: cophenetic index 3004; 0.5 s; peak memory 262 MiB.
2026-09-21T23:11:07Z INFO [383/500] 0c1d3a75-80cc-40be-909b-47f689574314: cophenetic index 3077; 0.4 s; peak memory 262 MiB.
2026-09-21T23:11:07Z INFO [384/500] 0c1dbc83-abd5-4a87-81a0-9c769d636d78: cophenetic index 3004; 0.6 s; peak memory 262 MiB.
2026-09-21T23:11:08Z INFO [385/500] 0c1e7f56-e99b-4a80-b453-62731774d62e: cophenetic index 624; 0.5 s; peak memory 262 MiB.
2026-09-21T23:11:08Z INFO [386/500] 0c1f488e-b933-404e-9102-8454afd22ff8: cophenetic index 23502; 0.6 s; peak memory 262 MiB.
2026-09-21T23:11:09Z INFO [387/500] 0c1f7977-4049-4279-becf-81a491449cb6: cophenetic index 2974; 0.6 s; peak memory 262 MiB.
2026-09-21T23:11:10Z INFO [388/500] 0c1fecd7-71bb-4909-9ac6-b2b291fdf7ff: cophenetic index 605; 0.6 s; peak memory 262 MiB.
2026-09-21T23:11:11Z INFO [389/500] 0c2034c4-4d53-40e0-bbeb-9d2de2da13e5: cophenetic index 3429; 1.3 s; peak memory 262 MiB.
2026-09-21T23:11:12Z INFO [390/500] 0c205f9a-b005-4ce0-959a-d834fb9ca45c: cophenetic index 23370; 0.6 s; peak memory 262 MiB.
2026-09-21T23:11:12Z INFO [391/500] 0c20b1b8-1eae-4318-bfea-4e593a8c70e2: cophenetic index 469; 0.4 s; peak memory 262 MiB.
2026-09-21T23:11:17Z INFO [392/500] 0c211a57-00cf-4440-b4bb-40a7fb1b0b76: cophenetic index 34862; 5.3 s; peak memory 262 MiB.
2026-09-21T23:11:19Z INFO [393/500] 0c218002-08ab-4c8f-bfeb-7f4c06900275: cophenetic index 8488; 2.2 s; peak memory 262 MiB.
2026-09-21T23:11:20Z INFO [394/500] 0c218614-5284-40ce-90eb-befc6b8623c7: cophenetic index 431; 0.5 s; peak memory 262 MiB.
2026-09-21T23:11:20Z INFO [395/500] 0c21fda6-dd33-429a-878f-7e59ecb98835: cophenetic index 2625; 0.7 s; peak memory 262 MiB.
2026-09-21T23:11:21Z INFO [396/500] 0c22582a-1382-4fdb-8acb-c8c7a37d2e5b: cophenetic index 3004; 0.5 s; peak memory 262 MiB.
2026-09-21T23:11:22Z INFO [397/500] 0c22c2d0-643d-473e-8fe3-6804107cd649: cophenetic index 766; 0.8 s; peak memory 262 MiB.
2026-09-21T23:11:22Z INFO [398/500] 0c233b06-8199-4906-8d59-ebe52dd35c29: cophenetic index 651; 0.3 s; peak memory 262 MiB.
2026-09-21T23:11:30Z INFO [399/500] 0c244f35-63e9-4447-a485-ef7e5b5a2f15: cophenetic index 42708; 7.9 s; peak memory 269 MiB.
2026-09-21T23:11:30Z INFO [400/500] 0c253b79-798e-4156-aa6a-b5ceac61c6ec: cophenetic index 624; 0.4 s; peak memory 269 MiB.
2026-09-21T23:11:31Z INFO [400/500] 0c253b79-798e-4156-aa6a-b5ceac61c6ec: checkpointed 51897 records.
2026-09-21T23:11:31Z INFO [401/500] 0c2560bc-855c-49ec-9e72-ea2101a569e5: cophenetic index 2923; 0.6 s; peak memory 269 MiB.
2026-09-21T23:11:31Z INFO [402/500] 0c258baa-bf9d-4ad9-9e34-1af53801cac7: cophenetic index 490; 0.3 s; peak memory 269 MiB.
2026-09-21T23:11:32Z INFO [403/500] 0c259574-7e6e-4a73-b840-8dc5dffac887: cophenetic index 791; 0.6 s; peak memory 269 MiB.
2026-09-21T23:11:39Z INFO [404/500] 0c26d8b3-47a4-4f9e-af91-f1254154e90d: cophenetic index 48777; 6.6 s; peak memory 269 MiB.
2026-09-21T23:11:40Z INFO [405/500] 0c27d3b1-bd7b-48f7-909b-4eb624be119e: cophenetic index 2402; 1.4 s; peak memory 269 MiB.
2026-09-21T23:11:41Z INFO [406/500] 0c27dfa9-8b92-4fb0-b7e4-cc13e0d22f76: cophenetic index 3087; 0.6 s; peak memory 269 MiB.
2026-09-21T23:11:42Z INFO [407/500] 0c285d0b-0356-48a5-b530-25248ee631db: cophenetic index 2236; 1.5 s; peak memory 269 MiB.
2026-09-21T23:11:45Z INFO [408/500] 0c2881d4-0f5c-45f0-9e3d-7f9d7cf3b14e: cophenetic index 44156; 2.8 s; peak memory 269 MiB.
2026-09-21T23:11:45Z INFO [409/500] 0c2918eb-756e-467f-9bde-20a90e73fbb7: cophenetic index 624; 0.5 s; peak memory 269 MiB.
2026-09-21T23:11:46Z INFO [410/500] 0c298b3e-1e8e-437c-9f69-7929f9fc9176: cophenetic index 33968; 0.7 s; peak memory 269 MiB.
2026-09-21T23:11:47Z INFO [411/500] 0c2a11a2-4af8-47f9-91cb-bf5283e3beb4: cophenetic index 751; 0.4 s; peak memory 269 MiB.
2026-09-21T23:11:47Z INFO [412/500] 0c2a2895-fedb-4001-abc3-033eb1b86ee2: cophenetic index 624; 0.5 s; peak memory 269 MiB.
2026-09-21T23:11:49Z INFO [413/500] 0c2a7727-e386-436e-a9e6-1be373cbe1a1: cophenetic index 3510; 1.9 s; peak memory 269 MiB.
2026-09-21T23:11:50Z INFO [414/500] 0c2a9099-90e9-486a-99df-e45198c78fdd: cophenetic index 3004; 0.6 s; peak memory 269 MiB.
2026-09-21T23:11:51Z INFO [415/500] 0c2aefbe-8745-4fb4-a5e7-e0f86be6fed1: cophenetic index 102768; 1.0 s; peak memory 269 MiB.
2026-09-21T23:11:54Z INFO [416/500] 0c2b7c5a-64bb-4c47-9841-f086c1d485cf: cophenetic index 87527; 3.5 s; peak memory 269 MiB.
2026-09-21T23:11:55Z INFO [417/500] 0c2b8ace-e714-4bbc-9abe-50b4be604f74: cophenetic index 2625; 0.6 s; peak memory 269 MiB.
2026-09-21T23:12:00Z INFO [418/500] 0c2c9d23-1898-4d90-a204-5a47104cf464: cophenetic index 49847; 5.2 s; peak memory 269 MiB.
2026-09-21T23:12:01Z INFO [419/500] 0c2dc47f-74d7-4c90-a459-9aedf41a50fb: cophenetic index 33968; 0.6 s; peak memory 269 MiB.
2026-09-21T23:12:01Z INFO [420/500] 0c2dd405-4691-46d9-84fe-1bd9748207fa: cophenetic index 624; 0.6 s; peak memory 269 MiB.
2026-09-21T23:12:07Z INFO [421/500] 0c2e6b21-3a7a-4d3e-aff9-8209de52d859: cophenetic index 985183; 6.4 s; peak memory 269 MiB.
2026-09-21T23:12:08Z INFO [422/500] 0c2f12da-f77d-4472-8168-9ffcdec981eb: cophenetic index 624; 0.6 s; peak memory 269 MiB.
2026-09-21T23:12:09Z INFO [423/500] 0c2f6a53-65a8-4a20-86c6-0e8a80a1e5c4: cophenetic index 3004; 0.6 s; peak memory 269 MiB.
2026-09-21T23:12:12Z INFO [424/500] 0c3023a0-4608-4014-a551-f235963cea8f: cophenetic index 12100; 3.6 s; peak memory 269 MiB.
2026-09-21T23:12:16Z INFO [425/500] 0c302811-481c-43b9-bdc3-4fc1f068ba03: cophenetic index 1128341; 3.6 s; peak memory 269 MiB.
2026-09-21T23:12:16Z INFO [426/500] 0c3073ec-5a3c-426a-934f-2824f5f2ebac: cophenetic index 490; 0.3 s; peak memory 269 MiB.
2026-09-21T23:12:16Z INFO [427/500] 0c307c25-c1da-4016-80e7-fe9b02b61a10: cophenetic index 651; 0.4 s; peak memory 269 MiB.
2026-09-21T23:12:21Z INFO [428/500] 0c312f10-ecac-445b-bb9d-383e7a33cf5b: cophenetic index 208012; 4.6 s; peak memory 269 MiB.
2026-09-21T23:12:22Z INFO [429/500] 0c314b2a-0a81-40d7-85e3-6cb2fe9a4afb: cophenetic index 494; 0.5 s; peak memory 269 MiB.
2026-09-21T23:12:22Z INFO [430/500] 0c3180ef-f0ef-4a17-9f52-d6dd99183d0c: cophenetic index 3004; 0.6 s; peak memory 269 MiB.
2026-09-21T23:12:23Z INFO [431/500] 0c31a2a1-bcc0-4e8b-bee8-cfbf9cd4f952: cophenetic index 2625; 0.7 s; peak memory 269 MiB.
2026-09-21T23:12:24Z INFO [432/500] 0c31f0fd-c1b0-4c10-a9af-577ad9785ddf: cophenetic index 2625; 0.7 s; peak memory 269 MiB.
2026-09-21T23:12:24Z INFO [433/500] 0c320f9a-f355-4e49-ab89-7d24fe723229: cophenetic index 431; 0.4 s; peak memory 269 MiB.
2026-09-21T23:12:25Z INFO [434/500] 0c32abbf-4ed4-4c2b-b7a1-76d4b1231dc6: cophenetic index 3057; 0.6 s; peak memory 269 MiB.
2026-09-21T23:12:25Z INFO [435/500] 0c32ba22-5c3d-4617-b23a-0549b5308976: cophenetic index 791; 0.7 s; peak memory 269 MiB.
2026-09-21T23:12:26Z INFO [436/500] 0c332388-e72f-424b-b939-1abbb45b54c8: cophenetic index 2625; 0.7 s; peak memory 269 MiB.
2026-09-21T23:12:28Z INFO [437/500] 0c3323d3-8d6c-423d-afc5-6816085638fa: cophenetic index 87573; 2.3 s; peak memory 269 MiB.
2026-09-21T23:12:31Z INFO [438/500] 0c33273c-7e50-41e7-a907-a41a3f92af98: cophenetic index 60378; 2.9 s; peak memory 269 MiB.
2026-09-21T23:12:32Z INFO [439/500] 0c352a93-fbc5-4d40-a692-5ec4802a185d: cophenetic index 624; 0.6 s; peak memory 269 MiB.
2026-09-21T23:12:32Z INFO [440/500] 0c353231-0a0b-4cc8-9902-40fb8cd53301: cophenetic index 2923; 0.6 s; peak memory 269 MiB.
2026-09-21T23:12:33Z INFO [441/500] 0c355f8a-898e-4f3f-ac3e-4bf50d7327d0: cophenetic index 1380; 0.7 s; peak memory 269 MiB.
2026-09-21T23:12:34Z INFO [442/500] 0c36120d-201a-4fcd-b5e7-4325c3a25728: cophenetic index 3087; 0.8 s; peak memory 269 MiB.
2026-09-21T23:12:36Z INFO [443/500] 0c378574-f1ab-47e0-9b62-0fda95233ac3: cophenetic index 5473; 1.6 s; peak memory 269 MiB.
2026-09-21T23:12:36Z INFO [444/500] 0c37e4b5-6998-48a5-b69a-ce26311ca583: cophenetic index 3004; 0.5 s; peak memory 269 MiB.
2026-09-21T23:12:37Z INFO [445/500] 0c380276-2d2d-4c73-9a36-4a2dcaaa9ecc: cophenetic index 33998; 0.9 s; peak memory 269 MiB.
2026-09-21T23:12:37Z INFO [446/500] 0c3954ce-a4c7-42ca-a931-d806b87a20ff: cophenetic index 446; 0.3 s; peak memory 269 MiB.
2026-09-21T23:12:38Z INFO [447/500] 0c3a9dc6-e15c-415c-bb51-a0b7d2aa7106: cophenetic index 3004; 0.6 s; peak memory 269 MiB.
2026-09-21T23:12:40Z INFO [448/500] 0c3aa9e0-f690-48ba-91b4-594569fabb4b: cophenetic index 9548; 2.5 s; peak memory 269 MiB.
2026-09-21T23:12:41Z INFO [449/500] 0c3b5ab4-5f17-444e-8d5f-6498218cbf38: cophenetic index 624; 0.6 s; peak memory 269 MiB.
2026-09-21T23:12:41Z INFO [450/500] 0c3bc5c5-803f-4015-ab57-e615a03747f8: cophenetic index 560; 0.4 s; peak memory 269 MiB.
2026-09-21T23:12:41Z INFO [450/500] 0c3bc5c5-803f-4015-ab57-e615a03747f8: checkpointed 51947 records.
2026-09-21T23:12:42Z INFO [451/500] 0c3bdb99-6878-43db-a299-b1b7f227ce63: cophenetic index 624; 0.5 s; peak memory 269 MiB.
2026-09-21T23:12:42Z INFO [452/500] 0c3cc089-36f8-4ec9-a261-3079d08292c1: cophenetic index 624; 0.5 s; peak memory 269 MiB.
2026-09-21T23:12:44Z INFO [453/500] 0c3fa781-e2c9-47d2-a47d-a7aeec52dc0b: cophenetic index 34658; 1.4 s; peak memory 269 MiB.
2026-09-21T23:12:45Z INFO [454/500] 0c407976-b496-4dad-a851-f2a80b909a8c: cophenetic index 2625; 0.8 s; peak memory 269 MiB.
2026-09-21T23:12:45Z INFO [455/500] 0c409837-8bdd-45aa-aaae-fa16e758b9df: cophenetic index 3087; 0.5 s; peak memory 269 MiB.
2026-09-21T23:12:46Z INFO [456/500] 0c4133fd-1b0f-4a3b-a38a-25de7ba1846a: cophenetic index 3057; 0.6 s; peak memory 269 MiB.
2026-09-21T23:12:47Z INFO [457/500] 0c41945e-d1b3-47bf-9102-a1719071133a: cophenetic index 2236; 1.7 s; peak memory 269 MiB.
2026-09-21T23:12:48Z INFO [458/500] 0c431ab9-3b5e-45c2-8417-8fa0eb6841a9: cophenetic index 33962; 0.8 s; peak memory 269 MiB.
2026-09-21T23:12:49Z INFO [459/500] 0c4321a0-4971-4185-a5c5-350d1c3fafcf: cophenetic index 624; 0.5 s; peak memory 269 MiB.
2026-09-21T23:12:49Z INFO [460/500] 0c438512-f9d8-457b-abf3-d1f6e29f9b25: cophenetic index 3004; 0.6 s; peak memory 269 MiB.
2026-09-21T23:12:51Z INFO [461/500] 0c44e10e-df35-4f89-9ecb-7638695ce93b: cophenetic index 1458; 1.3 s; peak memory 269 MiB.
2026-09-21T23:12:51Z INFO [462/500] 0c45fcf8-cb56-4a5c-b64d-f0109d2dccb7: cophenetic index 490; 0.3 s; peak memory 269 MiB.
2026-09-21T23:12:54Z INFO [463/500] 0c464fdd-c7d4-4e02-9d85-3f427325c6b3: cophenetic index 12100; 3.5 s; peak memory 269 MiB.
2026-09-21T23:12:57Z INFO [464/500] 0c4771b5-4e0e-40ce-a998-16de710c5482: cophenetic index 15476; 2.6 s; peak memory 269 MiB.
2026-09-21T23:12:57Z INFO [465/500] 0c480ffe-fd86-4941-8ab5-169aad4b3bc1: cophenetic index 579; 0.4 s; peak memory 269 MiB.
2026-09-21T23:12:58Z INFO [466/500] 0c48149f-09d1-4e4d-9c89-ed0add94f64c: cophenetic index 3004; 0.7 s; peak memory 269 MiB.
2026-09-21T23:13:02Z INFO [467/500] 0c4855c4-92ed-4192-8e5e-5622faa188b9: cophenetic index 158155; 3.7 s; peak memory 269 MiB.
2026-09-21T23:13:03Z INFO [468/500] 0c48b01d-76ac-413e-b2ef-ce388026b0cb: cophenetic index 3057; 0.8 s; peak memory 269 MiB.
2026-09-21T23:13:04Z INFO [469/500] 0c49827e-7d9b-403c-b44a-2228c1e6af84: cophenetic index 33986; 0.9 s; peak memory 269 MiB.
2026-09-21T23:13:05Z INFO [470/500] 0c499789-5a19-4101-9efc-42359477ca2f: cophenetic index 2402; 1.5 s; peak memory 269 MiB.
2026-09-21T23:13:07Z INFO [471/500] 0c4b0ea3-2224-4613-af4b-39a81761d6c2: cophenetic index 26532; 2.0 s; peak memory 269 MiB.
2026-09-21T23:13:10Z INFO [472/500] 0c4d59b8-816e-433e-9be9-d68679ad46b3: cophenetic index 56862; 2.7 s; peak memory 269 MiB.
2026-09-21T23:13:10Z INFO [473/500] 0c4da781-28f1-4abd-868c-4a1871e30df8: cophenetic index 490; 0.4 s; peak memory 269 MiB.
2026-09-21T23:13:12Z INFO [474/500] 0c4ea4a7-a657-49a4-995c-07e19a8ad4c6: cophenetic index 4015; 1.5 s; peak memory 269 MiB.
2026-09-21T23:13:15Z INFO [475/500] 0c4f9b49-de10-4615-b425-3646e5ec1725: cophenetic index 64388; 3.8 s; peak memory 269 MiB.
2026-09-21T23:13:16Z INFO [476/500] 0c4ff800-1903-4449-af49-74c6687686ed: cophenetic index 3004; 0.7 s; peak memory 269 MiB.
2026-09-21T23:13:20Z INFO [477/500] 0c507981-09e4-4094-858e-2ef4d22e8963: cophenetic index 161676; 4.3 s; peak memory 269 MiB.
2026-09-21T23:13:21Z INFO [478/500] 0c50a121-ed07-4691-ae70-e9b0c69bfbe4: cophenetic index 33968; 0.8 s; peak memory 269 MiB.
2026-09-21T23:13:26Z INFO [479/500] 0c525f6c-404f-4bd4-88ed-2694e83e5667: cophenetic index 162235563; 4.5 s; peak memory 269 MiB.
2026-09-21T23:13:26Z INFO [480/500] 0c52b260-b23b-44fd-a966-41d9d7bbe447: cophenetic index 3004; 0.6 s; peak memory 269 MiB.
2026-09-21T23:13:27Z INFO [481/500] 0c5328bb-5a9c-40df-a54c-7c0b26e75a9f: cophenetic index 3087; 0.7 s; peak memory 269 MiB.
2026-09-21T23:13:28Z INFO [482/500] 0c535f8a-15b9-4320-82ce-71ce766fcf06: cophenetic index 2625; 0.9 s; peak memory 269 MiB.
2026-09-21T23:13:29Z INFO [483/500] 0c542ab4-2a46-4b4a-9957-9716ef7e37a9: cophenetic index 515; 0.9 s; peak memory 269 MiB.
2026-09-21T23:13:29Z INFO [484/500] 0c54e835-cf7f-49d3-988b-89b2bffee393: cophenetic index 624; 0.6 s; peak memory 269 MiB.
2026-09-21T23:13:30Z INFO [485/500] 0c556efe-c3e5-457e-903b-fc61ee620f89: cophenetic index 490; 0.6 s; peak memory 269 MiB.
2026-09-21T23:13:30Z INFO [486/500] 0c570702-b0d2-4d4e-bbca-03049344ccbc: cophenetic index 729; 0.3 s; peak memory 269 MiB.
2026-09-21T23:13:35Z INFO [487/500] 0c571fe5-da5d-4f37-ac4f-dc8c4d35a829: cophenetic index 189405; 5.1 s; peak memory 269 MiB.
2026-09-21T23:13:36Z INFO [488/500] 0c579ef8-7201-40cc-8908-1ef01067e894: cophenetic index 3087; 0.6 s; peak memory 269 MiB.
2026-09-21T23:13:37Z INFO [489/500] 0c57d1c1-99bb-459b-a13d-2ad942983206: cophenetic index 3004; 0.6 s; peak memory 269 MiB.
2026-09-21T23:13:37Z INFO [490/500] 0c58534e-101e-4d79-ab8c-8d1930a4b485: cophenetic index 2893; 0.6 s; peak memory 269 MiB.
2026-09-21T23:13:38Z INFO [491/500] 0c58d8a4-7973-49e6-82c4-c7b8fd7b167f: cophenetic index 23423; 0.8 s; peak memory 269 MiB.
2026-09-21T23:13:39Z INFO [492/500] 0c58e8f2-304c-4544-bc09-8041b9e3bce0: cophenetic index 431; 0.6 s; peak memory 269 MiB.
2026-09-21T23:13:40Z INFO [493/500] 0c5b13a3-eb42-42da-af92-5fbcf5534fe4: cophenetic index 33962; 0.9 s; peak memory 269 MiB.
2026-09-21T23:13:40Z INFO [494/500] 0c5b4734-e6ec-436a-a4ee-05b7277ed0fa: cophenetic index 1006; 0.6 s; peak memory 269 MiB.
2026-09-21T23:13:41Z INFO [495/500] 0c5b4de0-f201-41ed-9afc-68abb1bb82c7: cophenetic index 99138; 0.9 s; peak memory 269 MiB.
2026-09-21T23:13:42Z INFO [496/500] 0c5c58c0-cf97-4695-bb4b-6fb92b859c37: cophenetic index 624; 0.6 s; peak memory 269 MiB.
2026-09-21T23:13:42Z INFO [497/500] 0c5d3c11-6c0c-4f2f-99a7-0078b1a010c8: cophenetic index 624; 0.5 s; peak memory 269 MiB.
2026-09-21T23:13:43Z INFO [498/500] 0c5d9c96-261d-4dea-b392-b916437d1603: cophenetic index 2974; 0.6 s; peak memory 269 MiB.
2026-09-21T23:13:43Z INFO [499/500] 0c5ddfcf-7d50-4d3e-8d3d-caf0fef678db: cophenetic index 624; 0.5 s; peak memory 269 MiB.
2026-09-21T23:13:44Z INFO [500/500] 0c5e733e-cb3f-45d5-ba00-0803ef377120: cophenetic index 2625; 0.6 s; peak memory 269 MiB.
2026-09-21T23:13:44Z INFO [500/500] 0c5e733e-cb3f-45d5-ba00-0803ef377120: checkpointed 51997 records.
2026-09-21T23:13:44Z INFO Wrote 51997 records to /tmp/derivatives/valid_nwb_file_to_cophenetic_index.jsonl (498 new, 2 failed) in 10.5 min (peak memory 269 MiB).
