2026-09-19T22:11:08Z INFO Logging to /tmp/logs/update_2026-09-19T22-11-08Z.log.
2026-09-19T22:11:08Z INFO Update valid-nwb-file-to-cophenetic-index (base directory /tmp).
2026-09-19T22:11:08Z INFO Processing 500 items (49506 already recorded).
2026-09-19T22:11:09Z WARNING 024ef50f-ac6f-49ea-806b-93ef4b5e8644: failed while reading the NWB file (KeyError: 'Unable to synchronously open object (component not found)')
2026-09-19T22:11:09Z WARNING [1/500] 024ef50f-ac6f-49ea-806b-93ef4b5e8644: leaving unrecorded for a later run to retry.
2026-09-19T22:11:11Z INFO [2/500] 072642e8-131a-4910-bd9f-5125fc720238: cophenetic index 3004; 1.2 s; peak memory 84 MiB.
2026-09-19T22:11:12Z INFO [3/500] 0726ec64-201e-4018-8830-5fdc0a1b8196: cophenetic index 581; 1.0 s; peak memory 84 MiB.
2026-09-19T22:11:13Z INFO [4/500] 07296b54-e9b6-4d23-8427-6e9bff940df8: cophenetic index 3004; 1.3 s; peak memory 85 MiB.
2026-09-19T22:11:21Z INFO [5/500] 07297b87-9014-48a7-ab6b-a3e843d5c837: cophenetic index 122716; 8.0 s; peak memory 100 MiB.
2026-09-19T22:11:22Z INFO [6/500] 0729bf5a-27fe-42b1-a38d-59191d07e171: cophenetic index 24106; 1.4 s; peak memory 100 MiB.
2026-09-19T22:11:24Z INFO [7/500] 072b1466-36a3-495f-8b27-2ae0a383b68e: cophenetic index 1006; 1.3 s; peak memory 100 MiB.
2026-09-19T22:11:25Z INFO [8/500] 072b2dfb-9be4-41f4-9899-e59b66e4f699: cophenetic index 33958; 1.3 s; peak memory 100 MiB.
2026-09-19T22:11:26Z INFO [9/500] 072becdf-9505-48b9-a492-00757bad8b8f: cophenetic index 2625; 1.5 s; peak memory 100 MiB.
2026-09-19T22:11:28Z INFO [10/500] 072c412e-3b37-47d9-ab4a-eaca817a1f40: cophenetic index 2625; 1.7 s; peak memory 100 MiB.
2026-09-19T22:11:29Z INFO [11/500] 072dfe24-49e0-4d9b-9d8d-d816f83c332a: cophenetic index 624; 1.0 s; peak memory 100 MiB.
2026-09-19T22:11:30Z INFO [12/500] 072e4615-51f0-4f2d-82be-e9294e131b9f: cophenetic index 624; 1.0 s; peak memory 100 MiB.
2026-09-19T22:11:31Z INFO [13/500] 072efaa1-1fbf-4f4d-b09c-8e8ff53b94e1: cophenetic index 1087; 1.3 s; peak memory 100 MiB.
2026-09-19T22:11:32Z INFO [14/500] 0730641a-570a-47dc-a507-0698ceb17478: cophenetic index 590; 1.0 s; peak memory 100 MiB.
2026-09-19T22:11:37Z INFO [15/500] 073080ed-5854-42fd-ae86-1c508b7aa193: cophenetic index 30519; 4.4 s; peak memory 100 MiB.
2026-09-19T22:11:48Z INFO [16/500] 073127d5-1e41-460a-8efe-787c56873901: cophenetic index 242575; 11.0 s; peak memory 107 MiB.
2026-09-19T22:11:49Z INFO [17/500] 07315a1d-372d-4b79-a9d5-89b271611d0b: cophenetic index 99120; 1.6 s; peak memory 107 MiB.
2026-09-19T22:11:51Z INFO [18/500] 0731f941-e66c-4925-b94d-845c825e01aa: cophenetic index 33968; 1.5 s; peak memory 107 MiB.
2026-09-19T22:11:55Z INFO [19/500] 0732018e-73cf-4526-8473-d4b7e73a1f26: cophenetic index 8834; 3.8 s; peak memory 107 MiB.
2026-09-19T22:11:58Z INFO [20/500] 0732599b-1232-448a-a04d-1aa0dbd3cdc8: cophenetic index 2027; 3.4 s; peak memory 107 MiB.
2026-09-19T22:12:00Z INFO [21/500] 0732ec30-9f94-4432-bba0-377f08a8b842: cophenetic index 33968; 1.5 s; peak memory 107 MiB.
2026-09-19T22:12:02Z INFO [22/500] 07331792-991e-491c-90fb-4a6c736dd774: cophenetic index 2539; 2.2 s; peak memory 107 MiB.
2026-09-19T22:12:03Z INFO [23/500] 07333116-cfce-45d7-bde2-566d5820d945: cophenetic index 3057; 1.4 s; peak memory 107 MiB.
2026-09-19T22:12:04Z INFO [24/500] 07337272-1ef4-40d2-94b6-18fb49d52508: cophenetic index 605; 1.1 s; peak memory 107 MiB.
2026-09-19T22:12:06Z INFO [25/500] 07344578-04af-41fd-9775-5abe3bb152e7: cophenetic index 3004; 1.2 s; peak memory 107 MiB.
2026-09-19T22:12:07Z INFO [26/500] 073470e8-0af4-4959-bd47-dd46abc934f7: cophenetic index 3004; 1.2 s; peak memory 107 MiB.
2026-09-19T22:12:15Z INFO [27/500] 07360033-3bc5-4616-b5ff-01882e17a110: cophenetic index 195172714; 8.2 s; peak memory 198 MiB.
2026-09-19T22:12:22Z INFO [28/500] 073654ab-af1a-4f55-87e1-75d4e8033cd9: cophenetic index 50635; 6.9 s; peak memory 198 MiB.
2026-09-19T22:12:24Z INFO [29/500] 07370406-fc37-4a37-9b82-85a0cd29bd92: cophenetic index 2570; 1.8 s; peak memory 198 MiB.
2026-09-19T22:12:26Z INFO [30/500] 0737345d-36d6-4161-b0fc-adae6cf91139: cophenetic index 3275; 2.3 s; peak memory 198 MiB.
2026-09-19T22:12:27Z INFO [31/500] 07376a45-eb5c-4936-9212-ef1e966a8aa8: cophenetic index 3087; 1.3 s; peak memory 198 MiB.
2026-09-19T22:12:29Z INFO [32/500] 073798cd-3794-4d47-968f-5516667d3c64: cophenetic index 23794; 1.4 s; peak memory 198 MiB.
2026-09-19T22:12:30Z INFO [33/500] 0738092e-c13a-46ca-a553-ed8742c09d09: cophenetic index 2974; 1.2 s; peak memory 198 MiB.
2026-09-19T22:12:31Z INFO [34/500] 073834d2-6ec5-47a4-9c1c-0d43b3f0aec8: cophenetic index 490; 0.7 s; peak memory 198 MiB.
2026-09-19T22:12:32Z INFO [35/500] 07387a8a-1e7a-4f5b-9cdb-f0a7c0c34bec: cophenetic index 624; 1.0 s; peak memory 198 MiB.
2026-09-19T22:12:33Z INFO [36/500] 07389290-f0e4-47f1-80f5-3f10a4e3d0a0: cophenetic index 681; 1.0 s; peak memory 198 MiB.
2026-09-19T22:12:33Z INFO [37/500] 07394f4f-9319-4c8e-8941-bed9af9dfb87: cophenetic index 490; 0.7 s; peak memory 198 MiB.
2026-09-19T22:12:35Z INFO [38/500] 07395998-ace3-4f88-9238-93d2114ca561: cophenetic index 2625; 1.4 s; peak memory 198 MiB.
2026-09-19T22:12:36Z INFO [39/500] 0739aee1-139d-4315-842b-2346717f1993: cophenetic index 563; 1.2 s; peak memory 198 MiB.
2026-09-19T22:12:37Z INFO [40/500] 0739c079-730e-4f94-8968-ac8a762e87a9: cophenetic index 569; 1.0 s; peak memory 198 MiB.
2026-09-19T22:12:38Z INFO [41/500] 073bbac3-923c-40f8-b818-7e939c11fbd2: cophenetic index 624; 1.1 s; peak memory 198 MiB.
2026-09-19T22:12:39Z INFO [42/500] 073d3d29-6a7e-493c-b0e9-a18fb8110c86: cophenetic index 1310; 1.4 s; peak memory 198 MiB.
2026-09-19T22:12:48Z INFO [43/500] 073d521e-5655-4ede-ae1d-3a0fb7723ade: cophenetic index 245854; 8.6 s; peak memory 198 MiB.
2026-09-19T22:12:49Z INFO [44/500] 073d5f1f-1329-4b2b-9407-e256fb9940dd: cophenetic index 624; 0.9 s; peak memory 198 MiB.
2026-09-19T22:12:50Z INFO [45/500] 073d6127-2f57-43dd-a84d-5974eccb2400: cophenetic index 651; 0.8 s; peak memory 198 MiB.
2026-09-19T22:12:50Z INFO [46/500] 073e8b63-a118-4530-9528-d57ae054fe03: cophenetic index 490; 0.8 s; peak memory 198 MiB.
2026-09-19T22:12:51Z INFO [47/500] 073f07fe-770a-4c15-9198-b494aad96e92: cophenetic index 431; 1.0 s; peak memory 198 MiB.
2026-09-19T22:13:19Z INFO [48/500] 073fab4a-745c-42ae-bb18-c5dfac413f18: cophenetic index 25130666; 27.4 s; peak memory 279 MiB.
2026-09-19T22:13:21Z INFO [49/500] 073fc345-4dc7-4550-826c-932df63a1c8f: cophenetic index 33998; 1.9 s; peak memory 279 MiB.
2026-09-19T22:13:22Z INFO [50/500] 07403379-4e25-4a8d-949c-da85153d82ca: cophenetic index 431; 1.0 s; peak memory 279 MiB.
2026-09-19T22:13:22Z INFO [50/500] 07403379-4e25-4a8d-949c-da85153d82ca: checkpointed 49555 records.
2026-09-19T22:13:23Z INFO [51/500] 07409f96-5db8-481c-835f-5e44a5d9e2e5: cophenetic index 33986; 1.5 s; peak memory 279 MiB.
2026-09-19T22:13:24Z INFO [52/500] 07413bc3-193c-4bc6-af16-d64577159d0d: cophenetic index 624; 0.9 s; peak memory 279 MiB.
2026-09-19T22:13:27Z INFO [53/500] 07419366-d1ce-44d8-92ea-5bc81a3770a5: cophenetic index 8123; 3.0 s; peak memory 279 MiB.
2026-09-19T22:13:29Z INFO [54/500] 07423052-6e3e-46dc-8468-c875a7e94260: cophenetic index 2682; 1.9 s; peak memory 279 MiB.
2026-09-19T22:13:37Z INFO [55/500] 07426c15-123e-47f6-a5c8-72ea9790ee0d: cophenetic index 171557; 7.4 s; peak memory 279 MiB.
2026-09-19T22:13:38Z INFO [56/500] 07427eec-fdea-4959-b88b-107347957ea8: cophenetic index 624; 1.0 s; peak memory 279 MiB.
2026-09-19T22:13:39Z INFO [57/500] 0742bdef-666d-422b-a375-1fec0feb0166: cophenetic index 624; 1.0 s; peak memory 279 MiB.
2026-09-19T22:13:40Z INFO [58/500] 0742d926-1ded-4182-81b1-11b3a9fac04d: cophenetic index 3004; 1.1 s; peak memory 279 MiB.
2026-09-19T22:13:41Z INFO [59/500] 0743524a-37ad-4930-b01a-d7d80419615f: cophenetic index 3004; 1.2 s; peak memory 279 MiB.
2026-09-19T22:13:42Z INFO [60/500] 0743ebf1-1a58-48c8-b7d2-0538d3c8f769: cophenetic index 1751; 1.5 s; peak memory 279 MiB.
2026-09-19T22:13:43Z INFO [61/500] 0744f0b8-0d03-44c2-b20e-d4614ead0a24: cophenetic index 448; 0.9 s; peak memory 279 MiB.
2026-09-19T22:13:45Z INFO [62/500] 07457fae-8cd5-4caf-8115-5fbef6e8bf68: cophenetic index 2974; 1.3 s; peak memory 279 MiB.
2026-09-19T22:13:50Z INFO [63/500] 07459460-c253-4db1-b030-50e542edec2d: cophenetic index 33285; 5.7 s; peak memory 279 MiB.
2026-09-19T22:13:52Z INFO [64/500] 0746aa17-7740-4f69-8651-710195be2827: cophenetic index 99114; 1.8 s; peak memory 279 MiB.
2026-09-19T22:13:53Z INFO [65/500] 074702ff-f65d-4938-9413-dcd8db3b2005: cophenetic index 624; 1.0 s; peak memory 279 MiB.
2026-09-19T22:13:55Z INFO [66/500] 0747af25-6590-4a8c-9f6f-0b2c9658c558: cophenetic index 2625; 1.5 s; peak memory 279 MiB.
2026-09-19T22:13:56Z INFO [67/500] 0748c348-52c5-44eb-bdab-2a36d41c76ee: cophenetic index 624; 1.0 s; peak memory 279 MiB.
2026-09-19T22:13:57Z INFO [68/500] 074927a7-271c-4a14-8046-2d56acc8f150: cophenetic index 33962; 1.4 s; peak memory 279 MiB.
2026-09-19T22:13:58Z INFO [69/500] 074a134e-8d86-465e-aebc-4c5edda77b35: cophenetic index 23364; 1.2 s; peak memory 279 MiB.
2026-09-19T22:13:59Z INFO [70/500] 074a552f-0115-4aa2-a401-f8f1dbfb08e9: cophenetic index 560; 0.9 s; peak memory 279 MiB.
2026-09-19T22:14:00Z INFO [71/500] 074a7171-6039-46d4-aee0-01b167730558: cophenetic index 3087; 1.4 s; peak memory 279 MiB.
2026-09-19T22:14:01Z INFO [72/500] 074a7c8c-db1a-4808-8139-4ee0409c9319: cophenetic index 624; 1.0 s; peak memory 279 MiB.
2026-09-19T22:14:02Z INFO [73/500] 074ba1ad-768f-41a8-8d68-626120e0b38b: cophenetic index 427; 0.9 s; peak memory 279 MiB.
2026-09-19T22:14:03Z INFO [74/500] 074bbce5-ac67-423e-bfa6-b6421580bd5a: cophenetic index 624; 1.0 s; peak memory 279 MiB.
2026-09-19T22:14:04Z INFO [75/500] 074c1c05-9dd7-44a6-909f-0a38431eef44: cophenetic index 651; 0.7 s; peak memory 279 MiB.
2026-09-19T22:14:07Z INFO [76/500] 074c3b3b-601b-4da7-b144-fda3f6a34f75: cophenetic index 5473; 3.4 s; peak memory 279 MiB.
2026-09-19T22:14:10Z INFO [77/500] 074cd1df-6326-43bf-9603-d57c05838e23: cophenetic index 2469; 2.8 s; peak memory 279 MiB.
2026-09-19T22:14:12Z INFO [78/500] 074cdbd8-019e-4f2c-b92a-b3cd632159a1: cophenetic index 1680; 1.8 s; peak memory 279 MiB.
2026-09-19T22:14:20Z INFO [79/500] 074cf84e-cd59-45a3-9ac2-672052ff2605: cophenetic index 106973; 7.7 s; peak memory 279 MiB.
2026-09-19T22:14:21Z INFO [80/500] 074cff72-0d5d-4eef-b9e6-666d745ba78a: cophenetic index 624; 0.9 s; peak memory 279 MiB.
2026-09-19T22:14:28Z INFO [81/500] 074d8f7c-fed3-4a32-919c-26346f21a8af: cophenetic index 87781; 7.1 s; peak memory 279 MiB.
2026-09-19T22:14:30Z INFO [82/500] 074de621-78c7-4319-a08c-64588dc0f767: cophenetic index 2625; 1.7 s; peak memory 279 MiB.
2026-09-19T22:14:31Z INFO [83/500] 074e26b3-d11b-4463-bbf1-eb0f615c35fd: cophenetic index 3317; 1.6 s; peak memory 279 MiB.
2026-09-19T22:14:33Z INFO [84/500] 074e772c-2558-48f8-8a3d-ec21f02afb3f: cophenetic index 99150; 1.9 s; peak memory 279 MiB.
2026-09-19T22:14:34Z INFO [85/500] 074fa7c3-08c4-4510-8f1f-b7dc04d6077f: cophenetic index 490; 0.7 s; peak memory 279 MiB.
2026-09-19T22:14:38Z INFO [86/500] 074fb38d-8f97-437d-9e49-df2bf8330594: cophenetic index 10832; 4.0 s; peak memory 279 MiB.
2026-09-19T22:14:44Z INFO [87/500] 07503ca0-7693-4ccb-81fa-a827eac35250: cophenetic index 29084; 6.3 s; peak memory 279 MiB.
2026-09-19T22:14:50Z INFO [88/500] 0750e8f3-5e8a-4c42-aad4-303e0c61400c: cophenetic index 6715; 5.8 s; peak memory 279 MiB.
2026-09-19T22:14:52Z INFO [89/500] 07517ec6-ffd1-4c7d-9e45-6390bab8baf1: cophenetic index 36406; 1.8 s; peak memory 279 MiB.
2026-09-19T22:14:53Z INFO [90/500] 07521bf9-5f59-4cba-a716-ae822b8ba8b4: cophenetic index 23975; 1.3 s; peak memory 279 MiB.
2026-09-19T22:14:54Z INFO [91/500] 0752b896-4305-4d06-af73-6884e7d39df8: cophenetic index 579; 0.7 s; peak memory 279 MiB.
2026-09-19T22:14:59Z INFO [92/500] 0752f0da-e95d-4054-8e40-ecd54108c951: cophenetic index 9548; 4.9 s; peak memory 279 MiB.
2026-09-19T22:15:00Z INFO [93/500] 07536aa9-7d6c-4e88-bd88-1d9517b4cb3a: cophenetic index 3004; 1.1 s; peak memory 279 MiB.
2026-09-19T22:15:08Z INFO [94/500] 07541557-74db-443c-b8d4-6d8d2978f08c: cophenetic index 139610; 8.0 s; peak memory 279 MiB.
2026-09-19T22:15:09Z INFO [95/500] 07544e97-08eb-4cd3-a8d6-db2ba4556544: cophenetic index 431; 1.1 s; peak memory 279 MiB.
2026-09-19T22:15:10Z INFO [96/500] 075492ee-8235-4128-bda0-edf90b5986bd: cophenetic index 624; 1.0 s; peak memory 279 MiB.
2026-09-19T22:15:11Z INFO [97/500] 0754dafe-459c-4823-9d00-5d670ce165a3: cophenetic index 624; 0.9 s; peak memory 279 MiB.
2026-09-19T22:15:12Z INFO [98/500] 075519f8-98db-4d07-b118-768869f770aa: cophenetic index 649; 1.2 s; peak memory 279 MiB.
2026-09-19T22:15:13Z INFO [99/500] 075656cd-6a00-4619-bc60-80be5a605f33: cophenetic index 3004; 1.5 s; peak memory 279 MiB.
2026-09-19T22:15:14Z INFO [100/500] 0756fa1a-bf6b-4647-a0b5-11c35510ec55: cophenetic index 624; 1.0 s; peak memory 279 MiB.
2026-09-19T22:15:14Z INFO [100/500] 0756fa1a-bf6b-4647-a0b5-11c35510ec55: checkpointed 49605 records.
2026-09-19T22:15:15Z INFO [101/500] 0758504e-115e-4c77-a84d-6ed9140fd392: cophenetic index 624; 1.0 s; peak memory 279 MiB.
2026-09-19T22:15:23Z INFO [102/500] 07587f38-19c8-4b3c-9f6f-e8e70f1dbf68: cophenetic index 157552; 7.7 s; peak memory 279 MiB.
2026-09-19T22:15:25Z INFO [103/500] 0758df8d-7eaf-4318-82df-7cdfa27f1988: cophenetic index 99138; 1.8 s; peak memory 279 MiB.
2026-09-19T22:15:26Z INFO [104/500] 0758e09f-7f0b-4d58-b0f9-4c887926f01b: cophenetic index 490; 0.8 s; peak memory 279 MiB.
2026-09-19T22:15:27Z INFO [105/500] 0758e696-430d-4519-a807-d9b33f800b11: cophenetic index 1949; 1.2 s; peak memory 279 MiB.
2026-09-19T22:15:28Z INFO [106/500] 07592932-5fe2-460a-a89e-c98bc2a4eec6: cophenetic index 448; 1.0 s; peak memory 279 MiB.
2026-09-19T22:15:29Z INFO [107/500] 0759660a-ea15-427d-9d30-c52e673467d0: cophenetic index 490; 0.9 s; peak memory 279 MiB.
2026-09-19T22:15:31Z INFO [108/500] 0759cf7c-abf0-4582-ab48-2e8196b0c069: cophenetic index 1733; 2.6 s; peak memory 279 MiB.
2026-09-19T22:15:34Z INFO [109/500] 075a3802-7434-4c93-91a0-aeda25695ac3: cophenetic index 2391; 2.8 s; peak memory 279 MiB.
2026-09-19T22:15:35Z INFO [110/500] 075a66a5-81c2-4a1f-bc55-03203bcd92ce: cophenetic index 1087; 1.3 s; peak memory 279 MiB.
2026-09-19T22:15:36Z INFO [111/500] 075a6c60-b4c2-4459-af51-2cdd73088430: cophenetic index 624; 0.9 s; peak memory 279 MiB.
2026-09-19T22:16:21Z INFO [112/500] 075a7f4d-14f7-4c00-abd6-77b2420138c8: cophenetic index 53413106; 44.8 s; peak memory 315 MiB.
2026-09-19T22:16:22Z INFO [113/500] 075aad05-aeba-4425-bf4b-7d00633417a3: cophenetic index 385; 1.1 s; peak memory 315 MiB.
2026-09-19T22:16:28Z INFO [114/500] 075af0bb-772e-4c90-b8ec-108485f1c83c: cophenetic index 44145; 6.2 s; peak memory 315 MiB.
2026-09-19T22:16:31Z INFO [115/500] 075b7169-f709-4c34-8ef9-17fc53d37e5e: cophenetic index 2236; 3.0 s; peak memory 315 MiB.
2026-09-19T22:16:38Z INFO [116/500] 075c0e43-9f53-46de-a291-ef6809029819: cophenetic index 33285; 6.2 s; peak memory 315 MiB.
2026-09-19T22:16:39Z INFO [117/500] 075d4ed5-a566-4121-a011-e569905554ef: cophenetic index 26986; 1.5 s; peak memory 315 MiB.
2026-09-19T22:16:40Z INFO [118/500] 075e07b1-3365-4d4a-9a93-2045fbf84ee3: cophenetic index 490; 0.9 s; peak memory 315 MiB.
2026-09-19T22:16:41Z INFO [119/500] 075e4178-2721-4a32-8f25-62d99cfd010c: cophenetic index 490; 0.8 s; peak memory 315 MiB.
2026-09-19T22:16:43Z INFO [120/500] 075e5942-01c2-45a8-8373-c6634787298d: cophenetic index 688; 1.9 s; peak memory 315 MiB.
2026-09-19T22:16:44Z INFO [121/500] 075e7da4-7592-4c20-82fd-934570ce17f0: cophenetic index 649; 1.1 s; peak memory 315 MiB.
2026-09-19T22:16:45Z INFO [122/500] 076003fd-1997-40fa-b912-588a4dce50f1: cophenetic index 494; 0.9 s; peak memory 315 MiB.
2026-09-19T22:16:46Z INFO [123/500] 076094fd-f3be-4273-96ee-26bffc5405b1: cophenetic index 624; 1.0 s; peak memory 315 MiB.
2026-09-19T22:16:47Z INFO [124/500] 076142cf-0c4c-40c8-802c-47f477a6693c: cophenetic index 624; 0.9 s; peak memory 315 MiB.
2026-09-19T22:16:48Z INFO [125/500] 0761e12a-b5f6-420d-8331-7110c42ff932: cophenetic index 2625; 1.6 s; peak memory 315 MiB.
2026-09-19T22:16:50Z INFO [126/500] 076268e0-bc73-46f0-9795-53adae880490: cophenetic index 23378; 1.2 s; peak memory 315 MiB.
2026-09-19T22:16:51Z INFO [127/500] 076274bd-6691-49d2-a0b6-e91a84891d89: cophenetic index 23393; 1.5 s; peak memory 315 MiB.
2026-09-19T22:16:52Z INFO [128/500] 076290cd-18a8-4c8e-934f-46b57e6e282e: cophenetic index 3087; 1.2 s; peak memory 315 MiB.
2026-09-19T22:16:54Z INFO [129/500] 07636724-679e-42e9-a1b6-fd17e6c44f05: cophenetic index 3087; 1.3 s; peak memory 315 MiB.
2026-09-19T22:16:55Z INFO [130/500] 076403b2-f9b0-478b-b723-38957c5de4f2: cophenetic index 624; 1.0 s; peak memory 315 MiB.
2026-09-19T22:16:55Z INFO [131/500] 07642813-88ef-4ad7-8982-6a90c0785821: cophenetic index 164; 0.8 s; peak memory 315 MiB.
2026-09-19T22:16:57Z INFO [132/500] 07649b54-5f16-48d2-aa7a-873005498334: cophenetic index 863; 1.6 s; peak memory 315 MiB.
2026-09-19T22:17:08Z INFO [133/500] 07657b56-8630-49dd-b51a-e65374dbcccd: cophenetic index 140166; 11.0 s; peak memory 315 MiB.
2026-09-19T22:17:09Z INFO [134/500] 0766708e-7888-42f6-b3bd-018863016286: cophenetic index 690; 0.8 s; peak memory 315 MiB.
2026-09-19T22:17:10Z INFO [135/500] 0766e4d4-a485-49b5-9673-2c43b461cfcf: cophenetic index 624; 1.0 s; peak memory 315 MiB.
2026-09-19T22:17:13Z INFO [136/500] 0766e53f-422b-4492-8a5c-4b337c149505: cophenetic index 5473; 3.1 s; peak memory 315 MiB.
2026-09-19T22:17:14Z INFO [137/500] 07674dff-0f0f-4919-af2c-30f283d2cc19: cophenetic index 751; 0.7 s; peak memory 315 MiB.
2026-09-19T22:17:16Z INFO [138/500] 07674ea0-3894-4d67-bea0-53606002cb8d: cophenetic index 2609; 2.0 s; peak memory 315 MiB.
2026-09-19T22:17:17Z INFO [139/500] 07681e55-667e-42f7-a262-6894ca5a23de: cophenetic index 624; 1.1 s; peak memory 315 MiB.
2026-09-19T22:17:28Z INFO [140/500] 076832fa-ec96-46a2-b70b-beeae98a7418: cophenetic index 353537; 11.6 s; peak memory 315 MiB.
2026-09-19T22:17:29Z INFO [141/500] 0768f31b-30e0-41be-a68d-94c875ab5954: cophenetic index 3192; 1.2 s; peak memory 315 MiB.
2026-09-19T22:17:37Z INFO [142/500] 076a3cfa-c6ec-4a73-ae17-90d9093f5e1d: cophenetic index 87573; 7.5 s; peak memory 315 MiB.
2026-09-19T22:17:38Z INFO [143/500] 076b4248-8d01-408a-a38b-fe578c475296: cophenetic index 490; 0.8 s; peak memory 315 MiB.
2026-09-19T22:17:41Z INFO [144/500] 076b7011-052b-47f7-8ee2-2d3b5dec7c37: cophenetic index 4677; 3.0 s; peak memory 315 MiB.
2026-09-19T22:17:42Z INFO [145/500] 076c84d5-888f-4361-881f-a0931ce474b5: cophenetic index 3057; 1.3 s; peak memory 315 MiB.
2026-09-19T22:17:43Z INFO [146/500] 07700852-d819-4549-95c6-c2ef839c7ba0: cophenetic index 3135; 1.0 s; peak memory 315 MiB.
2026-09-19T22:17:52Z INFO [147/500] 0770840c-aa43-4f96-b5fd-0315824f815e: cophenetic index 161716; 9.5 s; peak memory 315 MiB.
2026-09-19T22:18:00Z INFO [148/500] 0771a0ae-5d35-4e00-b1c4-1dcaa14d75fd: cophenetic index 95274; 7.2 s; peak memory 315 MiB.
2026-09-19T22:18:01Z INFO [149/500] 07729c7a-0d6f-4eff-a354-a69e35b34f47: cophenetic index 543; 0.8 s; peak memory 315 MiB.
2026-09-19T22:18:10Z INFO [150/500] 0772aa59-7a30-4a3f-b2e5-dab755d6b941: cophenetic index 367597; 9.8 s; peak memory 315 MiB.
2026-09-19T22:18:10Z INFO [150/500] 0772aa59-7a30-4a3f-b2e5-dab755d6b941: checkpointed 49655 records.
2026-09-19T22:18:24Z INFO [151/500] 07731772-cc4a-4818-b04f-7d7091a47371: cophenetic index 403673; 13.3 s; peak memory 315 MiB.
2026-09-19T22:18:25Z INFO [152/500] 07735320-e4d4-43a7-ad2f-7386de7169fb: cophenetic index 23379; 1.3 s; peak memory 315 MiB.
2026-09-19T22:18:26Z INFO [153/500] 0773df98-736e-4063-99f9-93a8b652c9c2: cophenetic index 690; 0.9 s; peak memory 315 MiB.
2026-09-19T22:18:28Z INFO [154/500] 077419b1-d88c-4171-9a33-e9c446ac84ca: cophenetic index 2625; 1.5 s; peak memory 315 MiB.
2026-09-19T22:18:29Z INFO [155/500] 0774d0b7-da7a-4592-8a3f-a8dd1654c310: cophenetic index 3215; 1.0 s; peak memory 315 MiB.
2026-09-19T22:18:34Z INFO [156/500] 0774dbd3-fdc5-47d8-a5b8-340178198f6b: cophenetic index 9548; 5.1 s; peak memory 315 MiB.
2026-09-19T22:18:34Z INFO [157/500] 0774fd54-3dee-44e0-9245-e53eb1f92017: cophenetic index 651; 0.8 s; peak memory 315 MiB.
2026-09-19T22:18:36Z INFO [158/500] 077531a4-7bf6-432b-882d-d35b939db6db: cophenetic index 1949; 1.2 s; peak memory 315 MiB.
2026-09-19T22:18:37Z INFO [159/500] 0775bc73-063b-480f-82cb-73012c79a7d4: cophenetic index 2974; 1.3 s; peak memory 315 MiB.
2026-09-19T22:18:39Z INFO [160/500] 07762522-311e-4213-a000-f4b31470c550: cophenetic index 2625; 1.6 s; peak memory 315 MiB.
2026-09-19T22:18:40Z INFO [161/500] 07762eb6-e357-4bd3-a565-67b81b6c85bc: cophenetic index 624; 1.0 s; peak memory 315 MiB.
2026-09-19T22:18:41Z INFO [162/500] 07763bae-b9af-4bd6-a26a-14877bc9fd15: cophenetic index 3004; 1.2 s; peak memory 315 MiB.
2026-09-19T22:18:42Z INFO [163/500] 0776f1f5-15a1-4a95-be81-e7b81298f85a: cophenetic index 624; 1.0 s; peak memory 315 MiB.
2026-09-19T22:18:43Z INFO [164/500] 0777838b-11f1-428f-a0f5-a1fb5288ce38: cophenetic index 1949; 1.3 s; peak memory 315 MiB.
2026-09-19T22:18:46Z INFO [165/500] 077875ae-1695-4357-bf4a-e14fd871348e: cophenetic index 2469; 2.6 s; peak memory 315 MiB.
2026-09-19T22:18:47Z INFO [166/500] 0778be1f-b26a-4320-b701-106d44c31351: cophenetic index 431; 1.0 s; peak memory 315 MiB.
2026-09-19T22:18:48Z INFO [167/500] 07792c3a-666d-43be-98b1-6718fa16b82d: cophenetic index 2625; 1.8 s; peak memory 315 MiB.
2026-09-19T22:18:50Z INFO [168/500] 07798d67-422b-442e-b0b0-29d8ccfcfadb: cophenetic index 6435; 1.5 s; peak memory 315 MiB.
2026-09-19T22:18:51Z INFO [169/500] 0779c792-23f9-4b33-abac-81b533dcf97d: cophenetic index 3004; 1.2 s; peak memory 315 MiB.
2026-09-19T22:18:52Z INFO [170/500] 077a4722-b95b-4324-b875-cc5fa8c5a1ff: cophenetic index 3004; 1.2 s; peak memory 315 MiB.
2026-09-19T22:19:00Z INFO [171/500] 077ac0ba-2bb5-42b8-b12f-7fe172d834bb: cophenetic index 87573; 7.7 s; peak memory 315 MiB.
2026-09-19T22:19:02Z INFO [172/500] 077b3356-94b3-49f4-87f0-b2d02b8ddbf1: cophenetic index 33998; 1.9 s; peak memory 315 MiB.
2026-09-19T22:19:03Z INFO [173/500] 077c155c-ef3c-495f-848e-f2894a09432c: cophenetic index 624; 1.0 s; peak memory 315 MiB.
2026-09-19T22:19:04Z INFO [174/500] 077c79ef-4d58-45fa-a4ae-5b3c5714703b: cophenetic index 624; 1.0 s; peak memory 315 MiB.
2026-09-19T22:19:05Z INFO [175/500] 077d5813-ea0d-48ff-a5fc-f28c94951c8d: cophenetic index 164; 0.8 s; peak memory 315 MiB.
2026-09-19T22:19:06Z INFO [176/500] 077e9d94-b8fe-4e0e-b844-27b064979167: cophenetic index 33986; 1.5 s; peak memory 315 MiB.
2026-09-19T22:19:07Z INFO [177/500] 077ebac6-d065-4936-8205-4be6e534b4b9: cophenetic index 23206; 1.3 s; peak memory 315 MiB.
2026-09-19T22:19:09Z INFO [178/500] 077ecda9-6ab3-40ce-bdde-b49c5f2374c7: cophenetic index 1949; 1.4 s; peak memory 315 MiB.
2026-09-19T22:19:10Z INFO [179/500] 077f2bb7-919a-4d22-bff1-0ced73745fc4: cophenetic index 2570; 1.7 s; peak memory 315 MiB.
2026-09-19T22:19:12Z INFO [180/500] 077f63b5-58b8-4b7e-8904-989599a03744: cophenetic index 3057; 1.2 s; peak memory 315 MiB.
2026-09-19T22:19:13Z INFO [181/500] 077fd5c6-14f0-443d-89a2-c9ee72d59403: cophenetic index 2625; 1.5 s; peak memory 315 MiB.
2026-09-19T22:19:14Z INFO [182/500] 07802c0b-343b-4fc4-b3b2-0eca07f65ded: cophenetic index 624; 0.9 s; peak memory 315 MiB.
2026-09-19T22:19:18Z INFO [183/500] 07807746-de49-4f12-baae-e3d16dedda16: cophenetic index 28554; 4.4 s; peak memory 315 MiB.
2026-09-19T22:19:20Z INFO [184/500] 0780ab94-8664-49dc-90a0-67ad0107f689: cophenetic index 3004; 1.2 s; peak memory 315 MiB.
2026-09-19T22:19:21Z INFO [185/500] 07824ad5-cd00-47be-bdd3-444a84a57fe8: cophenetic index 1614; 1.7 s; peak memory 315 MiB.
2026-09-19T22:19:33Z INFO [186/500] 0782b839-4485-486c-a27f-6f6d08af3cb4: cophenetic index 49783; 11.3 s; peak memory 315 MiB.
2026-09-19T22:20:04Z INFO [187/500] 07833880-c538-4546-8abb-60e36d57d161: cophenetic index 605259; 31.1 s; peak memory 315 MiB.
2026-09-19T22:20:11Z INFO [188/500] 0783681d-f5fe-4770-9efd-3c2e2f98f6cd: cophenetic index 112086; 7.7 s; peak memory 315 MiB.
2026-09-19T22:20:13Z INFO [189/500] 078387a4-bd5c-4cf6-b899-2aa092d4adb0: cophenetic index 23794; 1.3 s; peak memory 315 MiB.
2026-09-19T22:20:14Z INFO [190/500] 0783dd49-2d3b-4341-b816-f5c2f4a129d5: cophenetic index 2974; 1.2 s; peak memory 315 MiB.
2026-09-19T22:20:17Z INFO [191/500] 07855470-88f5-4888-93f7-f57ef7e315f1: cophenetic index 4617; 2.8 s; peak memory 315 MiB.
2026-09-19T22:20:29Z INFO [192/500] 0785bb44-acfd-4693-9b5e-1e8b5657a658: cophenetic index 202519; 11.8 s; peak memory 315 MiB.
2026-09-19T22:20:30Z INFO [193/500] 0785c0b1-cab7-4efd-8892-8ef87f41a2af: cophenetic index 41788; 1.4 s; peak memory 315 MiB.
2026-09-19T22:20:38Z INFO [194/500] 07866686-a7eb-44dc-b692-8d1d1d72844e: cophenetic index 20749; 7.9 s; peak memory 315 MiB.
2026-09-19T22:20:40Z INFO [195/500] 078729ca-cc05-4090-8887-d8c4ec8413fc: cophenetic index 1025; 1.9 s; peak memory 315 MiB.
2026-09-19T22:20:41Z INFO [196/500] 07877587-9f3c-4b27-9721-1de69d560ace: cophenetic index 33962; 1.4 s; peak memory 315 MiB.
2026-09-19T22:20:43Z INFO [197/500] 07878b9d-d177-4611-a1dd-df1dc4ecf18d: cophenetic index 2974; 1.3 s; peak memory 315 MiB.
2026-09-19T22:20:44Z INFO [198/500] 078797e5-e7e0-40d8-a81c-cf0da4ab202b: cophenetic index 624; 1.0 s; peak memory 315 MiB.
2026-09-19T22:20:46Z INFO [199/500] 07881ab4-3b82-4c9d-b271-c84eefb1925e: cophenetic index 2402; 2.5 s; peak memory 315 MiB.
2026-09-19T22:20:47Z INFO [200/500] 0788aa90-9234-4cb9-9fae-c28c28815e30: cophenetic index 3087; 1.2 s; peak memory 315 MiB.
2026-09-19T22:20:47Z INFO [200/500] 0788aa90-9234-4cb9-9fae-c28c28815e30: checkpointed 49705 records.
2026-09-19T22:20:48Z INFO [201/500] 07890cc0-b737-44fc-bfeb-49ff4d00f05d: cophenetic index 624; 1.0 s; peak memory 315 MiB.
2026-09-19T22:20:57Z INFO [202/500] 07892863-72fd-45fc-9657-65d4e66a0257: cophenetic index 20821; 8.8 s; peak memory 315 MiB.
2026-09-19T22:20:58Z INFO [203/500] 07892a01-00cd-49e9-ade4-177403a9a7fd: cophenetic index 1602; 1.3 s; peak memory 315 MiB.
2026-09-19T22:21:13Z INFO [204/500] 07892c74-bb49-4723-96b5-3cb327cbb0d3: cophenetic index 508157; 15.0 s; peak memory 315 MiB.
2026-09-19T22:21:15Z INFO [205/500] 07896369-5928-48a0-b41c-eb2020037a78: cophenetic index 3087; 1.3 s; peak memory 315 MiB.
2026-09-19T22:21:15Z INFO [206/500] 0789a366-9400-44f7-a5da-0f104b593baa: cophenetic index 543; 0.7 s; peak memory 315 MiB.
2026-09-19T22:21:17Z INFO [207/500] 078a88a8-0f3e-4fa3-9d11-4c0c18318d2e: cophenetic index 2625; 1.8 s; peak memory 315 MiB.
2026-09-19T22:21:19Z INFO [208/500] 078b349f-341f-463e-a1c3-c0e82d8d1eb1: cophenetic index 33968; 1.4 s; peak memory 315 MiB.
2026-09-19T22:21:20Z INFO [209/500] 078bd1e3-5015-4b20-a161-8fc9953b0635: cophenetic index 1949; 1.7 s; peak memory 315 MiB.
2026-09-19T22:21:21Z INFO [210/500] 078bd6a6-8291-4e08-ae5a-76e36cbb2581: cophenetic index 624; 1.0 s; peak memory 315 MiB.
2026-09-19T22:21:22Z INFO [211/500] 078d2fc1-5daa-4002-9fc3-cd3101dd34df: cophenetic index 624; 0.9 s; peak memory 315 MiB.
2026-09-19T22:21:23Z INFO [212/500] 07913df6-8092-48c2-8b61-60ea99b5958c: cophenetic index 490; 0.7 s; peak memory 315 MiB.
2026-09-19T22:21:24Z INFO [213/500] 07915f8e-5a32-4c18-bc12-1803bf79a9ed: cophenetic index 681; 0.9 s; peak memory 315 MiB.
2026-09-19T22:21:25Z INFO [214/500] 0791e89c-0745-4dcd-b912-d8d1f168fdda: cophenetic index 497; 1.1 s; peak memory 315 MiB.
2026-09-19T22:21:26Z INFO [215/500] 0794a458-159e-421f-99c6-f265199b2d56: cophenetic index 624; 0.9 s; peak memory 315 MiB.
2026-09-19T22:21:27Z INFO [216/500] 0794dfc9-873a-46e6-91dc-afb080ec5249: cophenetic index 590; 0.9 s; peak memory 315 MiB.
2026-09-19T22:21:29Z INFO [217/500] 0794eaed-6aa5-4e5c-a106-992b24a8b9dc: cophenetic index 2682; 2.5 s; peak memory 315 MiB.
2026-09-19T22:21:31Z INFO [218/500] 079531cc-f247-4f26-be13-adae04eeaaea: cophenetic index 1380; 1.5 s; peak memory 315 MiB.
2026-09-19T22:21:39Z INFO [219/500] 0796bc45-62e0-46e6-9d73-626ac80e5a55: cophenetic index 90996; 8.1 s; peak memory 315 MiB.
2026-09-19T22:21:40Z INFO [220/500] 0796cc5d-7788-433b-9009-a79b81eb2306: cophenetic index 649; 1.3 s; peak memory 315 MiB.
2026-09-19T22:21:41Z INFO [221/500] 079700a4-45d5-4a14-af81-694ac7215dd4: cophenetic index 624; 1.0 s; peak memory 315 MiB.
2026-09-19T22:21:46Z INFO [222/500] 07970bab-b0fe-4f37-bda1-0a8e7803552a: cophenetic index 9181; 4.9 s; peak memory 315 MiB.
2026-09-19T22:21:48Z INFO [223/500] 07974c78-3d31-4572-9e27-d92e6946afde: cophenetic index 1255; 2.1 s; peak memory 315 MiB.
2026-09-19T22:21:50Z INFO [224/500] 07985c72-2cb0-46cc-9d14-7cf39f213881: cophenetic index 2625; 1.6 s; peak memory 315 MiB.
2026-09-19T22:21:51Z INFO [225/500] 0798c57a-b1f1-4f9e-96b0-50d1c01e3831: cophenetic index 624; 0.9 s; peak memory 315 MiB.
2026-09-19T22:21:52Z INFO [226/500] 0798c954-590d-4c60-8130-5d31a6690827: cophenetic index 624; 0.9 s; peak memory 315 MiB.
2026-09-19T22:21:53Z INFO [227/500] 079903a9-4da6-4c54-b31b-859f1be2b4cc: cophenetic index 722; 1.0 s; peak memory 315 MiB.
2026-09-19T22:21:54Z INFO [228/500] 079919be-08ad-46f5-bbc0-6ee91d8ae793: cophenetic index 3972; 1.6 s; peak memory 315 MiB.
2026-09-19T22:21:55Z INFO [229/500] 07991a58-7650-47a9-8e66-876124d5cf1e: cophenetic index 33977; 1.2 s; peak memory 315 MiB.
2026-09-19T22:21:57Z INFO [230/500] 079a1b7c-f9ae-4d10-9450-f1ff5c089856: cophenetic index 1929; 1.6 s; peak memory 315 MiB.
2026-09-19T22:22:07Z INFO [231/500] 079b2db7-f74d-469a-9727-00ca244e0f32: cophenetic index 48355; 10.0 s; peak memory 315 MiB.
2026-09-19T22:22:17Z INFO [232/500] 079b6781-516c-4014-927e-ce41acf94acd: cophenetic index 47144; 10.1 s; peak memory 315 MiB.
2026-09-19T22:22:18Z INFO [233/500] 079b8698-8ed3-4f47-9383-c168bd9729b9: cophenetic index 649; 1.1 s; peak memory 315 MiB.
2026-09-19T22:22:23Z INFO [234/500] 079b9200-de4a-44e8-8d6e-d395e4990fd7: cophenetic index 52012; 5.3 s; peak memory 315 MiB.
2026-09-19T22:22:26Z INFO [235/500] 079c586e-9658-40b3-b863-95fbd5439657: cophenetic index 38460; 2.8 s; peak memory 315 MiB.
2026-09-19T22:22:31Z INFO [236/500] 079c6245-91b2-45bd-9bea-11edcf39a13b: cophenetic index 9548; 4.9 s; peak memory 315 MiB.
2026-09-19T22:22:33Z INFO [237/500] 079caedb-0849-44c4-93c3-74c2c931c8b4: cophenetic index 99150; 2.0 s; peak memory 315 MiB.
2026-09-19T22:22:35Z INFO [238/500] 079e6188-5146-4312-91f4-6ef510137392: cophenetic index 2570; 1.5 s; peak memory 315 MiB.
2026-09-19T22:22:36Z INFO [239/500] 079e9dbb-9d41-47e9-a329-cf46fa662be6: cophenetic index 722; 1.0 s; peak memory 315 MiB.
2026-09-19T22:22:37Z INFO [240/500] 07a18f03-cd69-4588-a405-b8693d5f5c01: cophenetic index 539; 1.0 s; peak memory 315 MiB.
2026-09-19T22:22:37Z INFO [241/500] 07a1b019-3fb3-4af5-94b5-493756ee7440: cophenetic index 433; 0.7 s; peak memory 315 MiB.
2026-09-19T22:22:40Z INFO [242/500] 07a1e496-22da-4030-8399-e0add02029cc: cophenetic index 3644; 2.5 s; peak memory 315 MiB.
2026-09-19T22:22:41Z INFO [243/500] 07a36dfa-40a7-44d6-ab15-0ebd488e837d: cophenetic index 3004; 1.3 s; peak memory 315 MiB.
2026-09-19T22:22:42Z INFO [244/500] 07a3b285-034f-4692-9e74-19c0075748af: cophenetic index 624; 1.0 s; peak memory 315 MiB.
2026-09-19T22:22:43Z INFO [245/500] 07a3ee37-864a-4dd6-943d-81c5616dd34c: cophenetic index 624; 0.9 s; peak memory 315 MiB.
2026-09-19T22:22:52Z INFO [246/500] 07a41cdf-4390-47ea-8f59-c11785c4a01a: cophenetic index 174454; 9.1 s; peak memory 315 MiB.
2026-09-19T22:22:53Z INFO [247/500] 07a45978-6095-4471-95b5-ab727242972f: cophenetic index 431; 1.0 s; peak memory 315 MiB.
2026-09-19T22:22:55Z INFO [248/500] 07a46364-e315-4042-83c3-f1ffce44ba5e: cophenetic index 2625; 1.6 s; peak memory 315 MiB.
2026-09-19T22:23:00Z INFO [249/500] 07a5135a-ac93-4b1c-823a-1a473a7915cf: cophenetic index 9548; 5.0 s; peak memory 315 MiB.
2026-09-19T22:23:01Z INFO [250/500] 07a54386-9813-4867-a2da-4f164a03c1cc: cophenetic index 2625; 1.7 s; peak memory 315 MiB.
2026-09-19T22:23:02Z INFO [250/500] 07a54386-9813-4867-a2da-4f164a03c1cc: checkpointed 49755 records.
2026-09-19T22:23:03Z INFO [251/500] 07a5ce55-7404-49d1-96fa-bdd9b541f2d9: cophenetic index 3004; 1.3 s; peak memory 315 MiB.
2026-09-19T22:23:04Z INFO [252/500] 07a5fbe8-108d-4c84-9e6b-6f7259247251: cophenetic index 431; 1.0 s; peak memory 315 MiB.
2026-09-19T22:23:05Z INFO [253/500] 07a60604-bf3a-42ed-b52b-7c57fce8f75d: cophenetic index 624; 0.9 s; peak memory 315 MiB.
2026-09-19T22:23:05Z INFO [254/500] 07a669ed-80c5-4ff3-a34c-f9d153e9a945: cophenetic index 761; 0.8 s; peak memory 315 MiB.
2026-09-19T22:23:07Z INFO [255/500] 07a6997d-caa4-4fb9-9b0b-b4b0f65970a9: cophenetic index 2625; 1.4 s; peak memory 315 MiB.
2026-09-19T22:23:08Z INFO [256/500] 07a6f758-cca2-4b46-abff-8dabe1facaac: cophenetic index 3004; 1.3 s; peak memory 315 MiB.
2026-09-19T22:23:10Z INFO [257/500] 07a7860c-8c10-47fb-a9cb-951582cbb2f7: cophenetic index 33998; 2.0 s; peak memory 315 MiB.
2026-09-19T22:23:12Z INFO [258/500] 07a838a6-4f3d-4bf3-9dbf-8c44c3a56a0b: cophenetic index 3004; 1.4 s; peak memory 315 MiB.
2026-09-19T22:23:20Z INFO [259/500] 07a8901f-c9a5-40aa-a58b-aad42783ff8e: cophenetic index 49334; 8.1 s; peak memory 315 MiB.
2026-09-19T22:23:21Z INFO [260/500] 07a9cd5d-2507-4a13-a536-607a6724fda8: cophenetic index 624; 1.1 s; peak memory 315 MiB.
2026-09-19T22:23:22Z INFO [261/500] 07aa3393-ed6a-445d-b200-a9d1c19afc86: cophenetic index 2625; 1.7 s; peak memory 315 MiB.
2026-09-19T22:23:24Z INFO [262/500] 07aa70f7-c891-4dcf-b21b-14e80058a776: cophenetic index 33968; 1.4 s; peak memory 315 MiB.
2026-09-19T22:23:25Z INFO [263/500] 07aa895e-9c04-49bb-b2ec-cc63172e16b2: cophenetic index 431; 0.9 s; peak memory 315 MiB.
2026-09-19T22:23:26Z INFO [264/500] 07ab2e06-12d6-46c8-bddd-27268f267f32: cophenetic index 431; 0.9 s; peak memory 315 MiB.
2026-09-19T22:23:27Z INFO [265/500] 07ab600b-f729-47e7-beb5-ef12faa87856: cophenetic index 33968; 1.5 s; peak memory 315 MiB.
2026-09-19T22:23:29Z INFO [266/500] 07ab87a1-6a48-42a2-a834-cacdfd58524d: cophenetic index 2625; 1.8 s; peak memory 315 MiB.
2026-09-19T22:23:32Z INFO [267/500] 07abc20e-5bb6-4ac0-b0fe-744562e49b49: cophenetic index 1733; 3.0 s; peak memory 315 MiB.
2026-09-19T22:23:33Z INFO [268/500] 07abc754-c667-4443-959d-4817e8893d41: cophenetic index 494; 0.9 s; peak memory 315 MiB.
2026-09-19T22:23:34Z INFO [269/500] 07ad5401-dc86-4a92-8b0b-f643536eec23: cophenetic index 3004; 1.3 s; peak memory 315 MiB.
2026-09-19T22:23:35Z INFO [270/500] 07ad9d4a-98a0-4a3c-9828-55d70fba18c5: cophenetic index 2923; 1.4 s; peak memory 315 MiB.
2026-09-19T22:23:37Z INFO [271/500] 07adc3e9-e881-41c0-9d9b-1e57b1cbb51d: cophenetic index 2570; 1.2 s; peak memory 315 MiB.
2026-09-19T22:23:38Z INFO [272/500] 07aed3b7-ad3e-439d-b16e-8b7a1f6b8ae2: cophenetic index 23393; 1.5 s; peak memory 315 MiB.
2026-09-19T22:23:40Z INFO [273/500] 07af21f6-a080-4518-b0cd-73ff3014f4fd: cophenetic index 33998; 1.9 s; peak memory 315 MiB.
2026-09-19T22:23:41Z INFO [274/500] 07af5421-9536-456d-ac14-6b99967a2f58: cophenetic index 164; 0.8 s; peak memory 315 MiB.
2026-09-19T22:23:42Z INFO [275/500] 07afa4b6-beca-43c1-9e6c-037828c02db4: cophenetic index 2625; 1.5 s; peak memory 315 MiB.
2026-09-19T22:23:44Z INFO [276/500] 07afda01-f792-4bf5-b4d3-50ebb2063e15: cophenetic index 2625; 1.5 s; peak memory 315 MiB.
2026-09-19T22:23:45Z INFO [277/500] 07aff2c2-50b9-4551-8810-1e6425b8a4b2: cophenetic index 490; 0.7 s; peak memory 315 MiB.
2026-09-19T22:23:55Z INFO [278/500] 07b02509-324a-4e47-8472-03d4990ae5ee: cophenetic index 47144; 10.0 s; peak memory 315 MiB.
2026-09-19T22:23:56Z INFO [279/500] 07b04f95-309c-40f0-9247-9cdf833c333b: cophenetic index 3004; 1.2 s; peak memory 315 MiB.
2026-09-19T22:23:57Z INFO [280/500] 07b1818c-b669-4567-ac06-03b89b40da9c: cophenetic index 624; 0.9 s; peak memory 315 MiB.
2026-09-19T22:23:58Z INFO [281/500] 07b19760-855e-49af-9318-7b30dce1399d: cophenetic index 1949; 1.5 s; peak memory 315 MiB.
2026-09-19T22:23:59Z INFO [282/500] 07b22c9d-fd12-4838-bb54-dc80d3c528b5: cophenetic index 2625; 1.3 s; peak memory 315 MiB.
2026-09-19T22:24:01Z INFO [283/500] 07b439f1-b6ee-4a1b-b939-98f27c0367fe: cophenetic index 2625; 1.4 s; peak memory 315 MiB.
2026-09-19T22:24:03Z INFO [284/500] 07b486bf-680f-4900-bb80-72ad284e9a4b: cophenetic index 2625; 1.7 s; peak memory 315 MiB.
2026-09-19T22:24:04Z INFO [285/500] 07b51e6f-f301-4eca-8920-245f95f0441a: cophenetic index 3004; 1.2 s; peak memory 315 MiB.
2026-09-19T22:24:05Z INFO [286/500] 07b5579d-eb47-43e1-861c-e07f40023a76: cophenetic index 13320; 1.5 s; peak memory 315 MiB.
2026-09-19T22:24:06Z INFO [287/500] 07b59997-8007-43fe-917f-f1435e5240fd: cophenetic index 2974; 1.1 s; peak memory 315 MiB.
2026-09-19T22:24:09Z INFO [288/500] 07b7a37c-b9f7-4a59-81cb-eb1193f309c9: cophenetic index 2402; 2.5 s; peak memory 315 MiB.
2026-09-19T22:24:10Z INFO [289/500] 07b95b1b-36b0-4251-ac55-8f8e11ea73da: cophenetic index 624; 1.0 s; peak memory 315 MiB.
2026-09-19T22:24:11Z INFO [290/500] 07b96a2f-0e45-4e98-8d7e-0952cf8b571e: cophenetic index 624; 1.0 s; peak memory 315 MiB.
2026-09-19T22:24:22Z INFO [291/500] 07b9bb76-67b7-4025-a2cc-9c76a6b51c58: cophenetic index 47144; 10.6 s; peak memory 315 MiB.
2026-09-19T22:24:24Z INFO [292/500] 07ba1bc9-42b8-43d8-92f8-a532dcadd851: cophenetic index 2469; 2.6 s; peak memory 315 MiB.
2026-09-19T22:24:30Z INFO [293/500] 07ba1fba-e7aa-488c-a24a-0804226f8307: cophenetic index 66580; 5.8 s; peak memory 315 MiB.
2026-09-19T22:24:31Z INFO [294/500] 07ba5034-ba1b-4f87-94d4-e2349674c9e7: cophenetic index 649; 1.2 s; peak memory 315 MiB.
2026-09-19T22:24:33Z INFO [295/500] 07ba6ad1-8a6b-4761-bcae-0ccf3f0bfd7a: cophenetic index 33998; 1.6 s; peak memory 315 MiB.
2026-09-19T22:24:35Z INFO [296/500] 07ba9e57-6784-42b0-802f-65415b7b6d82: cophenetic index 1504; 2.0 s; peak memory 315 MiB.
2026-09-19T22:24:37Z INFO [297/500] 07bb52a8-06ad-4865-a8d8-4d61984ba9e0: cophenetic index 2573; 2.1 s; peak memory 315 MiB.
2026-09-19T22:24:38Z INFO [298/500] 07bb793c-618d-410f-8680-acdf1ccb1f6d: cophenetic index 2782; 0.8 s; peak memory 315 MiB.
2026-09-19T22:24:38Z INFO [299/500] 07bb7c7e-1125-4c64-ab10-cafb8838f1af: cophenetic index 641; 0.7 s; peak memory 315 MiB.
2026-09-19T22:24:46Z INFO [300/500] 07bb8a60-72eb-4b69-b202-298e72896e89: cophenetic index 143280; 7.8 s; peak memory 315 MiB.
2026-09-19T22:24:46Z INFO [300/500] 07bb8a60-72eb-4b69-b202-298e72896e89: checkpointed 49805 records.
2026-09-19T22:24:47Z INFO [301/500] 07bbb388-c18c-4913-b86b-690f3e491230: cophenetic index 624; 1.0 s; peak memory 315 MiB.
2026-09-19T22:24:48Z INFO [302/500] 07bc9fd8-a8c2-4974-b27a-cdffbf4ffd31: cophenetic index 433; 0.7 s; peak memory 315 MiB.
2026-09-19T22:24:50Z INFO [303/500] 07bcd9fa-4715-40e2-8b4b-10681ae5e96f: cophenetic index 815; 1.6 s; peak memory 315 MiB.
2026-09-19T22:26:33Z INFO [304/500] 07bd15a5-8176-4c51-9c02-8b467523fb03: cophenetic index 27352706; 103.4 s; peak memory 335 MiB.
2026-09-19T22:26:34Z INFO [305/500] 07bd3bbc-2249-4a9c-bc8e-fe58d229b230: cophenetic index 431; 1.1 s; peak memory 335 MiB.
2026-09-19T22:26:35Z INFO [306/500] 07bd3fb6-c732-49e5-a221-ce8092153e6e: cophenetic index 624; 0.9 s; peak memory 335 MiB.
2026-09-19T22:26:37Z INFO [307/500] 07bd7f91-9639-4916-9250-14062e90ac3e: cophenetic index 33986; 1.5 s; peak memory 335 MiB.
2026-09-19T22:26:38Z INFO [308/500] 07be3694-3e48-490e-bfe0-2831cc8a2187: cophenetic index 33998; 1.7 s; peak memory 335 MiB.
2026-09-19T22:26:39Z INFO [309/500] 07c02721-8c97-4b0c-b56a-a58b06b08bc2: cophenetic index 624; 1.0 s; peak memory 335 MiB.
2026-09-19T22:26:41Z INFO [310/500] 07c041a6-583c-4d7c-8905-c015b4359e59: cophenetic index 3087; 1.2 s; peak memory 335 MiB.
2026-09-19T22:26:42Z INFO [311/500] 07c0e45f-fa9a-4f00-afec-92f70211f312: cophenetic index 554; 1.1 s; peak memory 335 MiB.
2026-09-19T22:26:47Z INFO [312/500] 07c0f911-5568-4996-a841-00cdfc962ad4: cophenetic index 9298; 5.0 s; peak memory 335 MiB.
2026-09-19T22:26:50Z INFO [313/500] 07c122ff-5787-4065-8107-90f4791fc624: cophenetic index 5473; 3.2 s; peak memory 335 MiB.
2026-09-19T22:26:51Z INFO [314/500] 07c14be5-de30-438f-a04e-6917ee8209c7: cophenetic index 3004; 1.5 s; peak memory 335 MiB.
2026-09-19T22:26:52Z INFO [315/500] 07c227f9-69f0-47e7-81da-5b54a2d7dbd1: cophenetic index 624; 1.0 s; peak memory 335 MiB.
2026-09-19T22:26:53Z INFO [316/500] 07c25080-652b-445a-a053-a5bdf22202ef: cophenetic index 490; 0.9 s; peak memory 335 MiB.
2026-09-19T22:26:54Z INFO [317/500] 07c261f3-31bb-4484-b3f8-c42a7db83807: cophenetic index 3004; 1.3 s; peak memory 335 MiB.
2026-09-19T22:26:59Z INFO [318/500] 07c2f9cc-0d00-420f-ae77-5fec9a6c9723: cophenetic index 9548; 5.0 s; peak memory 335 MiB.
2026-09-19T22:27:02Z INFO [319/500] 07c31a20-5e47-460a-b451-37f6d89a946f: cophenetic index 2402; 2.6 s; peak memory 335 MiB.
2026-09-19T22:27:03Z INFO [320/500] 07c3bd7a-2e93-4069-abaf-ea9c2a20ea00: cophenetic index 490; 0.8 s; peak memory 335 MiB.
2026-09-19T22:27:04Z INFO [321/500] 07c46038-244e-43b7-a78e-e23a6cd1239f: cophenetic index 2625; 1.5 s; peak memory 335 MiB.
2026-09-19T22:27:12Z INFO [322/500] 07c487eb-b259-4943-9a79-0d49b26059bf: cophenetic index 30074753; 7.5 s; peak memory 335 MiB.
2026-09-19T22:27:14Z INFO [323/500] 07c532d8-4be7-4d1c-a01b-0de0cb8b2d70: cophenetic index 2682; 2.5 s; peak memory 335 MiB.
2026-09-19T22:27:17Z INFO [324/500] 07c57c4f-0757-4470-8127-aa09d0f13dc1: cophenetic index 3045; 3.0 s; peak memory 335 MiB.
2026-09-19T22:27:19Z INFO [325/500] 07c66de8-7b75-49a5-93fc-7e07b84bce79: cophenetic index 3004; 1.2 s; peak memory 335 MiB.
2026-09-19T22:27:20Z INFO [326/500] 07ca34d0-126d-474f-a37f-94836d9f89d6: cophenetic index 1766; 1.9 s; peak memory 335 MiB.
2026-09-19T22:27:22Z INFO [327/500] 07cbdd59-9987-4237-8bb0-0c2d5817b91b: cophenetic index 2625; 1.6 s; peak memory 335 MiB.
2026-09-19T22:27:23Z INFO [328/500] 07cc04d2-4ef2-4795-a257-7fd4e13b0a8f: cophenetic index 23379; 1.2 s; peak memory 335 MiB.
2026-09-19T22:27:25Z INFO [329/500] 07cc57e6-cb92-417a-8773-84dbaa517432: cophenetic index 972; 1.7 s; peak memory 335 MiB.
2026-09-19T22:27:26Z INFO [330/500] 07cca9cc-ed50-4300-880b-e19991e43b2d: cophenetic index 2570; 1.2 s; peak memory 335 MiB.
2026-09-19T22:27:27Z INFO [331/500] 07cd822f-5429-4b36-bac0-418b26d13eb7: cophenetic index 630; 0.9 s; peak memory 335 MiB.
2026-09-19T22:27:29Z INFO [332/500] 07cd91df-9a75-414d-8efd-d260ad510683: cophenetic index 3087; 1.6 s; peak memory 335 MiB.
2026-09-19T22:27:30Z INFO [333/500] 07cda2c0-591f-46de-9e6c-6f685e4eaa29: cophenetic index 624; 0.9 s; peak memory 335 MiB.
2026-09-19T22:27:31Z INFO [334/500] 07cddb08-a918-463f-8af0-03df53bcad5a: cophenetic index 605; 1.1 s; peak memory 335 MiB.
2026-09-19T22:27:32Z INFO [335/500] 07cec34a-c230-4865-bca9-52a6908904cd: cophenetic index 646; 1.1 s; peak memory 335 MiB.
2026-09-19T22:27:33Z INFO [336/500] 07ced732-04fe-49a8-91cc-56209e61978d: cophenetic index 3004; 1.4 s; peak memory 335 MiB.
2026-09-19T22:27:35Z INFO [337/500] 07cedb8d-4756-45c2-8236-4e271de13803: cophenetic index 3004; 1.6 s; peak memory 335 MiB.
2026-09-19T22:27:36Z INFO [338/500] 07cf66a6-380e-40c5-80c7-1fb8dd0fa09d: cophenetic index 3087; 1.4 s; peak memory 335 MiB.
2026-09-19T22:27:37Z INFO [339/500] 07d17707-5744-457b-9ada-c38a3b701d6c: cophenetic index 490; 1.0 s; peak memory 335 MiB.
2026-09-19T22:27:46Z INFO [340/500] 07d2197b-1d21-43a6-b02d-b63e90d90766: cophenetic index 176961; 8.9 s; peak memory 335 MiB.
2026-09-19T22:27:47Z INFO [341/500] 07d22923-b0e5-4a9c-97e9-2fc09c8a851d: cophenetic index 579; 0.7 s; peak memory 335 MiB.
2026-09-19T22:27:48Z INFO [342/500] 07d3e160-9547-441c-a219-7fa1f0401bca: cophenetic index 3087; 1.1 s; peak memory 335 MiB.
2026-09-19T22:27:49Z INFO [343/500] 07d5c3dd-008b-4d8b-a3bd-3cc9e32876c1: cophenetic index 624; 0.9 s; peak memory 335 MiB.
2026-09-19T22:27:50Z INFO [344/500] 07d636ff-4a82-47b8-a05f-bc9d57ab031a: cophenetic index 4586; 1.1 s; peak memory 335 MiB.
2026-09-19T22:27:51Z INFO [345/500] 07d72b1a-53bb-4c15-8579-dd0ec755c8c7: cophenetic index 6435; 1.5 s; peak memory 335 MiB.
2026-09-19T22:27:52Z INFO [346/500] 07d76209-673e-4969-a6fb-db8e1639ea9b: cophenetic index 624; 1.0 s; peak memory 335 MiB.
2026-09-19T22:27:54Z INFO [347/500] 07d78a42-a69e-4cd7-b94a-84bca52920f6: cophenetic index 3004; 1.3 s; peak memory 335 MiB.
2026-09-19T22:27:55Z INFO [348/500] 07d800de-accc-4516-bed8-053b2efd1dab: cophenetic index 2701; 1.1 s; peak memory 335 MiB.
2026-09-19T22:27:57Z INFO [349/500] 07d82d14-e18d-4df1-88fd-3546be871c28: cophenetic index 34658; 2.2 s; peak memory 335 MiB.
2026-09-19T22:27:58Z INFO [350/500] 07d89457-0889-49cc-8d3e-c540afd2b0eb: cophenetic index 3004; 1.5 s; peak memory 335 MiB.
2026-09-19T22:27:58Z INFO [350/500] 07d89457-0889-49cc-8d3e-c540afd2b0eb: checkpointed 49855 records.
2026-09-19T22:28:00Z INFO [351/500] 07d8c794-78a7-4241-ab34-d74b6d98883a: cophenetic index 3004; 1.3 s; peak memory 335 MiB.
2026-09-19T22:28:01Z INFO [352/500] 07d92147-0431-40fc-8b4f-c448106197a0: cophenetic index 3087; 1.2 s; peak memory 335 MiB.
2026-09-19T22:28:02Z INFO [353/500] 07d9471c-523e-4d42-980d-beb5439c92ad: cophenetic index 33968; 1.4 s; peak memory 335 MiB.
2026-09-19T22:28:03Z INFO [354/500] 07d949ed-2203-4956-981c-4d6357414808: cophenetic index 624; 0.9 s; peak memory 335 MiB.
2026-09-19T22:28:04Z INFO [355/500] 07dafa4b-a16c-4116-8d3e-bc08f249d790: cophenetic index 994; 1.0 s; peak memory 335 MiB.
2026-09-19T22:28:05Z INFO [356/500] 07dc4dd1-383d-4379-b0cd-89ba6fb8fc63: cophenetic index 624; 1.0 s; peak memory 335 MiB.
2026-09-19T22:28:07Z INFO [357/500] 07dc863e-32f2-4620-ba8f-1232141d821a: cophenetic index 2625; 1.5 s; peak memory 335 MiB.
2026-09-19T22:28:08Z INFO [358/500] 07dc8987-4d71-40f4-9b47-04ee0c8d0393: cophenetic index 624; 0.9 s; peak memory 335 MiB.
2026-09-19T22:28:09Z INFO [359/500] 07de49c0-dc3b-40b7-a974-d9403eb574f0: cophenetic index 788; 1.2 s; peak memory 335 MiB.
2026-09-19T22:28:11Z INFO [360/500] 07de4be5-3529-4981-b5f9-16328436f245: cophenetic index 2625; 1.7 s; peak memory 335 MiB.
2026-09-19T22:28:12Z INFO [361/500] 07de9bf1-1556-4866-8e1e-665234b7ef72: cophenetic index 560; 0.9 s; peak memory 335 MiB.
2026-09-19T22:28:13Z INFO [362/500] 07df0097-8762-4eb3-bd27-3aafdf55680e: cophenetic index 3087; 1.4 s; peak memory 335 MiB.
2026-09-19T22:28:14Z INFO [363/500] 07df80ab-264b-49b0-b6da-c30e4ad97140: cophenetic index 624; 1.0 s; peak memory 335 MiB.
2026-09-19T22:28:15Z INFO [364/500] 07dff4fc-3a00-489c-aa50-e31507f687e1: cophenetic index 624; 1.0 s; peak memory 335 MiB.
2026-09-19T22:28:18Z INFO [365/500] 07e0b373-1974-4570-a650-5981a198b6c6: cophenetic index 2469; 2.6 s; peak memory 335 MiB.
2026-09-19T22:28:19Z INFO [366/500] 07e1d576-e25d-4b5b-b07c-c6b26284059d: cophenetic index 33962; 1.4 s; peak memory 335 MiB.
2026-09-19T22:28:20Z INFO [367/500] 07e1f175-b3ca-4477-9a15-7b50829e7e73: cophenetic index 490; 0.8 s; peak memory 335 MiB.
2026-09-19T22:28:30Z INFO [368/500] 07e2cccb-f64e-427d-8c86-ab646a03a77b: cophenetic index 162075; 10.5 s; peak memory 335 MiB.
2026-09-19T22:28:32Z INFO [369/500] 07e2fb62-535f-4870-b7d0-5b1c88b88901: cophenetic index 3004; 1.3 s; peak memory 335 MiB.
2026-09-19T22:28:33Z INFO [370/500] 07e3c1ab-21bd-43f3-9584-d7d988a1ede0: cophenetic index 1949; 1.2 s; peak memory 335 MiB.
2026-09-19T22:28:37Z INFO [371/500] 07e4474a-801d-435c-8b5d-5c8926048295: cophenetic index 11912; 4.4 s; peak memory 335 MiB.
2026-09-19T22:28:40Z INFO [372/500] 07e45041-7eb1-4427-938d-a63ac89a3b5e: cophenetic index 1970; 2.5 s; peak memory 335 MiB.
2026-09-19T22:28:41Z INFO [373/500] 07e505b4-debc-4db9-b476-3388db0314d8: cophenetic index 624; 1.0 s; peak memory 335 MiB.
2026-09-19T22:28:48Z INFO [374/500] 07e518af-439f-4112-bf68-4764b1d86fad: cophenetic index 87401; 7.1 s; peak memory 335 MiB.
2026-09-19T22:28:49Z INFO [375/500] 07e5b1e6-01a0-4811-9c57-4c633b1cd84d: cophenetic index 1087; 1.3 s; peak memory 335 MiB.
2026-09-19T22:28:56Z INFO [376/500] 07e64ed6-b2fd-4469-8528-4cf0fc5466ab: cophenetic index 14389; 6.5 s; peak memory 335 MiB.
2026-09-19T22:28:57Z INFO [377/500] 07e6f002-14c9-47cc-9e5d-0bdee9f9b589: cophenetic index 1570; 1.5 s; peak memory 335 MiB.
2026-09-19T22:28:58Z INFO [378/500] 07e70197-73a4-43ee-9fa5-3491e7e1a104: cophenetic index 3087; 1.2 s; peak memory 335 MiB.
2026-09-19T22:28:59Z INFO [379/500] 07e75673-9c3f-4571-acf6-cf8bd7f90f25: cophenetic index 3135; 1.0 s; peak memory 335 MiB.
2026-09-19T22:29:00Z INFO [380/500] 07e76d27-3d61-4007-8967-69b30a52e12d: cophenetic index 3087; 1.1 s; peak memory 335 MiB.
2026-09-19T22:29:02Z INFO [381/500] 07e7d6d0-9535-43d3-b53a-d4db6c09e785: cophenetic index 497; 1.2 s; peak memory 335 MiB.
2026-09-19T22:29:03Z INFO [382/500] 07e826bd-fee8-4ce0-993c-18c5cab33cd1: cophenetic index 1680; 1.7 s; peak memory 335 MiB.
2026-09-19T22:29:04Z INFO [383/500] 07e8ad70-c4e7-4ccd-9897-b2c47e1f61b6: cophenetic index 624; 1.0 s; peak memory 335 MiB.
2026-09-19T22:29:05Z INFO [384/500] 07e8eb04-462d-4275-a79a-4c15e5bd0d8d: cophenetic index 494; 1.0 s; peak memory 335 MiB.
2026-09-19T22:29:07Z INFO [385/500] 07e903fb-1af1-4317-b009-16df83a10696: cophenetic index 99138; 1.7 s; peak memory 335 MiB.
2026-09-19T22:29:08Z INFO [386/500] 07e907be-401d-40fe-bb53-a76b8953fdb5: cophenetic index 490; 0.7 s; peak memory 335 MiB.
2026-09-19T22:29:10Z INFO [387/500] 07ea84c1-7089-4d42-a37a-a9b7b0c2d440: cophenetic index 2469; 2.4 s; peak memory 335 MiB.
2026-09-19T22:29:24Z INFO [388/500] 07eb2d3c-bb67-4d61-b06c-988dc383a726: cophenetic index 399482; 13.9 s; peak memory 335 MiB.
2026-09-19T22:29:26Z INFO [389/500] 07eb9911-5289-4da5-b5b8-aeba15b96efb: cophenetic index 2402; 2.7 s; peak memory 335 MiB.
2026-09-19T22:29:28Z INFO [390/500] 07ebb593-b3e4-48d8-aa58-a8541f7922bc: cophenetic index 3004; 1.2 s; peak memory 335 MiB.
2026-09-19T22:29:29Z INFO [391/500] 07ebf50a-ceb4-41a2-ac5a-d51d4529daf7: cophenetic index 431; 1.0 s; peak memory 335 MiB.
2026-09-19T22:29:31Z INFO [392/500] 07ebfaf9-8b60-45bf-b8ff-12e1087da13a: cophenetic index 2625; 1.9 s; peak memory 335 MiB.
2026-09-19T22:29:32Z INFO [393/500] 07ecaebe-a334-4d64-a85b-1dd78e7fb73f: cophenetic index 653; 1.6 s; peak memory 335 MiB.
2026-09-19T22:29:33Z INFO [394/500] 07ed5dc5-81b4-4957-93d4-26428a7babe0: cophenetic index 624; 0.9 s; peak memory 335 MiB.
2026-09-19T22:29:41Z INFO [395/500] 07ef4b1c-90f6-4345-9025-06878e70670e: cophenetic index 162806; 7.3 s; peak memory 335 MiB.
2026-09-19T22:29:41Z INFO [396/500] 07f02a84-aebc-4588-b537-a99d05bd8b10: cophenetic index 624; 0.9 s; peak memory 335 MiB.
2026-09-19T22:29:42Z INFO [397/500] 07f0f647-32c1-49f0-a7e2-81eb834ac508: cophenetic index 624; 1.0 s; peak memory 335 MiB.
2026-09-19T22:29:44Z INFO [398/500] 07f1136e-f3c6-42fd-a7e4-53f1bff64be9: cophenetic index 33986; 1.5 s; peak memory 335 MiB.
2026-09-19T22:29:45Z INFO [399/500] 07f2c8e2-eb28-4219-a83e-a6256d46b474: cophenetic index 624; 1.1 s; peak memory 335 MiB.
2026-09-19T22:29:52Z INFO [400/500] 07f2f848-5262-4cee-85d0-9556db362562: cophenetic index 34592; 6.9 s; peak memory 335 MiB.
2026-09-19T22:29:52Z INFO [400/500] 07f2f848-5262-4cee-85d0-9556db362562: checkpointed 49905 records.
2026-09-19T22:29:53Z INFO [401/500] 07f30b13-1443-48db-95c7-d5510de45431: cophenetic index 624; 1.0 s; peak memory 335 MiB.
2026-09-19T22:29:54Z INFO [402/500] 07f3b583-be25-4b98-bcce-6279aac566b0: cophenetic index 624; 1.0 s; peak memory 335 MiB.
2026-09-19T22:31:33Z INFO [403/500] 07f3f550-df6f-40fe-abea-7493f0da06d7: cophenetic index 1079320106; 98.9 s; peak memory 710 MiB.
2026-09-19T22:31:39Z INFO [404/500] 07f74c99-e6bc-4868-afa4-30226bde41d1: cophenetic index 74718; 6.5 s; peak memory 710 MiB.
2026-09-19T22:31:41Z INFO [405/500] 07f7d912-0a12-4fc3-8355-1e6cc7adb494: cophenetic index 3004; 1.3 s; peak memory 710 MiB.
2026-09-19T22:31:42Z INFO [406/500] 07fb9187-a390-46d4-87c8-077763ed1eed: cophenetic index 766; 1.3 s; peak memory 710 MiB.
2026-09-19T22:31:43Z INFO [407/500] 07fbc92b-fba0-4eb8-b5cd-9bc6b961097d: cophenetic index 624; 0.9 s; peak memory 710 MiB.
2026-09-19T22:31:44Z INFO [408/500] 07fd759d-508c-4f3d-b906-caab5c47a39c: cophenetic index 2974; 1.3 s; peak memory 710 MiB.
2026-09-19T22:31:46Z INFO [409/500] 07fd924a-c534-4a6a-8fea-83394ee01afe: cophenetic index 3004; 1.2 s; peak memory 710 MiB.
2026-09-19T22:31:47Z INFO [410/500] 07fe2dca-3376-46c3-ad79-3b4f123f6739: cophenetic index 1380; 1.5 s; peak memory 710 MiB.
2026-09-19T22:31:48Z INFO [411/500] 07fed5a8-9827-466a-beea-df7106de8f08: cophenetic index 431; 0.9 s; peak memory 710 MiB.
2026-09-19T22:31:49Z INFO [412/500] 07fee020-4ab6-48c8-80a5-7b5c30c71c95: cophenetic index 624; 0.9 s; peak memory 710 MiB.
2026-09-19T22:31:50Z INFO [413/500] 07fee773-c6fe-4b56-a6c4-06ecd0c627c6: cophenetic index 3004; 1.2 s; peak memory 710 MiB.
2026-09-19T22:31:52Z INFO [414/500] 08003c3a-1333-45fc-b7c7-b2fab1fd65af: cophenetic index 33998; 2.0 s; peak memory 710 MiB.
2026-09-19T22:31:54Z INFO [415/500] 08019fea-def9-446f-bbb2-b2d4867bc00c: cophenetic index 99138; 1.8 s; peak memory 710 MiB.
2026-09-19T22:31:55Z INFO [416/500] 0801ce9e-82aa-4d0d-be44-22680fe8ca7b: cophenetic index 624; 1.0 s; peak memory 710 MiB.
2026-09-19T22:31:57Z INFO [417/500] 0801d996-200e-4173-ab49-d1784427e96a: cophenetic index 1131; 2.1 s; peak memory 710 MiB.
2026-09-19T22:31:59Z INFO [418/500] 0803134f-aacb-483c-9724-e1fe7995299f: cophenetic index 33998; 1.8 s; peak memory 710 MiB.
2026-09-19T22:32:00Z INFO [419/500] 080342d4-babe-474d-99c6-ccfd841f5d6f: cophenetic index 3004; 1.2 s; peak memory 710 MiB.
2026-09-19T22:32:09Z INFO [420/500] 0803f0db-3d31-4b2f-aece-71803269eae5: cophenetic index 255261; 8.8 s; peak memory 710 MiB.
2026-09-19T22:32:10Z INFO [421/500] 0804f126-530b-411d-aa4a-0dddfeaca02c: cophenetic index 3004; 1.2 s; peak memory 710 MiB.
2026-09-19T22:32:13Z INFO [422/500] 08051056-e302-4ef2-a443-655a4477e14d: cophenetic index 3690; 2.8 s; peak memory 710 MiB.
2026-09-19T22:32:14Z INFO [423/500] 080529a9-19ac-43b6-bbe3-f8366272b6f4: cophenetic index 3004; 1.3 s; peak memory 710 MiB.
2026-09-19T22:32:15Z INFO [424/500] 0805672a-40dd-4c53-b52d-c86ea274ad5a: cophenetic index 2570; 1.3 s; peak memory 710 MiB.
2026-09-19T22:32:17Z INFO [425/500] 0805c11d-f43e-43b3-8691-062ab10d868b: cophenetic index 33998; 1.6 s; peak memory 710 MiB.
2026-09-19T22:32:18Z INFO [426/500] 0805d91f-7ead-4ecc-9341-d6d0dc39c2fe: cophenetic index 466; 1.4 s; peak memory 710 MiB.
2026-09-19T22:32:20Z INFO [427/500] 08061bde-a899-40bf-94e7-2801e159a324: cophenetic index 2625; 1.9 s; peak memory 710 MiB.
2026-09-19T22:32:21Z INFO [428/500] 080677c9-0e9e-4085-afd6-e5e0379510b9: cophenetic index 521; 0.7 s; peak memory 710 MiB.
2026-09-19T22:32:32Z INFO [429/500] 0806e88b-a662-48d2-99c0-198ba61b2d09: cophenetic index 189397; 11.4 s; peak memory 710 MiB.
2026-09-19T22:32:33Z INFO [430/500] 0806f6cc-3e86-4d27-82bd-365f0314daef: cophenetic index 624; 1.1 s; peak memory 710 MiB.
2026-09-19T22:32:35Z INFO [431/500] 08081105-376d-4f04-97fa-635a61414dbf: cophenetic index 2625; 1.3 s; peak memory 710 MiB.
2026-09-19T22:32:36Z INFO [432/500] 08087f22-0755-4995-901e-c02ce50d9c3d: cophenetic index 624; 0.9 s; peak memory 710 MiB.
2026-09-19T22:32:37Z INFO [433/500] 080a226e-9217-4c85-85b7-53898c34fbb2: cophenetic index 2625; 1.8 s; peak memory 710 MiB.
2026-09-19T22:32:38Z INFO [434/500] 080a98e2-a363-48b4-9aee-31e536bab336: cophenetic index 624; 1.0 s; peak memory 710 MiB.
2026-09-19T22:32:45Z INFO [435/500] 080aa351-1c73-4eaf-9717-46c9606231d8: cophenetic index 13663; 6.8 s; peak memory 710 MiB.
2026-09-19T22:32:46Z INFO [436/500] 080acf58-96ec-4d5c-be12-b31315708868: cophenetic index 635; 0.7 s; peak memory 710 MiB.
2026-09-19T22:32:47Z INFO [437/500] 080b32b7-3194-4696-9f49-0f7148b9d7e0: cophenetic index 1904; 1.5 s; peak memory 710 MiB.
2026-09-19T22:32:49Z INFO [438/500] 080b7fc5-06bd-478d-b62f-81d300a2985b: cophenetic index 1248; 1.3 s; peak memory 710 MiB.
2026-09-19T22:32:50Z INFO [439/500] 080cbd29-5b4f-42f9-b5c8-b2792b68de76: cophenetic index 624; 0.9 s; peak memory 710 MiB.
2026-09-19T22:32:53Z INFO [440/500] 080e37b1-20e7-48f1-8e75-969cc5cc9c46: cophenetic index 2682; 2.9 s; peak memory 710 MiB.
2026-09-19T22:32:54Z INFO [441/500] 080ead08-120d-43c9-9460-ff5772c1ea53: cophenetic index 23788; 1.0 s; peak memory 710 MiB.
2026-09-19T22:32:58Z INFO [442/500] 080ec6f5-5705-4391-b209-cd3b5657f0f9: cophenetic index 15476; 4.2 s; peak memory 710 MiB.
2026-09-19T22:32:59Z INFO [443/500] 0810b615-6e7d-4e79-81a1-de868a74b958: cophenetic index 33986; 1.4 s; peak memory 710 MiB.
2026-09-19T22:33:00Z INFO [444/500] 0810e050-29c7-4501-8fb3-4c737589ea17: cophenetic index 490; 0.9 s; peak memory 710 MiB.
2026-09-19T22:33:01Z INFO [445/500] 081191fc-269a-4a6f-ab4e-3e71257f8bd4: cophenetic index 1087; 1.2 s; peak memory 710 MiB.
2026-09-19T22:33:02Z INFO [446/500] 0812ce55-2a30-4f18-8133-0ec569f0a3d3: cophenetic index 624; 1.1 s; peak memory 710 MiB.
2026-09-19T22:33:04Z INFO [447/500] 08131d7e-a6f5-44fd-87ab-7cfa5b9b21f2: cophenetic index 624; 1.1 s; peak memory 710 MiB.
2026-09-19T22:33:05Z INFO [448/500] 081344fb-2bb5-44bd-87d2-e67394d577ea: cophenetic index 1006; 1.3 s; peak memory 710 MiB.
2026-09-19T22:33:06Z INFO [449/500] 0813dd3d-70fd-4dd3-9052-13d42be479fb: cophenetic index 2625; 1.3 s; peak memory 710 MiB.
2026-09-19T22:33:12Z INFO [450/500] 08149513-bea4-48b6-a6b7-79940fa07c5e: cophenetic index 13267; 6.3 s; peak memory 710 MiB.
2026-09-19T22:33:13Z INFO [450/500] 08149513-bea4-48b6-a6b7-79940fa07c5e: checkpointed 49955 records.
2026-09-19T22:33:15Z INFO [451/500] 08150ad1-efaf-4b5c-9fd3-ba1c83185380: cophenetic index 854; 2.2 s; peak memory 710 MiB.
2026-09-19T22:33:16Z INFO [452/500] 08165ee6-c991-4307-b32c-13f98c44dc1e: cophenetic index 3087; 1.4 s; peak memory 710 MiB.
2026-09-19T22:33:17Z INFO [453/500] 08174b5b-903c-4041-820f-52cf629cc935: cophenetic index 3004; 1.2 s; peak memory 710 MiB.
2026-09-19T22:33:19Z INFO [454/500] 08175b64-1c9b-43ba-9109-caa65b9ba036: cophenetic index 3087; 1.3 s; peak memory 710 MiB.
2026-09-19T22:33:20Z INFO [455/500] 081784e5-d2ca-4865-be9a-9ddde39cc092: cophenetic index 624; 1.0 s; peak memory 710 MiB.
2026-09-19T22:33:23Z INFO [456/500] 081787e2-0e0b-417f-a472-56882167d23c: cophenetic index 45679; 2.9 s; peak memory 710 MiB.
2026-09-19T22:33:36Z INFO [457/500] 08180f7e-aa56-4676-ae1b-37c014b5263e: cophenetic index 68022; 13.7 s; peak memory 710 MiB.
2026-09-19T22:33:37Z INFO [458/500] 08193ff6-e391-4b6d-a676-ffb58b6be250: cophenetic index 741; 0.8 s; peak memory 710 MiB.
2026-09-19T22:33:38Z INFO [459/500] 0819a3d2-0b3c-44c3-b2ad-ab25790bfa90: cophenetic index 2625; 1.5 s; peak memory 710 MiB.
2026-09-19T22:33:44Z INFO [460/500] 081ad8f9-bc93-4b86-8bf7-b02f339320bc: cophenetic index 36526; 5.7 s; peak memory 710 MiB.
2026-09-19T22:33:45Z INFO [461/500] 081af579-2479-4631-9ddb-3bfd97411b78: cophenetic index 494; 0.9 s; peak memory 710 MiB.
2026-09-19T22:33:50Z INFO [462/500] 081b1b22-fc7f-4804-bd67-7e94ebd48f92: cophenetic index 46545; 4.9 s; peak memory 710 MiB.
2026-09-19T22:33:51Z INFO [463/500] 081d052a-06c6-4443-be9e-f5fd212249d8: cophenetic index 490; 0.8 s; peak memory 710 MiB.
2026-09-19T22:33:52Z INFO [464/500] 081d4da0-1554-4087-9bc2-ebb181101808: cophenetic index 624; 0.9 s; peak memory 710 MiB.
2026-09-19T22:33:57Z INFO [465/500] 081d52ff-55a5-45dd-8ce7-40f8d95c9303: cophenetic index 9592; 5.6 s; peak memory 710 MiB.
2026-09-19T22:33:58Z INFO [466/500] 081e054f-a0b2-43f9-b7e0-a8113c836904: cophenetic index 624; 1.0 s; peak memory 710 MiB.
2026-09-19T22:33:59Z INFO [467/500] 081e208b-589b-40c5-9894-7d304c15154f: cophenetic index 431; 1.0 s; peak memory 710 MiB.
2026-09-19T22:34:00Z INFO [468/500] 081eaa70-1eda-46ba-8fec-942d6c99f28f: cophenetic index 761; 0.8 s; peak memory 710 MiB.
2026-09-19T22:34:06Z INFO [469/500] 081fe5d1-47bd-4403-9198-61671c5fdbab: cophenetic index 12973; 6.0 s; peak memory 710 MiB.
2026-09-19T22:34:08Z INFO [470/500] 082190f4-0345-46c1-8f04-883b667a41bb: cophenetic index 18208; 1.6 s; peak memory 710 MiB.
2026-09-19T22:34:09Z INFO [471/500] 0821ce7e-c349-4eff-b34a-73fa7fec66ac: cophenetic index 490; 1.0 s; peak memory 710 MiB.
2026-09-19T22:34:10Z INFO [472/500] 08236bc0-1957-4931-9bb9-3e9a930c88c5: cophenetic index 733; 0.7 s; peak memory 710 MiB.
2026-09-19T22:34:11Z INFO [473/500] 082375b8-6d25-46b4-a637-0ce12e82c9bb: cophenetic index 624; 1.0 s; peak memory 710 MiB.
2026-09-19T22:34:12Z INFO [474/500] 082606e0-1cf7-4f4a-9d76-4eac5fbfda6e: cophenetic index 605; 1.1 s; peak memory 710 MiB.
2026-09-19T22:34:13Z INFO [475/500] 08262afa-18e2-4028-8702-bf74912e2e9d: cophenetic index 2625; 1.6 s; peak memory 710 MiB.
2026-09-19T22:34:20Z INFO [476/500] 08264c96-013b-43a6-b652-edca3ed9a5c6: cophenetic index 15702; 6.9 s; peak memory 710 MiB.
2026-09-19T22:34:21Z INFO [477/500] 08266599-6916-4cbd-bdc2-6468cb5072cd: cophenetic index 431; 1.1 s; peak memory 710 MiB.
2026-09-19T22:34:23Z INFO [478/500] 08268f2d-e7f3-4c75-8a67-dd0c8ec5cc8b: cophenetic index 949; 1.6 s; peak memory 710 MiB.
2026-09-19T22:34:29Z INFO [479/500] 082690b6-f31e-456f-b595-f3c37dedccc2: cophenetic index 20638; 6.5 s; peak memory 710 MiB.
2026-09-19T22:34:31Z INFO [480/500] 08277a88-ef49-4bd3-8aec-621e586b01f1: cophenetic index 3057; 1.3 s; peak memory 710 MiB.
2026-09-19T22:34:31Z INFO [481/500] 0827afc9-2725-47d7-8f67-c6628bfc115e: cophenetic index 624; 0.9 s; peak memory 710 MiB.
2026-09-19T22:34:33Z INFO [482/500] 0827c30c-bbca-4ef3-b763-92013028b9b3: cophenetic index 3192; 1.2 s; peak memory 710 MiB.
2026-09-19T22:34:36Z INFO [483/500] 08280e9b-05fa-4e85-9e0b-a36b0c1d2dfc: cophenetic index 5473; 3.2 s; peak memory 710 MiB.
2026-09-19T22:34:37Z INFO [484/500] 082896b3-bf57-48f2-a34d-bdbdc98c2480: cophenetic index 1006; 1.2 s; peak memory 710 MiB.
2026-09-19T22:34:38Z INFO [485/500] 0828f847-62e9-443f-8241-3960985ddab3: cophenetic index 636; 1.2 s; peak memory 710 MiB.
2026-09-19T22:34:39Z INFO [486/500] 082a00dc-ceb2-4891-981c-c75a912b4452: cophenetic index 2974; 1.3 s; peak memory 710 MiB.
2026-09-19T22:34:41Z INFO [487/500] 082ab6a7-dfd2-4a12-b50e-d06b62258e6b: cophenetic index 1341; 1.8 s; peak memory 710 MiB.
2026-09-19T22:34:42Z INFO [488/500] 082b0e8f-ec6f-4ca3-b32c-c5bca6dbeb19: cophenetic index 2974; 1.2 s; peak memory 710 MiB.
2026-09-19T22:34:43Z INFO [489/500] 082c42a6-b978-4994-815e-ca3e6e30490b: cophenetic index 490; 0.8 s; peak memory 710 MiB.
2026-09-19T22:34:45Z INFO [490/500] 082d6847-b952-43fc-852f-2edf7ff8f529: cophenetic index 1087; 1.3 s; peak memory 710 MiB.
2026-09-19T22:34:46Z INFO [491/500] 082e3dce-cdef-457b-89a7-aa9c1c018b96: cophenetic index 2920; 1.1 s; peak memory 710 MiB.
2026-09-19T22:34:47Z INFO [492/500] 082e9caf-4a3f-406a-849d-8dfa756c43ab: cophenetic index 1087; 1.3 s; peak memory 710 MiB.
2026-09-19T22:34:48Z INFO [493/500] 0830fd8e-81ac-4418-ac84-fbf3e55a3bc5: cophenetic index 2974; 1.1 s; peak memory 710 MiB.
2026-09-19T22:34:49Z INFO [494/500] 08313b66-cc4c-4431-b42d-613d7213c2fa: cophenetic index 2625; 1.4 s; peak memory 710 MiB.
2026-09-19T22:34:53Z INFO [495/500] 0831be94-6742-49b2-97ef-73f3c6d705f0: cophenetic index 5473; 3.3 s; peak memory 710 MiB.
2026-09-19T22:34:54Z INFO [496/500] 0832b254-d218-4df2-8eae-5b5b0d865636: cophenetic index 624; 0.9 s; peak memory 710 MiB.
2026-09-19T22:35:06Z INFO [497/500] 0832b661-39a4-42e1-b11f-0d90f4a57aaf: cophenetic index 298976; 12.5 s; peak memory 710 MiB.
2026-09-19T22:35:14Z INFO [498/500] 0832e9d8-b429-4259-a565-d8b5df4416d7: cophenetic index 15817; 7.9 s; peak memory 710 MiB.
2026-09-19T22:35:15Z INFO [499/500] 083326cd-a7c4-4b22-9a89-b14b5d0934c1: cophenetic index 2974; 1.2 s; peak memory 710 MiB.
2026-09-19T22:35:16Z INFO [500/500] 0833faa8-c63a-40bb-b240-7263322c6b7e: cophenetic index 624; 0.9 s; peak memory 710 MiB.
2026-09-19T22:35:16Z INFO [500/500] 0833faa8-c63a-40bb-b240-7263322c6b7e: checkpointed 50005 records.
2026-09-19T22:35:16Z INFO Wrote 50005 records to /tmp/derivatives/valid_nwb_file_to_cophenetic_index.jsonl (499 new, 1 failed) in 24.1 min (peak memory 710 MiB).
