2026-09-20T12:54:44Z INFO Logging to /tmp/logs/update_2026-09-20T12-54-44Z.log.
2026-09-20T12:54:44Z INFO Update valid-nwb-file-to-cophenetic-index (base directory /tmp).
2026-09-20T12:54:44Z INFO Processing 500 items (50005 already recorded).
2026-09-20T12:54:45Z INFO [1/500] 00e36e78-caf6-43db-ae84-71e3a02b5122: cophenetic index 2886; 0.9 s; peak memory 80 MiB.
2026-09-20T12:54:48Z INFO [2/500] 00f15f38-bce9-441b-b55e-12956eee2592: cophenetic index 14837; 2.5 s; peak memory 84 MiB.
2026-09-20T12:54:51Z INFO [3/500] 013b6125-db3c-4024-8f34-b4880e79406c: cophenetic index 6800; 3.5 s; peak memory 87 MiB.
2026-09-20T12:54:54Z INFO [4/500] 0185c834-bca9-47aa-a30c-331cb6a35143: cophenetic index 15195; 2.6 s; peak memory 87 MiB.
2026-09-20T12:54:55Z INFO [5/500] 01a9fffc-f243-4d53-b7c1-69f10b682dae: cophenetic index 2886; 0.8 s; peak memory 87 MiB.
2026-09-20T12:54:55Z INFO [6/500] 0213d4a7-a1f7-4d08-bb5e-b16d22514a52: cophenetic index 2886; 0.9 s; peak memory 87 MiB.
2026-09-20T12:54:56Z WARNING 024ef50f-ac6f-49ea-806b-93ef4b5e8644: failed while reading the NWB file (KeyError: 'Unable to synchronously open object (component not found)')
2026-09-20T12:54:56Z WARNING [7/500] 024ef50f-ac6f-49ea-806b-93ef4b5e8644: leaving unrecorded for a later run to retry.
2026-09-20T12:54:58Z INFO [8/500] 027c833a-981b-4e5f-8b01-85f182f76fcd: cophenetic index 10334; 1.5 s; peak memory 87 MiB.
2026-09-20T12:55:01Z INFO [9/500] 035f86c6-c72b-48b9-b645-0b7ef297a304: cophenetic index 15195; 3.0 s; peak memory 88 MiB.
2026-09-20T12:55:02Z INFO [10/500] 03f85366-5aea-45fb-a203-36a6495c0705: cophenetic index 2886; 0.8 s; peak memory 88 MiB.
2026-09-20T12:55:03Z INFO [11/500] 044cb660-5eed-472a-afee-70bc24f706a6: cophenetic index 2886; 1.0 s; peak memory 88 MiB.
2026-09-20T12:55:04Z INFO [12/500] 04c3d246-eb00-4ca2-a600-f1c0b56f16eb: cophenetic index 2886; 0.9 s; peak memory 88 MiB.
2026-09-20T12:55:07Z INFO [13/500] 04fdd2ad-76a3-48d1-99eb-81988085af64: cophenetic index 6218; 3.3 s; peak memory 91 MiB.
2026-09-20T12:55:11Z INFO [14/500] 06cc677f-00c9-429c-b595-8b27223e4b5d: cophenetic index 6800; 3.9 s; peak memory 91 MiB.
2026-09-20T12:55:16Z INFO [15/500] 083482c9-7bad-43d6-baf5-9572811ec3eb: cophenetic index 102598; 4.7 s; peak memory 98 MiB.
2026-09-20T12:55:17Z INFO [16/500] 0834f6c2-52dc-4745-9f79-db8f2ff07290: cophenetic index 2570; 1.0 s; peak memory 98 MiB.
2026-09-20T12:55:17Z INFO [17/500] 08352103-8948-461d-9dd7-9166910ae157: cophenetic index 657; 0.7 s; peak memory 98 MiB.
2026-09-20T12:55:18Z INFO [18/500] 083692fc-1fea-4eb8-9be5-603b57ea4980: cophenetic index 958; 0.7 s; peak memory 98 MiB.
2026-09-20T12:55:19Z INFO [19/500] 0837fd5e-63a1-416d-bfd3-842e6575fc9c: cophenetic index 13320; 1.0 s; peak memory 98 MiB.
2026-09-20T12:55:19Z INFO [20/500] 083821f9-dfc5-4b68-a104-360c62f58ab2: cophenetic index 737; 0.4 s; peak memory 98 MiB.
2026-09-20T12:55:20Z INFO [21/500] 083930a1-7c44-4b9f-927a-c88f5c9753d9: cophenetic index 649; 0.7 s; peak memory 98 MiB.
2026-09-20T12:55:24Z INFO [22/500] 08396947-a7a8-4fdb-a390-60fa95c710da: cophenetic index 42692; 4.2 s; peak memory 98 MiB.
2026-09-20T12:55:25Z INFO [23/500] 0839db21-0e88-4074-aaec-093a642d860c: cophenetic index 988; 0.7 s; peak memory 98 MiB.
2026-09-20T12:55:27Z INFO [24/500] 083aafdb-e9ff-43da-ba8f-98b6a0c17086: cophenetic index 1912; 1.4 s; peak memory 98 MiB.
2026-09-20T12:55:27Z INFO [25/500] 083ab9dc-6cd1-4b12-bf03-ebae44f9b8ba: cophenetic index 490; 0.7 s; peak memory 98 MiB.
2026-09-20T12:55:29Z INFO [26/500] 083ac552-a1ac-4a3b-96ea-0876689eb6b6: cophenetic index 2609; 1.5 s; peak memory 98 MiB.
2026-09-20T12:55:30Z INFO [27/500] 083bcd58-db48-4b76-ad5f-736afa695e63: cophenetic index 972; 1.4 s; peak memory 98 MiB.
2026-09-20T12:55:31Z INFO [28/500] 083be9a7-401e-4536-9a1c-8cc9d606bbc6: cophenetic index 33968; 0.9 s; peak memory 98 MiB.
2026-09-20T12:55:32Z INFO [29/500] 083c0404-edc3-4da8-bc14-3c5986e847bc: cophenetic index 624; 0.7 s; peak memory 98 MiB.
2026-09-20T12:55:33Z INFO [30/500] 083c2c1e-e630-4501-a96a-41388a2dab29: cophenetic index 2625; 1.2 s; peak memory 98 MiB.
2026-09-20T12:55:34Z INFO [31/500] 083c49a4-31c9-444e-9961-8adfcc9fa677: cophenetic index 590; 0.6 s; peak memory 98 MiB.
2026-09-20T12:55:34Z INFO [32/500] 083c57f8-4ac9-4b8b-a5c5-3c6a77840445: cophenetic index 3087; 0.7 s; peak memory 98 MiB.
2026-09-20T12:55:35Z INFO [33/500] 083c6372-caed-47dc-bf6f-5517fb58dc09: cophenetic index 605; 0.7 s; peak memory 98 MiB.
2026-09-20T12:55:36Z INFO [34/500] 083c712e-ea43-4b92-93ed-97db2600fa5e: cophenetic index 3004; 0.8 s; peak memory 98 MiB.
2026-09-20T12:55:40Z INFO [35/500] 083db097-5baa-4fdd-a3ff-e3aec1453038: cophenetic index 75458; 3.9 s; peak memory 102 MiB.
2026-09-20T12:55:41Z INFO [36/500] 083dd16d-4475-4c64-b3b8-e35070373c6c: cophenetic index 2402; 1.7 s; peak memory 102 MiB.
2026-09-20T12:55:43Z INFO [37/500] 083ea5f6-8655-4207-af80-e6a2a04974d9: cophenetic index 99120; 1.1 s; peak memory 102 MiB.
2026-09-20T12:55:43Z INFO [38/500] 083ebe00-b2a5-4aa9-a966-4d2798cf30a7: cophenetic index 651; 0.5 s; peak memory 102 MiB.
2026-09-20T12:55:44Z INFO [39/500] 083ec7b4-e6e1-4aa2-991d-3a92a61f8f30: cophenetic index 3087; 0.9 s; peak memory 102 MiB.
2026-09-20T12:55:44Z INFO [40/500] 083fec26-5e52-4402-8bd8-b55ad4aef7ef: cophenetic index 490; 0.5 s; peak memory 102 MiB.
2026-09-20T12:55:47Z INFO [41/500] 0840e52f-3a6c-49cc-810b-5e7898dcf14d: cophenetic index 2019; 2.1 s; peak memory 102 MiB.
2026-09-20T12:55:47Z INFO [42/500] 0840f57d-46a3-4c22-ac3e-ffd049a22016: cophenetic index 3215; 0.7 s; peak memory 102 MiB.
2026-09-20T12:55:48Z INFO [43/500] 08411fba-2f6a-4c95-9cd1-b0e93b2b7b78: cophenetic index 624; 0.6 s; peak memory 102 MiB.
2026-09-20T12:55:48Z INFO [44/500] 084133c5-cfd0-4d0a-9cc8-0275edccc01b: cophenetic index 624; 0.7 s; peak memory 102 MiB.
2026-09-20T12:55:49Z INFO [45/500] 084259b1-7912-4c0f-9c90-bfe6bc29d85f: cophenetic index 624; 0.7 s; peak memory 102 MiB.
2026-09-20T12:56:10Z INFO [46/500] 0842b78d-1f28-48bb-9b5d-d64292d6a940: cophenetic index 12615480; 20.6 s; peak memory 164 MiB.
2026-09-20T12:56:11Z INFO [47/500] 0842c0dc-7b86-461e-b8d5-39edc50a5efd: cophenetic index 624; 0.8 s; peak memory 164 MiB.
2026-09-20T12:56:11Z INFO [48/500] 0843e424-0914-41d8-9bcc-f756ee3c79eb: cophenetic index 23866; 0.8 s; peak memory 164 MiB.
2026-09-20T12:57:31Z INFO [49/500] 08456541-810b-407f-a64b-0bd2995e9851: cophenetic index 36030552; 79.3 s; peak memory 305 MiB.
2026-09-20T12:57:31Z INFO [50/500] 084643a5-8afa-450e-b7d0-df814186b692: cophenetic index 624; 0.8 s; peak memory 305 MiB.
2026-09-20T12:57:31Z INFO [50/500] 084643a5-8afa-450e-b7d0-df814186b692: checkpointed 50054 records.
2026-09-20T12:57:32Z INFO [51/500] 0846a134-4f37-4c31-8f63-f35def8371ff: cophenetic index 33986; 0.9 s; peak memory 305 MiB.
2026-09-20T12:57:33Z INFO [52/500] 0848ae2e-1ec8-44b1-b5d6-ca7d0ae40956: cophenetic index 624; 0.8 s; peak memory 305 MiB.
2026-09-20T12:57:34Z INFO [53/500] 0849fdce-5507-43b0-9543-7af2f6444037: cophenetic index 581; 0.9 s; peak memory 305 MiB.
2026-09-20T12:57:35Z INFO [54/500] 084a4b87-bb16-4132-8e0c-b65a16585c23: cophenetic index 1265; 0.6 s; peak memory 305 MiB.
2026-09-20T12:57:37Z INFO [55/500] 084b43e9-8b49-4a6f-a0a8-25b27e123f57: cophenetic index 2027; 2.3 s; peak memory 305 MiB.
2026-09-20T12:57:38Z INFO [56/500] 084bdb91-d031-4578-bf3b-d3bfc56b50c3: cophenetic index 1130; 1.3 s; peak memory 305 MiB.
2026-09-20T12:57:40Z INFO [57/500] 084cd87c-7542-4df9-97f4-4e848ff87592: cophenetic index 895; 1.5 s; peak memory 305 MiB.
2026-09-20T12:57:41Z INFO [58/500] 084e74e7-3a9b-49d6-af0a-f8704e496f7e: cophenetic index 2496; 1.1 s; peak memory 305 MiB.
2026-09-20T12:57:45Z INFO [59/500] 084f8791-c6eb-4bab-bcf0-03e7543ba75c: cophenetic index 13178; 4.1 s; peak memory 305 MiB.
2026-09-20T12:57:46Z INFO [60/500] 08508c48-97e8-408b-b089-e54c0e9a102a: cophenetic index 3004; 0.8 s; peak memory 305 MiB.
2026-09-20T12:57:46Z INFO [61/500] 0850c1d7-583f-4f98-9e96-b3a0af3ddb59: cophenetic index 624; 0.7 s; peak memory 305 MiB.
2026-09-20T12:57:47Z INFO [62/500] 0850d534-7ac2-418c-85cf-d97575b28dd9: cophenetic index 624; 0.7 s; peak memory 305 MiB.
2026-09-20T12:57:55Z INFO [63/500] 0851449d-9357-4a2a-b768-bfa498d6c058: cophenetic index 49912; 7.7 s; peak memory 305 MiB.
2026-09-20T12:57:56Z INFO [64/500] 08546680-1b45-456c-b901-27a232faa327: cophenetic index 605; 0.7 s; peak memory 305 MiB.
2026-09-20T12:57:56Z INFO [65/500] 0854f638-5069-4ff0-871a-bb892b11a307: cophenetic index 497; 0.7 s; peak memory 305 MiB.
2026-09-20T12:57:57Z INFO [66/500] 0855a493-b6cd-4526-adbe-f5f4142f67c3: cophenetic index 3004; 0.8 s; peak memory 305 MiB.
2026-09-20T12:57:58Z INFO [67/500] 08562c1f-de74-449b-892b-7c64be6fa638: cophenetic index 555; 0.7 s; peak memory 305 MiB.
2026-09-20T12:57:58Z INFO [68/500] 085680d0-924c-466b-9510-7575878cf8a4: cophenetic index 23788; 0.5 s; peak memory 305 MiB.
2026-09-20T12:57:59Z INFO [69/500] 0856c943-53dc-4173-bcc2-44da8e0c0420: cophenetic index 624; 0.6 s; peak memory 305 MiB.
2026-09-20T12:57:59Z INFO [70/500] 08572212-0637-4062-acb0-34daa980ff60: cophenetic index 624; 0.6 s; peak memory 305 MiB.
2026-09-20T12:58:04Z INFO [71/500] 08577c5e-62b9-4d5d-bd35-a5ecac23e5b1: cophenetic index 97517; 4.2 s; peak memory 305 MiB.
2026-09-20T12:58:05Z INFO [72/500] 08581645-e025-4233-b25f-99b34eab000a: cophenetic index 3045; 1.0 s; peak memory 305 MiB.
2026-09-20T12:58:05Z INFO [73/500] 08585448-e905-44f6-a315-bdbd868b0db1: cophenetic index 452; 0.7 s; peak memory 305 MiB.
2026-09-20T12:58:13Z INFO [74/500] 08588b60-e8e3-4342-a940-61a4a75d876c: cophenetic index 331235; 7.7 s; peak memory 305 MiB.
2026-09-20T12:58:14Z INFO [75/500] 08592037-0814-44a8-931e-2face22a1504: cophenetic index 624; 0.6 s; peak memory 305 MiB.
2026-09-20T12:58:22Z INFO [76/500] 085967d9-163d-43c6-91f5-0242c20af7e9: cophenetic index 19660961; 8.4 s; peak memory 305 MiB.
2026-09-20T12:58:23Z INFO [77/500] 0859d901-2918-4fd6-bee6-6669eca64ee6: cophenetic index 624; 0.6 s; peak memory 305 MiB.
2026-09-20T12:58:23Z INFO [78/500] 085a084d-e211-4fc0-ade7-59226764511b: cophenetic index 560; 0.6 s; peak memory 305 MiB.
2026-09-20T12:58:27Z INFO [79/500] 085a84d4-2bb3-4430-9f83-071ab914ade9: cophenetic index 34724; 3.6 s; peak memory 305 MiB.
2026-09-20T12:58:28Z INFO [80/500] 085af9e9-e4e6-432d-9ce2-7f20a5a99883: cophenetic index 999; 1.3 s; peak memory 305 MiB.
2026-09-20T12:58:29Z INFO [81/500] 085b7acd-417a-43aa-ba17-40551f615bb6: cophenetic index 624; 0.8 s; peak memory 305 MiB.
2026-09-20T12:58:30Z INFO [82/500] 085b81e6-66a0-413d-ab80-17c60c109094: cophenetic index 624; 0.7 s; peak memory 305 MiB.
2026-09-20T12:58:31Z INFO [83/500] 085ba533-68b9-48c5-b453-ed69bf5dcce1: cophenetic index 2469; 1.5 s; peak memory 305 MiB.
2026-09-20T12:58:36Z INFO [84/500] 085bc4d9-3d38-4669-ae0f-6d7104c05a54: cophenetic index 87573; 4.7 s; peak memory 305 MiB.
2026-09-20T12:58:37Z INFO [85/500] 085bd822-eb66-4ef2-80ad-61bb321abcfc: cophenetic index 725; 0.7 s; peak memory 305 MiB.
2026-09-20T12:58:37Z INFO [86/500] 085c7af4-dcfb-4ccd-8eec-3b77e576efb1: cophenetic index 579; 0.4 s; peak memory 305 MiB.
2026-09-20T12:58:41Z INFO [87/500] 085d1aff-d038-4f5c-a43b-b5a59f28389d: cophenetic index 43170; 3.9 s; peak memory 305 MiB.
2026-09-20T12:58:42Z INFO [88/500] 085d3a3f-46f0-4d6e-bbd5-9385d361a5b7: cophenetic index 657; 0.7 s; peak memory 305 MiB.
2026-09-20T12:58:42Z INFO [89/500] 085d75d3-ba20-4f27-bad8-b5fc69dd3989: cophenetic index 624; 0.7 s; peak memory 305 MiB.
2026-09-20T12:58:43Z INFO [90/500] 085e0912-7582-4657-a4d5-4420a861e2d3: cophenetic index 624; 0.6 s; peak memory 305 MiB.
2026-09-20T12:58:44Z INFO [91/500] 085e27e5-a55e-46c6-8d06-0600174df3ce: cophenetic index 2625; 1.1 s; peak memory 305 MiB.
2026-09-20T12:58:45Z INFO [92/500] 08601abc-0894-4262-90f5-7a9a0f50a90e: cophenetic index 3192; 1.0 s; peak memory 305 MiB.
2026-09-20T12:58:51Z INFO [93/500] 086021f7-abcb-4ca0-b59e-f011ccd7fd1f: cophenetic index 156968; 6.0 s; peak memory 305 MiB.
2026-09-20T12:58:52Z INFO [94/500] 0860cdfe-71d8-4bab-9018-5a8f93164b7f: cophenetic index 624; 0.6 s; peak memory 305 MiB.
2026-09-20T12:58:57Z INFO [95/500] 08612c35-2f46-4955-8a13-94f862d9a9e7: cophenetic index 268477; 5.8 s; peak memory 305 MiB.
2026-09-20T12:59:00Z INFO [96/500] 08620ba7-4d2a-4d05-9ed3-25d7112ba8c7: cophenetic index 45590; 2.9 s; peak memory 305 MiB.
2026-09-20T12:59:02Z INFO [97/500] 08628895-2298-4bf9-9eb4-2922bba0dbd6: cophenetic index 2682; 1.9 s; peak memory 305 MiB.
2026-09-20T12:59:04Z INFO [98/500] 0862b0a3-68c0-40f7-b1ec-be48d8a680ae: cophenetic index 13983; 1.9 s; peak memory 305 MiB.
2026-09-20T12:59:05Z INFO [99/500] 0862eb5d-4f8e-42fc-accb-365b0f120bcc: cophenetic index 605; 0.8 s; peak memory 305 MiB.
2026-09-20T12:59:05Z INFO [100/500] 08639f3a-4a96-48a2-8a5c-5acadbdb24f2: cophenetic index 433; 0.4 s; peak memory 305 MiB.
2026-09-20T12:59:05Z INFO [100/500] 08639f3a-4a96-48a2-8a5c-5acadbdb24f2: checkpointed 50104 records.
2026-09-20T12:59:07Z INFO [101/500] 0863a666-dfa7-4810-b3b7-7b3b93a34aac: cophenetic index 1006; 1.3 s; peak memory 305 MiB.
2026-09-20T12:59:07Z INFO [102/500] 0863c48f-7099-4db3-9ad4-3c78ede17ce6: cophenetic index 624; 0.7 s; peak memory 305 MiB.
2026-09-20T12:59:16Z INFO [103/500] 0863e5b4-745c-4792-9276-1c2ed0ca78fa: cophenetic index 577599; 9.0 s; peak memory 305 MiB.
2026-09-20T12:59:17Z INFO [104/500] 086481c7-038e-4abf-ba63-f2c285ee9ec5: cophenetic index 1993; 0.7 s; peak memory 305 MiB.
2026-09-20T12:59:19Z INFO [105/500] 0864937a-2440-4dc0-98f4-437e8f705175: cophenetic index 5473; 1.9 s; peak memory 305 MiB.
2026-09-20T12:59:20Z INFO [106/500] 0866e7a7-bbc2-43bc-b6d5-e1ee96ea0e93: cophenetic index 431; 0.8 s; peak memory 305 MiB.
2026-09-20T12:59:20Z INFO [107/500] 08675b4a-2eee-43ed-9eaf-d9ffb70caaf4: cophenetic index 624; 0.7 s; peak memory 305 MiB.
2026-09-20T12:59:22Z INFO [108/500] 086787bf-bc93-42da-9dff-3faf8d736ef4: cophenetic index 5473; 2.0 s; peak memory 305 MiB.
2026-09-20T12:59:23Z INFO [109/500] 086796a4-f51f-4b1a-b6eb-750dd846f39e: cophenetic index 99138; 1.0 s; peak memory 305 MiB.
2026-09-20T12:59:24Z INFO [110/500] 086874c4-3161-4b64-860a-3444212eedf2: cophenetic index 3087; 0.9 s; peak memory 305 MiB.
2026-09-20T12:59:25Z INFO [111/500] 0868916a-9606-4ac5-996e-da13a2a8e8ca: cophenetic index 762; 0.5 s; peak memory 305 MiB.
2026-09-20T12:59:26Z INFO [112/500] 0868e6f1-b31c-49e9-adf7-11e4efa26d05: cophenetic index 3087; 0.8 s; peak memory 305 MiB.
2026-09-20T12:59:26Z INFO [113/500] 08691344-f63b-41f2-9949-d5538bbdb99d: cophenetic index 624; 0.5 s; peak memory 305 MiB.
2026-09-20T12:59:27Z INFO [114/500] 086952c4-c683-4d5b-8719-2cd5f8afc16a: cophenetic index 624; 0.7 s; peak memory 305 MiB.
2026-09-20T12:59:27Z INFO [115/500] 086a9eed-3573-47f5-8b14-ef9e7e8483b5: cophenetic index 651; 0.4 s; peak memory 305 MiB.
2026-09-20T12:59:29Z INFO [116/500] 086af144-27ed-450c-aad1-9d815772858f: cophenetic index 2682; 1.8 s; peak memory 305 MiB.
2026-09-20T12:59:37Z INFO [117/500] 086b6088-6954-47b1-b835-d1b3414ba46d: cophenetic index 88750; 7.9 s; peak memory 305 MiB.
2026-09-20T13:00:21Z INFO [118/500] 086b92ea-00aa-4e58-8e7b-1537e6dac87c: cophenetic index 853632; 44.4 s; peak memory 305 MiB.
2026-09-20T13:00:32Z INFO [119/500] 086c1f1a-da4b-4888-8099-3ddfa84bdf43: cophenetic index 14507294; 10.3 s; peak memory 305 MiB.
2026-09-20T13:00:32Z INFO [120/500] 086c49d3-7dd9-4824-9583-62cfdbd516ff: cophenetic index 624; 0.8 s; peak memory 305 MiB.
2026-09-20T13:00:33Z INFO [121/500] 086cfd36-4084-430f-9613-3963b821d613: cophenetic index 2701; 0.7 s; peak memory 305 MiB.
2026-09-20T13:00:34Z INFO [122/500] 086d37e7-133f-4151-b04c-28ff77841195: cophenetic index 2625; 1.2 s; peak memory 305 MiB.
2026-09-20T13:00:37Z INFO [123/500] 086e2efc-30ee-4b9b-8385-8825e3fe7817: cophenetic index 5473; 2.4 s; peak memory 305 MiB.
2026-09-20T13:00:37Z INFO [124/500] 086eb53b-0dd8-480c-ae50-7ef3957f05db: cophenetic index 624; 0.7 s; peak memory 305 MiB.
2026-09-20T13:00:38Z INFO [125/500] 086f77da-655f-409f-a5ce-6d160777122a: cophenetic index 3004; 0.9 s; peak memory 305 MiB.
2026-09-20T13:00:42Z INFO [126/500] 086fbe9f-c68c-4cf7-86da-4b2854c6d303: cophenetic index 9548; 3.5 s; peak memory 305 MiB.
2026-09-20T13:00:43Z INFO [127/500] 0870698b-c406-44ce-9cd0-032d0d57cc30: cophenetic index 33968; 0.9 s; peak memory 305 MiB.
2026-09-20T13:00:44Z INFO [128/500] 0871a2ff-6149-448d-8166-0916cc45a4ac: cophenetic index 457; 1.6 s; peak memory 305 MiB.
2026-09-20T13:00:45Z INFO [129/500] 0872463d-162b-471d-a5a4-939bedebfed1: cophenetic index 624; 0.7 s; peak memory 305 MiB.
2026-09-20T13:00:46Z INFO [130/500] 08732e72-2f97-46a2-a0f3-482584639c41: cophenetic index 791; 1.0 s; peak memory 305 MiB.
2026-09-20T13:00:47Z INFO [131/500] 0873a844-b710-45a9-b46e-8375cc42632d: cophenetic index 490; 0.5 s; peak memory 305 MiB.
2026-09-20T13:00:47Z INFO [132/500] 0873cb9d-fd27-4909-8e5d-d9bd0de74c73: cophenetic index 762; 0.4 s; peak memory 305 MiB.
2026-09-20T13:00:50Z INFO [133/500] 0873d051-0906-4665-bd82-2434715fba50: cophenetic index 87573; 3.3 s; peak memory 305 MiB.
2026-09-20T13:00:51Z INFO [134/500] 08742473-5055-4fbf-afcf-ac1c9ad243fb: cophenetic index 649; 0.9 s; peak memory 305 MiB.
2026-09-20T13:00:52Z INFO [135/500] 08748d8d-1df1-43ae-a69e-3652ec074015: cophenetic index 624; 0.6 s; peak memory 305 MiB.
2026-09-20T13:00:53Z INFO [136/500] 08752efc-6722-429e-8861-755304d609da: cophenetic index 1130; 1.3 s; peak memory 305 MiB.
2026-09-20T13:00:55Z INFO [137/500] 08757455-0ed1-4e96-9e99-335b7a432fd7: cophenetic index 41788; 1.4 s; peak memory 305 MiB.
2026-09-20T13:00:55Z INFO [138/500] 087590d2-1b60-4e7a-ad98-042739dcc7f2: cophenetic index 624; 0.7 s; peak memory 305 MiB.
2026-09-20T13:00:56Z INFO [139/500] 0876948f-ee2f-46a9-9bf1-937c98abffd5: cophenetic index 99138; 1.0 s; peak memory 305 MiB.
2026-09-20T13:00:58Z INFO [140/500] 0876cb6d-f6cb-4139-96f0-e655421e117a: cophenetic index 829; 1.2 s; peak memory 305 MiB.
2026-09-20T13:00:58Z INFO [141/500] 08775010-30f5-43f9-bafd-41dd77dbd605: cophenetic index 506; 0.7 s; peak memory 305 MiB.
2026-09-20T13:00:59Z INFO [142/500] 0878eb4e-c1ef-466b-a96d-05274c4f8145: cophenetic index 624; 0.6 s; peak memory 305 MiB.
2026-09-20T13:01:00Z INFO [143/500] 0879f324-2be6-415b-b336-ff4ff005795c: cophenetic index 431; 0.8 s; peak memory 305 MiB.
2026-09-20T13:01:00Z INFO [144/500] 087ac878-59ff-4a0b-903b-3a3d80b8fa54: cophenetic index 3004; 0.8 s; peak memory 305 MiB.
2026-09-20T13:01:02Z INFO [145/500] 087bad21-39f4-41d5-859c-1b0e7a98a969: cophenetic index 6490; 1.7 s; peak memory 305 MiB.
2026-09-20T13:01:03Z INFO [146/500] 087bc19b-9523-467b-892c-22db32d1a651: cophenetic index 490; 0.6 s; peak memory 305 MiB.
2026-09-20T13:01:11Z INFO [147/500] 087c48ce-b7e0-46c5-aec8-660fec3e463d: cophenetic index 235689; 8.0 s; peak memory 305 MiB.
2026-09-20T13:01:12Z INFO [148/500] 087c4d3e-aa9f-410e-aeb0-4070a11d21f2: cophenetic index 3087; 0.7 s; peak memory 305 MiB.
2026-09-20T13:01:13Z INFO [149/500] 087c7cf1-303b-4ed1-a474-02557b85f85b: cophenetic index 11438; 1.9 s; peak memory 305 MiB.
2026-09-20T13:01:18Z INFO [150/500] 087cdd6f-f2f3-4d89-8c53-07dc2c875ab0: cophenetic index 24051; 4.7 s; peak memory 305 MiB.
2026-09-20T13:01:18Z INFO [150/500] 087cdd6f-f2f3-4d89-8c53-07dc2c875ab0: checkpointed 50154 records.
2026-09-20T13:01:19Z INFO [151/500] 087d3d63-e366-4b67-8aa6-86cbdf7a0ecc: cophenetic index 581; 1.1 s; peak memory 305 MiB.
2026-09-20T13:01:20Z INFO [152/500] 087d6a4b-c786-4e5f-ba8c-5acdfbddc99b: cophenetic index 1228; 0.6 s; peak memory 305 MiB.
2026-09-20T13:01:21Z INFO [153/500] 087f170b-7ca1-4e9b-bc72-7fe81ae83355: cophenetic index 431; 0.9 s; peak memory 305 MiB.
2026-09-20T13:01:21Z INFO [154/500] 08802ec1-0619-49d9-9878-cd38826196ed: cophenetic index 624; 0.6 s; peak memory 305 MiB.
2026-09-20T13:01:23Z INFO [155/500] 08808770-b630-4ccc-a688-bdde96686bc1: cophenetic index 1558; 1.0 s; peak memory 305 MiB.
2026-09-20T13:01:23Z INFO [156/500] 0880efa9-7283-44ef-83e7-d7b80f6f3ebc: cophenetic index 649; 0.9 s; peak memory 305 MiB.
2026-09-20T13:01:24Z INFO [157/500] 088107a6-de5a-4573-ac35-4183eff0f4b1: cophenetic index 624; 0.6 s; peak memory 305 MiB.
2026-09-20T13:01:25Z INFO [158/500] 0881661a-6a2a-472e-a928-d086f726dfed: cophenetic index 624; 0.7 s; peak memory 305 MiB.
2026-09-20T13:01:26Z INFO [159/500] 08819f75-93a6-4f04-b4bb-c8c1da9d6a76: cophenetic index 2570; 0.8 s; peak memory 305 MiB.
2026-09-20T13:01:26Z INFO [160/500] 0881c86a-c9d3-4673-8afd-d9d51d463f54: cophenetic index 23975; 0.7 s; peak memory 305 MiB.
2026-09-20T13:01:29Z INFO [161/500] 08848ff0-174c-4531-b25f-fcd5661baaec: cophenetic index 5473; 2.5 s; peak memory 305 MiB.
2026-09-20T13:01:30Z INFO [162/500] 08853029-c49e-40dc-967c-d7454a1b6d7f: cophenetic index 624; 0.7 s; peak memory 305 MiB.
2026-09-20T13:01:30Z INFO [163/500] 08856356-e407-49b3-a3a0-e14b1a9e36fd: cophenetic index 2625; 0.7 s; peak memory 305 MiB.
2026-09-20T13:01:31Z INFO [164/500] 0886dc3c-bfe1-43c5-9ea3-4e0c278523cf: cophenetic index 561; 0.4 s; peak memory 305 MiB.
2026-09-20T13:01:31Z INFO [165/500] 08874d28-3b3c-441f-9c65-a98c64498f19: cophenetic index 624; 0.7 s; peak memory 305 MiB.
2026-09-20T13:01:43Z INFO [166/500] 08877778-c6ef-48fe-bc6d-13cf3717b3ff: cophenetic index 866563; 12.0 s; peak memory 305 MiB.
2026-09-20T13:01:44Z INFO [167/500] 0887f3d9-68c9-4ffd-a827-85a2e688667f: cophenetic index 788; 1.0 s; peak memory 305 MiB.
2026-09-20T13:01:46Z INFO [168/500] 088812b0-2074-4445-95dd-bbce2ae38cee: cophenetic index 2402; 1.9 s; peak memory 305 MiB.
2026-09-20T13:01:47Z INFO [169/500] 08886b66-d106-49a4-b3eb-c50d4b80ef09: cophenetic index 1087; 1.1 s; peak memory 305 MiB.
2026-09-20T13:01:49Z INFO [170/500] 0889083e-7330-4927-8071-498c4e7a86f2: cophenetic index 2402; 2.1 s; peak memory 305 MiB.
2026-09-20T13:01:52Z INFO [171/500] 0889fd27-bd5d-49aa-9f32-5528b1e403bd: cophenetic index 25497; 2.4 s; peak memory 305 MiB.
2026-09-20T13:01:53Z INFO [172/500] 088a08ba-dfd2-44ab-b283-67e45410b337: cophenetic index 33998; 1.5 s; peak memory 305 MiB.
2026-09-20T13:01:58Z INFO [173/500] 088b2e17-4681-404f-8ddc-0c62d12de727: cophenetic index 87573; 5.1 s; peak memory 305 MiB.
2026-09-20T13:02:01Z INFO [174/500] 088b7053-4607-4d78-8f7c-036d564ab99c: cophenetic index 3045; 2.6 s; peak memory 305 MiB.
2026-09-20T13:02:02Z INFO [175/500] 088b94d1-c454-481d-9c63-8edad557a88f: cophenetic index 624; 0.8 s; peak memory 305 MiB.
2026-09-20T13:02:03Z INFO [176/500] 088be3c1-652a-42a8-9c8f-07a89ee15cf7: cophenetic index 4021; 1.4 s; peak memory 305 MiB.
2026-09-20T13:03:26Z INFO [177/500] 088bf4ee-5fb1-4323-9b96-12a7b6b5a84a: cophenetic index 36030552; 83.1 s; peak memory 379 MiB.
2026-09-20T13:03:30Z INFO [178/500] 088c58a9-ca43-4d0f-b2d1-fa180aff20f2: cophenetic index 87781; 3.6 s; peak memory 379 MiB.
2026-09-20T13:03:31Z INFO [179/500] 088cafa5-7189-4afd-acd1-a46b4247942a: cophenetic index 624; 0.7 s; peak memory 379 MiB.
2026-09-20T13:03:31Z INFO [180/500] 088d7e76-b133-41a3-a1b9-f3bb33c3bf90: cophenetic index 431; 0.7 s; peak memory 379 MiB.
2026-09-20T13:03:32Z INFO [181/500] 088d8801-acd5-4147-8d07-9121a58c2b3c: cophenetic index 579; 0.4 s; peak memory 379 MiB.
2026-09-20T13:03:33Z INFO [182/500] 088dbff0-da24-45f2-8fe8-5f2718efb459: cophenetic index 624; 0.7 s; peak memory 379 MiB.
2026-09-20T13:03:33Z INFO [183/500] 088de939-7ef0-4f02-9a1f-165d4d93f24a: cophenetic index 36406; 0.8 s; peak memory 379 MiB.
2026-09-20T13:03:34Z INFO [184/500] 088dfbec-7866-4c22-a75a-412e636f6c09: cophenetic index 3004; 0.8 s; peak memory 379 MiB.
2026-09-20T13:03:35Z INFO [185/500] 088ef7d1-de28-42f0-a15f-a5535fa2c16b: cophenetic index 2625; 1.1 s; peak memory 379 MiB.
2026-09-20T13:03:37Z INFO [186/500] 088efccf-16a9-47c6-a80f-1e511cb8e83b: cophenetic index 33998; 1.5 s; peak memory 379 MiB.
2026-09-20T13:03:38Z INFO [187/500] 088fcb7e-b6fb-4425-b640-12d923efc2d5: cophenetic index 99120; 1.2 s; peak memory 379 MiB.
2026-09-20T13:03:46Z INFO [188/500] 08904cbc-4e4c-458c-b66c-3a51955b5781: cophenetic index 49783; 8.4 s; peak memory 379 MiB.
2026-09-20T13:03:48Z INFO [189/500] 0890ac2d-a7ab-46b5-90a4-9762ff4f5029: cophenetic index 33998; 1.4 s; peak memory 379 MiB.
2026-09-20T13:03:48Z INFO [190/500] 0890f015-98fa-4c49-a45e-1d6a502e3973: cophenetic index 1602; 0.8 s; peak memory 379 MiB.
2026-09-20T13:03:49Z INFO [191/500] 08912f06-255e-4406-b62d-1c4d7bcc1a6b: cophenetic index 624; 0.7 s; peak memory 379 MiB.
2026-09-20T13:03:54Z INFO [192/500] 0891772c-1679-44c8-b271-3035d93a0a90: cophenetic index 5466; 4.4 s; peak memory 379 MiB.
2026-09-20T13:03:54Z INFO [193/500] 08929bd3-7ca1-4e58-a83d-523165a7d614: cophenetic index 490; 0.6 s; peak memory 379 MiB.
2026-09-20T13:03:55Z INFO [194/500] 089339b7-e8b0-4df8-844b-59c714b07339: cophenetic index 624; 0.7 s; peak memory 379 MiB.
2026-09-20T13:03:56Z INFO [195/500] 08947353-5d9a-4f7a-b919-4de4cc4f8f12: cophenetic index 490; 0.6 s; peak memory 379 MiB.
2026-09-20T13:04:02Z INFO [196/500] 08949c62-f680-45a5-9dab-17fda8748684: cophenetic index 123759; 6.7 s; peak memory 379 MiB.
2026-09-20T13:04:04Z INFO [197/500] 089506e2-a880-460b-bbdb-4b17a6751014: cophenetic index 2402; 1.8 s; peak memory 379 MiB.
2026-09-20T13:04:05Z INFO [198/500] 089530d6-1f40-447f-a055-de9e1e0c394a: cophenetic index 33968; 1.0 s; peak memory 379 MiB.
2026-09-20T13:04:06Z INFO [199/500] 08953f97-0ffd-40a4-8506-00d76f981abd: cophenetic index 624; 0.7 s; peak memory 379 MiB.
2026-09-20T13:04:07Z INFO [200/500] 089632d7-9fa1-421f-bca3-0a9b65220580: cophenetic index 3004; 0.8 s; peak memory 379 MiB.
2026-09-20T13:04:07Z INFO [200/500] 089632d7-9fa1-421f-bca3-0a9b65220580: checkpointed 50204 records.
2026-09-20T13:04:08Z INFO [201/500] 0897192f-8423-48c4-8e42-32c045d17606: cophenetic index 2625; 0.9 s; peak memory 379 MiB.
2026-09-20T13:04:11Z INFO [202/500] 089818f0-fe37-459d-aadb-29647ad67fb7: cophenetic index 9298; 3.7 s; peak memory 379 MiB.
2026-09-20T13:04:12Z INFO [203/500] 0898be14-ae35-4173-89b8-5664f9265fac: cophenetic index 754; 0.9 s; peak memory 379 MiB.
2026-09-20T13:04:14Z INFO [204/500] 0899659b-632a-4625-8c47-c604d52c4ec4: cophenetic index 99150; 1.5 s; peak memory 379 MiB.
2026-09-20T13:04:15Z INFO [205/500] 0899bb25-53b3-44a9-9bca-c69d2fec79e6: cophenetic index 2625; 1.1 s; peak memory 379 MiB.
2026-09-20T13:04:16Z INFO [206/500] 089a0ee7-db2a-4c57-a98f-df97d5239ac6: cophenetic index 99114; 1.3 s; peak memory 379 MiB.
2026-09-20T13:04:17Z INFO [207/500] 089a48a4-b0ff-496a-b956-813aec478d4f: cophenetic index 2625; 0.8 s; peak memory 379 MiB.
2026-09-20T13:04:18Z INFO [208/500] 089ad34a-4f83-428a-87a5-9b4ebc77a77f: cophenetic index 590; 0.7 s; peak memory 379 MiB.
2026-09-20T13:04:19Z INFO [209/500] 089bbcdb-5bfc-496f-ab70-739052bcf2ae: cophenetic index 2625; 1.2 s; peak memory 379 MiB.
2026-09-20T13:04:20Z INFO [210/500] 089bd9fe-59a3-4606-985a-ae814213356a: cophenetic index 593; 0.9 s; peak memory 379 MiB.
2026-09-20T13:04:42Z INFO [211/500] 089ce0d8-aa11-4422-b702-d7efe07b74ec: cophenetic index 47708288; 21.8 s; peak memory 379 MiB.
2026-09-20T13:04:47Z INFO [212/500] 089d02a4-e17c-4fc6-94b4-6344ef0b7409: cophenetic index 15817; 5.1 s; peak memory 379 MiB.
2026-09-20T13:04:47Z INFO [213/500] 089d4abe-40df-4f1f-bfc2-10a38008d6ee: cophenetic index 431; 0.7 s; peak memory 379 MiB.
2026-09-20T13:04:48Z INFO [214/500] 089d5105-149e-41fe-ae11-ddbc019ba88c: cophenetic index 23370; 0.8 s; peak memory 379 MiB.
2026-09-20T13:04:56Z INFO [215/500] 089ebc19-73b4-48fb-aa6b-fa12f7f2c189: cophenetic index 20704; 7.9 s; peak memory 379 MiB.
2026-09-20T13:04:57Z INFO [216/500] 089efcd5-8f97-4fd8-9161-5bf0819146a5: cophenetic index 3057; 0.9 s; peak memory 379 MiB.
2026-09-20T13:04:58Z INFO [217/500] 089f199d-92ce-45c9-a01f-61a48bc3daac: cophenetic index 2625; 0.9 s; peak memory 379 MiB.
2026-09-20T13:04:59Z INFO [218/500] 089f4a7f-f925-489f-8514-9057f7d3d49f: cophenetic index 515; 1.1 s; peak memory 379 MiB.
2026-09-20T13:05:00Z INFO [219/500] 089fe784-6455-49fe-8e6e-34fb5f759199: cophenetic index 624; 0.7 s; peak memory 379 MiB.
2026-09-20T13:05:00Z INFO [220/500] 08a030d4-5816-466d-aeaa-1a255883ceb5: cophenetic index 624; 0.5 s; peak memory 379 MiB.
2026-09-20T13:05:01Z INFO [221/500] 08a0e7b2-6fc7-435e-b7c3-231296a531b6: cophenetic index 624; 0.8 s; peak memory 379 MiB.
2026-09-20T13:05:03Z INFO [222/500] 08a16538-08cd-4d71-989e-5e77fa016460: cophenetic index 2573; 1.8 s; peak memory 379 MiB.
2026-09-20T13:05:04Z INFO [223/500] 08a1b7e6-284b-47c4-97d4-8b467e309dfe: cophenetic index 1949; 0.7 s; peak memory 379 MiB.
2026-09-20T13:05:05Z INFO [224/500] 08a20add-4d94-4287-9dc3-ad9d98dd438b: cophenetic index 2551; 1.1 s; peak memory 379 MiB.
2026-09-20T13:05:07Z INFO [225/500] 08a3aa36-957b-4992-bb70-4bae722f6f5c: cophenetic index 5473; 2.0 s; peak memory 379 MiB.
2026-09-20T13:05:07Z INFO [226/500] 08a3c91d-ed69-4c77-9e85-840f00edde31: cophenetic index 690; 0.6 s; peak memory 379 MiB.
2026-09-20T13:05:08Z INFO [227/500] 08a4245f-41b6-4e78-be4d-e40c1a1fcc47: cophenetic index 33986; 1.1 s; peak memory 379 MiB.
2026-09-20T13:05:14Z INFO [228/500] 08a4b61f-9b8c-4fd5-abfc-819e97bfc1a7: cophenetic index 131789; 5.7 s; peak memory 379 MiB.
2026-09-20T13:05:15Z INFO [229/500] 08a4ebae-704c-4f5d-8de5-0cc75eca27b9: cophenetic index 1949; 1.1 s; peak memory 379 MiB.
2026-09-20T13:05:16Z INFO [230/500] 08a619b6-16d4-4a82-ae96-4a9f6a76175b: cophenetic index 3087; 0.7 s; peak memory 379 MiB.
2026-09-20T13:05:16Z INFO [231/500] 08a6642d-a3e3-4506-975a-402610871a6e: cophenetic index 729; 0.5 s; peak memory 379 MiB.
2026-09-20T13:05:17Z INFO [232/500] 08a704af-76fd-4644-b066-d6fd8a4e93e5: cophenetic index 3004; 0.8 s; peak memory 379 MiB.
2026-09-20T13:05:18Z INFO [233/500] 08a70bcc-05c6-4f06-a742-d21a909aedc5: cophenetic index 751; 0.5 s; peak memory 379 MiB.
2026-09-20T13:05:18Z INFO [234/500] 08a71f4f-d90d-4b1b-95d6-2da76ca62da2: cophenetic index 33968; 0.9 s; peak memory 379 MiB.
2026-09-20T13:05:19Z INFO [235/500] 08a8817c-a65b-4fa4-b600-bfdad529516c: cophenetic index 497; 0.7 s; peak memory 379 MiB.
2026-09-20T13:05:20Z INFO [236/500] 08a8e683-81f5-4012-ba08-eba1a0579f4c: cophenetic index 762; 0.4 s; peak memory 379 MiB.
2026-09-20T13:05:21Z INFO [237/500] 08a8fb76-78e4-45e0-8df3-a5a8236d02b5: cophenetic index 613; 1.3 s; peak memory 379 MiB.
2026-09-20T13:05:24Z INFO [238/500] 08a958a5-75d1-4f02-b6b9-7505eb18c9b0: cophenetic index 66950; 3.5 s; peak memory 379 MiB.
2026-09-20T13:05:25Z INFO [239/500] 08a96b90-c941-419b-bf64-fc9533abe4a9: cophenetic index 651; 0.6 s; peak memory 379 MiB.
2026-09-20T13:05:32Z INFO [240/500] 08aa9dc3-aca2-465a-9209-9f7c4b989fdd: cophenetic index 450886; 7.5 s; peak memory 379 MiB.
2026-09-20T13:05:35Z INFO [241/500] 08aaa6ed-67b2-4faf-b215-72f3e8c50300: cophenetic index 3045; 2.7 s; peak memory 379 MiB.
2026-09-20T13:05:36Z INFO [242/500] 08aaaae1-8e22-4f1a-9db7-c064a82966f0: cophenetic index 3004; 0.9 s; peak memory 379 MiB.
2026-09-20T13:05:37Z INFO [243/500] 08ab40d8-51f8-4cec-9c48-d428ce7b7074: cophenetic index 2625; 1.1 s; peak memory 379 MiB.
2026-09-20T13:05:38Z INFO [244/500] 08ab8376-42c0-4f10-b908-3f641b188c76: cophenetic index 2105; 1.2 s; peak memory 379 MiB.
2026-09-20T13:05:39Z INFO [245/500] 08ac4ef8-26f1-45b9-af83-d33b6330dd77: cophenetic index 413; 0.6 s; peak memory 379 MiB.
2026-09-20T13:05:40Z INFO [246/500] 08ac64dd-d873-4e4c-b728-32ef98e1ac79: cophenetic index 2625; 1.0 s; peak memory 379 MiB.
2026-09-20T13:05:41Z INFO [247/500] 08ac9830-4cc3-47ab-8767-24e26c29ca3b: cophenetic index 2625; 0.9 s; peak memory 379 MiB.
2026-09-20T13:05:42Z INFO [248/500] 08acb4d1-f026-4890-91f5-7e8a5cc44d22: cophenetic index 33986; 1.0 s; peak memory 379 MiB.
2026-09-20T13:05:43Z INFO [249/500] 08ad17f8-c76a-4924-a24f-c0c9b98aab76: cophenetic index 33986; 1.0 s; peak memory 379 MiB.
2026-09-20T13:05:50Z INFO [250/500] 08ad9b6f-faa8-4744-95de-e279991e782f: cophenetic index 303741; 6.9 s; peak memory 379 MiB.
2026-09-20T13:05:50Z INFO [250/500] 08ad9b6f-faa8-4744-95de-e279991e782f: checkpointed 50254 records.
2026-09-20T13:05:51Z INFO [251/500] 08aec36e-73e0-4dfe-9e67-167657839931: cophenetic index 949; 1.1 s; peak memory 379 MiB.
2026-09-20T13:05:52Z INFO [252/500] 08b01214-2af6-4602-9259-f1632508dc05: cophenetic index 624; 0.6 s; peak memory 379 MiB.
2026-09-20T13:05:52Z INFO [253/500] 08b1cd54-7359-442f-a9b0-0d991c180b6f: cophenetic index 731; 0.4 s; peak memory 379 MiB.
2026-09-20T13:05:53Z INFO [254/500] 08b25532-cb58-4b3a-8208-4a80e1a2ad4c: cophenetic index 2132; 1.0 s; peak memory 379 MiB.
2026-09-20T13:05:54Z INFO [255/500] 08b255b6-08ca-4151-b13a-ed88113166cf: cophenetic index 2920; 0.8 s; peak memory 379 MiB.
2026-09-20T13:06:03Z INFO [256/500] 08b2bc6d-0ae5-4087-ab7e-2fab0d7527ca: cophenetic index 66722; 9.3 s; peak memory 379 MiB.
2026-09-20T13:06:04Z INFO [257/500] 08b2c281-c914-42a0-bfca-c17ba1c96f82: cophenetic index 624; 0.7 s; peak memory 379 MiB.
2026-09-20T13:06:05Z INFO [258/500] 08b3c8c9-4722-47ad-89db-58dbfade377b: cophenetic index 431; 0.6 s; peak memory 379 MiB.
2026-09-20T13:06:05Z INFO [259/500] 08b3df21-9dde-4c20-b11f-41918f31955f: cophenetic index 624; 0.6 s; peak memory 379 MiB.
2026-09-20T13:06:06Z INFO [260/500] 08b4cf72-7180-4d2f-b568-9ab5d742566b: cophenetic index 469; 0.8 s; peak memory 379 MiB.
2026-09-20T13:06:07Z INFO [261/500] 08b5a0bd-0c49-4f1e-a6b0-14f532f2f27e: cophenetic index 511; 0.5 s; peak memory 379 MiB.
2026-09-20T13:06:08Z INFO [262/500] 08b7c24b-a5f6-4621-896c-8e6877ef5685: cophenetic index 33968; 1.2 s; peak memory 379 MiB.
2026-09-20T13:06:08Z INFO [263/500] 08b879db-a252-4da9-a4fc-7dea905b23d5: cophenetic index 579; 0.4 s; peak memory 379 MiB.
2026-09-20T13:06:13Z INFO [264/500] 08b887e2-fe7d-4e7c-b37e-89f514576184: cophenetic index 124107; 4.9 s; peak memory 379 MiB.
2026-09-20T13:06:18Z INFO [265/500] 08b8c508-fa2f-4e84-ab95-c7a32831167d: cophenetic index 153556; 5.1 s; peak memory 379 MiB.
2026-09-20T13:06:19Z INFO [266/500] 08ba57ef-a3b5-4256-9b68-7ed375a768c0: cophenetic index 624; 0.6 s; peak memory 379 MiB.
2026-09-20T13:06:20Z INFO [267/500] 08ba74d1-9da1-4a5c-9c21-8960c21a1d38: cophenetic index 33968; 1.0 s; peak memory 379 MiB.
2026-09-20T13:06:23Z INFO [268/500] 08baba3c-a7b6-49e7-88f9-130e9733afd7: cophenetic index 6412; 3.0 s; peak memory 379 MiB.
2026-09-20T13:06:23Z INFO [269/500] 08bcdcc2-4abf-4d72-ad9a-79e18d573592: cophenetic index 624; 0.7 s; peak memory 379 MiB.
2026-09-20T13:06:24Z INFO [270/500] 08bd98e8-cedb-4438-8be8-9143eacc8d38: cophenetic index 99150; 1.1 s; peak memory 379 MiB.
2026-09-20T13:06:27Z INFO [271/500] 08bddb1b-3a6c-4eac-a904-e7ebb2dde5f5: cophenetic index 41788; 2.6 s; peak memory 379 MiB.
2026-09-20T13:06:29Z INFO [272/500] 08bdde18-ab53-4087-b98e-b43ac0ca0ea2: cophenetic index 5400; 2.1 s; peak memory 379 MiB.
2026-09-20T13:06:32Z INFO [273/500] 08bddfeb-86ca-4954-9892-6ebc1295b62e: cophenetic index 1365; 2.6 s; peak memory 379 MiB.
2026-09-20T13:06:33Z INFO [274/500] 08bef113-4f28-46a5-814e-1a591d446b59: cophenetic index 1087; 1.0 s; peak memory 379 MiB.
2026-09-20T13:06:34Z INFO [275/500] 08bf1500-d261-4e69-a87e-5d45fadd9672: cophenetic index 766; 0.9 s; peak memory 379 MiB.
2026-09-20T13:06:39Z INFO [276/500] 08bf3dbd-e66b-40d5-91fa-912b617c8e3a: cophenetic index 88913; 5.1 s; peak memory 379 MiB.
2026-09-20T13:06:47Z INFO [277/500] 08bfa495-6462-4797-a9f1-db5f350eac6d: cophenetic index 481138; 8.1 s; peak memory 379 MiB.
2026-09-20T13:06:51Z INFO [278/500] 08c04799-cf65-4481-bf52-71369e093872: cophenetic index 9548; 4.0 s; peak memory 379 MiB.
2026-09-20T13:06:52Z INFO [279/500] 08c077a6-ba1d-4c96-b835-489c9b7288a6: cophenetic index 2570; 0.8 s; peak memory 379 MiB.
2026-09-20T13:06:53Z INFO [280/500] 08c092b9-d7ff-4329-9827-71f29b319d68: cophenetic index 624; 0.7 s; peak memory 379 MiB.
2026-09-20T13:06:53Z INFO [281/500] 08c151e6-c3be-4164-91a7-ad4c58cbb0d8: cophenetic index 3004; 0.8 s; peak memory 379 MiB.
2026-09-20T13:06:54Z INFO [282/500] 08c17d3f-d32c-44b1-bedc-8c3493caae70: cophenetic index 605; 0.8 s; peak memory 379 MiB.
2026-09-20T13:07:02Z INFO [283/500] 08c22356-5153-4662-907e-744d7e0ffd27: cophenetic index 224671; 7.4 s; peak memory 379 MiB.
2026-09-20T13:07:02Z INFO [284/500] 08c3c40f-a015-4558-98fc-fefdcfd48f9f: cophenetic index 605; 0.9 s; peak memory 379 MiB.
2026-09-20T13:07:03Z INFO [285/500] 08c3e455-48c7-475e-bfbc-6bdad9755519: cophenetic index 626; 0.8 s; peak memory 379 MiB.
2026-09-20T13:07:04Z INFO [286/500] 08c40b2b-0a36-4c3c-a104-15b455e9d212: cophenetic index 33998; 1.3 s; peak memory 379 MiB.
2026-09-20T13:07:05Z INFO [287/500] 08c56fd2-4de9-4b38-b08a-3889131d9e1f: cophenetic index 624; 0.7 s; peak memory 379 MiB.
2026-09-20T13:07:06Z INFO [288/500] 08c5aeab-61c5-4740-b868-395d37c99ebb: cophenetic index 2570; 0.9 s; peak memory 379 MiB.
2026-09-20T13:07:07Z INFO [289/500] 08c690b2-be3d-4e62-b05c-122fc5662bb2: cophenetic index 895; 1.4 s; peak memory 379 MiB.
2026-09-20T13:07:08Z INFO [290/500] 08c79fe8-aeba-4dd2-be13-dfc4f8680b96: cophenetic index 722; 0.6 s; peak memory 379 MiB.
2026-09-20T13:07:09Z INFO [291/500] 08c831fe-bf43-4147-90e5-b66b0871e57f: cophenetic index 23864; 0.8 s; peak memory 379 MiB.
2026-09-20T13:07:10Z INFO [292/500] 08c8588f-3ff3-4e33-b0f1-bcea4415ea72: cophenetic index 624; 0.7 s; peak memory 379 MiB.
2026-09-20T13:07:11Z INFO [293/500] 08c966d5-5542-4d11-8b99-9a8a707cc658: cophenetic index 3087; 1.0 s; peak memory 379 MiB.
2026-09-20T13:07:11Z INFO [294/500] 08c96f40-7417-4a2a-9202-59f4ec61eaef: cophenetic index 624; 0.8 s; peak memory 379 MiB.
2026-09-20T13:07:17Z INFO [295/500] 08cb3bd6-a316-49f5-b903-5f715afc8a4f: cophenetic index 162235857; 5.7 s; peak memory 382 MiB.
2026-09-20T13:07:30Z INFO [296/500] 08cb6d93-e43f-4e2c-b500-902fa4b84e60: cophenetic index 42755; 12.8 s; peak memory 382 MiB.
2026-09-20T13:07:37Z INFO [297/500] 08cc8b57-4e3a-4fdf-b848-668f84bc6c3a: cophenetic index 608897; 7.0 s; peak memory 382 MiB.
2026-09-20T13:07:37Z INFO [298/500] 08cc9215-ee76-4688-897e-436006d71976: cophenetic index 431; 0.6 s; peak memory 382 MiB.
2026-09-20T13:07:38Z INFO [299/500] 08cd36f0-3571-43bc-82c3-5c1cf855d19e: cophenetic index 624; 0.7 s; peak memory 382 MiB.
2026-09-20T13:07:42Z INFO [300/500] 08cd6c82-17c3-4fa2-bc82-4103f3e3050a: cophenetic index 9548; 4.1 s; peak memory 382 MiB.
2026-09-20T13:07:42Z INFO [300/500] 08cd6c82-17c3-4fa2-bc82-4103f3e3050a: checkpointed 50304 records.
2026-09-20T13:07:44Z INFO [301/500] 08cd6d4b-f8dc-4583-87d9-7fa55e0d63af: cophenetic index 33968; 1.1 s; peak memory 382 MiB.
2026-09-20T13:07:44Z INFO [302/500] 08cdc315-592c-44b3-9a1a-f755642f1427: cophenetic index 1736; 0.7 s; peak memory 382 MiB.
2026-09-20T13:07:45Z INFO [303/500] 08cdc8d2-0e3e-47db-9da4-3402a7a004fe: cophenetic index 494; 0.7 s; peak memory 382 MiB.
2026-09-20T13:07:49Z INFO [304/500] 08cde427-3ffe-46bd-b773-182a2fe5f1b7: cophenetic index 6800; 3.9 s; peak memory 382 MiB.
2026-09-20T13:07:49Z INFO [305/500] 08cdfc8c-f34b-4b67-bdbe-3ebbf9c93824: cophenetic index 641; 0.4 s; peak memory 382 MiB.
2026-09-20T13:07:50Z INFO [306/500] 08ce5118-9f3c-4489-ad0e-5c42c8a246af: cophenetic index 3057; 0.7 s; peak memory 382 MiB.
2026-09-20T13:07:51Z INFO [307/500] 08ce5eee-3f40-4b1d-bc79-106b730f7aed: cophenetic index 3087; 0.7 s; peak memory 382 MiB.
2026-09-20T13:07:52Z INFO [308/500] 08ce7d84-e466-430a-a54e-51d7c74d9860: cophenetic index 2308; 1.4 s; peak memory 382 MiB.
2026-09-20T13:07:53Z INFO [309/500] 08d05fed-98b6-4a80-910c-985638fc8442: cophenetic index 1087; 0.8 s; peak memory 382 MiB.
2026-09-20T13:07:55Z INFO [310/500] 08d0a5bf-3bf0-455b-a114-5ee056ead9f3: cophenetic index 5473; 1.9 s; peak memory 382 MiB.
2026-09-20T13:07:55Z INFO [311/500] 08d0d061-e73c-43c0-a70c-b1272cfe03f0: cophenetic index 624; 0.7 s; peak memory 382 MiB.
2026-09-20T13:07:57Z INFO [312/500] 08d11f74-ed20-415e-a341-ea7a126121ba: cophenetic index 2625; 1.2 s; peak memory 382 MiB.
2026-09-20T13:07:57Z INFO [313/500] 08d12504-0304-4c23-9a2f-17ef4c52088a: cophenetic index 624; 0.7 s; peak memory 382 MiB.
2026-09-20T13:07:58Z INFO [314/500] 08d135fb-071a-4e37-8e98-116649946747: cophenetic index 1087; 1.1 s; peak memory 382 MiB.
2026-09-20T13:07:59Z INFO [315/500] 08d169d2-9255-4be5-b9eb-b0e48debda7d: cophenetic index 3004; 0.9 s; peak memory 382 MiB.
2026-09-20T13:08:00Z INFO [316/500] 08d26189-31fa-45b3-8ad3-024cf59dc74c: cophenetic index 725; 0.5 s; peak memory 382 MiB.
2026-09-20T13:08:01Z INFO [317/500] 08d26757-c3f8-4bbe-9914-5df862d060e9: cophenetic index 2682; 1.4 s; peak memory 382 MiB.
2026-09-20T13:08:02Z INFO [318/500] 08d31910-1e27-4e5e-bfc8-072d8429539d: cophenetic index 431; 0.5 s; peak memory 382 MiB.
2026-09-20T13:08:02Z INFO [319/500] 08d48be9-e98b-485a-91af-4c5dfeb21f4d: cophenetic index 624; 0.7 s; peak memory 382 MiB.
2026-09-20T13:08:05Z INFO [320/500] 08d4aeb2-ab52-4789-8d28-c4ca4c0cfba7: cophenetic index 5473; 2.4 s; peak memory 382 MiB.
2026-09-20T13:08:06Z INFO [321/500] 08d4fc16-180b-4539-85a0-063d965d5608: cophenetic index 2056; 1.1 s; peak memory 382 MiB.
2026-09-20T13:08:07Z INFO [322/500] 08d65518-c538-4ad1-a3cd-c9b6c82bcb24: cophenetic index 624; 0.6 s; peak memory 382 MiB.
2026-09-20T13:08:08Z INFO [323/500] 08d6c5b6-2aad-4b9f-adcc-956bf6f2e7f6: cophenetic index 99120; 1.3 s; peak memory 382 MiB.
2026-09-20T13:08:09Z INFO [324/500] 08d6c838-6ef3-4de7-bb3d-f5ae89507cfd: cophenetic index 33958; 0.9 s; peak memory 382 MiB.
2026-09-20T13:08:10Z INFO [325/500] 08d6df98-8227-4228-811d-d30c03901b40: cophenetic index 766; 0.9 s; peak memory 382 MiB.
2026-09-20T13:08:17Z INFO [326/500] 08d721fd-012c-45bf-aa2e-cd2ece6b23f4: cophenetic index 23077; 6.8 s; peak memory 382 MiB.
2026-09-20T13:08:17Z INFO [327/500] 08d7794f-79ad-47e5-9994-5895082b99a1: cophenetic index 2424; 0.8 s; peak memory 382 MiB.
2026-09-20T13:08:18Z INFO [328/500] 08d7e54c-88a4-4f00-89a5-344c0c93281e: cophenetic index 490; 0.7 s; peak memory 382 MiB.
2026-09-20T13:08:27Z INFO [329/500] 08d7f5bd-d179-4e76-a0a6-356d02a3af33: cophenetic index 337063; 8.4 s; peak memory 382 MiB.
2026-09-20T13:08:27Z INFO [330/500] 08d81115-427d-47c8-b76e-92bacc5c2703: cophenetic index 2496; 0.8 s; peak memory 382 MiB.
2026-09-20T13:08:34Z INFO [331/500] 08d86979-cca0-46a9-94fc-49ce15eab986: cophenetic index 46939; 6.4 s; peak memory 382 MiB.
2026-09-20T13:08:35Z INFO [332/500] 08d97053-352f-4def-bedb-4102990e7c71: cophenetic index 649; 0.8 s; peak memory 382 MiB.
2026-09-20T13:08:40Z INFO [333/500] 08da5f7d-0fc8-4a47-a4cf-df36dce7b378: cophenetic index 14699; 5.7 s; peak memory 382 MiB.
2026-09-20T13:08:41Z INFO [334/500] 08da8f5d-f558-4afc-9bc1-726c47c361d3: cophenetic index 3004; 0.8 s; peak memory 382 MiB.
2026-09-20T13:08:42Z INFO [335/500] 08dab2ba-7b97-4274-89e6-eee3a4559bbe: cophenetic index 13320; 0.9 s; peak memory 382 MiB.
2026-09-20T13:08:43Z INFO [336/500] 08dabbef-6f92-4170-93e4-baeb7695e51c: cophenetic index 1558; 1.0 s; peak memory 382 MiB.
2026-09-20T13:08:45Z INFO [337/500] 08dbbe47-7116-408f-a055-13e4e93304ca: cophenetic index 33998; 1.7 s; peak memory 382 MiB.
2026-09-20T13:08:46Z INFO [338/500] 08dc9c5e-6d59-4246-bfea-822d35b5f4bf: cophenetic index 2625; 1.2 s; peak memory 382 MiB.
2026-09-20T13:08:47Z INFO [339/500] 08dcf7fe-9799-479d-ad05-75af2870c505: cophenetic index 624; 0.7 s; peak memory 382 MiB.
2026-09-20T13:08:48Z INFO [340/500] 08dd8352-a465-4f5c-b3db-a15b0f580747: cophenetic index 2609; 1.8 s; peak memory 382 MiB.
2026-09-20T13:08:50Z INFO [341/500] 08de1f7f-6ceb-42b2-ba3b-e53290103343: cophenetic index 1751; 1.3 s; peak memory 382 MiB.
2026-09-20T13:08:51Z INFO [342/500] 08de811b-1ccc-43be-bdd9-0b9d838fcc7d: cophenetic index 3087; 0.8 s; peak memory 382 MiB.
2026-09-20T13:08:52Z INFO [343/500] 08df129a-47a0-4588-b7ef-b6745e4e2a63: cophenetic index 99138; 1.0 s; peak memory 382 MiB.
2026-09-20T13:08:52Z INFO [344/500] 08df20e4-3370-4dd1-9e46-9097246559dc: cophenetic index 2724; 0.8 s; peak memory 382 MiB.
2026-09-20T13:08:53Z INFO [345/500] 08e109ae-5f23-4cf8-934c-79e3c4ef8bea: cophenetic index 2625; 0.8 s; peak memory 382 MiB.
2026-09-20T13:08:54Z INFO [346/500] 08e119a6-3677-4485-8acd-d9440a5a831d: cophenetic index 494; 0.6 s; peak memory 382 MiB.
2026-09-20T13:08:55Z INFO [347/500] 08e13029-cf2e-440d-8b5b-341a150ebb05: cophenetic index 649; 0.8 s; peak memory 382 MiB.
2026-09-20T13:08:56Z INFO [348/500] 08e26b4f-e23d-4a18-9df3-754de144d6df: cophenetic index 2005; 1.3 s; peak memory 382 MiB.
2026-09-20T13:08:57Z INFO [349/500] 08e3de8c-94de-4db6-96b3-9ca7f17de437: cophenetic index 2923; 0.8 s; peak memory 382 MiB.
2026-09-20T13:08:57Z INFO [350/500] 08e3ec2d-be1a-4e04-9ea5-ed3d24e79670: cophenetic index 624; 0.7 s; peak memory 382 MiB.
2026-09-20T13:08:57Z INFO [350/500] 08e3ec2d-be1a-4e04-9ea5-ed3d24e79670: checkpointed 50354 records.
2026-09-20T13:09:02Z INFO [351/500] 08e4a452-5574-41b6-8758-935b3b95820b: cophenetic index 87573; 4.0 s; peak memory 382 MiB.
2026-09-20T13:09:02Z INFO [352/500] 08e59224-f8f4-4a46-a247-abebb430e087: cophenetic index 624; 0.7 s; peak memory 382 MiB.
2026-09-20T13:09:03Z INFO [353/500] 08e5a000-0500-4083-aa99-47e4e53d684e: cophenetic index 490; 0.5 s; peak memory 382 MiB.
2026-09-20T13:09:04Z INFO [354/500] 08e69f3c-4c07-4753-886b-8a653e678c7c: cophenetic index 30304; 1.0 s; peak memory 382 MiB.
2026-09-20T13:09:05Z INFO [355/500] 08e70550-23a8-4fc2-a31d-1699e14c977c: cophenetic index 2402; 1.6 s; peak memory 382 MiB.
2026-09-20T13:09:06Z INFO [356/500] 08e7facd-e0da-4679-869a-2690ab6f4be0: cophenetic index 791; 0.8 s; peak memory 382 MiB.
2026-09-20T13:09:11Z INFO [357/500] 08e87489-9aef-4e19-92f2-4248d1e1c560: cophenetic index 332574; 5.3 s; peak memory 382 MiB.
2026-09-20T13:09:17Z INFO [358/500] 08e8f32e-c698-4d22-b963-b29cbeaa43e8: cophenetic index 123406; 5.2 s; peak memory 382 MiB.
2026-09-20T13:09:17Z INFO [359/500] 08e92695-6bbc-400b-b4b3-97913fddd42d: cophenetic index 446; 0.3 s; peak memory 382 MiB.
2026-09-20T13:09:19Z INFO [360/500] 08ea1571-8912-4535-89ac-5e9e6647e80e: cophenetic index 2529; 1.5 s; peak memory 382 MiB.
2026-09-20T13:09:21Z INFO [361/500] 08ea1c4c-528e-4898-9899-ba7bc6693037: cophenetic index 2402; 2.0 s; peak memory 382 MiB.
2026-09-20T13:09:25Z INFO [362/500] 08ea54e4-d466-43ed-9c72-39ea4e4e6322: cophenetic index 6591; 4.2 s; peak memory 382 MiB.
2026-09-20T13:09:26Z INFO [363/500] 08ea5ef4-96f3-47f0-9993-e43fcd4586d0: cophenetic index 2402; 1.7 s; peak memory 382 MiB.
2026-09-20T13:09:27Z INFO [364/500] 08ea9d0e-678d-4737-a563-8749f86d1b13: cophenetic index 33986; 0.9 s; peak memory 382 MiB.
2026-09-20T13:09:28Z INFO [365/500] 08eb03fe-ea93-4b60-9e36-c10560de8113: cophenetic index 3004; 0.7 s; peak memory 382 MiB.
2026-09-20T13:09:29Z INFO [366/500] 08eb4e23-ac06-4a98-8d6a-b1129ccd8e66: cophenetic index 539; 0.7 s; peak memory 382 MiB.
2026-09-20T13:09:31Z INFO [367/500] 08eb84a9-f4e4-4a90-948f-0d09daeee9f0: cophenetic index 2391; 1.9 s; peak memory 382 MiB.
2026-09-20T13:09:31Z INFO [368/500] 08eba4f8-0fdd-4abc-a124-11ca95e3231f: cophenetic index 649; 0.7 s; peak memory 382 MiB.
2026-09-20T13:09:33Z INFO [369/500] 08ec5fe2-4e07-4f23-946b-89016e625ae9: cophenetic index 2625; 1.0 s; peak memory 382 MiB.
2026-09-20T13:09:36Z INFO [370/500] 08ecf617-c7c4-4ad9-b665-053db70801aa: cophenetic index 87573; 3.5 s; peak memory 382 MiB.
2026-09-20T13:09:37Z INFO [371/500] 08ed56e1-b3ec-4753-9191-1efc086c4e8f: cophenetic index 649; 0.7 s; peak memory 382 MiB.
2026-09-20T13:09:37Z INFO [372/500] 08ed8a5b-dd4d-4dff-ab56-f30b85ca38ee: cophenetic index 624; 0.7 s; peak memory 382 MiB.
2026-09-20T13:09:38Z INFO [373/500] 08edd889-5e2a-497a-909b-2c7b90cc682f: cophenetic index 624; 0.7 s; peak memory 382 MiB.
2026-09-20T13:09:39Z INFO [374/500] 08ee0e96-c44e-477b-974f-731984fec76a: cophenetic index 624; 0.6 s; peak memory 382 MiB.
2026-09-20T13:09:39Z INFO [375/500] 08ee1a2d-ebc7-4b7c-8915-e0da2f280363: cophenetic index 624; 0.7 s; peak memory 382 MiB.
2026-09-20T13:09:40Z INFO [376/500] 08ef1715-ebd5-4afb-b4ca-48f1846b4369: cophenetic index 624; 0.8 s; peak memory 382 MiB.
2026-09-20T13:09:41Z INFO [377/500] 08ef18bd-1e75-4302-be07-29bda6cbef06: cophenetic index 624; 0.7 s; peak memory 382 MiB.
2026-09-20T13:09:42Z INFO [378/500] 08ef1cdd-c67e-47b8-8eb5-b5149ec45bf8: cophenetic index 649; 0.7 s; peak memory 382 MiB.
2026-09-20T13:09:46Z INFO [379/500] 08ef619d-189b-401f-b9ff-b50a9d1f29e3: cophenetic index 69920; 4.7 s; peak memory 382 MiB.
2026-09-20T13:09:47Z INFO [380/500] 08ef7fd5-8088-4a0b-9518-fa929edef951: cophenetic index 651; 0.6 s; peak memory 382 MiB.
2026-09-20T13:09:47Z INFO [381/500] 08efe47a-2912-45b4-a088-cf471be33d7e: cophenetic index 431; 0.6 s; peak memory 382 MiB.
2026-09-20T13:09:48Z INFO [382/500] 08eff9b7-4295-4cff-a1bf-c00235252783: cophenetic index 624; 0.7 s; peak memory 382 MiB.
2026-09-20T13:09:49Z INFO [383/500] 08f0264f-c709-4409-986b-d1d23dff6cd0: cophenetic index 448; 0.6 s; peak memory 382 MiB.
2026-09-20T13:09:50Z INFO [384/500] 08f04ddc-9465-4124-99a7-e101bf024b6e: cophenetic index 2570; 1.0 s; peak memory 382 MiB.
2026-09-20T13:09:50Z INFO [385/500] 08f08110-110a-4c51-a1b2-78220576a5ea: cophenetic index 624; 0.7 s; peak memory 382 MiB.
2026-09-20T13:09:51Z INFO [386/500] 08f0a77f-603f-46f1-955b-ac994e79a176: cophenetic index 2625; 0.7 s; peak memory 382 MiB.
2026-09-20T13:09:52Z INFO [387/500] 08f0c050-25f3-49cd-94a8-d83ace9c26f5: cophenetic index 624; 0.6 s; peak memory 382 MiB.
2026-09-20T13:09:59Z INFO [388/500] 08f1d849-9a84-436e-b270-7add15eccd37: cophenetic index 21815; 7.4 s; peak memory 382 MiB.
2026-09-20T13:10:00Z INFO [389/500] 08f20ad1-cb84-483d-855b-647ff6e2cf1c: cophenetic index 3004; 0.7 s; peak memory 382 MiB.
2026-09-20T13:11:32Z INFO [390/500] 08f23724-a9be-4365-9e4a-66dd788a3f0b: cophenetic index 95581706; 92.1 s; peak memory 516 MiB.
2026-09-20T13:11:33Z INFO [391/500] 08f23d69-e0b6-4c2e-945c-3f3b7329c924: cophenetic index 3004; 0.9 s; peak memory 516 MiB.
2026-09-20T13:11:34Z INFO [392/500] 08f2f6e7-17fd-4312-94cf-16bb43818e92: cophenetic index 41788; 1.4 s; peak memory 516 MiB.
2026-09-20T13:11:35Z INFO [393/500] 08f34c44-d6b3-4b5f-b6f3-73e36eda0e59: cophenetic index 3087; 1.0 s; peak memory 516 MiB.
2026-09-20T13:11:36Z INFO [394/500] 08f359a2-acf0-470c-a567-83c577b114f7: cophenetic index 164; 0.4 s; peak memory 516 MiB.
2026-09-20T13:11:41Z INFO [395/500] 08f4af56-cdeb-4408-88f1-3c9f48822dda: cophenetic index 654873; 5.8 s; peak memory 516 MiB.
2026-09-20T13:11:42Z INFO [396/500] 08f6ad66-30fe-4bd3-a1e4-6f8a4522858e: cophenetic index 624; 0.7 s; peak memory 516 MiB.
2026-09-20T13:11:44Z INFO [397/500] 08f7470c-0bb1-459d-b8a8-5cf77a658f7d: cophenetic index 2682; 1.4 s; peak memory 516 MiB.
2026-09-20T13:11:44Z INFO [398/500] 08f76c97-a3e6-4c94-9b57-312232814b22: cophenetic index 3004; 0.7 s; peak memory 516 MiB.
2026-09-20T13:11:45Z INFO [399/500] 08f77e52-4716-4587-b5b1-97abc0d1bb36: cophenetic index 624; 0.7 s; peak memory 516 MiB.
2026-09-20T13:11:46Z INFO [400/500] 08f822d0-c311-4b7b-a538-d86a669a1425: cophenetic index 33998; 1.1 s; peak memory 516 MiB.
2026-09-20T13:11:46Z INFO [400/500] 08f822d0-c311-4b7b-a538-d86a669a1425: checkpointed 50404 records.
2026-09-20T13:11:47Z INFO [401/500] 08f84741-d3c6-4c05-950f-547633dbd30d: cophenetic index 3004; 0.8 s; peak memory 516 MiB.
2026-09-20T13:11:48Z INFO [402/500] 08f86cd6-e614-48f4-90ac-da7e6d9fac8a: cophenetic index 766; 0.9 s; peak memory 516 MiB.
2026-09-20T13:11:49Z INFO [403/500] 08f870d2-dd31-4c9c-83f5-efcef92f972d: cophenetic index 3004; 0.8 s; peak memory 516 MiB.
2026-09-20T13:11:50Z INFO [404/500] 08f8774e-d489-4c89-9f5f-8c52822dcc46: cophenetic index 624; 0.7 s; peak memory 516 MiB.
2026-09-20T13:11:51Z INFO [405/500] 08f87e25-6685-4050-959c-5f4f092c02c1: cophenetic index 1130; 1.2 s; peak memory 516 MiB.
2026-09-20T13:11:51Z INFO [406/500] 08f9b4bb-2e6c-4ea2-932a-6cf5243ad6e5: cophenetic index 3057; 0.7 s; peak memory 516 MiB.
2026-09-20T13:11:52Z INFO [407/500] 08fa2223-fb14-49cb-8b0c-8f01db9b0209: cophenetic index 815; 1.0 s; peak memory 516 MiB.
2026-09-20T13:11:53Z INFO [408/500] 08fa64bb-523e-410e-898a-090d4fe07b51: cophenetic index 624; 0.8 s; peak memory 516 MiB.
2026-09-20T13:11:55Z INFO [409/500] 08fab2d6-a0df-46b3-a5ed-c42f864fb2ba: cophenetic index 2609; 1.5 s; peak memory 516 MiB.
2026-09-20T13:11:56Z INFO [410/500] 08fb0007-e004-4dee-a668-ad14ed014b7f: cophenetic index 999; 1.1 s; peak memory 516 MiB.
2026-09-20T13:11:57Z INFO [411/500] 08fb1040-1b84-4814-8fb7-af4767561d88: cophenetic index 624; 0.7 s; peak memory 516 MiB.
2026-09-20T13:11:57Z INFO [412/500] 08fb9d81-4375-431f-9d7c-429cabf51986: cophenetic index 624; 0.6 s; peak memory 516 MiB.
2026-09-20T13:11:58Z INFO [413/500] 08fc4364-4016-424c-8d26-000339a15df2: cophenetic index 433; 0.5 s; peak memory 516 MiB.
2026-09-20T13:11:59Z INFO [414/500] 08fd8850-3a50-4c42-b652-b3e0d35d16dc: cophenetic index 1733; 1.6 s; peak memory 516 MiB.
2026-09-20T13:12:00Z INFO [415/500] 08fda99a-01ab-4176-9546-073734de664f: cophenetic index 624; 0.6 s; peak memory 516 MiB.
2026-09-20T13:12:01Z INFO [416/500] 08ff0d43-f20e-4ed5-8b97-1b97a97f93f4: cophenetic index 624; 0.8 s; peak memory 516 MiB.
2026-09-20T13:12:03Z INFO [417/500] 09005235-8c64-4d60-b8de-905598de830a: cophenetic index 2402; 1.9 s; peak memory 516 MiB.
2026-09-20T13:12:03Z INFO [418/500] 09012602-d498-4532-883c-b70dd4b2e2e8: cophenetic index 624; 0.6 s; peak memory 516 MiB.
2026-09-20T13:12:04Z INFO [419/500] 090142c1-b0ce-4016-9134-094612f202b2: cophenetic index 452; 0.8 s; peak memory 516 MiB.
2026-09-20T13:12:07Z INFO [420/500] 09015e61-ee5e-4dbb-89f6-b86d5c964396: cophenetic index 40891; 3.4 s; peak memory 516 MiB.
2026-09-20T13:12:08Z INFO [421/500] 09018444-4dd2-48b5-aaf3-bd1d485f818d: cophenetic index 2625; 1.0 s; peak memory 516 MiB.
2026-09-20T13:12:09Z INFO [422/500] 0902a643-596e-49af-8e7f-a9c205d04ce5: cophenetic index 490; 0.5 s; peak memory 516 MiB.
2026-09-20T13:12:14Z INFO [423/500] 0902b6ab-037b-4202-85f5-7614e1d78818: cophenetic index 129210; 5.3 s; peak memory 516 MiB.
2026-09-20T13:12:15Z INFO [424/500] 09030112-3ceb-4ef3-9791-b255b2800c5d: cophenetic index 1949; 0.8 s; peak memory 516 MiB.
2026-09-20T13:12:15Z INFO [425/500] 09040166-c97c-4f81-93b9-fe6521bd2f9c: cophenetic index 446; 0.5 s; peak memory 516 MiB.
2026-09-20T13:12:16Z INFO [426/500] 0904bc61-0407-4d02-8a1b-1c830bfe97d1: cophenetic index 23866; 0.7 s; peak memory 516 MiB.
2026-09-20T13:12:19Z INFO [427/500] 09067f67-228a-4b5a-8e83-254078d526f6: cophenetic index 4596; 2.5 s; peak memory 516 MiB.
2026-09-20T13:12:20Z INFO [428/500] 0906cd85-9c9c-4c73-88f3-24c9dc343923: cophenetic index 33998; 1.3 s; peak memory 516 MiB.
2026-09-20T13:12:21Z INFO [429/500] 0906fb69-6e83-449b-be9b-e485ca30743d: cophenetic index 624; 0.8 s; peak memory 516 MiB.
2026-09-20T13:12:22Z WARNING 09073220-fbea-45d2-9a39-2cc61fcdc2a1: failed while reading the NWB file (KeyError: 'Unable to synchronously open object (component not found)')
2026-09-20T13:12:22Z WARNING [430/500] 09073220-fbea-45d2-9a39-2cc61fcdc2a1: leaving unrecorded for a later run to retry.
2026-09-20T13:12:23Z INFO [431/500] 0907a192-5efa-4def-ad95-75cee37b90d9: cophenetic index 1781; 0.8 s; peak memory 516 MiB.
2026-09-20T13:12:23Z INFO [432/500] 0907b25e-7804-4436-a38f-f790134068d0: cophenetic index 627; 0.7 s; peak memory 516 MiB.
2026-09-20T13:12:25Z INFO [433/500] 0907e77e-0299-40e0-ad97-f8d6f2c7b70f: cophenetic index 895; 1.5 s; peak memory 516 MiB.
2026-09-20T13:12:26Z INFO [434/500] 090961ab-0da3-45d5-adba-976ffc482370: cophenetic index 791; 0.9 s; peak memory 516 MiB.
2026-09-20T13:12:26Z INFO [435/500] 09098862-83ea-4cd5-9b68-aff1970eb313: cophenetic index 761; 0.6 s; peak memory 516 MiB.
2026-09-20T13:12:29Z INFO [436/500] 09099fa5-78a7-4af0-a7b2-4b0327ae35e0: cophenetic index 5473; 2.5 s; peak memory 516 MiB.
2026-09-20T13:12:33Z INFO [437/500] 090a9b0d-e6c7-44a8-a64d-4fbdcc6e675d: cophenetic index 6715; 4.1 s; peak memory 516 MiB.
2026-09-20T13:12:34Z INFO [438/500] 090aedb6-4fc8-4aad-9b45-b1ee91f0bd47: cophenetic index 2625; 1.0 s; peak memory 516 MiB.
2026-09-20T13:12:36Z INFO [439/500] 090c4d34-4df2-4cb4-bdd9-f5daf75facb4: cophenetic index 8258; 2.3 s; peak memory 516 MiB.
2026-09-20T13:12:37Z INFO [440/500] 090cc65f-e8b5-413e-a327-54abf36341cf: cophenetic index 762; 0.5 s; peak memory 516 MiB.
2026-09-20T13:12:38Z INFO [441/500] 090d7617-220a-4e03-a144-2f9fd9ed36da: cophenetic index 2974; 0.8 s; peak memory 516 MiB.
2026-09-20T13:12:39Z INFO [442/500] 090e28c3-fecc-4440-b2a6-152d9ce998ce: cophenetic index 33998; 1.2 s; peak memory 516 MiB.
2026-09-20T13:12:39Z INFO [443/500] 090e5be7-dc29-4b13-bc8d-1ae022003b81: cophenetic index 690; 0.6 s; peak memory 516 MiB.
2026-09-20T13:12:40Z INFO [444/500] 090e970c-e7ca-41ee-ae9d-bd4845a673c8: cophenetic index 624; 0.7 s; peak memory 516 MiB.
2026-09-20T13:12:44Z INFO [445/500] 090f2d68-fd47-4104-b772-5a36eb2453f5: cophenetic index 79339; 4.2 s; peak memory 516 MiB.
2026-09-20T13:12:49Z INFO [446/500] 09100d36-48cc-4780-a7fa-204ac29f99ff: cophenetic index 100727; 5.2 s; peak memory 516 MiB.
2026-09-20T13:12:50Z INFO [447/500] 0910e831-682d-4b0a-8d29-6f6260620fcf: cophenetic index 3004; 1.0 s; peak memory 516 MiB.
2026-09-20T13:12:51Z INFO [448/500] 0910fbee-e30e-444e-a9e4-39f3b311df2a: cophenetic index 581; 0.7 s; peak memory 516 MiB.
2026-09-20T13:12:52Z INFO [449/500] 09113650-f9dc-4382-ae58-5af66dab4dc4: cophenetic index 1006; 0.9 s; peak memory 516 MiB.
2026-09-20T13:12:52Z INFO [450/500] 09120648-bfe6-48dc-9234-50dfae31ddf3: cophenetic index 2250; 0.5 s; peak memory 516 MiB.
2026-09-20T13:12:53Z INFO [450/500] 09120648-bfe6-48dc-9234-50dfae31ddf3: checkpointed 50453 records.
2026-09-20T13:12:53Z INFO [451/500] 091213d8-261c-4b05-829c-b36190184cf4: cophenetic index 2570; 0.9 s; peak memory 516 MiB.
2026-09-20T13:12:58Z INFO [452/500] 09127771-b041-49c0-afa4-3a5a34a16340: cophenetic index 68352; 4.4 s; peak memory 516 MiB.
2026-09-20T13:12:59Z INFO [453/500] 0912ec4c-e4f0-43b0-9abd-09be0e645acb: cophenetic index 2625; 0.8 s; peak memory 516 MiB.
2026-09-20T13:12:59Z INFO [454/500] 0913610a-a4a5-46df-ac1f-54acc2ce1bfb: cophenetic index 762; 0.4 s; peak memory 516 MiB.
2026-09-20T13:13:00Z INFO [455/500] 09142761-dd66-42aa-a4e6-b344ab01f4f2: cophenetic index 33968; 1.1 s; peak memory 516 MiB.
2026-09-20T13:13:02Z INFO [456/500] 09143e5b-2c0c-4a7f-b4a7-3369b7817248: cophenetic index 15495; 2.2 s; peak memory 516 MiB.
2026-09-20T13:13:03Z INFO [457/500] 09144fd8-cb93-4fe7-932c-f1823ea18367: cophenetic index 624; 0.7 s; peak memory 516 MiB.
2026-09-20T13:13:04Z INFO [458/500] 09151aba-e8e4-43f2-b8ca-f64dd9e5cd09: cophenetic index 99138; 1.1 s; peak memory 516 MiB.
2026-09-20T13:13:05Z INFO [459/500] 0915cfce-373e-4ee6-b49a-fc0d5b55d360: cophenetic index 907; 0.6 s; peak memory 516 MiB.
2026-09-20T13:13:05Z INFO [460/500] 091634b5-1ac4-4e8a-8ee9-f55f28df0c35: cophenetic index 624; 0.8 s; peak memory 516 MiB.
2026-09-20T13:13:06Z INFO [461/500] 09167eea-0fad-4f77-9260-5af66eb25c8b: cophenetic index 624; 0.7 s; peak memory 516 MiB.
2026-09-20T13:13:07Z INFO [462/500] 09171f41-ec4b-448c-bad3-b371edb98787: cophenetic index 490; 0.5 s; peak memory 516 MiB.
2026-09-20T13:13:07Z INFO [463/500] 091730ae-5015-4a34-bd01-2386529cbcee: cophenetic index 2625; 0.7 s; peak memory 516 MiB.
2026-09-20T13:13:08Z INFO [464/500] 09179d19-caa3-4cb1-b839-815b7fdb2a29: cophenetic index 624; 0.7 s; peak memory 516 MiB.
2026-09-20T13:13:09Z INFO [465/500] 0917c91c-72d6-412e-b9ef-13b8e22868f8: cophenetic index 490; 0.5 s; peak memory 516 MiB.
2026-09-20T13:13:09Z INFO [466/500] 0917d97d-4aa3-4881-89e1-2071af08c64a: cophenetic index 624; 0.6 s; peak memory 516 MiB.
2026-09-20T13:13:10Z INFO [467/500] 0919e532-0f1c-4c99-9c32-c699a90b062c: cophenetic index 624; 0.6 s; peak memory 516 MiB.
2026-09-20T13:13:11Z INFO [468/500] 091ae5bb-759b-479b-8c44-8a58d59aeeb4: cophenetic index 3004; 0.7 s; peak memory 516 MiB.
2026-09-20T13:13:12Z INFO [469/500] 091b5170-94b6-483e-ac0a-e1d43f3a7d7d: cophenetic index 30304; 1.1 s; peak memory 516 MiB.
2026-09-20T13:13:13Z INFO [470/500] 091b7cab-daca-4ddf-8ee6-194022105793: cophenetic index 466; 0.9 s; peak memory 516 MiB.
2026-09-20T13:13:13Z INFO [471/500] 091b9a0c-9b6b-4754-9b0d-19de6b6b33e5: cophenetic index 624; 0.7 s; peak memory 516 MiB.
2026-09-20T13:13:14Z INFO [472/500] 091cde92-06ce-48af-85b4-9228c47ffcae: cophenetic index 431; 0.5 s; peak memory 516 MiB.
2026-09-20T13:13:15Z INFO [473/500] 091ed9e6-43a3-43f0-8983-b6b45d67638c: cophenetic index 690; 0.7 s; peak memory 516 MiB.
2026-09-20T13:13:15Z INFO [474/500] 091ee0ca-35be-4dce-8a2f-61958ca3bb06: cophenetic index 718; 0.9 s; peak memory 516 MiB.
2026-09-20T13:13:17Z INFO [475/500] 0920347c-ca33-42fb-8e03-a33e58f649a2: cophenetic index 3575; 1.8 s; peak memory 516 MiB.
2026-09-20T13:13:18Z INFO [476/500] 09204a08-351e-4969-912f-120182162f0e: cophenetic index 624; 0.7 s; peak memory 516 MiB.
2026-09-20T13:13:19Z INFO [477/500] 092118e1-e22b-483d-b3b1-4703327ae070: cophenetic index 33962; 1.1 s; peak memory 516 MiB.
2026-09-20T13:13:20Z INFO [478/500] 0921d7f0-8aab-4cf2-b8e0-b8df6fd2d971: cophenetic index 2625; 0.9 s; peak memory 516 MiB.
2026-09-20T13:13:21Z INFO [479/500] 0922352f-40f3-4259-beba-8a1c526a8d7c: cophenetic index 2496; 0.7 s; peak memory 516 MiB.
2026-09-20T13:13:21Z INFO [480/500] 09224bb3-8c6e-4530-9ade-ffdbcebd10a4: cophenetic index 624; 0.6 s; peak memory 516 MiB.
2026-09-20T13:13:22Z INFO [481/500] 092290e3-1e35-48bc-a1c5-6a76a9170b32: cophenetic index 1087; 1.2 s; peak memory 516 MiB.
2026-09-20T13:13:23Z INFO [482/500] 09234304-e5e6-4778-abdd-d6d64eaa447c: cophenetic index 624; 0.7 s; peak memory 516 MiB.
2026-09-20T13:13:25Z INFO [483/500] 0924acdd-1390-46ab-8e46-16c342383e2a: cophenetic index 6490; 1.7 s; peak memory 516 MiB.
2026-09-20T13:13:27Z INFO [484/500] 0924b117-fd21-4d43-a48c-a2e17ded749f: cophenetic index 1458; 2.1 s; peak memory 516 MiB.
2026-09-20T13:13:33Z INFO [485/500] 09259830-8f17-4af9-ae39-8b42344aa6ed: cophenetic index 154461; 6.3 s; peak memory 516 MiB.
2026-09-20T13:13:34Z INFO [486/500] 0925a38d-a073-4c94-a4ab-efebd6362d72: cophenetic index 23510; 0.9 s; peak memory 516 MiB.
2026-09-20T13:13:35Z INFO [487/500] 0925f9c6-2bb7-462b-bdc3-ea9e304e4f18: cophenetic index 2625; 1.2 s; peak memory 516 MiB.
2026-09-20T13:13:36Z INFO [488/500] 09267478-3633-4747-8bc6-8856d9d51218: cophenetic index 1006; 0.9 s; peak memory 516 MiB.
2026-09-20T13:13:37Z INFO [489/500] 09272d8e-6125-4976-9af7-06ff7123b736: cophenetic index 1614; 1.1 s; peak memory 516 MiB.
2026-09-20T13:13:38Z INFO [490/500] 0927a006-576d-4827-8c8c-30725dcf1997: cophenetic index 624; 0.6 s; peak memory 516 MiB.
2026-09-20T13:13:40Z INFO [491/500] 09286aa2-08b0-40f5-9a8e-072fd7073e15: cophenetic index 2402; 2.0 s; peak memory 516 MiB.
2026-09-20T13:13:41Z INFO [492/500] 0928eed2-7d64-4dab-aa88-7bf62a9daf64: cophenetic index 3057; 0.9 s; peak memory 516 MiB.
2026-09-20T13:13:41Z INFO [493/500] 092a3a4c-6d89-4a21-b8ae-3f70c09aee1b: cophenetic index 1228; 0.7 s; peak memory 516 MiB.
2026-09-20T13:13:42Z INFO [494/500] 092a8945-7d0d-424e-9259-7228360f1f44: cophenetic index 624; 0.7 s; peak memory 516 MiB.
2026-09-20T13:13:43Z INFO [495/500] 092b9969-f18a-4ceb-85b3-7ffc2ce3cd1f: cophenetic index 3077; 0.6 s; peak memory 516 MiB.
2026-09-20T13:13:44Z INFO [496/500] 092bf812-90fd-4493-a62a-14e7faaf8d61: cophenetic index 2524; 1.4 s; peak memory 516 MiB.
2026-09-20T13:13:45Z INFO [497/500] 092cba63-eef5-4c3f-b8cd-dac8b9db8482: cophenetic index 2570; 0.7 s; peak memory 516 MiB.
2026-09-20T13:13:45Z INFO [498/500] 092d2f5c-14f5-4a5e-b8c1-88331a00847f: cophenetic index 490; 0.5 s; peak memory 516 MiB.
2026-09-20T13:13:46Z INFO [499/500] 092e5fa7-a36a-45a1-869a-c277fd8cfa38: cophenetic index 2625; 0.9 s; peak memory 516 MiB.
2026-09-20T13:13:48Z INFO [500/500] 092ee3fe-f547-4f51-a5be-02c6b9f634dd: cophenetic index 777; 1.6 s; peak memory 516 MiB.
2026-09-20T13:13:48Z INFO [500/500] 092ee3fe-f547-4f51-a5be-02c6b9f634dd: checkpointed 50503 records.
2026-09-20T13:13:48Z INFO Wrote 50503 records to /tmp/derivatives/valid_nwb_file_to_cophenetic_index.jsonl (498 new, 2 failed) in 19.1 min (peak memory 516 MiB).
